load generator: 6 worker process(es)
--- round_robin at 120.0 req/s ---
    J/req 6.73  goodput/J 0.1485  SLO 100.0%
    TTFT p50/p95 0.047/0.057s  TPOT 0.0141s  ITL p99/max 0.0187/0.0824s  e2e p99 1.963s  errors 0
    SLO margin p50/p95 0.922/0.947 x SLO  within 10% of boundary 90.2%
    offered 120.0 req/s  achieved 115.7 req/s  fidelity 96.4%  send delay p99 0.003s  TTFT from send p50 0.046
--- least_loaded at 120.0 req/s ---
    J/req 7.23  goodput/J 0.1383  SLO 100.0%
    TTFT p50/p95 0.047/0.057s  TPOT 0.0140s  ITL p99/max 0.0187/0.0725s  e2e p99 1.932s  errors 0
    SLO margin p50/p95 0.912/0.936 x SLO  within 10% of boundary 76.3%
    offered 120.0 req/s  achieved 115.7 req/s  fidelity 96.4%  send delay p99 0.002s  TTFT from send p50 0.046
--- slo_packing at 120.0 req/s ---
    J/req 7.46  goodput/J 0.0668  SLO 49.8%
    TTFT p50/p95 0.052/0.063s  TPOT 0.0149s  ITL p99/max 0.0208/0.0721s  e2e p99 2.043s  errors 0
    SLO margin p50/p95 1.000/1.014 x SLO  within 10% of boundary 89.3%
    offered 120.0 req/s  achieved 115.4 req/s  fidelity 96.2%  send delay p99 0.002s  TTFT from send p50 0.051
--- energy_greedy at 120.0 req/s ---
    J/req 7.46  goodput/J 0.0814  SLO 60.8%
    TTFT p50/p95 0.052/0.063s  TPOT 0.0149s  ITL p99/max 0.0206/0.0710s  e2e p99 2.044s  errors 0
    SLO margin p50/p95 0.997/1.011 x SLO  within 10% of boundary 89.7%
    offered 120.0 req/s  achieved 115.5 req/s  fidelity 96.2%  send delay p99 0.002s  TTFT from send p50 0.051
--- energy_consolidate at 120.0 req/s ---
    J/req 7.49  goodput/J 0.0831  SLO 62.2%
    TTFT p50/p95 0.051/0.062s  TPOT 0.0149s  ITL p99/max 0.0197/0.0733s  e2e p99 2.028s  errors 0
    SLO margin p50/p95 0.996/1.010 x SLO  within 10% of boundary 89.7%
    offered 120.0 req/s  achieved 115.6 req/s  fidelity 96.3%  send delay p99 0.002s  TTFT from send p50 0.050
wrote /global/home/hpc6081/energy-epp/results/stage2-12304119/policies-rate120.json
load generator: 6 worker process(es)
--- round_robin at 136.0 req/s ---
    J/req 6.84  goodput/J 0.1367  SLO 93.5%
    TTFT p50/p95 0.050/0.061s  TPOT 0.0148s  ITL p99/max 0.0202/0.0678s  e2e p99 2.021s  errors 0
    SLO margin p50/p95 0.967/1.001 x SLO  within 10% of boundary 95.0%
    offered 136.0 req/s  achieved 131.4 req/s  fidelity 96.6%  send delay p99 0.003s  TTFT from send p50 0.049
--- least_loaded at 136.0 req/s ---
    J/req 6.88  goodput/J 0.1361  SLO 93.7%
    TTFT p50/p95 0.050/0.061s  TPOT 0.0148s  ITL p99/max 0.0195/0.0729s  e2e p99 2.014s  errors 0
    SLO margin p50/p95 0.967/1.001 x SLO  within 10% of boundary 94.9%
    offered 136.0 req/s  achieved 131.4 req/s  fidelity 96.6%  send delay p99 0.003s  TTFT from send p50 0.049
--- slo_packing at 136.0 req/s ---
    J/req 6.84  goodput/J 0.0653  SLO 44.7%
    TTFT p50/p95 0.052/0.063s  TPOT 0.0150s  ITL p99/max 0.0199/0.0894s  e2e p99 2.037s  errors 0
    SLO margin p50/p95 1.002/1.014 x SLO  within 10% of boundary 84.5%
    offered 136.0 req/s  achieved 131.4 req/s  fidelity 96.7%  send delay p99 0.003s  TTFT from send p50 0.051
--- energy_greedy at 136.0 req/s ---
    J/req 6.81  goodput/J 0.0762  SLO 51.9%
    TTFT p50/p95 0.052/0.063s  TPOT 0.0149s  ITL p99/max 0.0198/0.0757s  e2e p99 2.036s  errors 0
    SLO margin p50/p95 0.999/1.013 x SLO  within 10% of boundary 84.2%
    offered 136.0 req/s  achieved 131.4 req/s  fidelity 96.6%  send delay p99 0.003s  TTFT from send p50 0.051
--- energy_consolidate at 136.0 req/s ---
    J/req 6.83  goodput/J 0.0766  SLO 52.3%
    TTFT p50/p95 0.052/0.063s  TPOT 0.0149s  ITL p99/max 0.0198/0.0740s  e2e p99 2.038s  errors 0
    SLO margin p50/p95 0.999/1.012 x SLO  within 10% of boundary 85.2%
    offered 136.0 req/s  achieved 131.3 req/s  fidelity 96.6%  send delay p99 0.003s  TTFT from send p50 0.051
wrote /global/home/hpc6081/energy-epp/results/stage2-12304119/policies-rate136.json
load generator: 6 worker process(es)
--- round_robin at 150.0 req/s ---
    J/req 6.35  goodput/J 0.0583  SLO 37.1%
    TTFT p50/p95 0.053/0.065s  TPOT 0.0153s  ITL p99/max 0.0210/0.0777s  e2e p99 2.093s  errors 0
    SLO margin p50/p95 1.003/1.027 x SLO  within 10% of boundary 96.2%
    offered 150.0 req/s  achieved 144.7 req/s  fidelity 96.5%  send delay p99 0.004s  TTFT from send p50 0.052
--- least_loaded at 150.0 req/s ---
    J/req 6.36  goodput/J 0.0390  SLO 24.8%
    TTFT p50/p95 0.052/0.063s  TPOT 0.0154s  ITL p99/max 0.0205/0.0818s  e2e p99 2.068s  errors 0
    SLO margin p50/p95 1.006/1.024 x SLO  within 10% of boundary 96.1%
    offered 150.0 req/s  achieved 144.7 req/s  fidelity 96.5%  send delay p99 0.003s  TTFT from send p50 0.052
--- slo_packing at 150.0 req/s ---
    J/req 6.30  goodput/J 0.0401  SLO 25.3%
    TTFT p50/p95 0.053/0.065s  TPOT 0.0154s  ITL p99/max 0.0205/0.0930s  e2e p99 2.080s  errors 0
    SLO margin p50/p95 1.008/1.029 x SLO  within 10% of boundary 97.1%
    offered 150.0 req/s  achieved 144.6 req/s  fidelity 96.4%  send delay p99 0.003s  TTFT from send p50 0.053
--- energy_greedy at 150.0 req/s ---
    J/req 6.27  goodput/J 0.0529  SLO 33.2%
    TTFT p50/p95 0.054/0.067s  TPOT 0.0154s  ITL p99/max 0.0208/0.0753s  e2e p99 2.274s  errors 0
    SLO margin p50/p95 1.005/1.085 x SLO  within 10% of boundary 93.3%
    offered 150.0 req/s  achieved 144.4 req/s  fidelity 96.3%  send delay p99 0.003s  TTFT from send p50 0.053
    *** CURVE OUT OF RANGE on 41 routing decisions: the energy/latency model was asked about concurrencies the Stage 1 sweep never measured. Those endpoints were treated as infeasible rather than guessed. Extend the curve before making any claim about this policy.
--- energy_consolidate at 150.0 req/s ---
    J/req 6.26  goodput/J 0.0627  SLO 39.3%
    TTFT p50/p95 0.054/0.066s  TPOT 0.0154s  ITL p99/max 0.0205/0.0866s  e2e p99 2.238s  errors 0
    SLO margin p50/p95 1.003/1.064 x SLO  within 10% of boundary 95.1%
    offered 150.0 req/s  achieved 144.6 req/s  fidelity 96.4%  send delay p99 0.003s  TTFT from send p50 0.053
    *** CURVE OUT OF RANGE on 45 routing decisions: the energy/latency model was asked about concurrencies the Stage 1 sweep never measured. Those endpoints were treated as infeasible rather than guessed. Extend the curve before making any claim about this policy.
wrote /global/home/hpc6081/energy-epp/results/stage2-12304119/policies-rate150.json
load generator: 6 worker process(es)
--- round_robin at 165.0 req/s ---
    J/req 5.88  goodput/J 0.0133  SLO 7.8%
    TTFT p50/p95 0.056/0.068s  TPOT 0.0159s  ITL p99/max 0.0223/0.0884s  e2e p99 2.177s  errors 0
    SLO margin p50/p95 1.041/1.077 x SLO  within 10% of boundary 96.6%
    offered 165.0 req/s  achieved 158.9 req/s  fidelity 96.3%  send delay p99 0.005s  TTFT from send p50 0.055
--- least_loaded at 165.0 req/s ---
    J/req 5.85  goodput/J 0.0128  SLO 7.5%
    TTFT p50/p95 0.055/0.067s  TPOT 0.0159s  ITL p99/max 0.0215/0.0955s  e2e p99 2.166s  errors 0
    SLO margin p50/p95 1.042/1.074 x SLO  within 10% of boundary 97.0%
    offered 165.0 req/s  achieved 158.9 req/s  fidelity 96.3%  send delay p99 0.004s  TTFT from send p50 0.055
--- slo_packing at 165.0 req/s ---
    J/req 5.80  goodput/J 0.0089  SLO 5.2%
    TTFT p50/p95 0.057/0.070s  TPOT 0.0161s  ITL p99/max 0.0217/0.0974s  e2e p99 2.200s  errors 0
    SLO margin p50/p95 1.054/1.085 x SLO  within 10% of boundary 97.2%
    offered 165.0 req/s  achieved 158.6 req/s  fidelity 96.1%  send delay p99 0.004s  TTFT from send p50 0.056
--- energy_greedy at 165.0 req/s ---
    J/req 5.76  goodput/J 0.0225  SLO 12.9%
    TTFT p50/p95 0.059/0.078s  TPOT 0.0164s  ITL p99/max 0.0238/0.0936s  e2e p99 2.439s  errors 0
    SLO margin p50/p95 1.018/1.208 x SLO  within 10% of boundary 64.9%
    offered 165.0 req/s  achieved 158.8 req/s  fidelity 96.2%  send delay p99 0.004s  TTFT from send p50 0.058
    *** CURVE OUT OF RANGE on 3887 routing decisions: the energy/latency model was asked about concurrencies the Stage 1 sweep never measured. Those endpoints were treated as infeasible rather than guessed. Extend the curve before making any claim about this policy.
--- energy_consolidate at 165.0 req/s ---
    J/req 5.75  goodput/J 0.0317  SLO 18.2%
    TTFT p50/p95 0.058/0.075s  TPOT 0.0162s  ITL p99/max 0.0230/0.0936s  e2e p99 2.424s  errors 0
    SLO margin p50/p95 1.014/1.197 x SLO  within 10% of boundary 67.5%
    offered 165.0 req/s  achieved 158.5 req/s  fidelity 96.0%  send delay p99 0.004s  TTFT from send p50 0.057
    *** CURVE OUT OF RANGE on 3315 routing decisions: the energy/latency model was asked about concurrencies the Stage 1 sweep never measured. Those endpoints were treated as infeasible rather than guessed. Extend the curve before making any claim about this policy.
wrote /global/home/hpc6081/energy-epp/results/stage2-12304119/policies-rate165.json
load generator: 6 worker process(es)
--- round_robin at 180.0 req/s ---
    J/req 5.45  goodput/J 0.0090  SLO 4.9%
    TTFT p50/p95 0.060/0.073s  TPOT 0.0168s  ITL p99/max 0.0234/0.0942s  e2e p99 2.337s  errors 0
    SLO margin p50/p95 1.102/1.146 x SLO  within 10% of boundary 44.9%
    offered 180.0 req/s  achieved 173.2 req/s  fidelity 96.2%  send delay p99 0.006s  TTFT from send p50 0.059
--- least_loaded at 180.0 req/s ---
    J/req 5.41  goodput/J 0.0093  SLO 5.0%
    TTFT p50/p95 0.059/0.072s  TPOT 0.0167s  ITL p99/max 0.0223/0.0847s  e2e p99 2.287s  errors 0
    SLO margin p50/p95 1.099/1.134 x SLO  within 10% of boundary 49.8%
    offered 180.0 req/s  achieved 173.3 req/s  fidelity 96.3%  send delay p99 0.005s  TTFT from send p50 0.059
--- slo_packing at 180.0 req/s ---
    J/req 5.37  goodput/J 0.0060  SLO 3.2%
    TTFT p50/p95 0.061/0.074s  TPOT 0.0169s  ITL p99/max 0.0226/0.0909s  e2e p99 2.310s  errors 0
    SLO margin p50/p95 1.111/1.146 x SLO  within 10% of boundary 33.4%
    offered 180.0 req/s  achieved 173.1 req/s  fidelity 96.2%  send delay p99 0.005s  TTFT from send p50 0.060
--- energy_greedy at 180.0 req/s ---
    J/req 5.34  goodput/J 0.0125  SLO 6.7%
    TTFT p50/p95 0.063/0.081s  TPOT 0.0172s  ITL p99/max 0.0252/0.0893s  e2e p99 2.465s  errors 0
    SLO margin p50/p95 1.157/1.225 x SLO  within 10% of boundary 40.3%
    offered 180.0 req/s  achieved 172.8 req/s  fidelity 96.0%  send delay p99 0.005s  TTFT from send p50 0.062
    *** CURVE OUT OF RANGE on 15471 routing decisions: the energy/latency model was asked about concurrencies the Stage 1 sweep never measured. Those endpoints were treated as infeasible rather than guessed. Extend the curve before making any claim about this policy.
--- energy_consolidate at 180.0 req/s ---
    J/req 5.31  goodput/J 0.0141  SLO 7.5%
    TTFT p50/p95 0.063/0.081s  TPOT 0.0171s  ITL p99/max 0.0251/0.0866s  e2e p99 2.467s  errors 0
    SLO margin p50/p95 1.147/1.224 x SLO  within 10% of boundary 42.1%
    offered 180.0 req/s  achieved 172.9 req/s  fidelity 96.1%  send delay p99 0.005s  TTFT from send p50 0.062
    *** CURVE OUT OF RANGE on 15430 routing decisions: the energy/latency model was asked about concurrencies the Stage 1 sweep never measured. Those endpoints were treated as infeasible rather than guessed. Extend the curve before making any claim about this policy.
wrote /global/home/hpc6081/energy-epp/results/stage2-12304119/policies-rate180.json
load generator: 6 worker process(es)
--- slo_packing at 180.0 req/s ---
    J/req 5.34  goodput/J 0.0063  SLO 3.3%
    TTFT p50/p95 0.061/0.075s  TPOT 0.0169s  ITL p99/max 0.0228/0.0877s  e2e p99 2.305s  errors 0
    SLO margin p50/p95 1.111/1.144 x SLO  within 10% of boundary 31.0%
    offered 180.0 req/s  achieved 173.2 req/s  fidelity 96.2%  send delay p99 0.005s  TTFT from send p50 0.060
wrote /global/home/hpc6081/energy-epp/results/stage2-12304119/control-counteronly.json
  full telemetry : 5.366 J/req   poll=0.25s SLO=3.2%  p95=2.293s
  counter only   : 5.343 J/req   poll=0.0s SLO=3.3%  p95=2.287s
  energy difference    : +0.43%
  p95 difference       : +0.25%
  completed difference : +0.00%
  VERDICT: telemetry overhead is not measurable (<1%). Pass A
  numbers stand unqualified.
