idle(model loaded): 81.65 W
trial1 c=1   prefix=0 261.82 W    182.5 tok/s  J/tok=1.4349  p95=0.718s err=0
trial1 c=2   prefix=0  239.1 W    349.7 tok/s  J/tok=0.6837  p95=0.759s err=0
trial1 c=4   prefix=0 237.12 W    665.4 tok/s  J/tok=0.3564  p95=0.795s err=0
trial1 c=8   prefix=0 248.79 W   1310.7 tok/s  J/tok=0.1898  p95=0.816s err=0
trial1 c=8   prefix=1 243.97 W   1248.3 tok/s  J/tok=0.1954  p95=0.862s err=0
trial1 c=16  prefix=0 265.74 W   2671.9 tok/s  J/tok=0.0995  p95=0.83s err=0
trial1 c=32  prefix=0  292.6 W   4783.8 tok/s  J/tok=0.0612  p95=0.949s err=0
trial1 c=48  prefix=0 297.38 W   6662.0 tok/s  J/tok=0.0446  p95=1.026s err=0
trial1 c=64  prefix=0 296.34 W   8075.8 tok/s  J/tok=0.0367  p95=1.145s err=0
trial1 c=96  prefix=0  312.9 W  10925.5 tok/s  J/tok=0.0286  p95=1.314s err=0
trial1 c=128 prefix=0 314.19 W  12830.4 tok/s  J/tok=0.0245  p95=1.481s err=0
trial2 c=1   prefix=0 281.68 W    183.0 tok/s  J/tok=1.5396  p95=0.708s err=0
trial2 c=2   prefix=0 248.07 W    351.0 tok/s  J/tok=0.7068  p95=0.738s err=0
trial2 c=4   prefix=0 241.51 W    668.5 tok/s  J/tok=0.3613  p95=0.773s err=0
trial2 c=8   prefix=0 249.27 W   1329.9 tok/s  J/tok=0.1874  p95=0.795s err=0
trial2 c=8   prefix=1 250.14 W   1313.8 tok/s  J/tok=0.1904  p95=0.776s err=0
trial2 c=16  prefix=0 267.67 W   2685.5 tok/s  J/tok=0.0997  p95=0.809s err=0
trial2 c=32  prefix=0  294.8 W   4826.1 tok/s  J/tok=0.0611  p95=0.933s err=0
trial2 c=48  prefix=0 300.39 W   6757.3 tok/s  J/tok=0.0445  p95=1.012s err=0
trial2 c=64  prefix=0 302.98 W   8288.3 tok/s  J/tok=0.0366  p95=1.139s err=0
trial2 c=96  prefix=0 315.95 W  10910.3 tok/s  J/tok=0.029  p95=1.325s err=0
trial2 c=128 prefix=0 314.86 W  12734.5 tok/s  J/tok=0.0247  p95=1.525s err=0

wrote /global/home/hpc6081/energy-epp/results/h1-12304129/h1.csv (23 rows) gpu=NVIDIA L40S
