load generator: 16 worker process(es)
--- slo_packing at 200.0 req/s ---
    J/req 6.38  goodput/J 0.1567  SLO 100.0%
    TTFT p50/p95 0.049/0.086s  TPOT 0.0087s  ITL p99/max 0.0167/0.0428s  e2e p99 1.880s  errors 0
    SLO margin p50/p95 0.464/0.933 x SLO  within 10% of boundary 22.5%
    offered 200.0 req/s  achieved 150.0 req/s  fidelity 75.0%  send delay p99 0.001s  TTFT from send p50 0.048
    (curve probed above its measured range 3998 time(s); those endpoints were excluded as infeasible, which is the intended conservative behaviour, and every pick still had a grounded option)
    (server-saturated: generator kept schedule, servers did not keep up. Valid overload data point.)
--- energy_greedy at 200.0 req/s ---
    J/req 5.46  goodput/J 0.1833  SLO 100.0%
    TTFT p50/p95 0.038/0.088s  TPOT 0.0063s  ITL p99/max 0.0108/0.0537s  e2e p99 0.975s  errors 0
    SLO margin p50/p95 0.449/0.481 x SLO  within 10% of boundary 0.0%
    offered 200.0 req/s  achieved 156.8 req/s  fidelity 78.4%  send delay p99 0.001s  TTFT from send p50 0.038
    (curve probed above its measured range 4075 time(s); those endpoints were excluded as infeasible, which is the intended conservative behaviour, and every pick still had a grounded option)
    (server-saturated: generator kept schedule, servers did not keep up. Valid overload data point.)
--- energy_consolidate at 200.0 req/s ---
    J/req 6.77  goodput/J 0.1478  SLO 100.0%
    TTFT p50/p95 0.039/0.089s  TPOT 0.0062s  ITL p99/max 0.0110/0.0578s  e2e p99 0.964s  errors 0
    SLO margin p50/p95 0.440/0.472 x SLO  within 10% of boundary 0.0%
    offered 200.0 req/s  achieved 114.6 req/s  fidelity 57.3%  send delay p99 0.001s  TTFT from send p50 0.038
    (curve probed above its measured range 3905 time(s); those endpoints were excluded as infeasible, which is the intended conservative behaviour, and every pick still had a grounded option)
    (server-saturated: generator kept schedule, servers did not keep up. Valid overload data point.)
wrote /global/home/hpc6081/energy-epp/results/stage2het-12329245/policies-rate200.json
load generator: 16 worker process(es)
--- slo_packing at 300.0 req/s ---
    J/req 4.89  goodput/J 0.2045  SLO 100.0%
    TTFT p50/p95 0.056/0.090s  TPOT 0.0072s  ITL p99/max 0.0154/0.0447s  e2e p99 1.824s  errors 0
    SLO margin p50/p95 0.447/0.851 x SLO  within 10% of boundary 2.3%
    offered 300.0 req/s  achieved 190.5 req/s  fidelity 63.5%  send delay p99 0.001s  TTFT from send p50 0.055
    (curve probed above its measured range 13950 time(s); those endpoints were excluded as infeasible, which is the intended conservative behaviour, and every pick still had a grounded option)
    (server-saturated: generator kept schedule, servers did not keep up. Valid overload data point.)
--- energy_greedy at 300.0 req/s ---
    J/req 4.74  goodput/J 0.2107  SLO 100.0%
    TTFT p50/p95 0.057/0.091s  TPOT 0.0064s  ITL p99/max 0.0112/0.0485s  e2e p99 0.955s  errors 0
    SLO margin p50/p95 0.445/0.470 x SLO  within 10% of boundary 0.0%
    offered 300.0 req/s  achieved 197.5 req/s  fidelity 65.8%  send delay p99 0.001s  TTFT from send p50 0.057
    (curve probed above its measured range 13860 time(s); those endpoints were excluded as infeasible, which is the intended conservative behaviour, and every pick still had a grounded option)
    (server-saturated: generator kept schedule, servers did not keep up. Valid overload data point.)
--- energy_consolidate at 300.0 req/s ---
    J/req 3.97  goodput/J 0.2519  SLO 100.0%
    TTFT p50/p95 0.055/0.090s  TPOT 0.0065s  ITL p99/max 0.0111/0.0516s  e2e p99 0.956s  errors 0
    SLO margin p50/p95 0.448/0.471 x SLO  within 10% of boundary 0.0%
    offered 300.0 req/s  achieved 266.9 req/s  fidelity 89.0%  send delay p99 0.001s  TTFT from send p50 0.054
    (curve probed above its measured range 13959 time(s); those endpoints were excluded as infeasible, which is the intended conservative behaviour, and every pick still had a grounded option)
    (server-saturated: generator kept schedule, servers did not keep up. Valid overload data point.)
wrote /global/home/hpc6081/energy-epp/results/stage2het-12329245/policies-rate300.json
load generator: 16 worker process(es)
--- slo_packing at 400.0 req/s ---
    J/req 3.27  goodput/J 0.3052  SLO 99.9%
    TTFT p50/p95 0.064/0.100s  TPOT 0.0066s  ITL p99/max 0.0137/0.0712s  e2e p99 1.443s  errors 0
    SLO margin p50/p95 0.440/0.471 x SLO  within 10% of boundary 0.5%
    offered 400.0 req/s  achieved 356.5 req/s  fidelity 89.1%  send delay p99 0.001s  TTFT from send p50 0.063
    (curve probed above its measured range 29376 time(s); those endpoints were excluded as infeasible, which is the intended conservative behaviour, and every pick still had a grounded option)
    (server-saturated: generator kept schedule, servers did not keep up. Valid overload data point.)
--- energy_greedy at 400.0 req/s ---
    J/req 3.97  goodput/J 0.2519  SLO 100.0%
    TTFT p50/p95 0.062/0.100s  TPOT 0.0065s  ITL p99/max 0.0115/0.0573s  e2e p99 0.961s  errors 0
    SLO margin p50/p95 0.442/0.471 x SLO  within 10% of boundary 0.0%
    offered 400.0 req/s  achieved 246.4 req/s  fidelity 61.6%  send delay p99 0.001s  TTFT from send p50 0.061
    (curve probed above its measured range 30236 time(s); those endpoints were excluded as infeasible, which is the intended conservative behaviour, and every pick still had a grounded option)
    (server-saturated: generator kept schedule, servers did not keep up. Valid overload data point.)
--- energy_consolidate at 400.0 req/s ---
    J/req 3.85  goodput/J 0.2600  SLO 100.0%
    TTFT p50/p95 0.061/0.098s  TPOT 0.0065s  ITL p99/max 0.0120/0.0656s  e2e p99 0.966s  errors 0
    SLO margin p50/p95 0.443/0.472 x SLO  within 10% of boundary 0.0%
    offered 400.0 req/s  achieved 259.1 req/s  fidelity 64.8%  send delay p99 0.001s  TTFT from send p50 0.061
    (curve probed above its measured range 30198 time(s); those endpoints were excluded as infeasible, which is the intended conservative behaviour, and every pick still had a grounded option)
    (server-saturated: generator kept schedule, servers did not keep up. Valid overload data point.)
wrote /global/home/hpc6081/energy-epp/results/stage2het-12329245/policies-rate400.json
load generator: 16 worker process(es)
--- slo_packing at 500.0 req/s ---
    J/req 3.42  goodput/J 0.2920  SLO 100.0%
    TTFT p50/p95 0.067/0.101s  TPOT 0.0074s  ITL p99/max 0.0163/0.0924s  e2e p99 1.877s  errors 0
    SLO margin p50/p95 0.454/0.921 x SLO  within 10% of boundary 7.8%
    offered 500.0 req/s  achieved 383.3 req/s  fidelity 76.7%  send delay p99 0.001s  TTFT from send p50 0.066
    (curve probed above its measured range 53698 time(s); those endpoints were excluded as infeasible, which is the intended conservative behaviour, and every pick still had a grounded option)
    (server-saturated: generator kept schedule, servers did not keep up. Valid overload data point.)
--- energy_greedy at 500.0 req/s ---
    J/req 3.03  goodput/J 0.3303  SLO 100.0%
    TTFT p50/p95 0.067/0.100s  TPOT 0.0065s  ITL p99/max 0.0132/0.0656s  e2e p99 0.969s  errors 0
    SLO margin p50/p95 0.449/0.475 x SLO  within 10% of boundary 0.0%
    offered 500.0 req/s  achieved 408.5 req/s  fidelity 81.7%  send delay p99 0.001s  TTFT from send p50 0.066
    (curve probed above its measured range 54186 time(s); those endpoints were excluded as infeasible, which is the intended conservative behaviour, and every pick still had a grounded option)
    (server-saturated: generator kept schedule, servers did not keep up. Valid overload data point.)
--- energy_consolidate at 500.0 req/s ---
    J/req 3.18  goodput/J 0.3142  SLO 100.0%
    TTFT p50/p95 0.066/0.097s  TPOT 0.0065s  ITL p99/max 0.0121/0.0762s  e2e p99 0.955s  errors 0
    SLO margin p50/p95 0.449/0.472 x SLO  within 10% of boundary 0.0%
    offered 500.0 req/s  achieved 364.5 req/s  fidelity 72.9%  send delay p99 0.001s  TTFT from send p50 0.065
    (curve probed above its measured range 53750 time(s); those endpoints were excluded as infeasible, which is the intended conservative behaviour, and every pick still had a grounded option)
    (server-saturated: generator kept schedule, servers did not keep up. Valid overload data point.)
wrote /global/home/hpc6081/energy-epp/results/stage2het-12329245/policies-rate500.json
load generator: 16 worker process(es)
--- slo_packing at 600.0 req/s ---
    J/req 3.20  goodput/J 0.3123  SLO 100.0%
    TTFT p50/p95 0.069/0.101s  TPOT 0.0073s  ITL p99/max 0.0160/0.0812s  e2e p99 1.865s  errors 0
    SLO margin p50/p95 0.454/0.904 x SLO  within 10% of boundary 5.4%
    offered 600.0 req/s  achieved 443.4 req/s  fidelity 73.9%  send delay p99 0.001s  TTFT from send p50 0.069
    (curve probed above its measured range 86015 time(s); those endpoints were excluded as infeasible, which is the intended conservative behaviour, and every pick still had a grounded option)
    (server-saturated: generator kept schedule, servers did not keep up. Valid overload data point.)
--- energy_greedy at 600.0 req/s ---
    J/req 3.28  goodput/J 0.3046  SLO 100.0%
    TTFT p50/p95 0.072/0.103s  TPOT 0.0074s  ITL p99/max 0.0161/0.0822s  e2e p99 1.862s  errors 0
    SLO margin p50/p95 0.457/0.901 x SLO  within 10% of boundary 5.2%
    offered 600.0 req/s  achieved 426.3 req/s  fidelity 71.0%  send delay p99 0.002s  TTFT from send p50 0.072
    (curve probed above its measured range 87342 time(s); those endpoints were excluded as infeasible, which is the intended conservative behaviour, and every pick still had a grounded option)
    (server-saturated: generator kept schedule, servers did not keep up. Valid overload data point.)
--- energy_consolidate at 600.0 req/s ---
    J/req 3.18  goodput/J 0.3149  SLO 100.0%
    TTFT p50/p95 0.072/0.106s  TPOT 0.0074s  ITL p99/max 0.0160/0.0822s  e2e p99 1.867s  errors 0
    SLO margin p50/p95 0.457/0.899 x SLO  within 10% of boundary 4.9%
    offered 600.0 req/s  achieved 467.1 req/s  fidelity 77.9%  send delay p99 0.001s  TTFT from send p50 0.072
    (curve probed above its measured range 86459 time(s); those endpoints were excluded as infeasible, which is the intended conservative behaviour, and every pick still had a grounded option)
    (server-saturated: generator kept schedule, servers did not keep up. Valid overload data point.)
wrote /global/home/hpc6081/energy-epp/results/stage2het-12329245/policies-rate600.json
