idle(model loaded): 40.06 W
trial1 c=1   prefix=0 220.19 W    229.3 tok/s  J/tok=0.9605  p95=0.56s err=0
trial1 c=2   prefix=0 224.12 W    471.3 tok/s  J/tok=0.4756  p95=0.545s err=0
trial1 c=4   prefix=0 229.26 W    954.6 tok/s  J/tok=0.2402  p95=0.537s err=0
trial1 c=8   prefix=0 242.59 W   1898.8 tok/s  J/tok=0.1278  p95=0.541s err=0
trial1 c=8   prefix=1  242.3 W   1841.9 tok/s  J/tok=0.1316  p95=0.553s err=0
trial1 c=16  prefix=0  247.6 W   3589.2 tok/s  J/tok=0.069  p95=0.571s err=0
trial1 c=32  prefix=0 247.95 W   6697.4 tok/s  J/tok=0.037  p95=0.619s err=0
trial1 c=48  prefix=0 247.78 W   9641.2 tok/s  J/tok=0.0257  p95=0.644s err=0
trial1 c=64  prefix=0  246.8 W  11841.1 tok/s  J/tok=0.0208  p95=0.703s err=0
trial1 c=96  prefix=0  247.8 W  15626.6 tok/s  J/tok=0.0159  p95=0.81s err=0
trial1 c=128 prefix=0 247.67 W  18857.1 tok/s  J/tok=0.0131  p95=0.891s err=0
trial1 c=160 prefix=0 247.58 W  18321.1 tok/s  J/tok=0.0135  p95=1.147s err=0
trial1 c=192 prefix=0 247.81 W  20600.5 tok/s  J/tok=0.012  p95=1.23s err=0
trial1 c=256 prefix=0 247.67 W  23425.6 tok/s  J/tok=0.0106  p95=1.451s err=0
trial1 c=320 prefix=0 248.01 W  24271.8 tok/s  J/tok=0.0102  p95=2.406s err=0
trial1 c=384 prefix=0 247.94 W  24659.9 tok/s  J/tok=0.0101  p95=2.532s err=0
trial1 c=512 prefix=0 247.67 W  24277.4 tok/s  J/tok=0.0102  p95=2.764s err=0
trial2 c=1   prefix=0  238.9 W    229.3 tok/s  J/tok=1.0416  p95=0.559s err=0
trial2 c=2   prefix=0 224.58 W    469.7 tok/s  J/tok=0.4782  p95=0.545s err=0
trial2 c=4   prefix=0 227.62 W    956.3 tok/s  J/tok=0.238  p95=0.536s err=0
trial2 c=8   prefix=0 239.68 W   1894.2 tok/s  J/tok=0.1265  p95=0.542s err=0
trial2 c=8   prefix=1 240.62 W   1853.3 tok/s  J/tok=0.1298  p95=0.552s err=0
trial2 c=16  prefix=0 247.65 W   3597.4 tok/s  J/tok=0.0688  p95=0.57s err=0
trial2 c=32  prefix=0 247.74 W   6612.1 tok/s  J/tok=0.0375  p95=0.624s err=0
trial2 c=48  prefix=0 247.59 W   9663.4 tok/s  J/tok=0.0256  p95=0.644s err=0
trial2 c=64  prefix=0 246.36 W  11901.2 tok/s  J/tok=0.0207  p95=0.701s err=0
trial2 c=96  prefix=0 247.51 W  15694.6 tok/s  J/tok=0.0158  p95=0.804s err=0
trial2 c=128 prefix=0  247.3 W  18963.5 tok/s  J/tok=0.013  p95=0.885s err=0
trial2 c=160 prefix=0 247.17 W  18278.7 tok/s  J/tok=0.0135  p95=1.153s err=0
trial2 c=192 prefix=0 247.34 W  20671.5 tok/s  J/tok=0.012  p95=1.224s err=0
trial2 c=256 prefix=0 248.02 W  23550.2 tok/s  J/tok=0.0105  p95=1.445s err=0
trial2 c=320 prefix=0 247.83 W  24238.2 tok/s  J/tok=0.0102  p95=2.389s err=0
trial2 c=384 prefix=0 247.71 W  24552.1 tok/s  J/tok=0.0101  p95=2.523s err=0
trial2 c=512 prefix=0 248.06 W  24962.1 tok/s  J/tok=0.0099  p95=2.685s err=0
trial3 c=1   prefix=0 233.83 W    229.2 tok/s  J/tok=1.02  p95=0.56s err=0
trial3 c=2   prefix=0 218.59 W    469.7 tok/s  J/tok=0.4654  p95=0.545s err=0
trial3 c=4   prefix=0 223.87 W    955.2 tok/s  J/tok=0.2344  p95=0.537s err=0
trial3 c=8   prefix=0 237.19 W   1899.5 tok/s  J/tok=0.1249  p95=0.542s err=0
trial3 c=8   prefix=1 237.66 W   1849.3 tok/s  J/tok=0.1285  p95=0.553s err=0
trial3 c=16  prefix=0 245.16 W   3594.0 tok/s  J/tok=0.0682  p95=0.571s err=0
trial3 c=32  prefix=0 247.74 W   6632.7 tok/s  J/tok=0.0374  p95=0.626s err=0
trial3 c=48  prefix=0 247.49 W   9633.3 tok/s  J/tok=0.0257  p95=0.646s err=0
trial3 c=64  prefix=0 246.49 W  11846.4 tok/s  J/tok=0.0208  p95=0.709s err=0
trial3 c=96  prefix=0  247.8 W  15517.9 tok/s  J/tok=0.016  p95=0.821s err=0
trial3 c=128 prefix=0 247.96 W  18735.6 tok/s  J/tok=0.0132  p95=0.902s err=0
trial3 c=160 prefix=0 247.05 W  18251.6 tok/s  J/tok=0.0135  p95=1.153s err=0
trial3 c=192 prefix=0 247.78 W  20514.2 tok/s  J/tok=0.0121  p95=1.235s err=0
trial3 c=256 prefix=0 247.85 W  23380.1 tok/s  J/tok=0.0106  p95=1.454s err=0
trial3 c=320 prefix=0 247.63 W  23983.7 tok/s  J/tok=0.0103  p95=2.379s err=0
trial3 c=384 prefix=0 247.56 W  24644.3 tok/s  J/tok=0.01  p95=2.536s err=0
trial3 c=512 prefix=0 247.95 W  24683.4 tok/s  J/tok=0.01  p95=2.705s err=0
trial4 c=1   prefix=0 239.68 W    229.3 tok/s  J/tok=1.0454  p95=0.559s err=0
trial4 c=2   prefix=0 225.14 W    469.7 tok/s  J/tok=0.4794  p95=0.545s err=0
trial4 c=4   prefix=0  228.7 W    955.2 tok/s  J/tok=0.2394  p95=0.537s err=0
trial4 c=8   prefix=0 239.55 W   1885.6 tok/s  J/tok=0.127  p95=0.545s err=0
trial4 c=8   prefix=1 241.02 W   1856.1 tok/s  J/tok=0.1299  p95=0.552s err=0
trial4 c=16  prefix=0  247.9 W   3607.2 tok/s  J/tok=0.0687  p95=0.57s err=0
trial4 c=32  prefix=0 248.23 W   6686.1 tok/s  J/tok=0.0371  p95=0.617s err=0
trial4 c=48  prefix=0 246.92 W   9432.0 tok/s  J/tok=0.0262  p95=0.664s err=0
trial4 c=64  prefix=0  246.6 W  11813.7 tok/s  J/tok=0.0209  p95=0.707s err=0
trial4 c=96  prefix=0 247.74 W  15648.8 tok/s  J/tok=0.0158  p95=0.802s err=0
trial4 c=128 prefix=0 247.72 W  18819.3 tok/s  J/tok=0.0132  p95=0.893s err=0
trial4 c=160 prefix=0 247.29 W  18236.8 tok/s  J/tok=0.0136  p95=1.153s err=0
trial4 c=192 prefix=0 247.64 W  20536.1 tok/s  J/tok=0.0121  p95=1.232s err=0
trial4 c=256 prefix=0 247.58 W  23492.5 tok/s  J/tok=0.0105  p95=1.448s err=0
trial4 c=320 prefix=0 247.53 W  24143.3 tok/s  J/tok=0.0103  p95=2.416s err=0
trial4 c=384 prefix=0 247.69 W  24513.8 tok/s  J/tok=0.0101  p95=2.541s err=0
trial4 c=512 prefix=0 247.88 W  24738.2 tok/s  J/tok=0.01  p95=2.696s err=0
trial5 c=1   prefix=0  239.0 W    229.3 tok/s  J/tok=1.0425  p95=0.56s err=0
trial5 c=2   prefix=0 224.31 W    469.6 tok/s  J/tok=0.4776  p95=0.545s err=0
trial5 c=4   prefix=0 227.62 W    955.3 tok/s  J/tok=0.2383  p95=0.537s err=0
trial5 c=8   prefix=0 239.38 W   1891.8 tok/s  J/tok=0.1265  p95=0.544s err=0
trial5 c=8   prefix=1 240.33 W   1853.9 tok/s  J/tok=0.1296  p95=0.552s err=0
trial5 c=16  prefix=0 247.13 W   3610.3 tok/s  J/tok=0.0685  p95=0.573s err=0
trial5 c=32  prefix=0 247.65 W   6609.8 tok/s  J/tok=0.0375  p95=0.626s err=0
trial5 c=48  prefix=0 247.67 W   9621.8 tok/s  J/tok=0.0257  p95=0.648s err=0
trial5 c=64  prefix=0 247.41 W  11802.5 tok/s  J/tok=0.021  p95=0.709s err=0
trial5 c=96  prefix=0 247.56 W  15571.4 tok/s  J/tok=0.0159  p95=0.809s err=0
trial5 c=128 prefix=0 248.05 W  18672.0 tok/s  J/tok=0.0133  p95=0.906s err=0
trial5 c=160 prefix=0 247.49 W  18192.9 tok/s  J/tok=0.0136  p95=1.154s err=0
trial5 c=192 prefix=0  247.8 W  20587.9 tok/s  J/tok=0.012  p95=1.227s err=0
trial5 c=256 prefix=0 247.65 W  23419.2 tok/s  J/tok=0.0106  p95=1.457s err=0
trial5 c=320 prefix=0 247.69 W  23976.3 tok/s  J/tok=0.0103  p95=2.422s err=0
trial5 c=384 prefix=0 248.12 W  24579.2 tok/s  J/tok=0.0101  p95=2.524s err=0
trial5 c=512 prefix=0 247.95 W  24618.5 tok/s  J/tok=0.0101  p95=2.722s err=0
trial6 c=1   prefix=0 234.53 W    229.3 tok/s  J/tok=1.0229  p95=0.559s err=0
trial6 c=2   prefix=0 218.58 W    469.7 tok/s  J/tok=0.4653  p95=0.545s err=0
trial6 c=4   prefix=0  223.7 W    955.6 tok/s  J/tok=0.2341  p95=0.536s err=0
trial6 c=8   prefix=0 235.26 W   1885.8 tok/s  J/tok=0.1248  p95=0.545s err=0
trial6 c=8   prefix=1 237.46 W   1852.3 tok/s  J/tok=0.1282  p95=0.553s err=0
trial6 c=16  prefix=0 244.99 W   3594.1 tok/s  J/tok=0.0682  p95=0.574s err=0
trial6 c=32  prefix=0 247.63 W   6616.3 tok/s  J/tok=0.0374  p95=0.63s err=0
trial6 c=48  prefix=0 247.51 W   9571.3 tok/s  J/tok=0.0259  p95=0.65s err=0
trial6 c=64  prefix=0 246.48 W  11863.9 tok/s  J/tok=0.0208  p95=0.706s err=0
trial6 c=96  prefix=0 247.64 W  15752.4 tok/s  J/tok=0.0157  p95=0.797s err=0
trial6 c=128 prefix=0 247.92 W  18759.1 tok/s  J/tok=0.0132  p95=0.9s err=0
trial6 c=160 prefix=0 247.06 W  18340.5 tok/s  J/tok=0.0135  p95=1.148s err=0
trial6 c=192 prefix=0  247.6 W  20616.1 tok/s  J/tok=0.012  p95=1.227s err=0
trial6 c=256 prefix=0 247.47 W  23458.6 tok/s  J/tok=0.0105  p95=1.455s err=0
trial6 c=320 prefix=0 247.87 W  24039.6 tok/s  J/tok=0.0103  p95=2.409s err=0
trial6 c=384 prefix=0 247.97 W  24266.1 tok/s  J/tok=0.0102  p95=2.551s err=0
trial6 c=512 prefix=0 248.09 W  24809.6 tok/s  J/tok=0.01  p95=2.696s err=0

wrote /global/home/hpc6081/energy-epp/results/h1-12325153/h1.csv (103 rows) gpu=NVIDIA A100-PCIE-40GB
