node=frnt149.frontenac.local job=12304131
index, name, driver_version, clocks.max.graphics [MHz], clocks.max.memory [MHz]
0, Quadro RTX 6000, 610.43.02, 1620 MHz, 6501 MHz
1, Quadro RTX 6000, 610.43.02, 1620 MHz, 6501 MHz
2, Quadro RTX 6000, 610.43.02, 1620 MHz, 6501 MHz
3, Quadro RTX 6000, 610.43.02, 1620 MHz, 6501 MHz

supported graphics clocks on GPU 0 (first 12):
1620 MHz
1605 MHz
1590 MHz
1575 MHz
1560 MHz
1545 MHz
1530 MHz
1515 MHz
1500 MHz
1485 MHz
1470 MHz
1455 MHz

=== can we constrain GPU 0 only, leaving 1-3 at stock? ===
  [DENIED]    lock-gpu-clocks 300,900 on GPU 0 -- The current user does not have permission to change clocks for GPU 00000000:06:00.0. Terminating early due to 
  [PERMITTED] lock-memory-clocks on GPU 0
  [PERMITTED] applications-clocks on GPU 0

=== revert everything, regardless of what succeeded ===
  reset-memory-clocks ok
  reset-applications-clocks ok
  GPU 0 clocks after revert: 300 MHz, 300 MHz

RESULT: at least one clock lever is PERMITTED.
In-node energy heterogeneity is achievable: clamp a subset of GPUs,
measure a curve per profile, and Stage 2 becomes a genuinely
heterogeneous fleet with the energy meter still node-local.
