=== dcgm-exporter under an unprivileged host engine, 2026-10-03T13:28:49-04:00 ===
node: frnt148.frontenac.local  job: 12302781

shipped counter file: /global/home/hpc6081/energy-epp/opt/dcgm-exporter/etc/dcgm-exporter/default-counters.csv
minimal file keeps 21 non-profiling fields; dropped:
  DCGM_FI_PROF_GR_ENGINE_ACTIVE,   gauge, Ratio of time the graphics engine is active.
  DCGM_FI_PROF_PIPE_TENSOR_ACTIVE, gauge, Ratio of cycles the tensor (HMMA) pipe is active.
  DCGM_FI_PROF_DRAM_ACTIVE,        gauge, Ratio of cycles the device memory interface is active sending or receiving data.
  DCGM_FI_PROF_PCIE_TX_BYTES,      gauge, The rate of data transmitted over the PCIe bus - including both protocol headers and data payloads - in bytes per second.
  DCGM_FI_PROF_PCIE_RX_BYTES,      gauge, The rate of data received over the PCIe bus - including both protocol headers and data payloads - in bytes per second.

--- unprivileged-only (21 fields) ---
exporter ALIVE; scraping /metrics
DCGM_FI_DEV_DEC_UTIL{gpu="3",UUID="GPU-81f32fb1-bf7f-a1b2-b547-472437fe63a5",pci_bus_id="00000000:D8:00.0",device="nvidia3",modelName="Quadro RTX 6000",hostname="frnt148.frontenac.local",DCGM_FI_DRIVER_VERSION="610.43.02"} 0
DCGM_FI_DEV_DEC_UTIL{gpu="0",UUID="GPU-9f0e3ebf-fce1-1df8-23b8-92db4316e6df",pci_bus_id="00000000:06:00.0",device="nvidia0",modelName="Quadro RTX 6000",hostname="frnt148.frontenac.local",DCGM_FI_DRIVER_VERSION="610.43.02"} 0
DCGM_FI_DEV_DEC_UTIL{gpu="2",UUID="GPU-b9bb7ab2-e611-cce7-6a8f-ec73fbd59245",pci_bus_id="00000000:86:00.0",device="nvidia2",modelName="Quadro RTX 6000",hostname="frnt148.frontenac.local",DCGM_FI_DRIVER_VERSION="610.43.02"} 0
DCGM_FI_DEV_DEC_UTIL{gpu="1",UUID="GPU-c8869dce-9bc7-1e75-8c4f-69d698875e44",pci_bus_id="00000000:2F:00.0",device="nvidia1",modelName="Quadro RTX 6000",hostname="frnt148.frontenac.local",DCGM_FI_DRIVER_VERSION="610.43.02"} 0
DCGM_FI_DEV_ENC_UTIL{gpu="3",UUID="GPU-81f32fb1-bf7f-a1b2-b547-472437fe63a5",pci_bus_id="00000000:D8:00.0",device="nvidia3",modelName="Quadro RTX 6000",hostname="frnt148.frontenac.local",DCGM_FI_DRIVER_VERSION="610.43.02"} 0
DCGM_FI_DEV_ENC_UTIL{gpu="0",UUID="GPU-9f0e3ebf-fce1-1df8-23b8-92db4316e6df",pci_bus_id="00000000:06:00.0",device="nvidia0",modelName="Quadro RTX 6000",hostname="frnt148.frontenac.local",DCGM_FI_DRIVER_VERSION="610.43.02"} 0
DCGM_FI_DEV_ENC_UTIL{gpu="2",UUID="GPU-b9bb7ab2-e611-cce7-6a8f-ec73fbd59245",pci_bus_id="00000000:86:00.0",device="nvidia2",modelName="Quadro RTX 6000",hostname="frnt148.frontenac.local",DCGM_FI_DRIVER_VERSION="610.43.02"} 0
DCGM_FI_DEV_ENC_UTIL{gpu="1",UUID="GPU-c8869dce-9bc7-1e75-8c4f-69d698875e44",pci_bus_id="00000000:2F:00.0",device="nvidia1",modelName="Quadro RTX 6000",hostname="frnt148.frontenac.local",DCGM_FI_DRIVER_VERSION="610.43.02"} 0
DCGM_FI_DEV_FB_FREE{gpu="3",UUID="GPU-81f32fb1-bf7f-a1b2-b547-472437fe63a5",pci_bus_id="00000000:D8:00.0",device="nvidia3",modelName="Quadro RTX 6000",hostname="frnt148.frontenac.local",DCGM_FI_DRIVER_VERSION="610.43.02"} 22509
DCGM_FI_DEV_FB_FREE{gpu="0",UUID="GPU-9f0e3ebf-fce1-1df8-23b8-92db4316e6df",pci_bus_id="00000000:06:00.0",device="nvidia0",modelName="Quadro RTX 6000",hostname="frnt148.frontenac.local",DCGM_FI_DRIVER_VERSION="610.43.02"} 22509
DCGM_FI_DEV_FB_FREE{gpu="2",UUID="GPU-b9bb7ab2-e611-cce7-6a8f-ec73fbd59245",pci_bus_id="00000000:86:00.0",device="nvidia2",modelName="Quadro RTX 6000",hostname="frnt148.frontenac.local",DCGM_FI_DRIVER_VERSION="610.43.02"} 22509
DCGM_FI_DEV_FB_FREE{gpu="1",UUID="GPU-c8869dce-9bc7-1e75-8c4f-69d698875e44",pci_bus_id="00000000:2F:00.0",device="nvidia1",modelName="Quadro RTX 6000",hostname="frnt148.frontenac.local",DCGM_FI_DRIVER_VERSION="610.43.02"} 22509
DCGM_FI_DEV_FB_RESERVED{gpu="3",UUID="GPU-81f32fb1-bf7f-a1b2-b547-472437fe63a5",pci_bus_id="00000000:D8:00.0",device="nvidia3",modelName="Quadro RTX 6000",hostname="frnt148.frontenac.local",DCGM_FI_DRIVER_VERSION="610.43.02"} 530
DCGM_FI_DEV_FB_RESERVED{gpu="0",UUID="GPU-9f0e3ebf-fce1-1df8-23b8-92db4316e6df",pci_bus_id="00000000:06:00.0",device="nvidia0",modelName="Quadro RTX 6000",hostname="frnt148.frontenac.local",DCGM_FI_DRIVER_VERSION="610.43.02"} 530
DCGM_FI_DEV_FB_RESERVED{gpu="2",UUID="GPU-b9bb7ab2-e611-cce7-6a8f-ec73fbd59245",pci_bus_id="00000000:86:00.0",device="nvidia2",modelName="Quadro RTX 6000",hostname="frnt148.frontenac.local",DCGM_FI_DRIVER_VERSION="610.43.02"} 530
DCGM_FI_DEV_FB_RESERVED{gpu="1",UUID="GPU-c8869dce-9bc7-1e75-8c4f-69d698875e44",pci_bus_id="00000000:2F:00.0",device="nvidia1",modelName="Quadro RTX 6000",hostname="frnt148.frontenac.local",DCGM_FI_DRIVER_VERSION="610.43.02"} 530
DCGM_FI_DEV_FB_USED{gpu="3",UUID="GPU-81f32fb1-bf7f-a1b2-b547-472437fe63a5",pci_bus_id="00000000:D8:00.0",device="nvidia3",modelName="Quadro RTX 6000",hostname="frnt148.frontenac.local",DCGM_FI_DRIVER_VERSION="610.43.02"} 0
DCGM_FI_DEV_FB_USED{gpu="0",UUID="GPU-9f0e3ebf-fce1-1df8-23b8-92db4316e6df",pci_bus_id="00000000:06:00.0",device="nvidia0",modelName="Quadro RTX 6000",hostname="frnt148.frontenac.local",DCGM_FI_DRIVER_VERSION="610.43.02"} 0
DCGM_FI_DEV_FB_USED{gpu="2",UUID="GPU-b9bb7ab2-e611-cce7-6a8f-ec73fbd59245",pci_bus_id="00000000:86:00.0",device="nvidia2",modelName="Quadro RTX 6000",hostname="frnt148.frontenac.local",DCGM_FI_DRIVER_VERSION="610.43.02"} 0
DCGM_FI_DEV_FB_USED{gpu="1",UUID="GPU-c8869dce-9bc7-1e75-8c4f-69d698875e44",pci_bus_id="00000000:2F:00.0",device="nvidia1",modelName="Quadro RTX 6000",hostname="frnt148.frontenac.local",DCGM_FI_DRIVER_VERSION="610.43.02"} 0

# does the energy counter actually carry a value?
# HELP DCGM_FI_DEV_POWER_USAGE Power draw (in W).
# TYPE DCGM_FI_DEV_POWER_USAGE gauge
DCGM_FI_DEV_POWER_USAGE{gpu="3",UUID="GPU-81f32fb1-bf7f-a1b2-b547-472437fe63a5",pci_bus_id="00000000:D8:00.0",device="nvidia3",modelName="Quadro RTX 6000",hostname="frnt148.frontenac.local",DCGM_FI_DRIVER_VERSION="610.43.02"} 13.109
DCGM_FI_DEV_POWER_USAGE{gpu="0",UUID="GPU-9f0e3ebf-fce1-1df8-23b8-92db4316e6df",pci_bus_id="00000000:06:00.0",device="nvidia0",modelName="Quadro RTX 6000",hostname="frnt148.frontenac.local",DCGM_FI_DRIVER_VERSION="610.43.02"} 14.645
DCGM_FI_DEV_POWER_USAGE{gpu="2",UUID="GPU-b9bb7ab2-e611-cce7-6a8f-ec73fbd59245",pci_bus_id="00000000:86:00.0",device="nvidia2",modelName="Quadro RTX 6000",hostname="frnt148.frontenac.local",DCGM_FI_DRIVER_VERSION="610.43.02"} 14.741
DCGM_FI_DEV_POWER_USAGE{gpu="1",UUID="GPU-c8869dce-9bc7-1e75-8c4f-69d698875e44",pci_bus_id="00000000:2F:00.0",device="nvidia1",modelName="Quadro RTX 6000",hostname="frnt148.frontenac.local",DCGM_FI_DRIVER_VERSION="610.43.02"} 23.341
# HELP DCGM_FI_DEV_TOTAL_ENERGY_CONSUMPTION Total energy consumption since the driver was last reloaded (in mJ).
# TYPE DCGM_FI_DEV_TOTAL_ENERGY_CONSUMPTION counter
DCGM_FI_DEV_TOTAL_ENERGY_CONSUMPTION{gpu="3",UUID="GPU-81f32fb1-bf7f-a1b2-b547-472437fe63a5",pci_bus_id="00000000:D8:00.0",device="nvidia3",modelName="Quadro RTX 6000",hostname="frnt148.frontenac.local",DCGM_FI_DRIVER_VERSION="610.43.02"} 7.845765357e+10
DCGM_FI_DEV_TOTAL_ENERGY_CONSUMPTION{gpu="0",UUID="GPU-9f0e3ebf-fce1-1df8-23b8-92db4316e6df",pci_bus_id="00000000:06:00.0",device="nvidia0",modelName="Quadro RTX 6000",hostname="frnt148.frontenac.local",DCGM_FI_DRIVER_VERSION="610.43.02"} 1.64897094231e+11

--- plus-dram-active (22 fields) ---
exporter ALIVE; scraping /metrics
DCGM_FI_DEV_DEC_UTIL{gpu="3",UUID="GPU-81f32fb1-bf7f-a1b2-b547-472437fe63a5",pci_bus_id="00000000:D8:00.0",device="nvidia3",modelName="Quadro RTX 6000",hostname="frnt148.frontenac.local",DCGM_FI_DRIVER_VERSION="610.43.02"} 0
DCGM_FI_DEV_DEC_UTIL{gpu="0",UUID="GPU-9f0e3ebf-fce1-1df8-23b8-92db4316e6df",pci_bus_id="00000000:06:00.0",device="nvidia0",modelName="Quadro RTX 6000",hostname="frnt148.frontenac.local",DCGM_FI_DRIVER_VERSION="610.43.02"} 0
DCGM_FI_DEV_DEC_UTIL{gpu="2",UUID="GPU-b9bb7ab2-e611-cce7-6a8f-ec73fbd59245",pci_bus_id="00000000:86:00.0",device="nvidia2",modelName="Quadro RTX 6000",hostname="frnt148.frontenac.local",DCGM_FI_DRIVER_VERSION="610.43.02"} 0
DCGM_FI_DEV_DEC_UTIL{gpu="1",UUID="GPU-c8869dce-9bc7-1e75-8c4f-69d698875e44",pci_bus_id="00000000:2F:00.0",device="nvidia1",modelName="Quadro RTX 6000",hostname="frnt148.frontenac.local",DCGM_FI_DRIVER_VERSION="610.43.02"} 0
DCGM_FI_DEV_ENC_UTIL{gpu="3",UUID="GPU-81f32fb1-bf7f-a1b2-b547-472437fe63a5",pci_bus_id="00000000:D8:00.0",device="nvidia3",modelName="Quadro RTX 6000",hostname="frnt148.frontenac.local",DCGM_FI_DRIVER_VERSION="610.43.02"} 0
DCGM_FI_DEV_ENC_UTIL{gpu="0",UUID="GPU-9f0e3ebf-fce1-1df8-23b8-92db4316e6df",pci_bus_id="00000000:06:00.0",device="nvidia0",modelName="Quadro RTX 6000",hostname="frnt148.frontenac.local",DCGM_FI_DRIVER_VERSION="610.43.02"} 0
DCGM_FI_DEV_ENC_UTIL{gpu="2",UUID="GPU-b9bb7ab2-e611-cce7-6a8f-ec73fbd59245",pci_bus_id="00000000:86:00.0",device="nvidia2",modelName="Quadro RTX 6000",hostname="frnt148.frontenac.local",DCGM_FI_DRIVER_VERSION="610.43.02"} 0
DCGM_FI_DEV_ENC_UTIL{gpu="1",UUID="GPU-c8869dce-9bc7-1e75-8c4f-69d698875e44",pci_bus_id="00000000:2F:00.0",device="nvidia1",modelName="Quadro RTX 6000",hostname="frnt148.frontenac.local",DCGM_FI_DRIVER_VERSION="610.43.02"} 0
DCGM_FI_DEV_FB_FREE{gpu="3",UUID="GPU-81f32fb1-bf7f-a1b2-b547-472437fe63a5",pci_bus_id="00000000:D8:00.0",device="nvidia3",modelName="Quadro RTX 6000",hostname="frnt148.frontenac.local",DCGM_FI_DRIVER_VERSION="610.43.02"} 22509
DCGM_FI_DEV_FB_FREE{gpu="0",UUID="GPU-9f0e3ebf-fce1-1df8-23b8-92db4316e6df",pci_bus_id="00000000:06:00.0",device="nvidia0",modelName="Quadro RTX 6000",hostname="frnt148.frontenac.local",DCGM_FI_DRIVER_VERSION="610.43.02"} 22509
DCGM_FI_DEV_FB_FREE{gpu="2",UUID="GPU-b9bb7ab2-e611-cce7-6a8f-ec73fbd59245",pci_bus_id="00000000:86:00.0",device="nvidia2",modelName="Quadro RTX 6000",hostname="frnt148.frontenac.local",DCGM_FI_DRIVER_VERSION="610.43.02"} 22509
DCGM_FI_DEV_FB_FREE{gpu="1",UUID="GPU-c8869dce-9bc7-1e75-8c4f-69d698875e44",pci_bus_id="00000000:2F:00.0",device="nvidia1",modelName="Quadro RTX 6000",hostname="frnt148.frontenac.local",DCGM_FI_DRIVER_VERSION="610.43.02"} 22509
DCGM_FI_DEV_FB_RESERVED{gpu="3",UUID="GPU-81f32fb1-bf7f-a1b2-b547-472437fe63a5",pci_bus_id="00000000:D8:00.0",device="nvidia3",modelName="Quadro RTX 6000",hostname="frnt148.frontenac.local",DCGM_FI_DRIVER_VERSION="610.43.02"} 530
DCGM_FI_DEV_FB_RESERVED{gpu="0",UUID="GPU-9f0e3ebf-fce1-1df8-23b8-92db4316e6df",pci_bus_id="00000000:06:00.0",device="nvidia0",modelName="Quadro RTX 6000",hostname="frnt148.frontenac.local",DCGM_FI_DRIVER_VERSION="610.43.02"} 530
DCGM_FI_DEV_FB_RESERVED{gpu="2",UUID="GPU-b9bb7ab2-e611-cce7-6a8f-ec73fbd59245",pci_bus_id="00000000:86:00.0",device="nvidia2",modelName="Quadro RTX 6000",hostname="frnt148.frontenac.local",DCGM_FI_DRIVER_VERSION="610.43.02"} 530
DCGM_FI_DEV_FB_RESERVED{gpu="1",UUID="GPU-c8869dce-9bc7-1e75-8c4f-69d698875e44",pci_bus_id="00000000:2F:00.0",device="nvidia1",modelName="Quadro RTX 6000",hostname="frnt148.frontenac.local",DCGM_FI_DRIVER_VERSION="610.43.02"} 530
DCGM_FI_DEV_FB_USED{gpu="3",UUID="GPU-81f32fb1-bf7f-a1b2-b547-472437fe63a5",pci_bus_id="00000000:D8:00.0",device="nvidia3",modelName="Quadro RTX 6000",hostname="frnt148.frontenac.local",DCGM_FI_DRIVER_VERSION="610.43.02"} 0
DCGM_FI_DEV_FB_USED{gpu="0",UUID="GPU-9f0e3ebf-fce1-1df8-23b8-92db4316e6df",pci_bus_id="00000000:06:00.0",device="nvidia0",modelName="Quadro RTX 6000",hostname="frnt148.frontenac.local",DCGM_FI_DRIVER_VERSION="610.43.02"} 0
DCGM_FI_DEV_FB_USED{gpu="2",UUID="GPU-b9bb7ab2-e611-cce7-6a8f-ec73fbd59245",pci_bus_id="00000000:86:00.0",device="nvidia2",modelName="Quadro RTX 6000",hostname="frnt148.frontenac.local",DCGM_FI_DRIVER_VERSION="610.43.02"} 0
DCGM_FI_DEV_FB_USED{gpu="1",UUID="GPU-c8869dce-9bc7-1e75-8c4f-69d698875e44",pci_bus_id="00000000:2F:00.0",device="nvidia1",modelName="Quadro RTX 6000",hostname="frnt148.frontenac.local",DCGM_FI_DRIVER_VERSION="610.43.02"} 0

# does the energy counter actually carry a value?
# HELP DCGM_FI_DEV_POWER_USAGE Power draw (in W).
# TYPE DCGM_FI_DEV_POWER_USAGE gauge
DCGM_FI_DEV_POWER_USAGE{gpu="3",UUID="GPU-81f32fb1-bf7f-a1b2-b547-472437fe63a5",pci_bus_id="00000000:D8:00.0",device="nvidia3",modelName="Quadro RTX 6000",hostname="frnt148.frontenac.local",DCGM_FI_DRIVER_VERSION="610.43.02"} 13.206
DCGM_FI_DEV_POWER_USAGE{gpu="0",UUID="GPU-9f0e3ebf-fce1-1df8-23b8-92db4316e6df",pci_bus_id="00000000:06:00.0",device="nvidia0",modelName="Quadro RTX 6000",hostname="frnt148.frontenac.local",DCGM_FI_DRIVER_VERSION="610.43.02"} 14.889
DCGM_FI_DEV_POWER_USAGE{gpu="2",UUID="GPU-b9bb7ab2-e611-cce7-6a8f-ec73fbd59245",pci_bus_id="00000000:86:00.0",device="nvidia2",modelName="Quadro RTX 6000",hostname="frnt148.frontenac.local",DCGM_FI_DRIVER_VERSION="610.43.02"} 13.256
DCGM_FI_DEV_POWER_USAGE{gpu="1",UUID="GPU-c8869dce-9bc7-1e75-8c4f-69d698875e44",pci_bus_id="00000000:2F:00.0",device="nvidia1",modelName="Quadro RTX 6000",hostname="frnt148.frontenac.local",DCGM_FI_DRIVER_VERSION="610.43.02"} 23.341
# HELP DCGM_FI_DEV_TOTAL_ENERGY_CONSUMPTION Total energy consumption since the driver was last reloaded (in mJ).
# TYPE DCGM_FI_DEV_TOTAL_ENERGY_CONSUMPTION counter
DCGM_FI_DEV_TOTAL_ENERGY_CONSUMPTION{gpu="3",UUID="GPU-81f32fb1-bf7f-a1b2-b547-472437fe63a5",pci_bus_id="00000000:D8:00.0",device="nvidia3",modelName="Quadro RTX 6000",hostname="frnt148.frontenac.local",DCGM_FI_DRIVER_VERSION="610.43.02"} 7.8457920777e+10
DCGM_FI_DEV_TOTAL_ENERGY_CONSUMPTION{gpu="0",UUID="GPU-9f0e3ebf-fce1-1df8-23b8-92db4316e6df",pci_bus_id="00000000:06:00.0",device="nvidia0",modelName="Quadro RTX 6000",hostname="frnt148.frontenac.local",DCGM_FI_DRIVER_VERSION="610.43.02"} 1.64897374574e+11

=== interpretation ===
If 'unprivileged-only' served metrics and 'plus-dram-active' did not, then
DCGM's field-group watch is atomic and the exporter is usable without root
as long as the counter file excludes profiling fields.

=== done: /global/home/hpc6081/energy-epp/instruments-probe/dcgm-exporter-12302781.txt ===
