job=12304891 het_size=2
  component 0: frnt154.frontenac.local with 8 gpu(s)
  component 1: frnt152.frontenac.local with 4 gpu(s)

launched 12 concurrent steps; waiting
concurrent job steps visible to squeue: 10
all steps finished in 34s (rc=0)

=== what each step reported ===
  frnt154 step g=0 i=0 CVD=0 torch_sees=1 dev0=NVIDIA A100-PCIE-40GB uuid=f2a65a87-b629-f9e3-b5b9-df974c6dab96
  frnt154 step g=0 i=1 CVD=1 torch_sees=1 dev0=NVIDIA A100-PCIE-40GB uuid=9a1505a8-a594-38ae-65fd-036b04e65060
  frnt154 step g=0 i=2 CVD=2 torch_sees=1 dev0=NVIDIA A100-PCIE-40GB uuid=8bf6d5b6-8bab-5473-8cf7-5ee6c46d50ca
  frnt154 step g=0 i=3 CVD=3 torch_sees=1 dev0=NVIDIA A100-PCIE-40GB uuid=b5f15c18-13d5-8be6-f7ec-59eabda961b7
  frnt154 step g=0 i=4 CVD=4 torch_sees=1 dev0=NVIDIA A100-PCIE-40GB uuid=7c50a536-e5f1-c6c7-bc51-1d7e24dc02e6
  frnt154 step g=0 i=5 CVD=5 torch_sees=1 dev0=NVIDIA A100-PCIE-40GB uuid=c153ee3d-b52c-a9ab-3ac8-4777e19c4f46
  frnt154 step g=0 i=6 CVD=6 torch_sees=1 dev0=NVIDIA A100-PCIE-40GB uuid=fab56f52-a825-4834-2282-5dda6b19c23a
  frnt154 step g=0 i=7 CVD=7 torch_sees=1 dev0=NVIDIA A100-PCIE-40GB uuid=4cf47ff6-6119-8546-3537-16f4289b2e6e
  frnt152 step g=1 i=0 CVD=0 torch_sees=1 dev0=Quadro RTX 6000 uuid=ce3f5de7-b495-fac1-0c82-825ee50a6e4b
  frnt152 step g=1 i=1 CVD=1 torch_sees=1 dev0=Quadro RTX 6000 uuid=55fdeae3-9ad2-b418-566c-4224203911e9
  frnt152 step g=1 i=2 CVD=2 torch_sees=1 dev0=Quadro RTX 6000 uuid=e1ef0a37-6266-e89e-4218-078940ab21f4
  frnt152 step g=1 i=3 CVD=3 torch_sees=1 dev0=Quadro RTX 6000 uuid=ff881352-3db3-3efe-b489-71f2734bd081

=== distinct GPU uuids seen (should equal 12 if pinning worked) ===
  distinct uuids: 12

==================================================
PASSED: 12 concurrent --overlap steps across 2 components.
