load generator: 16 worker process(es)
--- slo_packing at 100.0 req/s ---
    J/req 8.64  goodput/J 0.0470  SLO 40.6%
    TTFT p50/p95 0.048/0.057s  TPOT 0.0149s  ITL p99/max 0.0188/0.0530s  e2e p99 2.035s  errors 0
    SLO margin p50/p95 1.004/1.014 x SLO  within 10% of boundary 81.1%
    offered 100.0 req/s  achieved 97.3 req/s  fidelity 97.3%  send delay p99 0.002s  TTFT from send p50 0.047
--- energy_greedy at 100.0 req/s ---
    J/req 8.60  goodput/J 0.0747  SLO 64.2%
    TTFT p50/p95 0.047/0.056s  TPOT 0.0148s  ITL p99/max 0.0184/0.0401s  e2e p99 2.025s  errors 0
    SLO margin p50/p95 0.996/1.009 x SLO  within 10% of boundary 79.0%
    offered 100.0 req/s  achieved 97.3 req/s  fidelity 97.3%  send delay p99 0.002s  TTFT from send p50 0.046
--- energy_consolidate at 100.0 req/s ---
    J/req 8.56  goodput/J 0.1045  SLO 89.5%
    TTFT p50/p95 0.046/0.056s  TPOT 0.0147s  ITL p99/max 0.0179/0.0490s  e2e p99 2.010s  errors 0
    SLO margin p50/p95 0.992/1.002 x SLO  within 10% of boundary 78.0%
    offered 100.0 req/s  achieved 97.3 req/s  fidelity 97.3%  send delay p99 0.002s  TTFT from send p50 0.046
wrote /global/home/hpc6081/energy-epp/results/stage2-12325161/policies-rate100.json
load generator: 16 worker process(es)
--- slo_packing at 150.0 req/s ---
    J/req 7.13  goodput/J 0.0808  SLO 57.6%
    TTFT p50/p95 0.049/0.059s  TPOT 0.0150s  ITL p99/max 0.0190/0.0514s  e2e p99 2.034s  errors 0
    SLO margin p50/p95 0.998/1.013 x SLO  within 10% of boundary 92.2%
    offered 150.0 req/s  achieved 145.0 req/s  fidelity 96.7%  send delay p99 0.001s  TTFT from send p50 0.049
--- energy_greedy at 150.0 req/s ---
    J/req 7.12  goodput/J 0.0837  SLO 59.6%
    TTFT p50/p95 0.049/0.059s  TPOT 0.0150s  ITL p99/max 0.0193/0.0510s  e2e p99 2.027s  errors 0
    SLO margin p50/p95 0.997/1.009 x SLO  within 10% of boundary 92.1%
    offered 150.0 req/s  achieved 145.3 req/s  fidelity 96.9%  send delay p99 0.001s  TTFT from send p50 0.048
--- energy_consolidate at 150.0 req/s ---
    J/req 7.10  goodput/J 0.0814  SLO 57.8%
    TTFT p50/p95 0.049/0.059s  TPOT 0.0150s  ITL p99/max 0.0189/0.0560s  e2e p99 2.025s  errors 0
    SLO margin p50/p95 0.998/1.009 x SLO  within 10% of boundary 91.9%
    offered 150.0 req/s  achieved 145.1 req/s  fidelity 96.8%  send delay p99 0.001s  TTFT from send p50 0.048
wrote /global/home/hpc6081/energy-epp/results/stage2-12325161/policies-rate150.json
load generator: 16 worker process(es)
--- slo_packing at 100.0 req/s ---
    J/req 9.50  goodput/J 0.1053  SLO 100.0%
    TTFT p50/p95 0.044/0.052s  TPOT 0.0136s  ITL p99/max 0.0171/0.0473s  e2e p99 1.841s  errors 0
    SLO margin p50/p95 0.906/0.917 x SLO  within 10% of boundary 62.7%
    offered 100.0 req/s  achieved 97.5 req/s  fidelity 97.5%  send delay p99 0.001s  TTFT from send p50 0.043
--- energy_greedy at 100.0 req/s ---
    J/req 9.44  goodput/J 0.1059  SLO 100.0%
    TTFT p50/p95 0.044/0.052s  TPOT 0.0135s  ITL p99/max 0.0165/0.0414s  e2e p99 1.835s  errors 0
    SLO margin p50/p95 0.904/0.915 x SLO  within 10% of boundary 59.4%
    offered 100.0 req/s  achieved 97.5 req/s  fidelity 97.5%  send delay p99 0.001s  TTFT from send p50 0.043
--- energy_consolidate at 100.0 req/s ---
    J/req 9.41  goodput/J 0.1063  SLO 100.0%
    TTFT p50/p95 0.044/0.052s  TPOT 0.0135s  ITL p99/max 0.0174/0.0451s  e2e p99 1.839s  errors 0
    SLO margin p50/p95 0.903/0.915 x SLO  within 10% of boundary 58.6%
    offered 100.0 req/s  achieved 97.5 req/s  fidelity 97.5%  send delay p99 0.001s  TTFT from send p50 0.043
wrote /global/home/hpc6081/energy-epp/results/stage2-12325161/policies-h0.1-rate100.json
load generator: 16 worker process(es)
--- slo_packing at 150.0 req/s ---
    J/req 7.78  goodput/J 0.1286  SLO 100.0%
    TTFT p50/p95 0.046/0.055s  TPOT 0.0137s  ITL p99/max 0.0182/0.0516s  e2e p99 1.853s  errors 0
    SLO margin p50/p95 0.907/0.921 x SLO  within 10% of boundary 69.0%
    offered 150.0 req/s  achieved 145.6 req/s  fidelity 97.0%  send delay p99 0.001s  TTFT from send p50 0.045
--- energy_greedy at 150.0 req/s ---
    J/req 7.74  goodput/J 0.1292  SLO 100.0%
    TTFT p50/p95 0.046/0.056s  TPOT 0.0137s  ITL p99/max 0.0181/0.0466s  e2e p99 1.846s  errors 0
    SLO margin p50/p95 0.906/0.919 x SLO  within 10% of boundary 66.0%
    offered 150.0 req/s  achieved 145.5 req/s  fidelity 97.0%  send delay p99 0.001s  TTFT from send p50 0.045
--- energy_consolidate at 150.0 req/s ---
    J/req 7.76  goodput/J 0.1289  SLO 100.0%
    TTFT p50/p95 0.046/0.055s  TPOT 0.0137s  ITL p99/max 0.0177/0.0501s  e2e p99 1.842s  errors 0
    SLO margin p50/p95 0.906/0.917 x SLO  within 10% of boundary 66.0%
    offered 150.0 req/s  achieved 145.6 req/s  fidelity 97.0%  send delay p99 0.001s  TTFT from send p50 0.045
wrote /global/home/hpc6081/energy-epp/results/stage2-12325161/policies-h0.1-rate150.json
load generator: 16 worker process(es)
--- slo_packing at 100.0 req/s ---
    J/req 10.85  goodput/J 0.0921  SLO 100.0%
    TTFT p50/p95 0.041/0.051s  TPOT 0.0124s  ITL p99/max 0.0168/0.0471s  e2e p99 1.679s  errors 0
    SLO margin p50/p95 0.821/0.835 x SLO  within 10% of boundary 0.0%
    offered 100.0 req/s  achieved 97.7 req/s  fidelity 97.7%  send delay p99 0.001s  TTFT from send p50 0.041
--- energy_greedy at 100.0 req/s ---
    J/req 10.78  goodput/J 0.0928  SLO 100.0%
    TTFT p50/p95 0.041/0.050s  TPOT 0.0124s  ITL p99/max 0.0166/0.0441s  e2e p99 1.674s  errors 0
    SLO margin p50/p95 0.820/0.834 x SLO  within 10% of boundary 0.0%
    offered 100.0 req/s  achieved 97.7 req/s  fidelity 97.7%  send delay p99 0.001s  TTFT from send p50 0.040
--- energy_consolidate at 100.0 req/s ---
    J/req 10.81  goodput/J 0.0925  SLO 100.0%
    TTFT p50/p95 0.041/0.050s  TPOT 0.0124s  ITL p99/max 0.0165/0.0462s  e2e p99 1.676s  errors 0
    SLO margin p50/p95 0.820/0.835 x SLO  within 10% of boundary 0.0%
    offered 100.0 req/s  achieved 97.7 req/s  fidelity 97.7%  send delay p99 0.001s  TTFT from send p50 0.040
wrote /global/home/hpc6081/energy-epp/results/stage2-12325161/policies-h0.2-rate100.json
load generator: 16 worker process(es)
--- slo_packing at 150.0 req/s ---
    J/req 9.13  goodput/J 0.1095  SLO 100.0%
    TTFT p50/p95 0.043/0.053s  TPOT 0.0125s  ITL p99/max 0.0173/0.0524s  e2e p99 1.681s  errors 0
    SLO margin p50/p95 0.824/0.837 x SLO  within 10% of boundary 0.0%
    offered 150.0 req/s  achieved 145.8 req/s  fidelity 97.2%  send delay p99 0.001s  TTFT from send p50 0.042
--- energy_greedy at 150.0 req/s ---
    J/req 9.14  goodput/J 0.1094  SLO 100.0%
    TTFT p50/p95 0.043/0.052s  TPOT 0.0125s  ITL p99/max 0.0172/0.0470s  e2e p99 1.676s  errors 0
    SLO margin p50/p95 0.823/0.835 x SLO  within 10% of boundary 0.0%
    offered 150.0 req/s  achieved 145.8 req/s  fidelity 97.2%  send delay p99 0.001s  TTFT from send p50 0.042
--- energy_consolidate at 150.0 req/s ---
    J/req 9.14  goodput/J 0.1094  SLO 100.0%
    TTFT p50/p95 0.043/0.053s  TPOT 0.0125s  ITL p99/max 0.0176/0.0489s  e2e p99 1.681s  errors 0
    SLO margin p50/p95 0.823/0.836 x SLO  within 10% of boundary 0.0%
    offered 150.0 req/s  achieved 145.8 req/s  fidelity 97.2%  send delay p99 0.001s  TTFT from send p50 0.042
wrote /global/home/hpc6081/energy-epp/results/stage2-12325161/policies-h0.2-rate150.json
load generator: 16 worker process(es)
--- slo_packing at 100.0 req/s ---
    J/req 14.07  goodput/J 0.0711  SLO 100.0%
    TTFT p50/p95 0.037/0.048s  TPOT 0.0108s  ITL p99/max 0.0163/0.0435s  e2e p99 1.453s  errors 0
    SLO margin p50/p95 0.712/0.721 x SLO  within 10% of boundary 0.0%
    offered 100.0 req/s  achieved 97.8 req/s  fidelity 97.8%  send delay p99 0.001s  TTFT from send p50 0.037
--- energy_greedy at 100.0 req/s ---
    J/req 14.05  goodput/J 0.0712  SLO 100.0%
    TTFT p50/p95 0.038/0.048s  TPOT 0.0108s  ITL p99/max 0.0163/0.0517s  e2e p99 1.455s  errors 0
    SLO margin p50/p95 0.711/0.720 x SLO  within 10% of boundary 0.0%
    offered 100.0 req/s  achieved 97.9 req/s  fidelity 97.9%  send delay p99 0.001s  TTFT from send p50 0.037
--- energy_consolidate at 100.0 req/s ---
    J/req 14.03  goodput/J 0.0713  SLO 100.0%
    TTFT p50/p95 0.037/0.048s  TPOT 0.0108s  ITL p99/max 0.0162/0.0474s  e2e p99 1.451s  errors 0
    SLO margin p50/p95 0.711/0.720 x SLO  within 10% of boundary 0.0%
    offered 100.0 req/s  achieved 97.9 req/s  fidelity 97.9%  send delay p99 0.001s  TTFT from send p50 0.037
wrote /global/home/hpc6081/energy-epp/results/stage2-12325161/policies-h0.3-rate100.json
load generator: 16 worker process(es)
--- slo_packing at 150.0 req/s ---
    J/req 9.66  goodput/J 0.1035  SLO 100.0%
    TTFT p50/p95 0.040/0.050s  TPOT 0.0117s  ITL p99/max 0.0174/0.0520s  e2e p99 1.641s  errors 0
    SLO margin p50/p95 0.763/0.804 x SLO  within 10% of boundary 0.0%
    offered 150.0 req/s  achieved 146.0 req/s  fidelity 97.3%  send delay p99 0.001s  TTFT from send p50 0.039
    (policy INACTIVE on 98% of picks: the curve answered but no endpoint met the SLO, so every policy ran the same load-balancing fallback. Sound overload data; no policy comparison can rest on this cell.)
--- energy_greedy at 150.0 req/s ---
    J/req 9.65  goodput/J 0.1036  SLO 100.0%
    TTFT p50/p95 0.040/0.050s  TPOT 0.0117s  ITL p99/max 0.0176/0.0536s  e2e p99 1.628s  errors 0
    SLO margin p50/p95 0.762/0.798 x SLO  within 10% of boundary 0.0%
    offered 150.0 req/s  achieved 145.9 req/s  fidelity 97.3%  send delay p99 0.001s  TTFT from send p50 0.039
    (policy INACTIVE on 98% of picks: the curve answered but no endpoint met the SLO, so every policy ran the same load-balancing fallback. Sound overload data; no policy comparison can rest on this cell.)
--- energy_consolidate at 150.0 req/s ---
    J/req 9.64  goodput/J 0.1038  SLO 100.0%
    TTFT p50/p95 0.040/0.051s  TPOT 0.0117s  ITL p99/max 0.0175/0.0597s  e2e p99 1.621s  errors 0
    SLO margin p50/p95 0.761/0.798 x SLO  within 10% of boundary 0.0%
    offered 150.0 req/s  achieved 146.0 req/s  fidelity 97.3%  send delay p99 0.001s  TTFT from send p50 0.039
    (policy INACTIVE on 98% of picks: the curve answered but no endpoint met the SLO, so every policy ran the same load-balancing fallback. Sound overload data; no policy comparison can rest on this cell.)
wrote /global/home/hpc6081/energy-epp/results/stage2-12325161/policies-h0.3-rate150.json
load generator: 16 worker process(es)
--- slo_packing at 150.0 req/s ---
    J/req 7.16  goodput/J 0.0760  SLO 54.4%
    TTFT p50/p95 0.049/0.059s  TPOT 0.0150s  ITL p99/max 0.0188/0.0522s  e2e p99 2.026s  errors 0
    SLO margin p50/p95 0.999/1.009 x SLO  within 10% of boundary 91.8%
    offered 150.0 req/s  achieved 145.2 req/s  fidelity 96.8%  send delay p99 0.001s  TTFT from send p50 0.049
wrote /global/home/hpc6081/energy-epp/results/stage2-12325161/control-counteronly.json
  full telemetry : 7.135 J/req   poll=0.25s SLO=57.6%  p95=2.025s
  counter only   : 7.157 J/req   poll=0.0s SLO=54.4%  p95=2.018s
  energy difference    : -0.31%
  p95 difference       : +0.34%
  completed difference : +0.00%
  VERDICT: telemetry overhead is not measurable (<1%). Pass A
  numbers stand unqualified.
