idle(model loaded): 27.46 W
trial1 c=1   prefix=0  71.88 W     74.9 tok/s  J/tok=0.9592  p95=1.711s err=0
trial1 c=2   prefix=0  71.86 W    146.9 tok/s  J/tok=0.4891  p95=1.745s err=0
trial1 c=4   prefix=0  71.97 W    293.0 tok/s  J/tok=0.2457  p95=1.75s err=0
trial1 c=8   prefix=0  71.94 W    577.4 tok/s  J/tok=0.1246  p95=1.776s err=0
trial1 c=8   prefix=1  71.88 W    566.5 tok/s  J/tok=0.1269  p95=1.782s err=0
trial1 c=16  prefix=0  71.96 W   1128.6 tok/s  J/tok=0.0638  p95=1.824s err=0
trial1 c=32  prefix=0  71.85 W   2039.3 tok/s  J/tok=0.0352  p95=2.035s err=0
trial2 c=1   prefix=0  71.92 W     74.9 tok/s  J/tok=0.9606  p95=1.711s err=0
trial2 c=2   prefix=0  71.94 W    147.1 tok/s  J/tok=0.489  p95=1.741s err=0
trial2 c=4   prefix=0  71.94 W    293.2 tok/s  J/tok=0.2453  p95=1.748s err=0
trial2 c=8   prefix=0  71.88 W    577.5 tok/s  J/tok=0.1245  p95=1.776s err=0
trial2 c=8   prefix=1   72.0 W    568.8 tok/s  J/tok=0.1266  p95=1.78s err=0
trial2 c=16  prefix=0  71.85 W   1129.7 tok/s  J/tok=0.0636  p95=1.821s err=0
trial2 c=32  prefix=0  71.84 W   2049.5 tok/s  J/tok=0.0351  p95=2.005s err=0
trial3 c=1   prefix=0  71.92 W     74.9 tok/s  J/tok=0.9607  p95=1.711s err=0
trial3 c=2   prefix=0   72.0 W    147.0 tok/s  J/tok=0.4896  p95=1.742s err=0
trial3 c=4   prefix=0  71.96 W    293.0 tok/s  J/tok=0.2456  p95=1.75s err=0
trial3 c=8   prefix=0  71.94 W    577.3 tok/s  J/tok=0.1246  p95=1.777s err=0
trial3 c=8   prefix=1  71.89 W    570.2 tok/s  J/tok=0.1261  p95=1.781s err=0
trial3 c=16  prefix=0  71.93 W   1130.8 tok/s  J/tok=0.0636  p95=1.816s err=0
trial3 c=32  prefix=0  71.87 W   2047.6 tok/s  J/tok=0.0351  p95=2.013s err=0
trial4 c=1   prefix=0  71.89 W     74.8 tok/s  J/tok=0.9607  p95=1.711s err=0
trial4 c=2   prefix=0  71.95 W    147.1 tok/s  J/tok=0.4889  p95=1.742s err=0
trial4 c=4   prefix=0   72.0 W    293.1 tok/s  J/tok=0.2456  p95=1.749s err=0
trial4 c=8   prefix=0  71.92 W    577.9 tok/s  J/tok=0.1244  p95=1.774s err=0
trial4 c=8   prefix=1  71.95 W    567.9 tok/s  J/tok=0.1267  p95=1.78s err=0
trial4 c=16  prefix=0  71.92 W   1132.1 tok/s  J/tok=0.0635  p95=1.815s err=0
trial4 c=32  prefix=0  71.95 W   2052.8 tok/s  J/tok=0.0351  p95=2.002s err=0
trial5 c=1   prefix=0  71.84 W     74.9 tok/s  J/tok=0.9593  p95=1.71s err=0
trial5 c=2   prefix=0   71.9 W    147.2 tok/s  J/tok=0.4883  p95=1.74s err=0
trial5 c=4   prefix=0  71.98 W    293.4 tok/s  J/tok=0.2453  p95=1.747s err=0
trial5 c=8   prefix=0  71.89 W    578.5 tok/s  J/tok=0.1243  p95=1.774s err=0
trial5 c=8   prefix=1  71.96 W    569.3 tok/s  J/tok=0.1264  p95=1.778s err=0
trial5 c=16  prefix=0   71.9 W   1131.7 tok/s  J/tok=0.0635  p95=1.813s err=0
trial5 c=32  prefix=0  71.87 W   2042.2 tok/s  J/tok=0.0352  p95=2.014s err=0

wrote /global/home/hpc6081/energy-epp/results/h1-12303303/h1.csv (36 rows) gpu=NVIDIA L4
