idle(model loaded): 27.87 W
trial1 c=1   prefix=0 139.78 W    185.7 tok/s  J/tok=0.7529  p95=0.69s err=0
trial1 c=2   prefix=0 140.15 W    365.7 tok/s  J/tok=0.3832  p95=0.702s err=0
trial1 c=4   prefix=0  143.0 W    719.7 tok/s  J/tok=0.1987  p95=0.713s err=0
trial1 c=8   prefix=0  145.6 W   1420.4 tok/s  J/tok=0.1025  p95=0.722s err=0
trial1 c=8   prefix=1 145.49 W   1404.2 tok/s  J/tok=0.1036  p95=0.724s err=0
trial1 c=16  prefix=0 152.65 W   2745.5 tok/s  J/tok=0.0556  p95=0.75s err=0
trial1 c=32  prefix=0 154.79 W   4910.7 tok/s  J/tok=0.0315  p95=0.84s err=0
trial2 c=1   prefix=0 144.02 W    185.8 tok/s  J/tok=0.7752  p95=0.69s err=0
trial2 c=2   prefix=0 143.32 W    364.9 tok/s  J/tok=0.3928  p95=0.702s err=0
trial2 c=4   prefix=0 145.51 W    719.4 tok/s  J/tok=0.2023  p95=0.713s err=0
trial2 c=8   prefix=0 147.28 W   1423.7 tok/s  J/tok=0.1034  p95=0.723s err=0
trial2 c=8   prefix=1 147.47 W   1401.8 tok/s  J/tok=0.1052  p95=0.725s err=0
trial2 c=16  prefix=0 152.85 W   2750.2 tok/s  J/tok=0.0556  p95=0.748s err=0
trial2 c=32  prefix=0 155.12 W   4900.7 tok/s  J/tok=0.0317  p95=0.84s err=0
trial3 c=1   prefix=0 144.29 W    185.6 tok/s  J/tok=0.7773  p95=0.69s err=0
trial3 c=2   prefix=0  143.2 W    365.6 tok/s  J/tok=0.3917  p95=0.701s err=0
trial3 c=4   prefix=0 145.57 W    719.7 tok/s  J/tok=0.2022  p95=0.713s err=0
trial3 c=8   prefix=0 147.73 W   1431.0 tok/s  J/tok=0.1032  p95=0.717s err=0
trial3 c=8   prefix=1 147.89 W   1402.3 tok/s  J/tok=0.1055  p95=0.725s err=0
trial3 c=16  prefix=0 153.27 W   2733.6 tok/s  J/tok=0.0561  p95=0.752s err=0
trial3 c=32  prefix=0 155.64 W   4919.8 tok/s  J/tok=0.0316  p95=0.84s err=0
trial4 c=1   prefix=0 144.66 W    185.7 tok/s  J/tok=0.7789  p95=0.69s err=0
trial4 c=2   prefix=0 143.38 W    365.7 tok/s  J/tok=0.3921  p95=0.701s err=0
trial4 c=4   prefix=0 145.86 W    719.6 tok/s  J/tok=0.2027  p95=0.713s err=0
trial4 c=8   prefix=0 147.71 W   1427.9 tok/s  J/tok=0.1034  p95=0.721s err=0
trial4 c=8   prefix=1  148.0 W   1405.1 tok/s  J/tok=0.1053  p95=0.725s err=0
trial4 c=16  prefix=0 153.53 W   2760.4 tok/s  J/tok=0.0556  p95=0.749s err=0
trial4 c=32  prefix=0  155.5 W   4902.9 tok/s  J/tok=0.0317  p95=0.839s err=0
trial5 c=1   prefix=0 144.82 W    185.8 tok/s  J/tok=0.7796  p95=0.69s err=0
trial5 c=2   prefix=0 143.59 W    365.8 tok/s  J/tok=0.3925  p95=0.701s err=0
trial5 c=4   prefix=0 145.51 W    721.1 tok/s  J/tok=0.2018  p95=0.712s err=0
trial5 c=8   prefix=0 147.84 W   1431.3 tok/s  J/tok=0.1033  p95=0.718s err=0
trial5 c=8   prefix=1 148.12 W   1403.0 tok/s  J/tok=0.1056  p95=0.725s err=0
trial5 c=16  prefix=0 153.66 W   2748.2 tok/s  J/tok=0.0559  p95=0.75s err=0
trial5 c=32  prefix=0 155.77 W   4907.3 tok/s  J/tok=0.0317  p95=0.842s err=0

wrote /global/home/hpc6081/energy-epp/results/h1-12303200/h1.csv (36 rows) gpu=NVIDIA A30
