idle(model loaded): 31.39 W
trial1 c=1   prefix=0 148.87 W    185.6 tok/s  J/tok=0.8021  p95=0.69s err=0
trial1 c=2   prefix=0 154.69 W    365.8 tok/s  J/tok=0.4229  p95=0.701s err=0
trial1 c=4   prefix=0 159.02 W    719.4 tok/s  J/tok=0.2211  p95=0.713s err=0
trial1 c=8   prefix=0 161.66 W   1431.9 tok/s  J/tok=0.1129  p95=0.716s err=0
trial1 c=8   prefix=1 162.03 W   1406.8 tok/s  J/tok=0.1152  p95=0.723s err=0
trial1 c=16  prefix=0 164.13 W   2735.5 tok/s  J/tok=0.06  p95=0.751s err=0
trial1 c=32  prefix=0 163.77 W   4872.7 tok/s  J/tok=0.0336  p95=0.844s err=0
trial1 c=48  prefix=0 163.81 W   7104.8 tok/s  J/tok=0.0231  p95=0.877s err=0
trial1 c=64  prefix=0 163.92 W   8639.9 tok/s  J/tok=0.019  p95=0.963s err=0
trial1 c=96  prefix=0 163.64 W  10285.6 tok/s  J/tok=0.0159  p95=1.228s err=0
trial1 c=128 prefix=0 163.95 W  12114.0 tok/s  J/tok=0.0135  p95=1.402s err=0
trial2 c=1   prefix=0 157.57 W    185.6 tok/s  J/tok=0.8489  p95=0.69s err=0
trial2 c=2   prefix=0 156.96 W    364.8 tok/s  J/tok=0.4302  p95=0.702s err=0
trial2 c=4   prefix=0 158.95 W    719.5 tok/s  J/tok=0.2209  p95=0.713s err=0
trial2 c=8   prefix=0 160.82 W   1430.3 tok/s  J/tok=0.1124  p95=0.717s err=0
trial2 c=8   prefix=1 161.24 W   1403.9 tok/s  J/tok=0.1149  p95=0.725s err=0
trial2 c=16  prefix=0 164.15 W   2733.7 tok/s  J/tok=0.06  p95=0.752s err=0
trial2 c=32  prefix=0 164.06 W   4889.4 tok/s  J/tok=0.0336  p95=0.847s err=0
trial2 c=48  prefix=0 163.76 W   7055.2 tok/s  J/tok=0.0232  p95=0.884s err=0
trial2 c=64  prefix=0 163.58 W   8654.9 tok/s  J/tok=0.0189  p95=0.966s err=0
trial2 c=96  prefix=0 163.74 W  10315.6 tok/s  J/tok=0.0159  p95=1.23s err=0
trial2 c=128 prefix=0 163.67 W  12157.5 tok/s  J/tok=0.0135  p95=1.401s err=0

wrote /global/home/hpc6081/energy-epp/results/h1-12304127/h1.csv (23 rows) gpu=NVIDIA A30
