idle(model loaded): 40.03 W
trial1 c=1   prefix=0 220.15 W    229.5 tok/s  J/tok=0.9593  p95=0.559s err=0
trial1 c=2   prefix=0 223.26 W    471.4 tok/s  J/tok=0.4736  p95=0.544s err=0
trial1 c=4   prefix=0 229.54 W    956.3 tok/s  J/tok=0.24  p95=0.537s err=0
trial1 c=8   prefix=0 239.62 W   1892.9 tok/s  J/tok=0.1266  p95=0.543s err=0
trial1 c=8   prefix=1 239.64 W   1853.3 tok/s  J/tok=0.1293  p95=0.553s err=0
trial1 c=16  prefix=0 248.11 W   3622.5 tok/s  J/tok=0.0685  p95=0.567s err=0
trial1 c=32  prefix=0 247.77 W   6633.8 tok/s  J/tok=0.0373  p95=0.625s err=0
trial1 c=48  prefix=0 246.66 W   9586.5 tok/s  J/tok=0.0257  p95=0.653s err=0
trial1 c=64  prefix=0 247.13 W  11841.7 tok/s  J/tok=0.0209  p95=0.705s err=0
trial1 c=96  prefix=0 247.77 W  15653.2 tok/s  J/tok=0.0158  p95=0.806s err=0
trial1 c=128 prefix=0 247.67 W  18751.3 tok/s  J/tok=0.0132  p95=0.898s err=0
trial2 c=1   prefix=0 232.03 W    229.5 tok/s  J/tok=1.0111  p95=0.559s err=0
trial2 c=2   prefix=0 219.24 W    472.4 tok/s  J/tok=0.4641  p95=0.545s err=0
trial2 c=4   prefix=0 223.87 W    955.4 tok/s  J/tok=0.2343  p95=0.537s err=0
trial2 c=8   prefix=0 234.41 W   1888.8 tok/s  J/tok=0.1241  p95=0.544s err=0
trial2 c=8   prefix=1 235.53 W   1851.7 tok/s  J/tok=0.1272  p95=0.554s err=0
trial2 c=16  prefix=0 243.99 W   3620.3 tok/s  J/tok=0.0674  p95=0.569s err=0
trial2 c=32  prefix=0 247.24 W   6594.1 tok/s  J/tok=0.0375  p95=0.626s err=0
trial2 c=48  prefix=0 246.68 W   9594.7 tok/s  J/tok=0.0257  p95=0.652s err=0
trial2 c=64  prefix=0 247.22 W  11854.8 tok/s  J/tok=0.0209  p95=0.703s err=0
trial2 c=96  prefix=0 247.76 W  15538.0 tok/s  J/tok=0.0159  p95=0.814s err=0
trial2 c=128 prefix=0 247.46 W  18650.6 tok/s  J/tok=0.0133  p95=0.91s err=0

wrote /global/home/hpc6081/energy-epp/results/h1-12304125/h1.csv (23 rows) gpu=NVIDIA A100-PCIE-40GB
