idle(model loaded): 56.8 W
trial1 c=1   prefix=0 200.51 W    130.5 tok/s  J/tok=1.5369  p95=0.983s err=0
trial1 c=2   prefix=0 205.95 W    224.5 tok/s  J/tok=0.9175  p95=1.142s err=0
trial1 c=4   prefix=0 209.22 W    436.1 tok/s  J/tok=0.4798  p95=1.176s err=0
trial1 c=8   prefix=0 212.22 W    839.6 tok/s  J/tok=0.2528  p95=1.223s err=0
trial1 c=8   prefix=1 207.56 W    781.0 tok/s  J/tok=0.2658  p95=1.302s err=0
trial1 c=16  prefix=0 216.84 W   1543.9 tok/s  J/tok=0.1404  p95=1.336s err=0
trial1 c=32  prefix=0 219.23 W   2710.5 tok/s  J/tok=0.0809  p95=1.524s err=0
trial1 c=48  prefix=0  219.1 W   3559.2 tok/s  J/tok=0.0616  p95=1.726s err=0
trial1 c=64  prefix=0 221.68 W   4411.2 tok/s  J/tok=0.0503  p95=1.866s err=0
trial1 c=96  prefix=0 230.08 W   5661.8 tok/s  J/tok=0.0406  p95=2.226s err=0
trial1 c=128 prefix=0  232.9 W   6653.6 tok/s  J/tok=0.035  p95=2.497s err=0
trial1 c=160 prefix=0 245.03 W   7128.2 tok/s  J/tok=0.0344  p95=2.947s err=0
trial1 c=192 prefix=0 243.63 W   7774.6 tok/s  J/tok=0.0313  p95=3.241s err=0
trial1 c=256 prefix=0 242.89 W   8628.5 tok/s  J/tok=0.0282  p95=3.902s err=0
trial2 c=1   prefix=0 220.91 W    130.6 tok/s  J/tok=1.6919  p95=0.981s err=0
trial2 c=2   prefix=0 206.84 W    224.7 tok/s  J/tok=0.9206  p95=1.141s err=0
trial2 c=4   prefix=0 208.38 W    436.5 tok/s  J/tok=0.4774  p95=1.174s err=0
trial2 c=8   prefix=0 210.98 W    839.6 tok/s  J/tok=0.2513  p95=1.223s err=0
trial2 c=8   prefix=1 206.46 W    780.8 tok/s  J/tok=0.2644  p95=1.302s err=0
trial2 c=16  prefix=0 216.15 W   1541.0 tok/s  J/tok=0.1403  p95=1.338s err=0
trial2 c=32  prefix=0  218.5 W   2712.9 tok/s  J/tok=0.0805  p95=1.515s err=0
trial2 c=48  prefix=0 218.48 W   3582.6 tok/s  J/tok=0.061  p95=1.719s err=0
trial2 c=64  prefix=0 221.27 W   4419.2 tok/s  J/tok=0.0501  p95=1.858s err=0
trial2 c=96  prefix=0 229.26 W   5680.4 tok/s  J/tok=0.0404  p95=2.2s err=0
trial2 c=128 prefix=0 232.48 W   6665.0 tok/s  J/tok=0.0349  p95=2.488s err=0
trial2 c=160 prefix=0  245.5 W   7156.0 tok/s  J/tok=0.0343  p95=2.932s err=0
trial2 c=192 prefix=0 244.15 W   7794.6 tok/s  J/tok=0.0313  p95=3.213s err=0
trial2 c=256 prefix=0 242.87 W   8627.2 tok/s  J/tok=0.0282  p95=3.902s err=0
trial3 c=1   prefix=0 220.78 W    130.6 tok/s  J/tok=1.6902  p95=0.981s err=0
trial3 c=2   prefix=0 205.85 W    224.8 tok/s  J/tok=0.9156  p95=1.14s err=0
trial3 c=4   prefix=0 209.37 W    437.5 tok/s  J/tok=0.4786  p95=1.173s err=0
trial3 c=8   prefix=0 210.69 W    838.7 tok/s  J/tok=0.2512  p95=1.226s err=0
trial3 c=8   prefix=1 205.92 W    780.8 tok/s  J/tok=0.2637  p95=1.302s err=0
trial3 c=16  prefix=0 216.08 W   1542.7 tok/s  J/tok=0.1401  p95=1.338s err=0
trial3 c=32  prefix=0 218.12 W   2691.1 tok/s  J/tok=0.0811  p95=1.53s err=0
trial3 c=48  prefix=0 218.34 W   3587.2 tok/s  J/tok=0.0609  p95=1.713s err=0
trial3 c=64  prefix=0  220.8 W   4411.7 tok/s  J/tok=0.05  p95=1.853s err=0
trial3 c=96  prefix=0 229.09 W   5665.0 tok/s  J/tok=0.0404  p95=2.216s err=0
trial3 c=128 prefix=0 232.41 W   6681.9 tok/s  J/tok=0.0348  p95=2.486s err=0
trial3 c=160 prefix=0 245.32 W   7154.6 tok/s  J/tok=0.0343  p95=2.926s err=0
trial3 c=192 prefix=0 244.31 W   7784.5 tok/s  J/tok=0.0314  p95=3.239s err=0
trial3 c=256 prefix=0 242.34 W   8632.3 tok/s  J/tok=0.0281  p95=3.874s err=0

wrote /global/home/hpc6081/energy-epp/results/h1-12324872/h1.csv (43 rows) gpu=Quadro RTX 6000
