idle(model loaded): 56.52 W
trial1 c=1   prefix=0 199.77 W    130.4 tok/s  J/tok=1.5316  p95=0.983s err=0
trial1 c=2   prefix=0 204.71 W    224.5 tok/s  J/tok=0.9119  p95=1.142s err=0
trial1 c=4   prefix=0  208.3 W    435.9 tok/s  J/tok=0.4778  p95=1.176s err=0
trial1 c=8   prefix=0 211.77 W    839.7 tok/s  J/tok=0.2522  p95=1.222s err=0
trial1 c=8   prefix=1 205.99 W    768.2 tok/s  J/tok=0.2681  p95=1.303s err=0
trial1 c=16  prefix=0 217.39 W   1546.0 tok/s  J/tok=0.1406  p95=1.332s err=0
trial1 c=32  prefix=0 218.91 W   2698.5 tok/s  J/tok=0.0811  p95=1.524s err=0
trial1 c=48  prefix=0 218.92 W   3566.9 tok/s  J/tok=0.0614  p95=1.721s err=0
trial1 c=64  prefix=0  220.5 W   4409.4 tok/s  J/tok=0.05  p95=1.855s err=0
trial1 c=96  prefix=0 229.57 W   5673.8 tok/s  J/tok=0.0405  p95=2.198s err=0
trial1 c=128 prefix=0 234.13 W   6651.3 tok/s  J/tok=0.0352  p95=2.496s err=0
trial1 c=160 prefix=0 245.23 W   7144.7 tok/s  J/tok=0.0343  p95=2.93s err=0
trial1 c=192 prefix=0 243.83 W   7778.3 tok/s  J/tok=0.0313  p95=3.239s err=0
trial1 c=256 prefix=0 242.41 W   8632.0 tok/s  J/tok=0.0281  p95=3.895s err=0
trial2 c=1   prefix=0 220.63 W    130.5 tok/s  J/tok=1.6905  p95=0.982s err=0
trial2 c=2   prefix=0 206.24 W    224.8 tok/s  J/tok=0.9177  p95=1.14s err=0
trial2 c=4   prefix=0 208.95 W    437.2 tok/s  J/tok=0.478  p95=1.174s err=0
trial2 c=8   prefix=0 210.72 W    838.9 tok/s  J/tok=0.2512  p95=1.226s err=0
trial2 c=8   prefix=1 206.82 W    779.2 tok/s  J/tok=0.2654  p95=1.302s err=0
trial2 c=16  prefix=0 215.66 W   1544.9 tok/s  J/tok=0.1396  p95=1.332s err=0
trial2 c=32  prefix=0  217.9 W   2695.8 tok/s  J/tok=0.0808  p95=1.526s err=0
trial2 c=48  prefix=0 218.03 W   3562.6 tok/s  J/tok=0.0612  p95=1.719s err=0
trial2 c=64  prefix=0 220.57 W   4418.3 tok/s  J/tok=0.0499  p95=1.859s err=0
trial2 c=96  prefix=0 229.45 W   5643.5 tok/s  J/tok=0.0407  p95=2.201s err=0
trial2 c=128 prefix=0 232.86 W   6686.9 tok/s  J/tok=0.0348  p95=2.479s err=0
trial2 c=160 prefix=0 245.33 W   7163.6 tok/s  J/tok=0.0342  p95=2.925s err=0
trial2 c=192 prefix=0 243.12 W   7775.5 tok/s  J/tok=0.0313  p95=3.246s err=0
trial2 c=256 prefix=0 242.84 W   8633.3 tok/s  J/tok=0.0281  p95=3.904s err=0
trial3 c=1   prefix=0 222.98 W    130.6 tok/s  J/tok=1.707  p95=0.981s err=0
trial3 c=2   prefix=0 208.14 W    224.8 tok/s  J/tok=0.9257  p95=1.14s err=0
trial3 c=4   prefix=0 210.14 W    436.6 tok/s  J/tok=0.4813  p95=1.174s err=0
trial3 c=8   prefix=0 212.69 W    840.0 tok/s  J/tok=0.2532  p95=1.221s err=0
trial3 c=8   prefix=1 208.82 W    781.0 tok/s  J/tok=0.2674  p95=1.301s err=0
trial3 c=16  prefix=0 215.87 W   1543.1 tok/s  J/tok=0.1399  p95=1.334s err=0
trial3 c=32  prefix=0 218.52 W   2701.6 tok/s  J/tok=0.0809  p95=1.527s err=0
trial3 c=48  prefix=0 218.07 W   3561.0 tok/s  J/tok=0.0612  p95=1.731s err=0
trial3 c=64  prefix=0 220.56 W   4413.5 tok/s  J/tok=0.05  p95=1.855s err=0
trial3 c=96  prefix=0 229.47 W   5637.2 tok/s  J/tok=0.0407  p95=2.204s err=0
trial3 c=128 prefix=0  232.5 W   6690.7 tok/s  J/tok=0.0347  p95=2.484s err=0
trial3 c=160 prefix=0 244.84 W   7149.3 tok/s  J/tok=0.0342  p95=2.927s err=0
trial3 c=192 prefix=0  243.5 W   7779.2 tok/s  J/tok=0.0313  p95=3.238s err=0
trial3 c=256 prefix=0  242.9 W   8621.1 tok/s  J/tok=0.0282  p95=3.898s err=0
trial4 c=1   prefix=0 222.56 W    130.6 tok/s  J/tok=1.7041  p95=0.981s err=0
trial4 c=2   prefix=0 207.77 W    224.8 tok/s  J/tok=0.9241  p95=1.14s err=0
trial4 c=4   prefix=0 209.94 W    436.9 tok/s  J/tok=0.4805  p95=1.173s err=0
trial4 c=8   prefix=0 212.86 W    838.4 tok/s  J/tok=0.2539  p95=1.227s err=0
trial4 c=8   prefix=1 206.67 W    779.0 tok/s  J/tok=0.2653  p95=1.302s err=0
trial4 c=16  prefix=0 215.61 W   1542.5 tok/s  J/tok=0.1398  p95=1.331s err=0
trial4 c=32  prefix=0 218.29 W   2709.2 tok/s  J/tok=0.0806  p95=1.524s err=0
trial4 c=48  prefix=0  217.9 W   3559.8 tok/s  J/tok=0.0612  p95=1.73s err=0
trial4 c=64  prefix=0 220.38 W   4417.7 tok/s  J/tok=0.0499  p95=1.858s err=0
trial4 c=96  prefix=0 228.98 W   5679.4 tok/s  J/tok=0.0403  p95=2.195s err=0
trial4 c=128 prefix=0 232.04 W   6674.1 tok/s  J/tok=0.0348  p95=2.496s err=0
trial4 c=160 prefix=0 245.43 W   7150.4 tok/s  J/tok=0.0343  p95=2.933s err=0
trial4 c=192 prefix=0 243.52 W   7779.4 tok/s  J/tok=0.0313  p95=3.238s err=0
trial4 c=256 prefix=0 242.75 W   8631.1 tok/s  J/tok=0.0281  p95=3.894s err=0
trial5 c=1   prefix=0 222.46 W    130.6 tok/s  J/tok=1.7031  p95=0.981s err=0
trial5 c=2   prefix=0 207.26 W    224.9 tok/s  J/tok=0.9217  p95=1.14s err=0
trial5 c=4   prefix=0 208.81 W    432.9 tok/s  J/tok=0.4823  p95=1.173s err=0
trial5 c=8   prefix=0  212.5 W    838.1 tok/s  J/tok=0.2535  p95=1.226s err=0
trial5 c=8   prefix=1 205.41 W    779.0 tok/s  J/tok=0.2637  p95=1.302s err=0
trial5 c=16  prefix=0 215.53 W   1538.8 tok/s  J/tok=0.1401  p95=1.336s err=0
trial5 c=32  prefix=0  217.9 W   2700.3 tok/s  J/tok=0.0807  p95=1.528s err=0
trial5 c=48  prefix=0 218.04 W   3562.0 tok/s  J/tok=0.0612  p95=1.723s err=0
trial5 c=64  prefix=0 220.53 W   4419.3 tok/s  J/tok=0.0499  p95=1.854s err=0
trial5 c=96  prefix=0 228.97 W   5668.1 tok/s  J/tok=0.0404  p95=2.215s err=0
trial5 c=128 prefix=0 232.35 W   6661.8 tok/s  J/tok=0.0349  p95=2.498s err=0
trial5 c=160 prefix=0 245.38 W   7158.4 tok/s  J/tok=0.0343  p95=2.924s err=0
trial5 c=192 prefix=0 243.65 W   7779.3 tok/s  J/tok=0.0313  p95=3.24s err=0
trial5 c=256 prefix=0 242.88 W   8622.8 tok/s  J/tok=0.0282  p95=3.891s err=0
trial6 c=1   prefix=0  220.3 W    130.6 tok/s  J/tok=1.6868  p95=0.981s err=0
trial6 c=2   prefix=0 205.98 W    224.9 tok/s  J/tok=0.916  p95=1.139s err=0
trial6 c=4   prefix=0 208.16 W    436.6 tok/s  J/tok=0.4768  p95=1.174s err=0
trial6 c=8   prefix=0 210.36 W    839.7 tok/s  J/tok=0.2505  p95=1.222s err=0
trial6 c=8   prefix=1 206.85 W    779.1 tok/s  J/tok=0.2655  p95=1.302s err=0
trial6 c=16  prefix=0 215.74 W   1546.2 tok/s  J/tok=0.1395  p95=1.332s err=0
trial6 c=32  prefix=0 218.17 W   2714.3 tok/s  J/tok=0.0804  p95=1.513s err=0
trial6 c=48  prefix=0  218.5 W   3567.2 tok/s  J/tok=0.0613  p95=1.722s err=0
trial6 c=64  prefix=0 220.24 W   4408.9 tok/s  J/tok=0.05  p95=1.855s err=0
trial6 c=96  prefix=0  229.3 W   5646.8 tok/s  J/tok=0.0406  p95=2.2s err=0
trial6 c=128 prefix=0 231.64 W   6655.0 tok/s  J/tok=0.0348  p95=2.489s err=0
trial6 c=160 prefix=0 245.76 W   7169.1 tok/s  J/tok=0.0343  p95=2.902s err=0
trial6 c=192 prefix=0 243.77 W   7785.3 tok/s  J/tok=0.0313  p95=3.235s err=0
trial6 c=256 prefix=0 242.57 W   8628.2 tok/s  J/tok=0.0281  p95=3.904s err=0

wrote /global/home/hpc6081/energy-epp/results/h1-12325154/h1.csv (85 rows) gpu=Quadro RTX 6000
