load generator: 6 worker process(es)
--- round_robin at 110.0 req/s ---
    J/req 7.39  goodput/J 0.1354  SLO 100.0%
    TTFT p50/p95 0.045/0.056s  TPOT 0.0138s  ITL p99/max 0.0193/0.0739s  e2e p99 1.872s  errors 0
    SLO margin p50/p95 0.899/0.925 x SLO  within 10% of boundary 47.9%
    offered 110.0 req/s  achieved 106.7 req/s  fidelity 97.0%  send delay p99 0.003s  TTFT from send p50 0.045
--- least_loaded at 110.0 req/s ---
    J/req 7.92  goodput/J 0.1262  SLO 100.0%
    TTFT p50/p95 0.046/0.056s  TPOT 0.0136s  ITL p99/max 0.0186/0.0754s  e2e p99 1.856s  errors 0
    SLO margin p50/p95 0.889/0.911 x SLO  within 10% of boundary 19.4%
    offered 110.0 req/s  achieved 106.7 req/s  fidelity 97.0%  send delay p99 0.002s  TTFT from send p50 0.045
--- slo_packing at 110.0 req/s ---
    J/req 7.49  goodput/J 0.0924  SLO 69.2%
    TTFT p50/p95 0.051/0.061s  TPOT 0.0149s  ITL p99/max 0.0195/0.0687s  e2e p99 2.027s  errors 0
    SLO margin p50/p95 0.995/1.008 x SLO  within 10% of boundary 90.4%
    offered 110.0 req/s  achieved 106.3 req/s  fidelity 96.6%  send delay p99 0.002s  TTFT from send p50 0.050
--- energy_greedy at 110.0 req/s ---
    J/req 7.39  goodput/J 0.0906  SLO 67.0%
    TTFT p50/p95 0.051/0.062s  TPOT 0.0149s  ITL p99/max 0.0196/0.0686s  e2e p99 2.034s  errors 0
    SLO margin p50/p95 0.994/1.010 x SLO  within 10% of boundary 90.0%
    offered 110.0 req/s  achieved 106.4 req/s  fidelity 96.7%  send delay p99 0.002s  TTFT from send p50 0.050
--- energy_consolidate at 110.0 req/s ---
    J/req 7.39  goodput/J 0.0840  SLO 62.1%
    TTFT p50/p95 0.051/0.062s  TPOT 0.0149s  ITL p99/max 0.0200/0.0763s  e2e p99 2.032s  errors 0
    SLO margin p50/p95 0.997/1.010 x SLO  within 10% of boundary 90.7%
    offered 110.0 req/s  achieved 106.5 req/s  fidelity 96.8%  send delay p99 0.002s  TTFT from send p50 0.050
wrote /global/home/hpc6081/energy-epp/results/stage2-12304135/policies-rate110.json
load generator: 6 worker process(es)
--- round_robin at 120.0 req/s ---
    J/req 7.55  goodput/J 0.1325  SLO 100.0%
    TTFT p50/p95 0.047/0.058s  TPOT 0.0140s  ITL p99/max 0.0191/0.0861s  e2e p99 1.936s  errors 0
    SLO margin p50/p95 0.916/0.939 x SLO  within 10% of boundary 84.9%
    offered 120.0 req/s  achieved 115.7 req/s  fidelity 96.4%  send delay p99 0.003s  TTFT from send p50 0.046
--- least_loaded at 120.0 req/s ---
    J/req 7.62  goodput/J 0.1313  SLO 100.0%
    TTFT p50/p95 0.047/0.058s  TPOT 0.0139s  ITL p99/max 0.0191/0.0665s  e2e p99 1.931s  errors 0
    SLO margin p50/p95 0.911/0.936 x SLO  within 10% of boundary 73.0%
    offered 120.0 req/s  achieved 115.7 req/s  fidelity 96.4%  send delay p99 0.002s  TTFT from send p50 0.046
--- slo_packing at 120.0 req/s ---
    J/req 7.54  goodput/J 0.0662  SLO 49.9%
    TTFT p50/p95 0.052/0.062s  TPOT 0.0149s  ITL p99/max 0.0197/0.0696s  e2e p99 2.032s  errors 0
    SLO margin p50/p95 1.000/1.012 x SLO  within 10% of boundary 89.7%
    offered 120.0 req/s  achieved 115.4 req/s  fidelity 96.2%  send delay p99 0.002s  TTFT from send p50 0.051
--- energy_greedy at 120.0 req/s ---
    J/req 7.46  goodput/J 0.0784  SLO 58.5%
    TTFT p50/p95 0.052/0.062s  TPOT 0.0149s  ITL p99/max 0.0199/0.0741s  e2e p99 2.030s  errors 0
    SLO margin p50/p95 0.998/1.011 x SLO  within 10% of boundary 89.7%
    offered 120.0 req/s  achieved 115.4 req/s  fidelity 96.2%  send delay p99 0.002s  TTFT from send p50 0.051
--- energy_consolidate at 120.0 req/s ---
    J/req 7.42  goodput/J 0.0796  SLO 59.1%
    TTFT p50/p95 0.052/0.063s  TPOT 0.0149s  ITL p99/max 0.0202/0.0769s  e2e p99 2.035s  errors 0
    SLO margin p50/p95 0.997/1.011 x SLO  within 10% of boundary 89.6%
    offered 120.0 req/s  achieved 115.5 req/s  fidelity 96.2%  send delay p99 0.002s  TTFT from send p50 0.051
wrote /global/home/hpc6081/energy-epp/results/stage2-12304135/policies-rate120.json
load generator: 6 worker process(es)
--- round_robin at 130.0 req/s ---
    J/req 7.10  goodput/J 0.1403  SLO 99.7%
    TTFT p50/p95 0.049/0.060s  TPOT 0.0144s  ITL p99/max 0.0194/0.0716s  e2e p99 1.991s  errors 0
    SLO margin p50/p95 0.940/0.979 x SLO  within 10% of boundary 93.9%
    offered 130.0 req/s  achieved 125.4 req/s  fidelity 96.5%  send delay p99 0.003s  TTFT from send p50 0.048
--- least_loaded at 130.0 req/s ---
    J/req 7.10  goodput/J 0.1403  SLO 99.6%
    TTFT p50/p95 0.049/0.059s  TPOT 0.0144s  ITL p99/max 0.0194/0.0805s  e2e p99 1.993s  errors 0
    SLO margin p50/p95 0.937/0.980 x SLO  within 10% of boundary 93.7%
    offered 130.0 req/s  achieved 125.4 req/s  fidelity 96.4%  send delay p99 0.002s  TTFT from send p50 0.048
--- slo_packing at 130.0 req/s ---
    J/req 7.15  goodput/J 0.0629  SLO 45.0%
    TTFT p50/p95 0.052/0.064s  TPOT 0.0149s  ITL p99/max 0.0203/0.0806s  e2e p99 2.044s  errors 0
    SLO margin p50/p95 1.001/1.014 x SLO  within 10% of boundary 84.2%
    offered 130.0 req/s  achieved 125.1 req/s  fidelity 96.2%  send delay p99 0.003s  TTFT from send p50 0.052
    *** UNGROUNDED ROUTING on 14 of 7800 picks (0.2%): no endpoint had curve data for its concurrency, so the policy fell back to load balancing. Above a few percent this is not the policy being measured.
--- energy_greedy at 130.0 req/s ---
    J/req 7.15  goodput/J 0.0686  SLO 49.1%
    TTFT p50/p95 0.052/0.063s  TPOT 0.0149s  ITL p99/max 0.0200/0.0741s  e2e p99 2.035s  errors 0
    SLO margin p50/p95 1.000/1.013 x SLO  within 10% of boundary 84.4%
    offered 130.0 req/s  achieved 125.3 req/s  fidelity 96.4%  send delay p99 0.003s  TTFT from send p50 0.051
    *** UNGROUNDED ROUTING on 6 of 7800 picks (0.1%): no endpoint had curve data for its concurrency, so the policy fell back to load balancing. Above a few percent this is not the policy being measured.
--- energy_consolidate at 130.0 req/s ---
    J/req 7.11  goodput/J 0.0852  SLO 60.6%
    TTFT p50/p95 0.052/0.063s  TPOT 0.0148s  ITL p99/max 0.0195/0.0618s  e2e p99 2.033s  errors 0
    SLO margin p50/p95 0.997/1.011 x SLO  within 10% of boundary 84.5%
    offered 130.0 req/s  achieved 125.2 req/s  fidelity 96.3%  send delay p99 0.002s  TTFT from send p50 0.051
    *** UNGROUNDED ROUTING on 1 of 7800 picks (0.0%): no endpoint had curve data for its concurrency, so the policy fell back to load balancing. Above a few percent this is not the policy being measured.
wrote /global/home/hpc6081/energy-epp/results/stage2-12304135/policies-rate130.json
load generator: 6 worker process(es)
--- round_robin at 140.0 req/s ---
    J/req 6.70  goodput/J 0.1191  SLO 79.8%
    TTFT p50/p95 0.051/0.063s  TPOT 0.0150s  ITL p99/max 0.0202/0.0854s  e2e p99 2.029s  errors 0
    SLO margin p50/p95 0.988/1.008 x SLO  within 10% of boundary 95.3%
    offered 140.0 req/s  achieved 135.3 req/s  fidelity 96.6%  send delay p99 0.004s  TTFT from send p50 0.050
--- least_loaded at 140.0 req/s ---
    J/req 6.71  goodput/J 0.1102  SLO 74.0%
    TTFT p50/p95 0.051/0.062s  TPOT 0.0150s  ITL p99/max 0.0203/0.0854s  e2e p99 2.040s  errors 0
    SLO margin p50/p95 0.990/1.010 x SLO  within 10% of boundary 95.1%
    offered 140.0 req/s  achieved 135.3 req/s  fidelity 96.6%  send delay p99 0.003s  TTFT from send p50 0.050
--- slo_packing at 140.0 req/s ---
    J/req 6.67  goodput/J 0.0659  SLO 44.0%
    TTFT p50/p95 0.053/0.064s  TPOT 0.0151s  ITL p99/max 0.0203/0.0788s  e2e p99 2.054s  errors 0
    SLO margin p50/p95 1.002/1.017 x SLO  within 10% of boundary 90.2%
    offered 140.0 req/s  achieved 135.1 req/s  fidelity 96.5%  send delay p99 0.003s  TTFT from send p50 0.052
    *** UNGROUNDED ROUTING on 440 of 8400 picks (5.2%): no endpoint had curve data for its concurrency, so the policy fell back to load balancing. Above a few percent this is not the policy being measured.
--- energy_greedy at 140.0 req/s ---
    J/req 6.65  goodput/J 0.0719  SLO 47.8%
    TTFT p50/p95 0.053/0.064s  TPOT 0.0150s  ITL p99/max 0.0201/0.0909s  e2e p99 2.039s  errors 0
    SLO margin p50/p95 1.001/1.014 x SLO  within 10% of boundary 89.8%
    offered 140.0 req/s  achieved 135.1 req/s  fidelity 96.5%  send delay p99 0.003s  TTFT from send p50 0.052
    *** UNGROUNDED ROUTING on 399 of 8400 picks (4.8%): no endpoint had curve data for its concurrency, so the policy fell back to load balancing. Above a few percent this is not the policy being measured.
--- energy_consolidate at 140.0 req/s ---
    J/req 6.64  goodput/J 0.0744  SLO 49.4%
    TTFT p50/p95 0.053/0.064s  TPOT 0.0150s  ITL p99/max 0.0201/0.0922s  e2e p99 2.041s  errors 0
    SLO margin p50/p95 1.000/1.014 x SLO  within 10% of boundary 89.7%
    offered 140.0 req/s  achieved 135.1 req/s  fidelity 96.5%  send delay p99 0.003s  TTFT from send p50 0.052
    *** UNGROUNDED ROUTING on 425 of 8400 picks (5.1%): no endpoint had curve data for its concurrency, so the policy fell back to load balancing. Above a few percent this is not the policy being measured.
wrote /global/home/hpc6081/energy-epp/results/stage2-12304135/policies-rate140.json
load generator: 6 worker process(es)
--- round_robin at 150.0 req/s ---
    J/req 6.36  goodput/J 0.0581  SLO 36.9%
    TTFT p50/p95 0.053/0.065s  TPOT 0.0153s  ITL p99/max 0.0208/0.0752s  e2e p99 2.092s  errors 0
    SLO margin p50/p95 1.003/1.025 x SLO  within 10% of boundary 96.2%
    offered 150.0 req/s  achieved 144.8 req/s  fidelity 96.5%  send delay p99 0.004s  TTFT from send p50 0.052
--- least_loaded at 150.0 req/s ---
    J/req 6.35  goodput/J 0.0409  SLO 25.9%
    TTFT p50/p95 0.053/0.064s  TPOT 0.0154s  ITL p99/max 0.0203/0.0816s  e2e p99 2.071s  errors 0
    SLO margin p50/p95 1.006/1.027 x SLO  within 10% of boundary 96.2%
    offered 150.0 req/s  achieved 144.7 req/s  fidelity 96.5%  send delay p99 0.003s  TTFT from send p50 0.052
--- slo_packing at 150.0 req/s ---
    J/req 6.31  goodput/J 0.0390  SLO 24.6%
    TTFT p50/p95 0.054/0.066s  TPOT 0.0154s  ITL p99/max 0.0206/0.0850s  e2e p99 2.090s  errors 0
    SLO margin p50/p95 1.008/1.028 x SLO  within 10% of boundary 97.3%
    offered 150.0 req/s  achieved 144.6 req/s  fidelity 96.4%  send delay p99 0.003s  TTFT from send p50 0.053
    *** UNGROUNDED ROUTING on 3351 of 9000 picks (37.2%): no endpoint had curve data for its concurrency, so the policy fell back to load balancing. Above a few percent this is not the policy being measured.
--- energy_greedy at 150.0 req/s ---
    J/req 6.27  goodput/J 0.0446  SLO 28.0%
    TTFT p50/p95 0.054/0.065s  TPOT 0.0153s  ITL p99/max 0.0203/0.0726s  e2e p99 2.074s  errors 0
    SLO margin p50/p95 1.007/1.025 x SLO  within 10% of boundary 96.7%
    offered 150.0 req/s  achieved 144.5 req/s  fidelity 96.4%  send delay p99 0.003s  TTFT from send p50 0.053
    *** UNGROUNDED ROUTING on 3290 of 9000 picks (36.6%): no endpoint had curve data for its concurrency, so the policy fell back to load balancing. Above a few percent this is not the policy being measured.
--- energy_consolidate at 150.0 req/s ---
    J/req 6.24  goodput/J 0.0521  SLO 32.5%
    TTFT p50/p95 0.054/0.065s  TPOT 0.0153s  ITL p99/max 0.0205/0.0807s  e2e p99 2.065s  errors 0
    SLO margin p50/p95 1.006/1.025 x SLO  within 10% of boundary 96.6%
    offered 150.0 req/s  achieved 144.6 req/s  fidelity 96.4%  send delay p99 0.003s  TTFT from send p50 0.053
    *** UNGROUNDED ROUTING on 3237 of 9000 picks (36.0%): no endpoint had curve data for its concurrency, so the policy fell back to load balancing. Above a few percent this is not the policy being measured.
wrote /global/home/hpc6081/energy-epp/results/stage2-12304135/policies-rate150.json
load generator: 6 worker process(es)
--- slo_packing at 150.0 req/s ---
    J/req 6.27  goodput/J 0.0467  SLO 29.3%
    TTFT p50/p95 0.054/0.066s  TPOT 0.0153s  ITL p99/max 0.0204/0.0775s  e2e p99 2.070s  errors 0
    SLO margin p50/p95 1.007/1.026 x SLO  within 10% of boundary 96.9%
    offered 150.0 req/s  achieved 144.6 req/s  fidelity 96.4%  send delay p99 0.003s  TTFT from send p50 0.053
    *** UNGROUNDED ROUTING on 3320 of 9000 picks (36.9%): no endpoint had curve data for its concurrency, so the policy fell back to load balancing. Above a few percent this is not the policy being measured.
wrote /global/home/hpc6081/energy-epp/results/stage2-12304135/control-counteronly.json
  full telemetry : 6.306 J/req   poll=0.25s SLO=24.6%  p95=2.056s
  counter only   : 6.273 J/req   poll=0.0s SLO=29.3%  p95=2.052s
  energy difference    : +0.53%
  p95 difference       : +0.17%
  completed difference : +0.00%
  VERDICT: telemetry overhead is not measurable (<1%). Pass A
  numbers stand unqualified.
