load generator: 16 worker process(es)
--- slo_packing at 100.0 req/s ---
    J/req 13.08  goodput/J 0.0764  SLO 100.0%
    TTFT p50/p95 0.045/0.054s  TPOT 0.0141s  ITL p99/max 0.0177/0.0455s  e2e p99 1.901s  errors 0
    SLO margin p50/p95 0.936/0.947 x SLO  within 10% of boundary 82.4%
    offered 100.0 req/s  achieved 51.1 req/s  fidelity 51.1%  send delay p99 0.002s  TTFT from send p50 0.045
    (server-saturated: generator kept schedule, servers did not keep up. Valid overload data point.)
--- energy_greedy at 100.0 req/s ---
    J/req 13.22  goodput/J 0.0757  SLO 100.0%
    TTFT p50/p95 0.045/0.054s  TPOT 0.0140s  ITL p99/max 0.0176/0.0574s  e2e p99 1.887s  errors 0
    SLO margin p50/p95 0.930/0.941 x SLO  within 10% of boundary 79.6%
    offered 100.0 req/s  achieved 49.8 req/s  fidelity 49.8%  send delay p99 0.002s  TTFT from send p50 0.044
    (server-saturated: generator kept schedule, servers did not keep up. Valid overload data point.)
--- energy_consolidate at 100.0 req/s ---
    J/req 10.98  goodput/J 0.0911  SLO 100.0%
    TTFT p50/p95 0.045/0.054s  TPOT 0.0140s  ITL p99/max 0.0181/0.0485s  e2e p99 1.892s  errors 0
    SLO margin p50/p95 0.931/0.943 x SLO  within 10% of boundary 80.9%
    offered 100.0 req/s  achieved 67.2 req/s  fidelity 67.2%  send delay p99 0.002s  TTFT from send p50 0.045
    (server-saturated: generator kept schedule, servers did not keep up. Valid overload data point.)
wrote /global/home/hpc6081/energy-epp/results/stage2-12325365/policies-rate100.json
load generator: 16 worker process(es)
--- slo_packing at 150.0 req/s ---
    J/req 7.38  goodput/J 0.1355  SLO 100.0%
    TTFT p50/p95 0.047/0.056s  TPOT 0.0141s  ITL p99/max 0.0181/0.0471s  e2e p99 1.902s  errors 0
    SLO margin p50/p95 0.934/0.947 x SLO  within 10% of boundary 85.2%
    offered 150.0 req/s  achieved 144.2 req/s  fidelity 96.1%  send delay p99 0.001s  TTFT from send p50 0.046
--- energy_greedy at 150.0 req/s ---
    J/req 7.37  goodput/J 0.1356  SLO 100.0%
    TTFT p50/p95 0.046/0.056s  TPOT 0.0140s  ITL p99/max 0.0183/0.0498s  e2e p99 1.899s  errors 0
    SLO margin p50/p95 0.934/0.945 x SLO  within 10% of boundary 85.1%
    offered 150.0 req/s  achieved 144.2 req/s  fidelity 96.2%  send delay p99 0.001s  TTFT from send p50 0.046
--- energy_consolidate at 150.0 req/s ---
    J/req 7.38  goodput/J 0.1354  SLO 100.0%
    TTFT p50/p95 0.046/0.055s  TPOT 0.0140s  ITL p99/max 0.0176/0.0507s  e2e p99 1.896s  errors 0
    SLO margin p50/p95 0.933/0.945 x SLO  within 10% of boundary 84.1%
    offered 150.0 req/s  achieved 144.2 req/s  fidelity 96.1%  send delay p99 0.001s  TTFT from send p50 0.045
wrote /global/home/hpc6081/energy-epp/results/stage2-12325365/policies-rate150.json
load generator: 16 worker process(es)
--- slo_packing at 100.0 req/s ---
    J/req 10.69  goodput/J 0.0936  SLO 100.0%
    TTFT p50/p95 0.041/0.050s  TPOT 0.0125s  ITL p99/max 0.0164/0.0439s  e2e p99 1.695s  errors 0
    SLO margin p50/p95 0.831/0.845 x SLO  within 10% of boundary 0.0%
    offered 100.0 req/s  achieved 96.2 req/s  fidelity 96.2%  send delay p99 0.001s  TTFT from send p50 0.041
--- energy_greedy at 100.0 req/s ---
    J/req 10.66  goodput/J 0.0938  SLO 100.0%
    TTFT p50/p95 0.041/0.050s  TPOT 0.0125s  ITL p99/max 0.0164/0.0441s  e2e p99 1.693s  errors 0
    SLO margin p50/p95 0.830/0.842 x SLO  within 10% of boundary 0.0%
    offered 100.0 req/s  achieved 96.2 req/s  fidelity 96.2%  send delay p99 0.001s  TTFT from send p50 0.040
--- energy_consolidate at 100.0 req/s ---
    J/req 10.64  goodput/J 0.0939  SLO 100.0%
    TTFT p50/p95 0.041/0.050s  TPOT 0.0125s  ITL p99/max 0.0164/0.0435s  e2e p99 1.694s  errors 0
    SLO margin p50/p95 0.829/0.843 x SLO  within 10% of boundary 0.0%
    offered 100.0 req/s  achieved 96.2 req/s  fidelity 96.2%  send delay p99 0.001s  TTFT from send p50 0.040
wrote /global/home/hpc6081/energy-epp/results/stage2-12325365/policies-h0.1-rate100.json
load generator: 16 worker process(es)
--- slo_packing at 150.0 req/s ---
    J/req 8.90  goodput/J 0.1124  SLO 100.0%
    TTFT p50/p95 0.043/0.054s  TPOT 0.0126s  ITL p99/max 0.0178/0.0509s  e2e p99 1.701s  errors 0
    SLO margin p50/p95 0.835/0.846 x SLO  within 10% of boundary 0.0%
    offered 150.0 req/s  achieved 144.6 req/s  fidelity 96.4%  send delay p99 0.001s  TTFT from send p50 0.043
--- energy_greedy at 150.0 req/s ---
    J/req 8.89  goodput/J 0.1125  SLO 100.0%
    TTFT p50/p95 0.043/0.053s  TPOT 0.0126s  ITL p99/max 0.0172/0.0550s  e2e p99 1.700s  errors 0
    SLO margin p50/p95 0.833/0.846 x SLO  within 10% of boundary 0.0%
    offered 150.0 req/s  achieved 144.4 req/s  fidelity 96.3%  send delay p99 0.001s  TTFT from send p50 0.042
--- energy_consolidate at 150.0 req/s ---
    J/req 8.86  goodput/J 0.1129  SLO 100.0%
    TTFT p50/p95 0.043/0.053s  TPOT 0.0126s  ITL p99/max 0.0177/0.0530s  e2e p99 1.694s  errors 0
    SLO margin p50/p95 0.833/0.843 x SLO  within 10% of boundary 0.0%
    offered 150.0 req/s  achieved 144.5 req/s  fidelity 96.3%  send delay p99 0.001s  TTFT from send p50 0.043
wrote /global/home/hpc6081/energy-epp/results/stage2-12325365/policies-h0.1-rate150.json
load generator: 16 worker process(es)
--- slo_packing at 100.0 req/s ---
    J/req 12.92  goodput/J 0.0774  SLO 100.0%
    TTFT p50/p95 0.038/0.048s  TPOT 0.0111s  ITL p99/max 0.0162/0.0450s  e2e p99 1.479s  errors 0
    SLO margin p50/p95 0.728/0.736 x SLO  within 10% of boundary 0.0%
    offered 100.0 req/s  achieved 96.3 req/s  fidelity 96.3%  send delay p99 0.001s  TTFT from send p50 0.038
--- energy_greedy at 100.0 req/s ---
    J/req 12.93  goodput/J 0.0774  SLO 100.0%
    TTFT p50/p95 0.038/0.049s  TPOT 0.0111s  ITL p99/max 0.0164/0.0468s  e2e p99 1.480s  errors 0
    SLO margin p50/p95 0.728/0.737 x SLO  within 10% of boundary 0.0%
    offered 100.0 req/s  achieved 96.3 req/s  fidelity 96.3%  send delay p99 0.001s  TTFT from send p50 0.038
--- energy_consolidate at 100.0 req/s ---
    J/req 12.93  goodput/J 0.0773  SLO 100.0%
    TTFT p50/p95 0.038/0.049s  TPOT 0.0111s  ITL p99/max 0.0167/0.0454s  e2e p99 1.482s  errors 0
    SLO margin p50/p95 0.728/0.737 x SLO  within 10% of boundary 0.0%
    offered 100.0 req/s  achieved 96.3 req/s  fidelity 96.3%  send delay p99 0.001s  TTFT from send p50 0.038
wrote /global/home/hpc6081/energy-epp/results/stage2-12325365/policies-h0.2-rate100.json
load generator: 16 worker process(es)
--- slo_packing at 150.0 req/s ---
    J/req 9.66  goodput/J 0.1036  SLO 100.0%
    TTFT p50/p95 0.040/0.051s  TPOT 0.0117s  ITL p99/max 0.0169/0.0496s  e2e p99 1.596s  errors 0
    SLO margin p50/p95 0.762/0.781 x SLO  within 10% of boundary 0.0%
    offered 150.0 req/s  achieved 144.7 req/s  fidelity 96.5%  send delay p99 0.001s  TTFT from send p50 0.040
    (policy INACTIVE on 93% of picks: the curve answered but no endpoint met the SLO, so every policy ran the same load-balancing fallback. Sound overload data; no policy comparison can rest on this cell.)
--- energy_greedy at 150.0 req/s ---
    J/req 9.64  goodput/J 0.1037  SLO 100.0%
    TTFT p50/p95 0.040/0.051s  TPOT 0.0117s  ITL p99/max 0.0172/0.0495s  e2e p99 1.593s  errors 0
    SLO margin p50/p95 0.760/0.778 x SLO  within 10% of boundary 0.0%
    offered 150.0 req/s  achieved 144.7 req/s  fidelity 96.4%  send delay p99 0.001s  TTFT from send p50 0.039
    (policy INACTIVE on 93% of picks: the curve answered but no endpoint met the SLO, so every policy ran the same load-balancing fallback. Sound overload data; no policy comparison can rest on this cell.)
--- energy_consolidate at 150.0 req/s ---
    J/req 9.64  goodput/J 0.1038  SLO 100.0%
    TTFT p50/p95 0.040/0.051s  TPOT 0.0117s  ITL p99/max 0.0175/0.0555s  e2e p99 1.594s  errors 0
    SLO margin p50/p95 0.760/0.778 x SLO  within 10% of boundary 0.0%
    offered 150.0 req/s  achieved 144.7 req/s  fidelity 96.5%  send delay p99 0.001s  TTFT from send p50 0.039
    (policy INACTIVE on 93% of picks: the curve answered but no endpoint met the SLO, so every policy ran the same load-balancing fallback. Sound overload data; no policy comparison can rest on this cell.)
wrote /global/home/hpc6081/energy-epp/results/stage2-12325365/policies-h0.2-rate150.json
load generator: 16 worker process(es)
--- slo_packing at 100.0 req/s ---
    J/req 14.43  goodput/J 0.0693  SLO 100.0%
    TTFT p50/p95 0.035/0.045s  TPOT 0.0106s  ITL p99/max 0.0164/0.0441s  e2e p99 1.446s  errors 0
    SLO margin p50/p95 0.695/0.716 x SLO  within 10% of boundary 0.0%
    offered 100.0 req/s  achieved 96.4 req/s  fidelity 96.4%  send delay p99 0.001s  TTFT from send p50 0.034
    (policy INACTIVE on 98% of picks: the curve answered but no endpoint met the SLO, so every policy ran the same load-balancing fallback. Sound overload data; no policy comparison can rest on this cell.)
--- energy_greedy at 100.0 req/s ---
    J/req 14.43  goodput/J 0.0693  SLO 100.0%
    TTFT p50/p95 0.035/0.045s  TPOT 0.0106s  ITL p99/max 0.0163/0.0500s  e2e p99 1.444s  errors 0
    SLO margin p50/p95 0.693/0.715 x SLO  within 10% of boundary 0.0%
    offered 100.0 req/s  achieved 96.5 req/s  fidelity 96.5%  send delay p99 0.001s  TTFT from send p50 0.034
    (policy INACTIVE on 98% of picks: the curve answered but no endpoint met the SLO, so every policy ran the same load-balancing fallback. Sound overload data; no policy comparison can rest on this cell.)
--- energy_consolidate at 100.0 req/s ---
    J/req 14.42  goodput/J 0.0693  SLO 100.0%
    TTFT p50/p95 0.035/0.046s  TPOT 0.0106s  ITL p99/max 0.0166/0.0407s  e2e p99 1.443s  errors 0
    SLO margin p50/p95 0.692/0.714 x SLO  within 10% of boundary 0.0%
    offered 100.0 req/s  achieved 96.5 req/s  fidelity 96.5%  send delay p99 0.001s  TTFT from send p50 0.034
    (policy INACTIVE on 98% of picks: the curve answered but no endpoint met the SLO, so every policy ran the same load-balancing fallback. Sound overload data; no policy comparison can rest on this cell.)
wrote /global/home/hpc6081/energy-epp/results/stage2-12325365/policies-h0.3-rate100.json
load generator: 16 worker process(es)
--- slo_packing at 150.0 req/s ---
    J/req 9.69  goodput/J 0.1031  SLO 100.0%
    TTFT p50/p95 0.039/0.049s  TPOT 0.0117s  ITL p99/max 0.0174/0.0536s  e2e p99 1.591s  errors 0
    SLO margin p50/p95 0.762/0.780 x SLO  within 10% of boundary 0.0%
    offered 150.0 req/s  achieved 144.8 req/s  fidelity 96.5%  send delay p99 0.001s  TTFT from send p50 0.039
    (policy INACTIVE on 99% of picks: the curve answered but no endpoint met the SLO, so every policy ran the same load-balancing fallback. Sound overload data; no policy comparison can rest on this cell.)
--- energy_greedy at 150.0 req/s ---
    J/req 9.69  goodput/J 0.1032  SLO 100.0%
    TTFT p50/p95 0.039/0.050s  TPOT 0.0117s  ITL p99/max 0.0173/0.0599s  e2e p99 1.586s  errors 0
    SLO margin p50/p95 0.761/0.777 x SLO  within 10% of boundary 0.0%
    offered 150.0 req/s  achieved 144.7 req/s  fidelity 96.5%  send delay p99 0.001s  TTFT from send p50 0.039
    (policy INACTIVE on 99% of picks: the curve answered but no endpoint met the SLO, so every policy ran the same load-balancing fallback. Sound overload data; no policy comparison can rest on this cell.)
--- energy_consolidate at 150.0 req/s ---
    J/req 9.68  goodput/J 0.1033  SLO 100.0%
    TTFT p50/p95 0.039/0.049s  TPOT 0.0117s  ITL p99/max 0.0173/0.0563s  e2e p99 1.594s  errors 0
    SLO margin p50/p95 0.760/0.777 x SLO  within 10% of boundary 0.0%
    offered 150.0 req/s  achieved 144.7 req/s  fidelity 96.5%  send delay p99 0.001s  TTFT from send p50 0.039
    (policy INACTIVE on 99% of picks: the curve answered but no endpoint met the SLO, so every policy ran the same load-balancing fallback. Sound overload data; no policy comparison can rest on this cell.)
wrote /global/home/hpc6081/energy-epp/results/stage2-12325365/policies-h0.3-rate150.json
load generator: 16 worker process(es)
--- slo_packing at 150.0 req/s ---
    J/req 7.39  goodput/J 0.1354  SLO 100.0%
    TTFT p50/p95 0.047/0.057s  TPOT 0.0141s  ITL p99/max 0.0179/0.0530s  e2e p99 1.897s  errors 0
    SLO margin p50/p95 0.934/0.945 x SLO  within 10% of boundary 84.8%
    offered 150.0 req/s  achieved 144.0 req/s  fidelity 96.0%  send delay p99 0.001s  TTFT from send p50 0.046
wrote /global/home/hpc6081/energy-epp/results/stage2-12325365/control-counteronly.json
  full telemetry : 7.382 J/req   poll=0.25s SLO=100.0%  p95=1.894s
  counter only   : 7.387 J/req   poll=0.0s SLO=100.0%  p95=1.890s
  energy difference    : -0.08%
  p95 difference       : +0.23%
  completed difference : +0.00%
  VERDICT: telemetry overhead is not measurable (<1%). Pass A
  numbers stand unqualified.
