--- slo_packing at 12.5 req/s ---
    J/req 17.26  goodput/J 0.0579  SLO 100.0%
    TTFT p50/p95 0.034/0.040s  TPOT 0.0110s  ITL p99/max 0.0138/0.0161s  e2e p99 1.515s  errors 0
wrote /global/home/hpc6081/energy-epp/results/stage2-12303326/policies-rate12.5.json
--- slo_packing at 21.8 req/s ---
    J/req 15.61  goodput/J 0.0589  SLO 92.0%
    TTFT p50/p95 0.035/0.038s  TPOT 0.0112s  ITL p99/max 0.0136/0.0154s  e2e p99 2.147s  errors 0
wrote /global/home/hpc6081/energy-epp/results/stage2-12303326/policies-rate21.8.json
--- slo_packing at 28.1 req/s ---
    J/req 15.38  goodput/J 0.0230  SLO 35.3%
    TTFT p50/p95 0.034/0.040s  TPOT 0.0108s  ITL p99/max 0.0136/0.0182s  e2e p99 3.132s  errors 0
wrote /global/home/hpc6081/energy-epp/results/stage2-12303326/policies-rate28.1.json
--- slo_packing at 34.3 req/s ---
    J/req 15.56  goodput/J 0.0146  SLO 22.7%
    TTFT p50/p95 0.032/0.040s  TPOT 0.0108s  ITL p99/max 0.0136/0.0180s  e2e p99 3.769s  errors 0
wrote /global/home/hpc6081/energy-epp/results/stage2-12303326/policies-rate34.3.json
--- slo_packing at 34.3 req/s ---
    J/req 15.42  goodput/J 0.0151  SLO 23.3%
    TTFT p50/p95 0.032/0.037s  TPOT 0.0107s  ITL p99/max 0.0131/0.0159s  e2e p99 3.813s  errors 0
wrote /global/home/hpc6081/energy-epp/results/stage2-12303326/control-counteronly.json
  full telemetry : 15.555 J/req   poll=0.25s SLO=22.7%  p95=3.720s
  counter only   : 15.415 J/req   poll=0.0s SLO=23.3%  p95=3.772s
  energy difference    : +0.91%
  p95 difference       : -1.40%
  completed difference : +0.00%
  VERDICT: telemetry overhead is not measurable (<1%). Pass A
  numbers stand unqualified.
