load generator: 16 worker process(es)
--- slo_packing at 200.0 req/s ---
    J/req 4.87  goodput/J 0.2050  SLO 99.9%
    TTFT p50/p95 0.038/0.085s  TPOT 0.0062s  ITL p99/max 0.0113/0.0506s  e2e p99 0.967s  errors 0
    SLO margin p50/p95 0.443/0.473 x SLO  within 10% of boundary 0.5%
    offered 200.0 req/s  achieved 192.0 req/s  fidelity 96.0%  send delay p99 0.001s  TTFT from send p50 0.038
    (curve probed above its measured range 3783 time(s); those endpoints were excluded as infeasible, which is the intended conservative behaviour, and every pick still had a grounded option)
--- energy_greedy at 200.0 req/s ---
    J/req 4.91  goodput/J 0.2039  SLO 100.0%
    TTFT p50/p95 0.036/0.078s  TPOT 0.0062s  ITL p99/max 0.0106/0.0516s  e2e p99 0.960s  errors 0
    SLO margin p50/p95 0.447/0.473 x SLO  within 10% of boundary 0.0%
    offered 200.0 req/s  achieved 192.1 req/s  fidelity 96.0%  send delay p99 0.001s  TTFT from send p50 0.036
    (curve probed above its measured range 3835 time(s); those endpoints were excluded as infeasible, which is the intended conservative behaviour, and every pick still had a grounded option)
--- energy_consolidate at 200.0 req/s ---
    J/req 4.88  goodput/J 0.2048  SLO 100.0%
    TTFT p50/p95 0.040/0.087s  TPOT 0.0062s  ITL p99/max 0.0105/0.0497s  e2e p99 0.967s  errors 0
    SLO margin p50/p95 0.446/0.475 x SLO  within 10% of boundary 0.0%
    offered 200.0 req/s  achieved 192.1 req/s  fidelity 96.1%  send delay p99 0.001s  TTFT from send p50 0.039
    (curve probed above its measured range 3847 time(s); those endpoints were excluded as infeasible, which is the intended conservative behaviour, and every pick still had a grounded option)
wrote /global/home/hpc6081/energy-epp/results/stage2het-12329239/policies-rate200.json
load generator: 16 worker process(es)
--- slo_packing at 300.0 req/s ---
    J/req 3.91  goodput/J 0.2559  SLO 100.0%
    TTFT p50/p95 0.053/0.089s  TPOT 0.0072s  ITL p99/max 0.0154/0.0508s  e2e p99 1.820s  errors 0
    SLO margin p50/p95 0.449/0.859 x SLO  within 10% of boundary 1.9%
    offered 300.0 req/s  achieved 283.7 req/s  fidelity 94.6%  send delay p99 0.001s  TTFT from send p50 0.052
    (curve probed above its measured range 14182 time(s); those endpoints were excluded as infeasible, which is the intended conservative behaviour, and every pick still had a grounded option)
    (server-saturated: generator kept schedule, servers did not keep up. Valid overload data point.)
--- energy_greedy at 300.0 req/s ---
    J/req 3.89  goodput/J 0.2573  SLO 100.0%
    TTFT p50/p95 0.051/0.088s  TPOT 0.0064s  ITL p99/max 0.0109/0.0444s  e2e p99 0.957s  errors 0
    SLO margin p50/p95 0.446/0.471 x SLO  within 10% of boundary 0.0%
    offered 300.0 req/s  achieved 287.9 req/s  fidelity 96.0%  send delay p99 0.001s  TTFT from send p50 0.050
    (curve probed above its measured range 14029 time(s); those endpoints were excluded as infeasible, which is the intended conservative behaviour, and every pick still had a grounded option)
--- energy_consolidate at 300.0 req/s ---
    J/req 3.85  goodput/J 0.2599  SLO 100.0%
    TTFT p50/p95 0.053/0.093s  TPOT 0.0065s  ITL p99/max 0.0113/0.0539s  e2e p99 0.967s  errors 0
    SLO margin p50/p95 0.449/0.475 x SLO  within 10% of boundary 0.0%
    offered 300.0 req/s  achieved 287.8 req/s  fidelity 95.9%  send delay p99 0.001s  TTFT from send p50 0.053
    (curve probed above its measured range 14345 time(s); those endpoints were excluded as infeasible, which is the intended conservative behaviour, and every pick still had a grounded option)
wrote /global/home/hpc6081/energy-epp/results/stage2het-12329239/policies-rate300.json
load generator: 16 worker process(es)
--- slo_packing at 400.0 req/s ---
    J/req 3.22  goodput/J 0.3104  SLO 100.0%
    TTFT p50/p95 0.059/0.095s  TPOT 0.0067s  ITL p99/max 0.0146/0.0555s  e2e p99 1.868s  errors 0
    SLO margin p50/p95 0.446/0.480 x SLO  within 10% of boundary 1.5%
    offered 400.0 req/s  achieved 384.1 req/s  fidelity 96.0%  send delay p99 0.001s  TTFT from send p50 0.059
    (curve probed above its measured range 29835 time(s); those endpoints were excluded as infeasible, which is the intended conservative behaviour, and every pick still had a grounded option)
--- energy_greedy at 400.0 req/s ---
    J/req 3.13  goodput/J 0.3192  SLO 100.0%
    TTFT p50/p95 0.058/0.094s  TPOT 0.0065s  ITL p99/max 0.0119/0.0617s  e2e p99 0.954s  errors 0
    SLO margin p50/p95 0.441/0.469 x SLO  within 10% of boundary 0.0%
    offered 400.0 req/s  achieved 384.0 req/s  fidelity 96.0%  send delay p99 0.001s  TTFT from send p50 0.058
    (curve probed above its measured range 29654 time(s); those endpoints were excluded as infeasible, which is the intended conservative behaviour, and every pick still had a grounded option)
--- energy_consolidate at 400.0 req/s ---
    J/req 3.13  goodput/J 0.3192  SLO 100.0%
    TTFT p50/p95 0.059/0.095s  TPOT 0.0065s  ITL p99/max 0.0118/0.0651s  e2e p99 0.965s  errors 0
    SLO margin p50/p95 0.445/0.473 x SLO  within 10% of boundary 0.0%
    offered 400.0 req/s  achieved 384.1 req/s  fidelity 96.0%  send delay p99 0.001s  TTFT from send p50 0.058
    (curve probed above its measured range 30163 time(s); those endpoints were excluded as infeasible, which is the intended conservative behaviour, and every pick still had a grounded option)
wrote /global/home/hpc6081/energy-epp/results/stage2het-12329239/policies-rate400.json
load generator: 16 worker process(es)
--- slo_packing at 500.0 req/s ---
    J/req 3.32  goodput/J 0.3008  SLO 100.0%
    TTFT p50/p95 0.063/0.094s  TPOT 0.0079s  ITL p99/max 0.0171/0.0776s  e2e p99 1.888s  errors 0
    SLO margin p50/p95 0.457/0.934 x SLO  within 10% of boundary 12.4%
    offered 500.0 req/s  achieved 471.1 req/s  fidelity 94.2%  send delay p99 0.001s  TTFT from send p50 0.062
    (curve probed above its measured range 53781 time(s); those endpoints were excluded as infeasible, which is the intended conservative behaviour, and every pick still had a grounded option)
    (server-saturated: generator kept schedule, servers did not keep up. Valid overload data point.)
--- energy_greedy at 500.0 req/s ---
    J/req 2.84  goodput/J 0.3519  SLO 100.0%
    TTFT p50/p95 0.067/0.099s  TPOT 0.0065s  ITL p99/max 0.0133/0.0609s  e2e p99 0.967s  errors 0
    SLO margin p50/p95 0.449/0.474 x SLO  within 10% of boundary 0.0%
    offered 500.0 req/s  achieved 476.1 req/s  fidelity 95.2%  send delay p99 0.001s  TTFT from send p50 0.066
    (curve probed above its measured range 54700 time(s); those endpoints were excluded as infeasible, which is the intended conservative behaviour, and every pick still had a grounded option)
--- energy_consolidate at 500.0 req/s ---
    J/req 2.82  goodput/J 0.3543  SLO 100.0%
    TTFT p50/p95 0.064/0.098s  TPOT 0.0065s  ITL p99/max 0.0126/0.0668s  e2e p99 0.958s  errors 0
    SLO margin p50/p95 0.447/0.472 x SLO  within 10% of boundary 0.0%
    offered 500.0 req/s  achieved 475.9 req/s  fidelity 95.2%  send delay p99 0.001s  TTFT from send p50 0.064
    (curve probed above its measured range 53738 time(s); those endpoints were excluded as infeasible, which is the intended conservative behaviour, and every pick still had a grounded option)
wrote /global/home/hpc6081/energy-epp/results/stage2het-12329239/policies-rate500.json
load generator: 16 worker process(es)
--- slo_packing at 600.0 req/s ---
    J/req 2.89  goodput/J 0.3454  SLO 100.0%
    TTFT p50/p95 0.071/0.101s  TPOT 0.0073s  ITL p99/max 0.0160/0.0721s  e2e p99 1.874s  errors 0
    SLO margin p50/p95 0.455/0.902 x SLO  within 10% of boundary 5.2%
    offered 600.0 req/s  achieved 559.9 req/s  fidelity 93.3%  send delay p99 0.001s  TTFT from send p50 0.070
    (curve probed above its measured range 86818 time(s); those endpoints were excluded as infeasible, which is the intended conservative behaviour, and every pick still had a grounded option)
    (server-saturated: generator kept schedule, servers did not keep up. Valid overload data point.)
--- energy_greedy at 600.0 req/s ---
    J/req 2.93  goodput/J 0.3409  SLO 100.0%
    TTFT p50/p95 0.071/0.104s  TPOT 0.0074s  ITL p99/max 0.0161/0.0798s  e2e p99 1.859s  errors 0
    SLO margin p50/p95 0.458/0.902 x SLO  within 10% of boundary 5.2%
    offered 600.0 req/s  achieved 560.3 req/s  fidelity 93.4%  send delay p99 0.001s  TTFT from send p50 0.071
    (curve probed above its measured range 87586 time(s); those endpoints were excluded as infeasible, which is the intended conservative behaviour, and every pick still had a grounded option)
    (server-saturated: generator kept schedule, servers did not keep up. Valid overload data point.)
--- energy_consolidate at 600.0 req/s ---
    J/req 2.93  goodput/J 0.3407  SLO 100.0%
    TTFT p50/p95 0.070/0.103s  TPOT 0.0073s  ITL p99/max 0.0160/0.0788s  e2e p99 1.857s  errors 0
    SLO margin p50/p95 0.456/0.892 x SLO  within 10% of boundary 4.4%
    offered 600.0 req/s  achieved 561.7 req/s  fidelity 93.6%  send delay p99 0.001s  TTFT from send p50 0.069
    (curve probed above its measured range 86362 time(s); those endpoints were excluded as infeasible, which is the intended conservative behaviour, and every pick still had a grounded option)
    (server-saturated: generator kept schedule, servers did not keep up. Valid overload data point.)
wrote /global/home/hpc6081/energy-epp/results/stage2het-12329239/policies-rate600.json
