load generator: 16 worker process(es)
--- slo_packing at 300.0 req/s ---
    J/req 6.04  goodput/J 0.1656  SLO 100.0%
    TTFT p50/p95 0.055/0.092s  TPOT 0.0064s  ITL p99/max 0.0112/0.0686s  e2e p99 0.953s  errors 0
    SLO margin p50/p95 0.444/0.468 x SLO  within 10% of boundary 0.0%
    offered 300.0 req/s  achieved 132.6 req/s  fidelity 44.2%  send delay p99 0.001s  TTFT from send p50 0.055
    (curve probed above its measured range 13676 time(s); those endpoints were excluded as infeasible, which is the intended conservative behaviour, and every pick still had a grounded option)
    (server-saturated: generator kept schedule, servers did not keep up. Valid overload data point.)
--- energy_greedy at 300.0 req/s ---
    J/req 5.80  goodput/J 0.1725  SLO 100.0%
    TTFT p50/p95 0.056/0.095s  TPOT 0.0065s  ITL p99/max 0.0112/0.0478s  e2e p99 0.961s  errors 0
    SLO margin p50/p95 0.446/0.473 x SLO  within 10% of boundary 0.0%
    offered 300.0 req/s  achieved 142.8 req/s  fidelity 47.6%  send delay p99 0.001s  TTFT from send p50 0.055
    (curve probed above its measured range 14148 time(s); those endpoints were excluded as infeasible, which is the intended conservative behaviour, and every pick still had a grounded option)
    (server-saturated: generator kept schedule, servers did not keep up. Valid overload data point.)
--- energy_consolidate at 300.0 req/s ---
    J/req 4.85  goodput/J 0.2060  SLO 100.0%
    TTFT p50/p95 0.059/0.096s  TPOT 0.0065s  ITL p99/max 0.0111/0.0567s  e2e p99 0.964s  errors 0
    SLO margin p50/p95 0.448/0.473 x SLO  within 10% of boundary 0.0%
    offered 300.0 req/s  achieved 190.2 req/s  fidelity 63.4%  send delay p99 0.001s  TTFT from send p50 0.058
    (curve probed above its measured range 14085 time(s); those endpoints were excluded as infeasible, which is the intended conservative behaviour, and every pick still had a grounded option)
    (server-saturated: generator kept schedule, servers did not keep up. Valid overload data point.)
wrote /global/home/hpc6081/energy-epp/results/stage2het-12325366/policies-rate300.json
load generator: 16 worker process(es)
--- slo_packing at 400.0 req/s ---
    J/req 4.25  goodput/J 0.2352  SLO 100.0%
    TTFT p50/p95 0.065/0.100s  TPOT 0.0065s  ITL p99/max 0.0115/0.0588s  e2e p99 0.959s  errors 0
    SLO margin p50/p95 0.445/0.472 x SLO  within 10% of boundary 0.0%
    offered 400.0 req/s  achieved 215.7 req/s  fidelity 53.9%  send delay p99 0.001s  TTFT from send p50 0.064
    (curve probed above its measured range 30139 time(s); those endpoints were excluded as infeasible, which is the intended conservative behaviour, and every pick still had a grounded option)
    (server-saturated: generator kept schedule, servers did not keep up. Valid overload data point.)
--- energy_greedy at 400.0 req/s ---
    J/req 4.90  goodput/J 0.2042  SLO 100.0%
    TTFT p50/p95 0.063/0.098s  TPOT 0.0065s  ITL p99/max 0.0114/0.0529s  e2e p99 0.964s  errors 0
    SLO margin p50/p95 0.444/0.474 x SLO  within 10% of boundary 0.0%
    offered 400.0 req/s  achieved 172.1 req/s  fidelity 43.0%  send delay p99 0.001s  TTFT from send p50 0.063
    (curve probed above its measured range 29937 time(s); those endpoints were excluded as infeasible, which is the intended conservative behaviour, and every pick still had a grounded option)
    (server-saturated: generator kept schedule, servers did not keep up. Valid overload data point.)
--- energy_consolidate at 400.0 req/s ---
    J/req 4.72  goodput/J 0.2120  SLO 100.0%
    TTFT p50/p95 0.066/0.101s  TPOT 0.0066s  ITL p99/max 0.0119/0.0585s  e2e p99 0.962s  errors 0
    SLO margin p50/p95 0.447/0.474 x SLO  within 10% of boundary 0.0%
    offered 400.0 req/s  achieved 182.7 req/s  fidelity 45.7%  send delay p99 0.001s  TTFT from send p50 0.065
    (curve probed above its measured range 30408 time(s); those endpoints were excluded as infeasible, which is the intended conservative behaviour, and every pick still had a grounded option)
    (server-saturated: generator kept schedule, servers did not keep up. Valid overload data point.)
wrote /global/home/hpc6081/energy-epp/results/stage2het-12325366/policies-rate400.json
load generator: 16 worker process(es)
--- slo_packing at 300.0 req/s ---
    J/req 5.84  goodput/J 0.1711  SLO 100.0%
    TTFT p50/p95 0.059/0.097s  TPOT 0.0065s  ITL p99/max 0.0112/0.0494s  e2e p99 0.970s  errors 0
    SLO margin p50/p95 0.449/0.476 x SLO  within 10% of boundary 0.0%
    offered 300.0 req/s  achieved 141.0 req/s  fidelity 47.0%  send delay p99 0.001s  TTFT from send p50 0.058
    (curve probed above its measured range 14510 time(s); those endpoints were excluded as infeasible, which is the intended conservative behaviour, and every pick still had a grounded option)
    (server-saturated: generator kept schedule, servers did not keep up. Valid overload data point.)
--- energy_greedy at 300.0 req/s ---
    J/req 4.74  goodput/J 0.2110  SLO 100.0%
    TTFT p50/p95 0.055/0.093s  TPOT 0.0065s  ITL p99/max 0.0112/0.0457s  e2e p99 0.960s  errors 0
    SLO margin p50/p95 0.447/0.472 x SLO  within 10% of boundary 0.0%
    offered 300.0 req/s  achieved 196.2 req/s  fidelity 65.4%  send delay p99 0.001s  TTFT from send p50 0.055
    (curve probed above its measured range 14388 time(s); those endpoints were excluded as infeasible, which is the intended conservative behaviour, and every pick still had a grounded option)
    (server-saturated: generator kept schedule, servers did not keep up. Valid overload data point.)
--- energy_consolidate at 300.0 req/s ---
    J/req 3.87  goodput/J 0.2586  SLO 100.0%
    TTFT p50/p95 0.061/0.099s  TPOT 0.0065s  ITL p99/max 0.0112/0.0499s  e2e p99 0.959s  errors 0
    SLO margin p50/p95 0.449/0.473 x SLO  within 10% of boundary 0.0%
    offered 300.0 req/s  achieved 288.8 req/s  fidelity 96.3%  send delay p99 0.001s  TTFT from send p50 0.060
    (curve probed above its measured range 14603 time(s); those endpoints were excluded as infeasible, which is the intended conservative behaviour, and every pick still had a grounded option)
wrote /global/home/hpc6081/energy-epp/results/stage2het-12325366/policies-h0.1-rate300.json
load generator: 16 worker process(es)
--- slo_packing at 400.0 req/s ---
    J/req 3.10  goodput/J 0.3223  SLO 100.0%
    TTFT p50/p95 0.062/0.099s  TPOT 0.0066s  ITL p99/max 0.0114/0.0523s  e2e p99 0.965s  errors 0
    SLO margin p50/p95 0.445/0.473 x SLO  within 10% of boundary 0.0%
    offered 400.0 req/s  achieved 385.3 req/s  fidelity 96.3%  send delay p99 0.001s  TTFT from send p50 0.062
    (curve probed above its measured range 29750 time(s); those endpoints were excluded as infeasible, which is the intended conservative behaviour, and every pick still had a grounded option)
--- energy_greedy at 400.0 req/s ---
    J/req 3.12  goodput/J 0.3203  SLO 100.0%
    TTFT p50/p95 0.061/0.098s  TPOT 0.0066s  ITL p99/max 0.0115/0.0550s  e2e p99 0.961s  errors 0
    SLO margin p50/p95 0.448/0.474 x SLO  within 10% of boundary 0.0%
    offered 400.0 req/s  achieved 385.5 req/s  fidelity 96.4%  send delay p99 0.001s  TTFT from send p50 0.061
    (curve probed above its measured range 30232 time(s); those endpoints were excluded as infeasible, which is the intended conservative behaviour, and every pick still had a grounded option)
--- energy_consolidate at 400.0 req/s ---
    J/req 3.14  goodput/J 0.3188  SLO 100.0%
    TTFT p50/p95 0.061/0.096s  TPOT 0.0066s  ITL p99/max 0.0117/0.0546s  e2e p99 0.963s  errors 0
    SLO margin p50/p95 0.449/0.475 x SLO  within 10% of boundary 0.0%
    offered 400.0 req/s  achieved 385.5 req/s  fidelity 96.4%  send delay p99 0.001s  TTFT from send p50 0.061
    (curve probed above its measured range 30093 time(s); those endpoints were excluded as infeasible, which is the intended conservative behaviour, and every pick still had a grounded option)
wrote /global/home/hpc6081/energy-epp/results/stage2het-12325366/policies-h0.1-rate400.json
load generator: 16 worker process(es)
--- slo_packing at 300.0 req/s ---
    J/req 3.87  goodput/J 0.2581  SLO 100.0%
    TTFT p50/p95 0.057/0.100s  TPOT 0.0065s  ITL p99/max 0.0114/0.0593s  e2e p99 0.972s  errors 0
    SLO margin p50/p95 0.450/0.476 x SLO  within 10% of boundary 0.0%
    offered 300.0 req/s  achieved 288.8 req/s  fidelity 96.3%  send delay p99 0.001s  TTFT from send p50 0.056
    (curve probed above its measured range 14868 time(s); those endpoints were excluded as infeasible, which is the intended conservative behaviour, and every pick still had a grounded option)
--- energy_greedy at 300.0 req/s ---
    J/req 3.86  goodput/J 0.2594  SLO 100.0%
    TTFT p50/p95 0.055/0.091s  TPOT 0.0065s  ITL p99/max 0.0113/0.0525s  e2e p99 0.959s  errors 0
    SLO margin p50/p95 0.448/0.472 x SLO  within 10% of boundary 0.0%
    offered 300.0 req/s  achieved 288.9 req/s  fidelity 96.3%  send delay p99 0.001s  TTFT from send p50 0.054
    (curve probed above its measured range 14285 time(s); those endpoints were excluded as infeasible, which is the intended conservative behaviour, and every pick still had a grounded option)
--- energy_consolidate at 300.0 req/s ---
    J/req 3.87  goodput/J 0.2581  SLO 100.0%
    TTFT p50/p95 0.060/0.096s  TPOT 0.0065s  ITL p99/max 0.0113/0.0520s  e2e p99 0.968s  errors 0
    SLO margin p50/p95 0.450/0.476 x SLO  within 10% of boundary 0.0%
    offered 300.0 req/s  achieved 288.9 req/s  fidelity 96.3%  send delay p99 0.001s  TTFT from send p50 0.059
    (curve probed above its measured range 14216 time(s); those endpoints were excluded as infeasible, which is the intended conservative behaviour, and every pick still had a grounded option)
wrote /global/home/hpc6081/energy-epp/results/stage2het-12325366/policies-h0.2-rate300.json
load generator: 16 worker process(es)
--- slo_packing at 400.0 req/s ---
    J/req 3.12  goodput/J 0.3203  SLO 100.0%
    TTFT p50/p95 0.060/0.097s  TPOT 0.0065s  ITL p99/max 0.0115/0.0509s  e2e p99 0.964s  errors 0
    SLO margin p50/p95 0.445/0.473 x SLO  within 10% of boundary 0.0%
    offered 400.0 req/s  achieved 385.4 req/s  fidelity 96.3%  send delay p99 0.001s  TTFT from send p50 0.059
    (curve probed above its measured range 30339 time(s); those endpoints were excluded as infeasible, which is the intended conservative behaviour, and every pick still had a grounded option)
--- energy_greedy at 400.0 req/s ---
    J/req 3.12  goodput/J 0.3202  SLO 100.0%
    TTFT p50/p95 0.062/0.102s  TPOT 0.0066s  ITL p99/max 0.0121/0.0518s  e2e p99 0.968s  errors 0
    SLO margin p50/p95 0.446/0.475 x SLO  within 10% of boundary 0.0%
    offered 400.0 req/s  achieved 385.5 req/s  fidelity 96.4%  send delay p99 0.001s  TTFT from send p50 0.061
    (curve probed above its measured range 30530 time(s); those endpoints were excluded as infeasible, which is the intended conservative behaviour, and every pick still had a grounded option)
--- energy_consolidate at 400.0 req/s ---
    J/req 3.77  goodput/J 0.2655  SLO 100.0%
    TTFT p50/p95 0.060/0.095s  TPOT 0.0065s  ITL p99/max 0.0115/0.0550s  e2e p99 0.961s  errors 0
    SLO margin p50/p95 0.446/0.473 x SLO  within 10% of boundary 0.0%
    offered 400.0 req/s  achieved 267.4 req/s  fidelity 66.8%  send delay p99 0.001s  TTFT from send p50 0.060
    (curve probed above its measured range 29970 time(s); those endpoints were excluded as infeasible, which is the intended conservative behaviour, and every pick still had a grounded option)
    (server-saturated: generator kept schedule, servers did not keep up. Valid overload data point.)
wrote /global/home/hpc6081/energy-epp/results/stage2het-12325366/policies-h0.2-rate400.json
load generator: 16 worker process(es)
--- slo_packing at 300.0 req/s ---
    J/req 4.22  goodput/J 0.2369  SLO 100.0%
    TTFT p50/p95 0.059/0.098s  TPOT 0.0065s  ITL p99/max 0.0112/0.0453s  e2e p99 0.972s  errors 0
    SLO margin p50/p95 0.452/0.478 x SLO  within 10% of boundary 0.0%
    offered 300.0 req/s  achieved 245.0 req/s  fidelity 81.7%  send delay p99 0.001s  TTFT from send p50 0.059
    (curve probed above its measured range 14271 time(s); those endpoints were excluded as infeasible, which is the intended conservative behaviour, and every pick still had a grounded option)
    (server-saturated: generator kept schedule, servers did not keep up. Valid overload data point.)
--- energy_greedy at 300.0 req/s ---
    J/req 6.00  goodput/J 0.1667  SLO 100.0%
    TTFT p50/p95 0.058/0.097s  TPOT 0.0065s  ITL p99/max 0.0112/0.0618s  e2e p99 0.971s  errors 0
    SLO margin p50/p95 0.452/0.477 x SLO  within 10% of boundary 0.0%
    offered 300.0 req/s  achieved 136.1 req/s  fidelity 45.4%  send delay p99 0.001s  TTFT from send p50 0.058
    (curve probed above its measured range 14420 time(s); those endpoints were excluded as infeasible, which is the intended conservative behaviour, and every pick still had a grounded option)
    (server-saturated: generator kept schedule, servers did not keep up. Valid overload data point.)
--- energy_consolidate at 300.0 req/s ---
    J/req 6.10  goodput/J 0.1639  SLO 100.0%
    TTFT p50/p95 0.062/0.099s  TPOT 0.0065s  ITL p99/max 0.0113/0.0528s  e2e p99 0.971s  errors 0
    SLO margin p50/p95 0.451/0.477 x SLO  within 10% of boundary 0.0%
    offered 300.0 req/s  achieved 132.3 req/s  fidelity 44.1%  send delay p99 0.001s  TTFT from send p50 0.062
    (curve probed above its measured range 14654 time(s); those endpoints were excluded as infeasible, which is the intended conservative behaviour, and every pick still had a grounded option)
    (server-saturated: generator kept schedule, servers did not keep up. Valid overload data point.)
wrote /global/home/hpc6081/energy-epp/results/stage2het-12325366/policies-h0.3-rate300.json
load generator: 16 worker process(es)
--- slo_packing at 400.0 req/s ---
    J/req 4.42  goodput/J 0.2264  SLO 100.0%
    TTFT p50/p95 0.063/0.097s  TPOT 0.0065s  ITL p99/max 0.0115/0.0551s  e2e p99 0.959s  errors 0
    SLO margin p50/p95 0.444/0.471 x SLO  within 10% of boundary 0.0%
    offered 400.0 req/s  achieved 200.6 req/s  fidelity 50.2%  send delay p99 0.001s  TTFT from send p50 0.062
    (curve probed above its measured range 29677 time(s); those endpoints were excluded as infeasible, which is the intended conservative behaviour, and every pick still had a grounded option)
    (server-saturated: generator kept schedule, servers did not keep up. Valid overload data point.)
--- energy_greedy at 400.0 req/s ---
    J/req 4.08  goodput/J 0.2453  SLO 100.0%
    TTFT p50/p95 0.062/0.100s  TPOT 0.0065s  ITL p99/max 0.0119/0.0642s  e2e p99 0.967s  errors 0
    SLO margin p50/p95 0.445/0.475 x SLO  within 10% of boundary 0.0%
    offered 400.0 req/s  achieved 231.4 req/s  fidelity 57.9%  send delay p99 0.001s  TTFT from send p50 0.062
    (curve probed above its measured range 30445 time(s); those endpoints were excluded as infeasible, which is the intended conservative behaviour, and every pick still had a grounded option)
    (server-saturated: generator kept schedule, servers did not keep up. Valid overload data point.)
--- energy_consolidate at 400.0 req/s ---
    J/req 3.69  goodput/J 0.2713  SLO 100.0%
    TTFT p50/p95 0.062/0.096s  TPOT 0.0065s  ITL p99/max 0.0117/0.0636s  e2e p99 0.959s  errors 0
    SLO margin p50/p95 0.447/0.473 x SLO  within 10% of boundary 0.0%
    offered 400.0 req/s  achieved 277.4 req/s  fidelity 69.3%  send delay p99 0.001s  TTFT from send p50 0.061
    (curve probed above its measured range 30296 time(s); those endpoints were excluded as infeasible, which is the intended conservative behaviour, and every pick still had a grounded option)
    (server-saturated: generator kept schedule, servers did not keep up. Valid overload data point.)
wrote /global/home/hpc6081/energy-epp/results/stage2het-12325366/policies-h0.3-rate400.json
