load generator: 16 worker process(es)
--- slo_packing at 100.0 req/s ---
    J/req 9.23  goodput/J 0.1083  SLO 100.0%
    TTFT p50/p95 0.046/0.054s  TPOT 0.0141s  ITL p99/max 0.0177/0.0410s  e2e p99 1.901s  errors 0
    SLO margin p50/p95 0.937/0.947 x SLO  within 10% of boundary 84.7%
    offered 100.0 req/s  achieved 97.3 req/s  fidelity 97.3%  send delay p99 0.002s  TTFT from send p50 0.045
--- energy_greedy at 100.0 req/s ---
    J/req 9.14  goodput/J 0.1094  SLO 100.0%
    TTFT p50/p95 0.045/0.053s  TPOT 0.0140s  ITL p99/max 0.0170/0.0405s  e2e p99 1.894s  errors 0
    SLO margin p50/p95 0.929/0.942 x SLO  within 10% of boundary 80.9%
    offered 100.0 req/s  achieved 97.3 req/s  fidelity 97.3%  send delay p99 0.002s  TTFT from send p50 0.044
--- energy_consolidate at 100.0 req/s ---
    J/req 9.17  goodput/J 0.1091  SLO 100.0%
    TTFT p50/p95 0.045/0.053s  TPOT 0.0140s  ITL p99/max 0.0171/0.0445s  e2e p99 1.890s  errors 0
    SLO margin p50/p95 0.929/0.942 x SLO  within 10% of boundary 81.3%
    offered 100.0 req/s  achieved 97.3 req/s  fidelity 97.3%  send delay p99 0.002s  TTFT from send p50 0.044
wrote /global/home/hpc6081/energy-epp/results/stage2-12325362/policies-rate100.json
load generator: 16 worker process(es)
--- slo_packing at 150.0 req/s ---
    J/req 7.38  goodput/J 0.1356  SLO 100.0%
    TTFT p50/p95 0.046/0.056s  TPOT 0.0141s  ITL p99/max 0.0178/0.0463s  e2e p99 1.902s  errors 0
    SLO margin p50/p95 0.935/0.947 x SLO  within 10% of boundary 84.1%
    offered 150.0 req/s  achieved 145.8 req/s  fidelity 97.2%  send delay p99 0.001s  TTFT from send p50 0.046
--- energy_greedy at 150.0 req/s ---
    J/req 7.35  goodput/J 0.1361  SLO 100.0%
    TTFT p50/p95 0.046/0.056s  TPOT 0.0140s  ITL p99/max 0.0181/0.0471s  e2e p99 1.894s  errors 0
    SLO margin p50/p95 0.933/0.943 x SLO  within 10% of boundary 84.0%
    offered 150.0 req/s  achieved 145.9 req/s  fidelity 97.3%  send delay p99 0.001s  TTFT from send p50 0.046
--- energy_consolidate at 150.0 req/s ---
    J/req 7.32  goodput/J 0.1366  SLO 100.0%
    TTFT p50/p95 0.046/0.056s  TPOT 0.0140s  ITL p99/max 0.0180/0.0488s  e2e p99 1.895s  errors 0
    SLO margin p50/p95 0.933/0.944 x SLO  within 10% of boundary 83.7%
    offered 150.0 req/s  achieved 145.9 req/s  fidelity 97.3%  send delay p99 0.001s  TTFT from send p50 0.046
wrote /global/home/hpc6081/energy-epp/results/stage2-12325362/policies-rate150.json
load generator: 16 worker process(es)
--- slo_packing at 100.0 req/s ---
    J/req 10.62  goodput/J 0.0942  SLO 100.0%
    TTFT p50/p95 0.042/0.051s  TPOT 0.0125s  ITL p99/max 0.0167/0.0438s  e2e p99 1.695s  errors 0
    SLO margin p50/p95 0.833/0.845 x SLO  within 10% of boundary 0.0%
    offered 100.0 req/s  achieved 97.6 req/s  fidelity 97.6%  send delay p99 0.001s  TTFT from send p50 0.041
--- energy_greedy at 100.0 req/s ---
    J/req 10.55  goodput/J 0.0948  SLO 100.0%
    TTFT p50/p95 0.041/0.050s  TPOT 0.0125s  ITL p99/max 0.0175/0.0460s  e2e p99 1.700s  errors 0
    SLO margin p50/p95 0.830/0.842 x SLO  within 10% of boundary 0.0%
    offered 100.0 req/s  achieved 97.6 req/s  fidelity 97.6%  send delay p99 0.001s  TTFT from send p50 0.041
--- energy_consolidate at 100.0 req/s ---
    J/req 10.59  goodput/J 0.0944  SLO 100.0%
    TTFT p50/p95 0.041/0.050s  TPOT 0.0125s  ITL p99/max 0.0169/0.0445s  e2e p99 1.694s  errors 0
    SLO margin p50/p95 0.832/0.843 x SLO  within 10% of boundary 0.0%
    offered 100.0 req/s  achieved 97.5 req/s  fidelity 97.5%  send delay p99 0.001s  TTFT from send p50 0.041
wrote /global/home/hpc6081/energy-epp/results/stage2-12325362/policies-h0.1-rate100.json
load generator: 16 worker process(es)
--- slo_packing at 150.0 req/s ---
    J/req 8.89  goodput/J 0.1124  SLO 100.0%
    TTFT p50/p95 0.043/0.053s  TPOT 0.0126s  ITL p99/max 0.0177/0.0517s  e2e p99 1.700s  errors 0
    SLO margin p50/p95 0.835/0.846 x SLO  within 10% of boundary 0.0%
    offered 150.0 req/s  achieved 146.3 req/s  fidelity 97.6%  send delay p99 0.001s  TTFT from send p50 0.043
--- energy_greedy at 150.0 req/s ---
    J/req 8.90  goodput/J 0.1123  SLO 100.0%
    TTFT p50/p95 0.043/0.053s  TPOT 0.0126s  ITL p99/max 0.0173/0.0625s  e2e p99 1.695s  errors 0
    SLO margin p50/p95 0.834/0.844 x SLO  within 10% of boundary 0.0%
    offered 150.0 req/s  achieved 146.4 req/s  fidelity 97.6%  send delay p99 0.001s  TTFT from send p50 0.043
--- energy_consolidate at 150.0 req/s ---
    J/req 8.90  goodput/J 0.1124  SLO 100.0%
    TTFT p50/p95 0.043/0.053s  TPOT 0.0126s  ITL p99/max 0.0173/0.0541s  e2e p99 1.697s  errors 0
    SLO margin p50/p95 0.833/0.844 x SLO  within 10% of boundary 0.0%
    offered 150.0 req/s  achieved 146.4 req/s  fidelity 97.6%  send delay p99 0.001s  TTFT from send p50 0.043
wrote /global/home/hpc6081/energy-epp/results/stage2-12325362/policies-h0.1-rate150.json
load generator: 16 worker process(es)
--- slo_packing at 100.0 req/s ---
    J/req 12.95  goodput/J 0.0772  SLO 100.0%
    TTFT p50/p95 0.038/0.048s  TPOT 0.0111s  ITL p99/max 0.0163/0.0450s  e2e p99 1.481s  errors 0
    SLO margin p50/p95 0.729/0.738 x SLO  within 10% of boundary 0.0%
    offered 100.0 req/s  achieved 97.7 req/s  fidelity 97.7%  send delay p99 0.001s  TTFT from send p50 0.038
--- energy_greedy at 100.0 req/s ---
    J/req 12.97  goodput/J 0.0771  SLO 100.0%
    TTFT p50/p95 0.038/0.048s  TPOT 0.0111s  ITL p99/max 0.0163/0.0516s  e2e p99 1.478s  errors 0
    SLO margin p50/p95 0.729/0.736 x SLO  within 10% of boundary 0.0%
    offered 100.0 req/s  achieved 97.7 req/s  fidelity 97.7%  send delay p99 0.001s  TTFT from send p50 0.038
--- energy_consolidate at 100.0 req/s ---
    J/req 12.92  goodput/J 0.0774  SLO 100.0%
    TTFT p50/p95 0.038/0.049s  TPOT 0.0110s  ITL p99/max 0.0164/0.0418s  e2e p99 1.477s  errors 0
    SLO margin p50/p95 0.728/0.736 x SLO  within 10% of boundary 0.0%
    offered 100.0 req/s  achieved 97.7 req/s  fidelity 97.7%  send delay p99 0.001s  TTFT from send p50 0.038
wrote /global/home/hpc6081/energy-epp/results/stage2-12325362/policies-h0.2-rate100.json
load generator: 16 worker process(es)
--- slo_packing at 150.0 req/s ---
    J/req 9.63  goodput/J 0.1039  SLO 100.0%
    TTFT p50/p95 0.040/0.050s  TPOT 0.0117s  ITL p99/max 0.0173/0.0499s  e2e p99 1.621s  errors 0
    SLO margin p50/p95 0.764/0.790 x SLO  within 10% of boundary 0.0%
    offered 150.0 req/s  achieved 146.5 req/s  fidelity 97.7%  send delay p99 0.001s  TTFT from send p50 0.040
    (policy INACTIVE on 93% of picks: the curve answered but no endpoint met the SLO, so every policy ran the same load-balancing fallback. Sound overload data; no policy comparison can rest on this cell.)
--- energy_greedy at 150.0 req/s ---
    J/req 9.61  goodput/J 0.1040  SLO 100.0%
    TTFT p50/p95 0.040/0.051s  TPOT 0.0117s  ITL p99/max 0.0172/0.0511s  e2e p99 1.614s  errors 0
    SLO margin p50/p95 0.762/0.788 x SLO  within 10% of boundary 0.0%
    offered 150.0 req/s  achieved 146.4 req/s  fidelity 97.6%  send delay p99 0.001s  TTFT from send p50 0.039
    (policy INACTIVE on 93% of picks: the curve answered but no endpoint met the SLO, so every policy ran the same load-balancing fallback. Sound overload data; no policy comparison can rest on this cell.)
--- energy_consolidate at 150.0 req/s ---
    J/req 9.58  goodput/J 0.1044  SLO 100.0%
    TTFT p50/p95 0.040/0.051s  TPOT 0.0117s  ITL p99/max 0.0174/0.0620s  e2e p99 1.611s  errors 0
    SLO margin p50/p95 0.762/0.786 x SLO  within 10% of boundary 0.0%
    offered 150.0 req/s  achieved 146.5 req/s  fidelity 97.7%  send delay p99 0.001s  TTFT from send p50 0.039
    (policy INACTIVE on 93% of picks: the curve answered but no endpoint met the SLO, so every policy ran the same load-balancing fallback. Sound overload data; no policy comparison can rest on this cell.)
wrote /global/home/hpc6081/energy-epp/results/stage2-12325362/policies-h0.2-rate150.json
load generator: 16 worker process(es)
--- slo_packing at 100.0 req/s ---
    J/req 14.29  goodput/J 0.0700  SLO 100.0%
    TTFT p50/p95 0.035/0.045s  TPOT 0.0107s  ITL p99/max 0.0162/0.0443s  e2e p99 1.447s  errors 0
    SLO margin p50/p95 0.699/0.718 x SLO  within 10% of boundary 0.0%
    offered 100.0 req/s  achieved 97.8 req/s  fidelity 97.8%  send delay p99 0.001s  TTFT from send p50 0.035
    (policy INACTIVE on 98% of picks: the curve answered but no endpoint met the SLO, so every policy ran the same load-balancing fallback. Sound overload data; no policy comparison can rest on this cell.)
--- energy_greedy at 100.0 req/s ---
    J/req 14.24  goodput/J 0.0702  SLO 100.0%
    TTFT p50/p95 0.035/0.045s  TPOT 0.0107s  ITL p99/max 0.0162/0.0448s  e2e p99 1.440s  errors 0
    SLO margin p50/p95 0.697/0.716 x SLO  within 10% of boundary 0.0%
    offered 100.0 req/s  achieved 97.8 req/s  fidelity 97.8%  send delay p99 0.001s  TTFT from send p50 0.034
    (policy INACTIVE on 98% of picks: the curve answered but no endpoint met the SLO, so every policy ran the same load-balancing fallback. Sound overload data; no policy comparison can rest on this cell.)
--- energy_consolidate at 100.0 req/s ---
    J/req 14.23  goodput/J 0.0703  SLO 100.0%
    TTFT p50/p95 0.035/0.045s  TPOT 0.0107s  ITL p99/max 0.0164/0.0478s  e2e p99 1.440s  errors 0
    SLO margin p50/p95 0.697/0.716 x SLO  within 10% of boundary 0.0%
    offered 100.0 req/s  achieved 97.8 req/s  fidelity 97.8%  send delay p99 0.001s  TTFT from send p50 0.034
    (policy INACTIVE on 98% of picks: the curve answered but no endpoint met the SLO, so every policy ran the same load-balancing fallback. Sound overload data; no policy comparison can rest on this cell.)
wrote /global/home/hpc6081/energy-epp/results/stage2-12325362/policies-h0.3-rate100.json
load generator: 16 worker process(es)
--- slo_packing at 150.0 req/s ---
    J/req 9.58  goodput/J 0.1043  SLO 100.0%
    TTFT p50/p95 0.039/0.049s  TPOT 0.0117s  ITL p99/max 0.0175/0.0488s  e2e p99 1.618s  errors 0
    SLO margin p50/p95 0.764/0.788 x SLO  within 10% of boundary 0.0%
    offered 150.0 req/s  achieved 146.5 req/s  fidelity 97.7%  send delay p99 0.001s  TTFT from send p50 0.039
    (policy INACTIVE on 99% of picks: the curve answered but no endpoint met the SLO, so every policy ran the same load-balancing fallback. Sound overload data; no policy comparison can rest on this cell.)
--- energy_greedy at 150.0 req/s ---
    J/req 9.58  goodput/J 0.1044  SLO 100.0%
    TTFT p50/p95 0.039/0.049s  TPOT 0.0117s  ITL p99/max 0.0173/0.0500s  e2e p99 1.610s  errors 0
    SLO margin p50/p95 0.763/0.786 x SLO  within 10% of boundary 0.0%
    offered 150.0 req/s  achieved 146.5 req/s  fidelity 97.7%  send delay p99 0.001s  TTFT from send p50 0.039
    (policy INACTIVE on 99% of picks: the curve answered but no endpoint met the SLO, so every policy ran the same load-balancing fallback. Sound overload data; no policy comparison can rest on this cell.)
--- energy_consolidate at 150.0 req/s ---
    J/req 9.57  goodput/J 0.1045  SLO 100.0%
    TTFT p50/p95 0.039/0.049s  TPOT 0.0117s  ITL p99/max 0.0175/0.0515s  e2e p99 1.608s  errors 0
    SLO margin p50/p95 0.762/0.785 x SLO  within 10% of boundary 0.0%
    offered 150.0 req/s  achieved 146.5 req/s  fidelity 97.7%  send delay p99 0.001s  TTFT from send p50 0.039
    (policy INACTIVE on 99% of picks: the curve answered but no endpoint met the SLO, so every policy ran the same load-balancing fallback. Sound overload data; no policy comparison can rest on this cell.)
wrote /global/home/hpc6081/energy-epp/results/stage2-12325362/policies-h0.3-rate150.json
load generator: 16 worker process(es)
--- slo_packing at 150.0 req/s ---
    J/req 7.34  goodput/J 0.1362  SLO 100.0%
    TTFT p50/p95 0.047/0.056s  TPOT 0.0141s  ITL p99/max 0.0184/0.0505s  e2e p99 1.898s  errors 0
    SLO margin p50/p95 0.936/0.946 x SLO  within 10% of boundary 84.0%
    offered 150.0 req/s  achieved 145.9 req/s  fidelity 97.3%  send delay p99 0.001s  TTFT from send p50 0.046
wrote /global/home/hpc6081/energy-epp/results/stage2-12325362/control-counteronly.json
  full telemetry : 7.376 J/req   poll=0.25s SLO=100.0%  p95=1.894s
  counter only   : 7.340 J/req   poll=0.0s SLO=100.0%  p95=1.891s
  energy difference    : +0.49%
  p95 difference       : +0.16%
  completed difference : +0.00%
  VERDICT: telemetry overhead is not measurable (<1%). Pass A
  numbers stand unqualified.
