idle(model loaded): 54.87 W
trial1 c=1   prefix=0 208.63 W     34.5 tok/s  J/tok=6.0533  p95=3.716s err=0
trial1 c=2   prefix=0 189.56 W     61.7 tok/s  J/tok=3.0707  p95=4.15s err=0
trial1 c=4   prefix=0 196.24 W    120.9 tok/s  J/tok=1.6231  p95=4.239s err=0
trial1 c=8   prefix=0 202.04 W    237.9 tok/s  J/tok=0.8494  p95=4.311s err=0
trial1 c=8   prefix=1 199.89 W    231.1 tok/s  J/tok=0.8649  p95=4.435s err=0
trial1 c=16  prefix=0 209.28 W    443.5 tok/s  J/tok=0.4718  p95=4.652s err=0
trial1 c=32  prefix=0 216.51 W    723.0 tok/s  J/tok=0.2995  p95=5.701s err=0
trial2 c=1   prefix=0  223.0 W     34.5 tok/s  J/tok=6.4662  p95=3.716s err=0
trial2 c=2   prefix=0 191.57 W     61.8 tok/s  J/tok=3.1019  p95=4.15s err=0
trial2 c=4   prefix=0 195.07 W    120.9 tok/s  J/tok=1.6129  p95=4.239s err=0
trial2 c=8   prefix=0 200.83 W    236.7 tok/s  J/tok=0.8486  p95=4.337s err=0
trial2 c=8   prefix=1  198.7 W    231.1 tok/s  J/tok=0.8599  p95=4.435s err=0
trial2 c=16  prefix=0 209.24 W    443.6 tok/s  J/tok=0.4717  p95=4.642s err=0
trial2 c=32  prefix=0 216.35 W    723.1 tok/s  J/tok=0.2992  p95=5.703s err=0
trial3 c=1   prefix=0 222.85 W     34.5 tok/s  J/tok=6.4618  p95=3.716s err=0
trial3 c=2   prefix=0 191.87 W     61.4 tok/s  J/tok=3.1251  p95=4.175s err=0
trial3 c=4   prefix=0 194.89 W    120.9 tok/s  J/tok=1.6113  p95=4.24s err=0
trial3 c=8   prefix=0  200.3 W    237.9 tok/s  J/tok=0.8421  p95=4.311s err=0
trial3 c=8   prefix=1  198.4 W    231.1 tok/s  J/tok=0.8584  p95=4.44s err=0
trial3 c=16  prefix=0 209.06 W    443.6 tok/s  J/tok=0.4713  p95=4.649s err=0
trial3 c=32  prefix=0 216.54 W    722.9 tok/s  J/tok=0.2995  p95=5.707s err=0
trial4 c=1   prefix=0 223.04 W     34.5 tok/s  J/tok=6.4675  p95=3.716s err=0
trial4 c=2   prefix=0  191.4 W     61.8 tok/s  J/tok=3.0988  p95=4.149s err=0
trial4 c=4   prefix=0 195.02 W    121.0 tok/s  J/tok=1.6123  p95=4.238s err=0
trial4 c=8   prefix=0 200.68 W    237.7 tok/s  J/tok=0.8441  p95=4.324s err=0
trial4 c=8   prefix=1 198.41 W    231.1 tok/s  J/tok=0.8586  p95=4.435s err=0
trial4 c=16  prefix=0 209.13 W    443.6 tok/s  J/tok=0.4715  p95=4.642s err=0
trial4 c=32  prefix=0 216.18 W    723.6 tok/s  J/tok=0.2988  p95=5.701s err=0
trial5 c=1   prefix=0 222.68 W     34.5 tok/s  J/tok=6.4561  p95=3.718s err=0
trial5 c=2   prefix=0 191.65 W     61.5 tok/s  J/tok=3.1177  p95=4.175s err=0
trial5 c=4   prefix=0 194.91 W    121.0 tok/s  J/tok=1.6115  p95=4.24s err=0
trial5 c=8   prefix=0 200.34 W    236.8 tok/s  J/tok=0.8462  p95=4.336s err=0
trial5 c=8   prefix=1 198.22 W    231.1 tok/s  J/tok=0.8576  p95=4.441s err=0
trial5 c=16  prefix=0 209.07 W    443.6 tok/s  J/tok=0.4713  p95=4.642s err=0
trial5 c=32  prefix=0 216.25 W    722.7 tok/s  J/tok=0.2992  p95=5.706s err=0

wrote /global/home/hpc6081/energy-epp/results/h1-12303308/h1.csv (36 rows) gpu=Quadro RTX 6000
