load generator: 8 worker process(es)
--- round_robin at 67.8 req/s ---
    J/req 20.44  goodput/J 0.0489  SLO 100.0%
    TTFT p50/p95 0.033/0.038s  TPOT 0.0099s  ITL p99/max 0.0154/0.0450s  e2e p99 1.316s  errors 0
    offered 67.8 req/s  achieved 67.5 req/s  fidelity 99.6%  send delay p99 0.001s  TTFT from send p50 0.032
wrote /global/home/hpc6081/energy-epp/results/stage2-12303353/policies-rate67.8.json
load generator: 8 worker process(es)
--- round_robin at 118.6 req/s ---
    J/req 12.02  goodput/J 0.0832  SLO 100.0%
    TTFT p50/p95 0.036/0.042s  TPOT 0.0111s  ITL p99/max 0.0168/0.0472s  e2e p99 1.487s  errors 0
    offered 118.6 req/s  achieved 115.8 req/s  fidelity 97.7%  send delay p99 0.002s  TTFT from send p50 0.036
wrote /global/home/hpc6081/energy-epp/results/stage2-12303353/policies-rate118.6.json
load generator: 8 worker process(es)
--- round_robin at 169.5 req/s ---
    J/req 8.43  goodput/J 0.1186  SLO 100.0%
    TTFT p50/p95 0.041/0.049s  TPOT 0.0125s  ITL p99/max 0.0177/0.0660s  e2e p99 1.711s  errors 0
    offered 169.5 req/s  achieved 164.5 req/s  fidelity 97.1%  send delay p99 0.003s  TTFT from send p50 0.041
wrote /global/home/hpc6081/energy-epp/results/stage2-12303353/policies-rate169.5.json
load generator: 8 worker process(es)
--- round_robin at 220.3 req/s ---
    J/req 6.61  goodput/J 0.1513  SLO 100.0%
    TTFT p50/p95 0.047/0.058s  TPOT 0.0136s  ITL p99/max 0.0191/0.0733s  e2e p99 1.830s  errors 0
    offered 220.3 req/s  achieved 211.4 req/s  fidelity 95.9%  send delay p99 0.004s  TTFT from send p50 0.046
wrote /global/home/hpc6081/energy-epp/results/stage2-12303353/policies-rate220.3.json
load generator: 8 worker process(es)
--- round_robin at 271.2 req/s ---
    J/req 5.53  goodput/J 0.1739  SLO 96.2%
    TTFT p50/p95 0.053/0.066s  TPOT 0.0148s  ITL p99/max 0.0211/0.0905s  e2e p99 2.016s  errors 0
    offered 271.2 req/s  achieved 259.5 req/s  fidelity 95.7%  send delay p99 0.007s  TTFT from send p50 0.051
wrote /global/home/hpc6081/energy-epp/results/stage2-12303353/policies-rate271.2.json
