load generator: 6 worker process(es)
--- round_robin at 110.0 req/s ---
    J/req 6.91  goodput/J 0.1447  SLO 100.0%
    TTFT p50/p95 0.045/0.056s  TPOT 0.0138s  ITL p99/max 0.0193/0.0663s  e2e p99 1.876s  errors 0
    SLO margin p50/p95 0.900/0.924 x SLO  within 10% of boundary 49.8%
    offered 110.0 req/s  achieved 107.6 req/s  fidelity 97.8%  send delay p99 0.003s  TTFT from send p50 0.045
--- least_loaded at 110.0 req/s ---
    J/req 7.20  goodput/J 0.1390  SLO 100.0%
    TTFT p50/p95 0.045/0.056s  TPOT 0.0136s  ITL p99/max 0.0188/0.0660s  e2e p99 1.841s  errors 0
    SLO margin p50/p95 0.891/0.914 x SLO  within 10% of boundary 29.8%
    offered 110.0 req/s  achieved 107.6 req/s  fidelity 97.8%  send delay p99 0.002s  TTFT from send p50 0.045
--- slo_packing at 110.0 req/s ---
    J/req 6.91  goodput/J 0.1103  SLO 76.2%
    TTFT p50/p95 0.051/0.062s  TPOT 0.0149s  ITL p99/max 0.0200/0.0824s  e2e p99 2.027s  errors 0
    SLO margin p50/p95 0.993/1.007 x SLO  within 10% of boundary 91.1%
    offered 110.0 req/s  achieved 107.3 req/s  fidelity 97.5%  send delay p99 0.002s  TTFT from send p50 0.050
--- energy_greedy at 110.0 req/s ---
    J/req 7.02  goodput/J 0.0954  SLO 67.0%
    TTFT p50/p95 0.051/0.062s  TPOT 0.0149s  ITL p99/max 0.0201/0.0793s  e2e p99 2.028s  errors 0
    SLO margin p50/p95 0.995/1.009 x SLO  within 10% of boundary 91.2%
    offered 110.0 req/s  achieved 107.3 req/s  fidelity 97.6%  send delay p99 0.002s  TTFT from send p50 0.051
--- energy_consolidate at 110.0 req/s ---
    J/req 7.08  goodput/J 0.1016  SLO 71.9%
    TTFT p50/p95 0.051/0.062s  TPOT 0.0149s  ITL p99/max 0.0200/0.0768s  e2e p99 2.025s  errors 0
    SLO margin p50/p95 0.994/1.007 x SLO  within 10% of boundary 91.0%
    offered 110.0 req/s  achieved 107.3 req/s  fidelity 97.5%  send delay p99 0.002s  TTFT from send p50 0.050
wrote /global/home/hpc6081/energy-epp/results/stage2-12304134/policies-rate110.json
load generator: 6 worker process(es)
--- round_robin at 120.0 req/s ---
    J/req 6.92  goodput/J 0.1445  SLO 100.0%
    TTFT p50/p95 0.047/0.059s  TPOT 0.0141s  ITL p99/max 0.0198/0.0685s  e2e p99 1.915s  errors 0
    SLO margin p50/p95 0.920/0.943 x SLO  within 10% of boundary 87.4%
    offered 120.0 req/s  achieved 116.9 req/s  fidelity 97.4%  send delay p99 0.003s  TTFT from send p50 0.047
--- least_loaded at 120.0 req/s ---
    J/req 7.02  goodput/J 0.1424  SLO 100.0%
    TTFT p50/p95 0.047/0.058s  TPOT 0.0140s  ITL p99/max 0.0191/0.0818s  e2e p99 1.900s  errors 0
    SLO margin p50/p95 0.913/0.938 x SLO  within 10% of boundary 79.6%
    offered 120.0 req/s  achieved 116.9 req/s  fidelity 97.4%  send delay p99 0.002s  TTFT from send p50 0.047
--- slo_packing at 120.0 req/s ---
    J/req 6.95  goodput/J 0.0873  SLO 60.7%
    TTFT p50/p95 0.052/0.063s  TPOT 0.0149s  ITL p99/max 0.0197/0.0764s  e2e p99 2.030s  errors 0
    SLO margin p50/p95 0.997/1.009 x SLO  within 10% of boundary 88.9%
    offered 120.0 req/s  achieved 116.6 req/s  fidelity 97.1%  send delay p99 0.002s  TTFT from send p50 0.051
--- energy_greedy at 120.0 req/s ---
    J/req 6.90  goodput/J 0.1017  SLO 70.2%
    TTFT p50/p95 0.052/0.063s  TPOT 0.0148s  ITL p99/max 0.0200/0.0753s  e2e p99 2.041s  errors 0
    SLO margin p50/p95 0.995/1.008 x SLO  within 10% of boundary 89.1%
    offered 120.0 req/s  achieved 116.5 req/s  fidelity 97.1%  send delay p99 0.002s  TTFT from send p50 0.051
--- energy_consolidate at 120.0 req/s ---
    J/req 6.90  goodput/J 0.0940  SLO 64.9%
    TTFT p50/p95 0.052/0.063s  TPOT 0.0149s  ITL p99/max 0.0201/0.0778s  e2e p99 2.030s  errors 0
    SLO margin p50/p95 0.996/1.010 x SLO  within 10% of boundary 88.7%
    offered 120.0 req/s  achieved 116.6 req/s  fidelity 97.2%  send delay p99 0.002s  TTFT from send p50 0.051
wrote /global/home/hpc6081/energy-epp/results/stage2-12304134/policies-rate120.json
load generator: 6 worker process(es)
--- round_robin at 130.0 req/s ---
    J/req 6.50  goodput/J 0.1535  SLO 99.8%
    TTFT p50/p95 0.049/0.061s  TPOT 0.0145s  ITL p99/max 0.0201/0.0805s  e2e p99 1.991s  errors 0
    SLO margin p50/p95 0.944/0.988 x SLO  within 10% of boundary 94.3%
    offered 130.0 req/s  achieved 126.6 req/s  fidelity 97.4%  send delay p99 0.003s  TTFT from send p50 0.048
--- least_loaded at 130.0 req/s ---
    J/req 6.56  goodput/J 0.1513  SLO 99.2%
    TTFT p50/p95 0.049/0.060s  TPOT 0.0145s  ITL p99/max 0.0197/0.0806s  e2e p99 1.998s  errors 0
    SLO margin p50/p95 0.939/0.991 x SLO  within 10% of boundary 94.1%
    offered 130.0 req/s  achieved 126.6 req/s  fidelity 97.4%  send delay p99 0.003s  TTFT from send p50 0.048
--- slo_packing at 130.0 req/s ---
    J/req 6.65  goodput/J 0.0809  SLO 53.8%
    TTFT p50/p95 0.052/0.064s  TPOT 0.0149s  ITL p99/max 0.0198/0.0789s  e2e p99 2.030s  errors 0
    SLO margin p50/p95 0.999/1.010 x SLO  within 10% of boundary 84.4%
    offered 130.0 req/s  achieved 126.5 req/s  fidelity 97.3%  send delay p99 0.003s  TTFT from send p50 0.051
    *** UNGROUNDED ROUTING on 1 of 7800 picks (0.0%): no endpoint had curve data for its concurrency, so the policy fell back to load balancing. Above a few percent this is not the policy being measured.
--- energy_greedy at 130.0 req/s ---
    J/req 6.61  goodput/J 0.0943  SLO 62.4%
    TTFT p50/p95 0.052/0.064s  TPOT 0.0148s  ITL p99/max 0.0199/0.0744s  e2e p99 2.029s  errors 0
    SLO margin p50/p95 0.997/1.010 x SLO  within 10% of boundary 84.0%
    offered 130.0 req/s  achieved 126.4 req/s  fidelity 97.3%  send delay p99 0.003s  TTFT from send p50 0.051
--- energy_consolidate at 130.0 req/s ---
    J/req 6.63  goodput/J 0.0979  SLO 64.8%
    TTFT p50/p95 0.052/0.063s  TPOT 0.0148s  ITL p99/max 0.0201/0.0752s  e2e p99 2.032s  errors 0
    SLO margin p50/p95 0.997/1.008 x SLO  within 10% of boundary 84.1%
    offered 130.0 req/s  achieved 126.4 req/s  fidelity 97.3%  send delay p99 0.003s  TTFT from send p50 0.051
wrote /global/home/hpc6081/energy-epp/results/stage2-12304134/policies-rate130.json
load generator: 6 worker process(es)
--- round_robin at 140.0 req/s ---
    J/req 6.22  goodput/J 0.1328  SLO 82.6%
    TTFT p50/p95 0.052/0.064s  TPOT 0.0151s  ITL p99/max 0.0206/0.0811s  e2e p99 2.025s  errors 0
    SLO margin p50/p95 0.992/1.006 x SLO  within 10% of boundary 95.7%
    offered 140.0 req/s  achieved 136.3 req/s  fidelity 97.3%  send delay p99 0.004s  TTFT from send p50 0.051
--- least_loaded at 140.0 req/s ---
    J/req 6.22  goodput/J 0.1189  SLO 74.0%
    TTFT p50/p95 0.051/0.063s  TPOT 0.0151s  ITL p99/max 0.0204/0.0854s  e2e p99 2.024s  errors 0
    SLO margin p50/p95 0.993/1.007 x SLO  within 10% of boundary 95.8%
    offered 140.0 req/s  achieved 136.2 req/s  fidelity 97.3%  send delay p99 0.003s  TTFT from send p50 0.051
--- slo_packing at 140.0 req/s ---
    J/req 6.23  goodput/J 0.0796  SLO 49.6%
    TTFT p50/p95 0.053/0.064s  TPOT 0.0151s  ITL p99/max 0.0200/0.0901s  e2e p99 2.035s  errors 0
    SLO margin p50/p95 1.000/1.011 x SLO  within 10% of boundary 90.6%
    offered 140.0 req/s  achieved 136.2 req/s  fidelity 97.3%  send delay p99 0.003s  TTFT from send p50 0.052
    *** UNGROUNDED ROUTING on 272 of 8400 picks (3.2%): no endpoint had curve data for its concurrency, so the policy fell back to load balancing. Above a few percent this is not the policy being measured.
--- energy_greedy at 140.0 req/s ---
    J/req 6.22  goodput/J 0.0859  SLO 53.4%
    TTFT p50/p95 0.053/0.065s  TPOT 0.0150s  ITL p99/max 0.0202/0.0858s  e2e p99 2.034s  errors 0
    SLO margin p50/p95 0.999/1.012 x SLO  within 10% of boundary 90.1%
    offered 140.0 req/s  achieved 136.2 req/s  fidelity 97.3%  send delay p99 0.003s  TTFT from send p50 0.052
    *** UNGROUNDED ROUTING on 260 of 8400 picks (3.1%): no endpoint had curve data for its concurrency, so the policy fell back to load balancing. Above a few percent this is not the policy being measured.
--- energy_consolidate at 140.0 req/s ---
    J/req 6.21  goodput/J 0.0761  SLO 47.3%
    TTFT p50/p95 0.053/0.065s  TPOT 0.0150s  ITL p99/max 0.0201/0.0765s  e2e p99 2.033s  errors 0
    SLO margin p50/p95 1.001/1.011 x SLO  within 10% of boundary 91.1%
    offered 140.0 req/s  achieved 136.1 req/s  fidelity 97.2%  send delay p99 0.003s  TTFT from send p50 0.052
    *** UNGROUNDED ROUTING on 282 of 8400 picks (3.4%): no endpoint had curve data for its concurrency, so the policy fell back to load balancing. Above a few percent this is not the policy being measured.
wrote /global/home/hpc6081/energy-epp/results/stage2-12304134/policies-rate140.json
load generator: 6 worker process(es)
--- round_robin at 150.0 req/s ---
    J/req 5.91  goodput/J 0.0584  SLO 34.5%
    TTFT p50/p95 0.053/0.065s  TPOT 0.0153s  ITL p99/max 0.0211/0.0924s  e2e p99 2.060s  errors 0
    SLO margin p50/p95 1.003/1.023 x SLO  within 10% of boundary 96.5%
    offered 150.0 req/s  achieved 145.4 req/s  fidelity 96.9%  send delay p99 0.004s  TTFT from send p50 0.052
--- least_loaded at 150.0 req/s ---
    J/req 5.94  goodput/J 0.0483  SLO 28.7%
    TTFT p50/p95 0.053/0.064s  TPOT 0.0153s  ITL p99/max 0.0207/0.1021s  e2e p99 2.061s  errors 0
    SLO margin p50/p95 1.004/1.023 x SLO  within 10% of boundary 96.4%
    offered 150.0 req/s  achieved 145.4 req/s  fidelity 96.9%  send delay p99 0.003s  TTFT from send p50 0.052
--- slo_packing at 150.0 req/s ---
    J/req 5.91  goodput/J 0.0440  SLO 26.0%
    TTFT p50/p95 0.054/0.066s  TPOT 0.0154s  ITL p99/max 0.0205/0.0765s  e2e p99 2.075s  errors 0
    SLO margin p50/p95 1.007/1.030 x SLO  within 10% of boundary 96.7%
    offered 150.0 req/s  achieved 145.4 req/s  fidelity 96.9%  send delay p99 0.003s  TTFT from send p50 0.054
    *** UNGROUNDED ROUTING on 3375 of 9000 picks (37.5%): no endpoint had curve data for its concurrency, so the policy fell back to load balancing. Above a few percent this is not the policy being measured.
--- energy_greedy at 150.0 req/s ---
    J/req 5.85  goodput/J 0.0500  SLO 29.3%
    TTFT p50/p95 0.054/0.067s  TPOT 0.0154s  ITL p99/max 0.0213/0.0837s  e2e p99 2.088s  errors 0
    SLO margin p50/p95 1.006/1.032 x SLO  within 10% of boundary 96.9%
    offered 150.0 req/s  achieved 145.3 req/s  fidelity 96.9%  send delay p99 0.003s  TTFT from send p50 0.054
    *** UNGROUNDED ROUTING on 3268 of 9000 picks (36.3%): no endpoint had curve data for its concurrency, so the policy fell back to load balancing. Above a few percent this is not the policy being measured.
--- energy_consolidate at 150.0 req/s ---
    J/req 5.87  goodput/J 0.0439  SLO 25.8%
    TTFT p50/p95 0.055/0.068s  TPOT 0.0154s  ITL p99/max 0.0210/0.0884s  e2e p99 2.074s  errors 0
    SLO margin p50/p95 1.008/1.028 x SLO  within 10% of boundary 96.9%
    offered 150.0 req/s  achieved 145.3 req/s  fidelity 96.8%  send delay p99 0.003s  TTFT from send p50 0.054
    *** UNGROUNDED ROUTING on 3305 of 9000 picks (36.7%): no endpoint had curve data for its concurrency, so the policy fell back to load balancing. Above a few percent this is not the policy being measured.
wrote /global/home/hpc6081/energy-epp/results/stage2-12304134/policies-rate150.json
load generator: 6 worker process(es)
--- slo_packing at 150.0 req/s ---
    J/req 5.85  goodput/J 0.0491  SLO 28.7%
    TTFT p50/p95 0.054/0.067s  TPOT 0.0153s  ITL p99/max 0.0210/0.0813s  e2e p99 2.089s  errors 0
    SLO margin p50/p95 1.006/1.030 x SLO  within 10% of boundary 97.1%
    offered 150.0 req/s  achieved 145.4 req/s  fidelity 96.9%  send delay p99 0.003s  TTFT from send p50 0.053
    *** UNGROUNDED ROUTING on 3329 of 9000 picks (37.0%): no endpoint had curve data for its concurrency, so the policy fell back to load balancing. Above a few percent this is not the policy being measured.
wrote /global/home/hpc6081/energy-epp/results/stage2-12304134/control-counteronly.json
  full telemetry : 5.905 J/req   poll=0.25s SLO=26.0%  p95=2.059s
  counter only   : 5.853 J/req   poll=0.0s SLO=28.7%  p95=2.060s
  energy difference    : +0.89%
  p95 difference       : -0.04%
  completed difference : +0.00%
  VERDICT: telemetry overhead is not measurable (<1%). Pass A
  numbers stand unqualified.
