idle(model loaded): 54.7 W
trial1 c=1   prefix=0 195.43 W    130.4 tok/s  J/tok=1.4985  p95=0.983s err=0
trial1 c=2   prefix=0 196.73 W    224.6 tok/s  J/tok=0.8761  p95=1.142s err=0
trial1 c=4   prefix=0 209.43 W    436.3 tok/s  J/tok=0.48  p95=1.175s err=0
trial1 c=8   prefix=0 213.85 W    839.3 tok/s  J/tok=0.2548  p95=1.222s err=0
trial1 c=8   prefix=1 211.52 W    781.1 tok/s  J/tok=0.2708  p95=1.301s err=0
trial1 c=16  prefix=0 219.39 W   1543.9 tok/s  J/tok=0.1421  p95=1.335s err=0
trial1 c=32  prefix=0 220.77 W   2709.2 tok/s  J/tok=0.0815  p95=1.52s err=0
trial1 c=48  prefix=0 221.85 W   3552.8 tok/s  J/tok=0.0624  p95=1.724s err=0
trial1 c=64  prefix=0 224.27 W   4412.5 tok/s  J/tok=0.0508  p95=1.856s err=0
trial1 c=96  prefix=0  233.1 W   5641.1 tok/s  J/tok=0.0413  p95=2.202s err=0
trial1 c=128 prefix=0 235.67 W   6700.6 tok/s  J/tok=0.0352  p95=2.536s err=0
trial2 c=1   prefix=0  227.8 W    130.5 tok/s  J/tok=1.7454  p95=0.982s err=0
trial2 c=2   prefix=0 208.86 W    224.8 tok/s  J/tok=0.9292  p95=1.141s err=0
trial2 c=4   prefix=0 211.68 W    436.6 tok/s  J/tok=0.4848  p95=1.174s err=0
trial2 c=8   prefix=0  214.0 W    840.1 tok/s  J/tok=0.2547  p95=1.221s err=0
trial2 c=8   prefix=1 210.51 W    781.2 tok/s  J/tok=0.2695  p95=1.301s err=0
trial2 c=16  prefix=0 217.69 W   1549.6 tok/s  J/tok=0.1405  p95=1.324s err=0
trial2 c=32  prefix=0 220.24 W   2710.6 tok/s  J/tok=0.0813  p95=1.52s err=0
trial2 c=48  prefix=0 220.75 W   3554.4 tok/s  J/tok=0.0621  p95=1.722s err=0
trial2 c=64  prefix=0 222.68 W   4427.7 tok/s  J/tok=0.0503  p95=1.848s err=0
trial2 c=96  prefix=0  232.1 W   5641.7 tok/s  J/tok=0.0411  p95=2.201s err=0
trial2 c=128 prefix=0 234.83 W   6659.2 tok/s  J/tok=0.0353  p95=2.487s err=0

wrote /global/home/hpc6081/energy-epp/results/h1-12303358/h1.csv (23 rows) gpu=Quadro RTX 6000
