Traceback (most recent call last):
  File "/global/home/hpc6081/.local/lib/python3.11/site-packages/pynvml.py", line 3190, in _LoadNvmlLibrary
    nvmlLib = CDLL("libnvidia-ml.so.1")
              ^^^^^^^^^^^^^^^^^^^^^^^^^
  File "/cvmfs/soft.computecanada.ca/gentoo/2023/x86-64-v3/usr/lib/python3.11/ctypes/__init__.py", line 376, in __init__
    self._handle = _dlopen(self._name, mode)
                   ^^^^^^^^^^^^^^^^^^^^^^^^^
OSError: libnvidia-ml.so.1: cannot open shared object file: No such file or directory

During handling of the above exception, another exception occurred:

Traceback (most recent call last):
  File "/global/home/hpc6081/energy-epp/scripts/h1_sweep.py", line 245, in <module>
    main()
  File "/global/home/hpc6081/energy-epp/scripts/h1_sweep.py", line 199, in main
    nvml.nvmlInit()
  File "/global/home/hpc6081/.local/lib/python3.11/site-packages/pynvml.py", line 3162, in nvmlInit
    nvmlInitWithFlags(0)
  File "/global/home/hpc6081/.local/lib/python3.11/site-packages/pynvml.py", line 3145, in nvmlInitWithFlags
    _LoadNvmlLibrary()
  File "/global/home/hpc6081/.local/lib/python3.11/site-packages/pynvml.py", line 3192, in _LoadNvmlLibrary
    _nvmlCheckReturn(NVML_ERROR_LIBRARY_NOT_FOUND)
  File "/global/home/hpc6081/.local/lib/python3.11/site-packages/pynvml.py", line 1116, in _nvmlCheckReturn
    raise NVMLError(ret)
pynvml.NVMLError_LibraryNotFound: NVML Shared Library Not Found
