load generator: 16 worker process(es)
--- slo_packing at 100.0 req/s ---
    J/req 8.70  goodput/J 0.0487  SLO 42.4%
    TTFT p50/p95 0.047/0.057s  TPOT 0.0149s  ITL p99/max 0.0186/0.0419s  e2e p99 2.033s  errors 0
    SLO margin p50/p95 1.003/1.013 x SLO  within 10% of boundary 80.8%
    offered 100.0 req/s  achieved 96.9 req/s  fidelity 96.9%  send delay p99 0.002s  TTFT from send p50 0.047
--- energy_greedy at 100.0 req/s ---
    J/req 8.65  goodput/J 0.0781  SLO 67.5%
    TTFT p50/p95 0.047/0.056s  TPOT 0.0148s  ITL p99/max 0.0183/0.0472s  e2e p99 2.020s  errors 0
    SLO margin p50/p95 0.995/1.007 x SLO  within 10% of boundary 79.4%
    offered 100.0 req/s  achieved 96.8 req/s  fidelity 96.8%  send delay p99 0.002s  TTFT from send p50 0.046
--- energy_consolidate at 100.0 req/s ---
    J/req 8.64  goodput/J 0.0852  SLO 73.6%
    TTFT p50/p95 0.047/0.056s  TPOT 0.0147s  ITL p99/max 0.0181/0.0493s  e2e p99 2.021s  errors 0
    SLO margin p50/p95 0.994/1.007 x SLO  within 10% of boundary 78.7%
    offered 100.0 req/s  achieved 96.9 req/s  fidelity 96.9%  send delay p99 0.002s  TTFT from send p50 0.046
wrote /global/home/hpc6081/energy-epp/results/stage2-12325158/policies-rate100.json
load generator: 16 worker process(es)
--- slo_packing at 150.0 req/s ---
    J/req 7.13  goodput/J 0.0872  SLO 62.2%
    TTFT p50/p95 0.049/0.059s  TPOT 0.0150s  ITL p99/max 0.0194/0.0497s  e2e p99 2.034s  errors 0
    SLO margin p50/p95 0.996/1.013 x SLO  within 10% of boundary 92.7%
    offered 150.0 req/s  achieved 143.0 req/s  fidelity 95.3%  send delay p99 0.001s  TTFT from send p50 0.049
--- energy_greedy at 150.0 req/s ---
    J/req 7.10  goodput/J 0.0847  SLO 60.1%
    TTFT p50/p95 0.049/0.058s  TPOT 0.0150s  ITL p99/max 0.0187/0.0437s  e2e p99 2.023s  errors 0
    SLO margin p50/p95 0.997/1.009 x SLO  within 10% of boundary 91.0%
    offered 150.0 req/s  achieved 143.0 req/s  fidelity 95.3%  send delay p99 0.001s  TTFT from send p50 0.048
--- energy_consolidate at 150.0 req/s ---
    J/req 7.08  goodput/J 0.0949  SLO 67.2%
    TTFT p50/p95 0.049/0.058s  TPOT 0.0150s  ITL p99/max 0.0185/0.0483s  e2e p99 2.023s  errors 0
    SLO margin p50/p95 0.995/1.008 x SLO  within 10% of boundary 92.3%
    offered 150.0 req/s  achieved 142.9 req/s  fidelity 95.3%  send delay p99 0.001s  TTFT from send p50 0.048
wrote /global/home/hpc6081/energy-epp/results/stage2-12325158/policies-rate150.json
load generator: 16 worker process(es)
--- slo_packing at 100.0 req/s ---
    J/req 9.49  goodput/J 0.1053  SLO 100.0%
    TTFT p50/p95 0.044/0.053s  TPOT 0.0136s  ITL p99/max 0.0168/0.0425s  e2e p99 1.838s  errors 0
    SLO margin p50/p95 0.907/0.916 x SLO  within 10% of boundary 69.5%
    offered 100.0 req/s  achieved 97.1 req/s  fidelity 97.1%  send delay p99 0.001s  TTFT from send p50 0.043
--- energy_greedy at 100.0 req/s ---
    J/req 9.44  goodput/J 0.1059  SLO 100.0%
    TTFT p50/p95 0.044/0.053s  TPOT 0.0135s  ITL p99/max 0.0169/0.0456s  e2e p99 1.838s  errors 0
    SLO margin p50/p95 0.905/0.915 x SLO  within 10% of boundary 64.6%
    offered 100.0 req/s  achieved 97.0 req/s  fidelity 97.0%  send delay p99 0.002s  TTFT from send p50 0.043
--- energy_consolidate at 100.0 req/s ---
    J/req 9.44  goodput/J 0.1059  SLO 100.0%
    TTFT p50/p95 0.044/0.053s  TPOT 0.0135s  ITL p99/max 0.0182/0.0424s  e2e p99 1.853s  errors 0
    SLO margin p50/p95 0.903/0.918 x SLO  within 10% of boundary 59.8%
    offered 100.0 req/s  achieved 97.0 req/s  fidelity 97.0%  send delay p99 0.001s  TTFT from send p50 0.043
wrote /global/home/hpc6081/energy-epp/results/stage2-12325158/policies-h0.1-rate100.json
load generator: 16 worker process(es)
--- slo_packing at 150.0 req/s ---
    J/req 7.74  goodput/J 0.1292  SLO 100.0%
    TTFT p50/p95 0.046/0.055s  TPOT 0.0137s  ITL p99/max 0.0178/0.0521s  e2e p99 1.845s  errors 0
    SLO margin p50/p95 0.906/0.919 x SLO  within 10% of boundary 68.0%
    offered 150.0 req/s  achieved 143.2 req/s  fidelity 95.5%  send delay p99 0.001s  TTFT from send p50 0.045
--- energy_greedy at 150.0 req/s ---
    J/req 7.72  goodput/J 0.1295  SLO 100.0%
    TTFT p50/p95 0.045/0.054s  TPOT 0.0137s  ITL p99/max 0.0173/0.0530s  e2e p99 1.843s  errors 0
    SLO margin p50/p95 0.904/0.918 x SLO  within 10% of boundary 59.9%
    offered 150.0 req/s  achieved 143.1 req/s  fidelity 95.4%  send delay p99 0.001s  TTFT from send p50 0.045
--- energy_consolidate at 150.0 req/s ---
    J/req 7.74  goodput/J 0.1292  SLO 100.0%
    TTFT p50/p95 0.045/0.055s  TPOT 0.0137s  ITL p99/max 0.0175/0.0553s  e2e p99 1.838s  errors 0
    SLO margin p50/p95 0.905/0.916 x SLO  within 10% of boundary 65.0%
    offered 150.0 req/s  achieved 143.2 req/s  fidelity 95.5%  send delay p99 0.001s  TTFT from send p50 0.045
wrote /global/home/hpc6081/energy-epp/results/stage2-12325158/policies-h0.1-rate150.json
load generator: 16 worker process(es)
--- slo_packing at 100.0 req/s ---
    J/req 10.84  goodput/J 0.0922  SLO 100.0%
    TTFT p50/p95 0.041/0.050s  TPOT 0.0124s  ITL p99/max 0.0164/0.0428s  e2e p99 1.675s  errors 0
    SLO margin p50/p95 0.821/0.834 x SLO  within 10% of boundary 0.0%
    offered 100.0 req/s  achieved 97.2 req/s  fidelity 97.2%  send delay p99 0.001s  TTFT from send p50 0.040
--- energy_greedy at 100.0 req/s ---
    J/req 10.80  goodput/J 0.0926  SLO 100.0%
    TTFT p50/p95 0.041/0.049s  TPOT 0.0124s  ITL p99/max 0.0160/0.0562s  e2e p99 1.672s  errors 0
    SLO margin p50/p95 0.820/0.832 x SLO  within 10% of boundary 0.0%
    offered 100.0 req/s  achieved 97.2 req/s  fidelity 97.2%  send delay p99 0.001s  TTFT from send p50 0.040
--- energy_consolidate at 100.0 req/s ---
    J/req 10.81  goodput/J 0.0925  SLO 100.0%
    TTFT p50/p95 0.041/0.050s  TPOT 0.0124s  ITL p99/max 0.0167/0.0471s  e2e p99 1.677s  errors 0
    SLO margin p50/p95 0.820/0.834 x SLO  within 10% of boundary 0.0%
    offered 100.0 req/s  achieved 97.2 req/s  fidelity 97.2%  send delay p99 0.001s  TTFT from send p50 0.041
wrote /global/home/hpc6081/energy-epp/results/stage2-12325158/policies-h0.2-rate100.json
load generator: 16 worker process(es)
--- slo_packing at 150.0 req/s ---
    J/req 9.23  goodput/J 0.1084  SLO 100.0%
    TTFT p50/p95 0.043/0.053s  TPOT 0.0125s  ITL p99/max 0.0172/0.0541s  e2e p99 1.685s  errors 0
    SLO margin p50/p95 0.825/0.838 x SLO  within 10% of boundary 0.0%
    offered 150.0 req/s  achieved 143.4 req/s  fidelity 95.6%  send delay p99 0.001s  TTFT from send p50 0.042
--- energy_greedy at 150.0 req/s ---
    J/req 9.19  goodput/J 0.1088  SLO 100.0%
    TTFT p50/p95 0.042/0.052s  TPOT 0.0125s  ITL p99/max 0.0172/0.0480s  e2e p99 1.679s  errors 0
    SLO margin p50/p95 0.824/0.836 x SLO  within 10% of boundary 0.0%
    offered 150.0 req/s  achieved 143.3 req/s  fidelity 95.5%  send delay p99 0.001s  TTFT from send p50 0.042
--- energy_consolidate at 150.0 req/s ---
    J/req 9.22  goodput/J 0.1085  SLO 100.0%
    TTFT p50/p95 0.042/0.052s  TPOT 0.0124s  ITL p99/max 0.0171/0.0520s  e2e p99 1.677s  errors 0
    SLO margin p50/p95 0.823/0.835 x SLO  within 10% of boundary 0.0%
    offered 150.0 req/s  achieved 143.4 req/s  fidelity 95.6%  send delay p99 0.001s  TTFT from send p50 0.042
wrote /global/home/hpc6081/energy-epp/results/stage2-12325158/policies-h0.2-rate150.json
load generator: 16 worker process(es)
--- slo_packing at 100.0 req/s ---
    J/req 14.05  goodput/J 0.0712  SLO 100.0%
    TTFT p50/p95 0.037/0.047s  TPOT 0.0108s  ITL p99/max 0.0161/0.0443s  e2e p99 1.451s  errors 0
    SLO margin p50/p95 0.713/0.721 x SLO  within 10% of boundary 0.0%
    offered 100.0 req/s  achieved 97.5 req/s  fidelity 97.5%  send delay p99 0.001s  TTFT from send p50 0.037
--- energy_greedy at 100.0 req/s ---
    J/req 14.07  goodput/J 0.0711  SLO 100.0%
    TTFT p50/p95 0.037/0.048s  TPOT 0.0108s  ITL p99/max 0.0162/0.0458s  e2e p99 1.449s  errors 0
    SLO margin p50/p95 0.713/0.721 x SLO  within 10% of boundary 0.0%
    offered 100.0 req/s  achieved 97.4 req/s  fidelity 97.4%  send delay p99 0.001s  TTFT from send p50 0.037
--- energy_consolidate at 100.0 req/s ---
    J/req 14.06  goodput/J 0.0711  SLO 100.0%
    TTFT p50/p95 0.037/0.048s  TPOT 0.0108s  ITL p99/max 0.0163/0.0456s  e2e p99 1.453s  errors 0
    SLO margin p50/p95 0.712/0.721 x SLO  within 10% of boundary 0.0%
    offered 100.0 req/s  achieved 97.4 req/s  fidelity 97.4%  send delay p99 0.001s  TTFT from send p50 0.037
wrote /global/home/hpc6081/energy-epp/results/stage2-12325158/policies-h0.3-rate100.json
load generator: 16 worker process(es)
--- slo_packing at 150.0 req/s ---
    J/req 9.80  goodput/J 0.1020  SLO 100.0%
    TTFT p50/p95 0.039/0.049s  TPOT 0.0117s  ITL p99/max 0.0173/0.0534s  e2e p99 1.621s  errors 0
    SLO margin p50/p95 0.760/0.795 x SLO  within 10% of boundary 0.0%
    offered 150.0 req/s  achieved 143.7 req/s  fidelity 95.8%  send delay p99 0.001s  TTFT from send p50 0.039
    (policy INACTIVE on 97% of picks: the curve answered but no endpoint met the SLO, so every policy ran the same load-balancing fallback. Sound overload data; no policy comparison can rest on this cell.)
--- energy_greedy at 150.0 req/s ---
    J/req 9.79  goodput/J 0.1021  SLO 100.0%
    TTFT p50/p95 0.039/0.049s  TPOT 0.0117s  ITL p99/max 0.0171/0.0539s  e2e p99 1.618s  errors 0
    SLO margin p50/p95 0.759/0.794 x SLO  within 10% of boundary 0.0%
    offered 150.0 req/s  achieved 143.7 req/s  fidelity 95.8%  send delay p99 0.001s  TTFT from send p50 0.039
    (policy INACTIVE on 98% of picks: the curve answered but no endpoint met the SLO, so every policy ran the same load-balancing fallback. Sound overload data; no policy comparison can rest on this cell.)
--- energy_consolidate at 150.0 req/s ---
    J/req 9.79  goodput/J 0.1022  SLO 100.0%
    TTFT p50/p95 0.039/0.049s  TPOT 0.0117s  ITL p99/max 0.0168/0.0543s  e2e p99 1.616s  errors 0
    SLO margin p50/p95 0.758/0.792 x SLO  within 10% of boundary 0.0%
    offered 150.0 req/s  achieved 143.7 req/s  fidelity 95.8%  send delay p99 0.001s  TTFT from send p50 0.039
    (policy INACTIVE on 98% of picks: the curve answered but no endpoint met the SLO, so every policy ran the same load-balancing fallback. Sound overload data; no policy comparison can rest on this cell.)
wrote /global/home/hpc6081/energy-epp/results/stage2-12325158/policies-h0.3-rate150.json
load generator: 16 worker process(es)
--- slo_packing at 150.0 req/s ---
    J/req 7.12  goodput/J 0.0809  SLO 57.6%
    TTFT p50/p95 0.049/0.059s  TPOT 0.0150s  ITL p99/max 0.0189/0.0502s  e2e p99 2.030s  errors 0
    SLO margin p50/p95 0.998/1.010 x SLO  within 10% of boundary 92.0%
    offered 150.0 req/s  achieved 143.1 req/s  fidelity 95.4%  send delay p99 0.001s  TTFT from send p50 0.048
wrote /global/home/hpc6081/energy-epp/results/stage2-12325158/control-counteronly.json
  full telemetry : 7.133 J/req   poll=0.25s SLO=62.2%  p95=2.027s
  counter only   : 7.120 J/req   poll=0.0s SLO=57.6%  p95=2.021s
  energy difference    : +0.17%
  p95 difference       : +0.28%
  completed difference : +0.00%
  VERDICT: telemetry overhead is not measurable (<1%). Pass A
  numbers stand unqualified.
