--- round_robin at 67.8 req/s ---
    J/req 20.19  goodput/J 0.0495  SLO 100.0%
    TTFT p50/p95 0.113/0.193s  TPOT 0.0099s  ITL p99/max 0.0678/0.1417s  e2e p99 1.514s  errors 0
    offered 67.8 req/s  achieved 67.7 req/s  fidelity 99.9%  send delay p99 0.095s  TTFT from send p50 0.091
wrote /global/home/hpc6081/energy-epp/results/stage2-12303350/policies-rate67.8.json
--- round_robin at 118.6 req/s ---
    J/req 11.92  goodput/J 0.0557  SLO 66.4%
    TTFT p50/p95 0.477/0.650s  TPOT 0.0113s  ITL p99/max 0.1135/0.2207s  e2e p99 2.218s  errors 0
    offered 118.6 req/s  achieved 115.9 req/s  fidelity 97.7%  send delay p99 0.189s  TTFT from send p50 0.396
    *** CLIENT LIMITED: dispatch delay p99 0.189s exceeds the 0.100s budget. The generator fell behind its own schedule, so this cell measures the client and must not be reported.
wrote /global/home/hpc6081/energy-epp/results/stage2-12303350/policies-rate118.6.json
client-limited cells at 118.6 req/s: round_robin - lower the offered rate or widen the generator
--- round_robin at 169.5 req/s ---
    J/req 9.59  goodput/J 0.0022  SLO 2.1%
    TTFT p50/p95 4.517/8.117s  TPOT 0.0113s  ITL p99/max 0.4238/1.9297s  e2e p99 10.558s  errors 0
    offered 169.5 req/s  achieved 146.0 req/s  fidelity 86.1%  send delay p99 1.967s  TTFT from send p50 3.817
    *** CLIENT LIMITED: dispatch delay p99 1.967s exceeds the 0.100s budget. The generator fell behind its own schedule, so this cell measures the client and must not be reported.
wrote /global/home/hpc6081/energy-epp/results/stage2-12303350/policies-rate169.5.json
client-limited cells at 169.5 req/s: round_robin - lower the offered rate or widen the generator
--- round_robin at 220.3 req/s ---
    J/req 8.17  goodput/J 0.0012  SLO 1.0%
    TTFT p50/p95 30.967/36.853s  TPOT 0.0266s  ITL p99/max 0.0296/17.7906s  e2e p99 60.584s  errors 0
    offered 220.3 req/s  achieved 121.1 req/s  fidelity 55.0%  send delay p99 5.362s  TTFT from send p50 26.870
    *** CLIENT LIMITED: dispatch delay p99 5.362s exceeds the 0.100s budget. The generator fell behind its own schedule, so this cell measures the client and must not be reported.
wrote /global/home/hpc6081/energy-epp/results/stage2-12303350/policies-rate220.3.json
client-limited cells at 220.3 req/s: round_robin - lower the offered rate or widen the generator
--- round_robin at 271.2 req/s ---
    J/req 9.10  goodput/J 0.0002  SLO 0.2%
    TTFT p50/p95 60.152/71.470s  TPOT 0.0015s  ITL p99/max 0.0000/2.1968s  e2e p99 80.332s  errors 0
    offered 271.2 req/s  achieved 104.0 req/s  fidelity 38.4%  send delay p99 21.009s  TTFT from send p50 53.511
    *** CLIENT LIMITED: dispatch delay p99 21.009s exceeds the 0.100s budget. The generator fell behind its own schedule, so this cell measures the client and must not be reported.
wrote /global/home/hpc6081/energy-epp/results/stage2-12303350/policies-rate271.2.json
client-limited cells at 271.2 req/s: round_robin - lower the offered rate or widen the generator
