load generator: 6 worker process(es)
--- round_robin at 120.0 req/s ---
    J/req 6.34  goodput/J 0.1578  SLO 100.0%
    TTFT p50/p95 0.047/0.057s  TPOT 0.0141s  ITL p99/max 0.0191/0.0669s  e2e p99 1.912s  errors 0
    SLO margin p50/p95 0.924/0.947 x SLO  within 10% of boundary 90.4%
    offered 120.0 req/s  achieved 116.8 req/s  fidelity 97.3%  send delay p99 0.003s  TTFT from send p50 0.046
--- least_loaded at 120.0 req/s ---
    J/req 6.61  goodput/J 0.1513  SLO 100.0%
    TTFT p50/p95 0.047/0.057s  TPOT 0.0140s  ITL p99/max 0.0191/0.0763s  e2e p99 1.897s  errors 0
    SLO margin p50/p95 0.916/0.939 x SLO  within 10% of boundary 84.2%
    offered 120.0 req/s  achieved 116.9 req/s  fidelity 97.4%  send delay p99 0.002s  TTFT from send p50 0.046
--- slo_packing at 120.0 req/s ---
    J/req 6.76  goodput/J 0.0898  SLO 60.7%
    TTFT p50/p95 0.052/0.063s  TPOT 0.0149s  ITL p99/max 0.0206/0.0763s  e2e p99 2.041s  errors 0
    SLO margin p50/p95 0.997/1.012 x SLO  within 10% of boundary 89.3%
    offered 120.0 req/s  achieved 116.6 req/s  fidelity 97.2%  send delay p99 0.002s  TTFT from send p50 0.051
--- energy_greedy at 120.0 req/s ---
    J/req 6.86  goodput/J 0.1038  SLO 71.2%
    TTFT p50/p95 0.051/0.063s  TPOT 0.0149s  ITL p99/max 0.0201/0.0696s  e2e p99 2.028s  errors 0
    SLO margin p50/p95 0.995/1.008 x SLO  within 10% of boundary 89.1%
    offered 120.0 req/s  achieved 116.7 req/s  fidelity 97.3%  send delay p99 0.002s  TTFT from send p50 0.051
--- energy_consolidate at 120.0 req/s ---
    J/req 6.94  goodput/J 0.1028  SLO 71.3%
    TTFT p50/p95 0.052/0.063s  TPOT 0.0148s  ITL p99/max 0.0200/0.0846s  e2e p99 2.031s  errors 0
    SLO margin p50/p95 0.995/1.008 x SLO  within 10% of boundary 89.1%
    offered 120.0 req/s  achieved 116.6 req/s  fidelity 97.2%  send delay p99 0.002s  TTFT from send p50 0.051
wrote /global/home/hpc6081/energy-epp/results/stage2-12304118/policies-rate120.json
load generator: 6 worker process(es)
--- round_robin at 136.0 req/s ---
    J/req 6.33  goodput/J 0.1494  SLO 94.5%
    TTFT p50/p95 0.050/0.062s  TPOT 0.0149s  ITL p99/max 0.0207/0.0839s  e2e p99 2.026s  errors 0
    SLO margin p50/p95 0.973/1.001 x SLO  within 10% of boundary 95.5%
    offered 136.0 req/s  achieved 132.5 req/s  fidelity 97.4%  send delay p99 0.004s  TTFT from send p50 0.049
--- least_loaded at 136.0 req/s ---
    J/req 6.36  goodput/J 0.1458  SLO 92.7%
    TTFT p50/p95 0.050/0.061s  TPOT 0.0148s  ITL p99/max 0.0201/0.0786s  e2e p99 2.013s  errors 0
    SLO margin p50/p95 0.971/1.002 x SLO  within 10% of boundary 95.3%
    offered 136.0 req/s  achieved 132.5 req/s  fidelity 97.4%  send delay p99 0.003s  TTFT from send p50 0.049
--- slo_packing at 136.0 req/s ---
    J/req 6.38  goodput/J 0.0750  SLO 47.8%
    TTFT p50/p95 0.052/0.065s  TPOT 0.0150s  ITL p99/max 0.0207/0.0763s  e2e p99 2.037s  errors 0
    SLO margin p50/p95 1.001/1.012 x SLO  within 10% of boundary 86.7%
    offered 136.0 req/s  achieved 132.4 req/s  fidelity 97.3%  send delay p99 0.003s  TTFT from send p50 0.052
--- energy_greedy at 136.0 req/s ---
    J/req 6.34  goodput/J 0.0850  SLO 53.9%
    TTFT p50/p95 0.052/0.064s  TPOT 0.0149s  ITL p99/max 0.0204/0.0770s  e2e p99 2.036s  errors 0
    SLO margin p50/p95 0.999/1.012 x SLO  within 10% of boundary 85.6%
    offered 136.0 req/s  achieved 132.4 req/s  fidelity 97.4%  send delay p99 0.003s  TTFT from send p50 0.052
--- energy_consolidate at 136.0 req/s ---
    J/req 6.35  goodput/J 0.0862  SLO 54.7%
    TTFT p50/p95 0.052/0.064s  TPOT 0.0149s  ITL p99/max 0.0207/0.0865s  e2e p99 2.038s  errors 0
    SLO margin p50/p95 0.999/1.011 x SLO  within 10% of boundary 86.1%
    offered 136.0 req/s  achieved 132.4 req/s  fidelity 97.3%  send delay p99 0.003s  TTFT from send p50 0.052
wrote /global/home/hpc6081/energy-epp/results/stage2-12304118/policies-rate136.json
load generator: 6 worker process(es)
--- round_robin at 150.0 req/s ---
    J/req 5.89  goodput/J 0.0630  SLO 37.1%
    TTFT p50/p95 0.053/0.065s  TPOT 0.0153s  ITL p99/max 0.0208/0.0865s  e2e p99 2.062s  errors 0
    SLO margin p50/p95 1.003/1.022 x SLO  within 10% of boundary 96.5%
    offered 150.0 req/s  achieved 145.4 req/s  fidelity 96.9%  send delay p99 0.004s  TTFT from send p50 0.052
--- least_loaded at 150.0 req/s ---
    J/req 5.92  goodput/J 0.0461  SLO 27.3%
    TTFT p50/p95 0.053/0.065s  TPOT 0.0153s  ITL p99/max 0.0209/0.0785s  e2e p99 2.067s  errors 0
    SLO margin p50/p95 1.005/1.024 x SLO  within 10% of boundary 96.3%
    offered 150.0 req/s  achieved 145.3 req/s  fidelity 96.9%  send delay p99 0.003s  TTFT from send p50 0.052
--- slo_packing at 150.0 req/s ---
    J/req 5.91  goodput/J 0.0437  SLO 25.9%
    TTFT p50/p95 0.054/0.066s  TPOT 0.0154s  ITL p99/max 0.0206/0.0774s  e2e p99 2.071s  errors 0
    SLO margin p50/p95 1.007/1.026 x SLO  within 10% of boundary 96.7%
    offered 150.0 req/s  achieved 145.2 req/s  fidelity 96.8%  send delay p99 0.003s  TTFT from send p50 0.053
--- energy_greedy at 150.0 req/s ---
    J/req 5.87  goodput/J 0.0653  SLO 38.3%
    TTFT p50/p95 0.054/0.067s  TPOT 0.0154s  ITL p99/max 0.0207/0.0802s  e2e p99 2.302s  errors 0
    SLO margin p50/p95 1.003/1.077 x SLO  within 10% of boundary 94.2%
    offered 150.0 req/s  achieved 145.3 req/s  fidelity 96.9%  send delay p99 0.003s  TTFT from send p50 0.054
--- energy_consolidate at 150.0 req/s ---
    J/req 5.84  goodput/J 0.0759  SLO 44.3%
    TTFT p50/p95 0.055/0.068s  TPOT 0.0154s  ITL p99/max 0.0209/0.0843s  e2e p99 2.266s  errors 0
    SLO margin p50/p95 1.001/1.064 x SLO  within 10% of boundary 94.6%
    offered 150.0 req/s  achieved 145.4 req/s  fidelity 96.9%  send delay p99 0.003s  TTFT from send p50 0.054
    *** CURVE OUT OF RANGE on 12 routing decisions: the energy/latency model was asked about concurrencies the Stage 1 sweep never measured. Those endpoints were treated as infeasible rather than guessed. Extend the curve before making any claim about this policy.
wrote /global/home/hpc6081/energy-epp/results/stage2-12304118/policies-rate150.json
load generator: 6 worker process(es)
--- round_robin at 165.0 req/s ---
    J/req 5.53  goodput/J 0.0105  SLO 5.8%
    TTFT p50/p95 0.056/0.068s  TPOT 0.0158s  ITL p99/max 0.0220/0.0996s  e2e p99 2.151s  errors 0
    SLO margin p50/p95 1.036/1.067 x SLO  within 10% of boundary 97.7%
    offered 165.0 req/s  achieved 159.0 req/s  fidelity 96.4%  send delay p99 0.005s  TTFT from send p50 0.055
--- least_loaded at 165.0 req/s ---
    J/req 5.55  goodput/J 0.0109  SLO 6.0%
    TTFT p50/p95 0.056/0.067s  TPOT 0.0158s  ITL p99/max 0.0216/0.0832s  e2e p99 2.152s  errors 0
    SLO margin p50/p95 1.033/1.066 x SLO  within 10% of boundary 97.5%
    offered 165.0 req/s  achieved 159.1 req/s  fidelity 96.4%  send delay p99 0.004s  TTFT from send p50 0.055
--- slo_packing at 165.0 req/s ---
    J/req 5.48  goodput/J 0.0066  SLO 3.6%
    TTFT p50/p95 0.058/0.071s  TPOT 0.0160s  ITL p99/max 0.0219/0.0825s  e2e p99 2.181s  errors 0
    SLO margin p50/p95 1.047/1.082 x SLO  within 10% of boundary 98.3%
    offered 165.0 req/s  achieved 158.9 req/s  fidelity 96.3%  send delay p99 0.004s  TTFT from send p50 0.057
--- energy_greedy at 165.0 req/s ---
    J/req 5.45  goodput/J 0.0245  SLO 13.4%
    TTFT p50/p95 0.059/0.077s  TPOT 0.0163s  ITL p99/max 0.0233/0.0875s  e2e p99 2.428s  errors 0
    SLO margin p50/p95 1.016/1.202 x SLO  within 10% of boundary 67.2%
    offered 165.0 req/s  achieved 158.6 req/s  fidelity 96.1%  send delay p99 0.004s  TTFT from send p50 0.058
    *** CURVE OUT OF RANGE on 3445 routing decisions: the energy/latency model was asked about concurrencies the Stage 1 sweep never measured. Those endpoints were treated as infeasible rather than guessed. Extend the curve before making any claim about this policy.
--- energy_consolidate at 165.0 req/s ---
    J/req 5.42  goodput/J 0.0412  SLO 22.3%
    TTFT p50/p95 0.059/0.076s  TPOT 0.0162s  ITL p99/max 0.0230/0.1024s  e2e p99 2.422s  errors 0
    SLO margin p50/p95 1.012/1.194 x SLO  within 10% of boundary 68.3%
    offered 165.0 req/s  achieved 158.4 req/s  fidelity 96.0%  send delay p99 0.004s  TTFT from send p50 0.058
    *** CURVE OUT OF RANGE on 3285 routing decisions: the energy/latency model was asked about concurrencies the Stage 1 sweep never measured. Those endpoints were treated as infeasible rather than guessed. Extend the curve before making any claim about this policy.
wrote /global/home/hpc6081/energy-epp/results/stage2-12304118/policies-rate165.json
load generator: 6 worker process(es)
--- round_robin at 180.0 req/s ---
    J/req 5.22  goodput/J 0.0090  SLO 4.7%
    TTFT p50/p95 0.059/0.072s  TPOT 0.0166s  ITL p99/max 0.0232/0.0856s  e2e p99 2.282s  errors 0
    SLO margin p50/p95 1.091/1.130 x SLO  within 10% of boundary 63.0%
    offered 180.0 req/s  achieved 173.3 req/s  fidelity 96.3%  send delay p99 0.006s  TTFT from send p50 0.058
--- least_loaded at 180.0 req/s ---
    J/req 5.20  goodput/J 0.0094  SLO 4.9%
    TTFT p50/p95 0.060/0.073s  TPOT 0.0166s  ITL p99/max 0.0231/0.0933s  e2e p99 2.282s  errors 0
    SLO margin p50/p95 1.088/1.125 x SLO  within 10% of boundary 68.2%
    offered 180.0 req/s  achieved 173.3 req/s  fidelity 96.3%  send delay p99 0.005s  TTFT from send p50 0.059
--- slo_packing at 180.0 req/s ---
    J/req 5.15  goodput/J 0.0056  SLO 2.9%
    TTFT p50/p95 0.061/0.074s  TPOT 0.0168s  ITL p99/max 0.0227/0.0867s  e2e p99 2.290s  errors 0
    SLO margin p50/p95 1.100/1.135 x SLO  within 10% of boundary 48.0%
    offered 180.0 req/s  achieved 173.2 req/s  fidelity 96.2%  send delay p99 0.005s  TTFT from send p50 0.060
--- energy_greedy at 180.0 req/s ---
    J/req 5.08  goodput/J 0.0140  SLO 7.1%
    TTFT p50/p95 0.063/0.081s  TPOT 0.0171s  ITL p99/max 0.0246/0.0911s  e2e p99 2.456s  errors 0
    SLO margin p50/p95 1.153/1.220 x SLO  within 10% of boundary 42.8%
    offered 180.0 req/s  achieved 172.8 req/s  fidelity 96.0%  send delay p99 0.005s  TTFT from send p50 0.062
    *** CURVE OUT OF RANGE on 15324 routing decisions: the energy/latency model was asked about concurrencies the Stage 1 sweep never measured. Those endpoints were treated as infeasible rather than guessed. Extend the curve before making any claim about this policy.
--- energy_consolidate at 180.0 req/s ---
    J/req 5.05  goodput/J 0.0175  SLO 8.8%
    TTFT p50/p95 0.063/0.082s  TPOT 0.0170s  ITL p99/max 0.0249/0.0859s  e2e p99 2.450s  errors 0
    SLO margin p50/p95 1.146/1.217 x SLO  within 10% of boundary 43.7%
    offered 180.0 req/s  achieved 172.8 req/s  fidelity 96.0%  send delay p99 0.005s  TTFT from send p50 0.062
    *** CURVE OUT OF RANGE on 15444 routing decisions: the energy/latency model was asked about concurrencies the Stage 1 sweep never measured. Those endpoints were treated as infeasible rather than guessed. Extend the curve before making any claim about this policy.
wrote /global/home/hpc6081/energy-epp/results/stage2-12304118/policies-rate180.json
load generator: 6 worker process(es)
--- slo_packing at 180.0 req/s ---
    J/req 5.11  goodput/J 0.0055  SLO 2.8%
    TTFT p50/p95 0.061/0.075s  TPOT 0.0168s  ITL p99/max 0.0228/0.0899s  e2e p99 2.309s  errors 0
    SLO margin p50/p95 1.101/1.141 x SLO  within 10% of boundary 46.8%
    offered 180.0 req/s  achieved 173.1 req/s  fidelity 96.2%  send delay p99 0.005s  TTFT from send p50 0.060
wrote /global/home/hpc6081/energy-epp/results/stage2-12304118/control-counteronly.json
  full telemetry : 5.146 J/req   poll=0.25s SLO=2.9%  p95=2.270s
  counter only   : 5.113 J/req   poll=0.0s SLO=2.8%  p95=2.282s
  energy difference    : +0.64%
  p95 difference       : -0.55%
  completed difference : +0.00%
  VERDICT: telemetry overhead is not measurable (<1%). Pass A
  numbers stand unqualified.
