idle(model loaded): 56.66 W
trial1 c=1   prefix=0 194.97 W    130.6 tok/s  J/tok=1.4931  p95=0.982s err=0
trial1 c=2   prefix=0 195.02 W    225.5 tok/s  J/tok=0.8648  p95=1.138s err=0
trial1 c=4   prefix=0 199.39 W    437.9 tok/s  J/tok=0.4553  p95=1.171s err=0
trial1 c=8   prefix=0 203.02 W    840.5 tok/s  J/tok=0.2416  p95=1.221s err=0
trial1 c=8   prefix=1  199.6 W    780.7 tok/s  J/tok=0.2557  p95=1.302s err=0
trial1 c=16  prefix=0 208.26 W   1543.0 tok/s  J/tok=0.135  p95=1.335s err=0
trial1 c=32  prefix=0 209.37 W   2692.5 tok/s  J/tok=0.0778  p95=1.531s err=0
trial1 c=48  prefix=0 208.97 W   3566.6 tok/s  J/tok=0.0586  p95=1.723s err=0
trial1 c=64  prefix=0 210.39 W   4424.8 tok/s  J/tok=0.0475  p95=1.866s err=0
trial1 c=96  prefix=0 218.22 W   5825.8 tok/s  J/tok=0.0375  p95=2.128s err=0
trial1 c=128 prefix=0 221.57 W   6996.7 tok/s  J/tok=0.0317  p95=2.363s err=0
trial2 c=1   prefix=0 212.78 W    130.6 tok/s  J/tok=1.6292  p95=0.981s err=0
trial2 c=2   prefix=0 198.41 W    225.4 tok/s  J/tok=0.8801  p95=1.137s err=0
trial2 c=4   prefix=0 198.76 W    437.7 tok/s  J/tok=0.4541  p95=1.172s err=0
trial2 c=8   prefix=0 201.96 W    837.1 tok/s  J/tok=0.2412  p95=1.227s err=0
trial2 c=8   prefix=1 197.05 W    779.1 tok/s  J/tok=0.2529  p95=1.302s err=0
trial2 c=16  prefix=0 206.56 W   1545.7 tok/s  J/tok=0.1336  p95=1.335s err=0
trial2 c=32  prefix=0 209.26 W   2692.5 tok/s  J/tok=0.0777  p95=1.52s err=0
trial2 c=48  prefix=0 208.55 W   3572.5 tok/s  J/tok=0.0584  p95=1.722s err=0
trial2 c=64  prefix=0  211.4 W   4417.2 tok/s  J/tok=0.0479  p95=1.861s err=0
trial2 c=96  prefix=0 217.78 W   5833.9 tok/s  J/tok=0.0373  p95=2.124s err=0
trial2 c=128 prefix=0 221.71 W   6975.6 tok/s  J/tok=0.0318  p95=2.363s err=0

wrote /global/home/hpc6081/energy-epp/results/h1-12304126/h1.csv (23 rows) gpu=Quadro RTX 8000
