load generator: 16 worker process(es)
--- slo_packing at 300.0 req/s ---
    J/req 3.80  goodput/J 0.2630  SLO 100.0%
    TTFT p50/p95 0.053/0.090s  TPOT 0.0064s  ITL p99/max 0.0112/0.0515s  e2e p99 0.949s  errors 0
    SLO margin p50/p95 0.441/0.467 x SLO  within 10% of boundary 0.0%
    offered 300.0 req/s  achieved 288.8 req/s  fidelity 96.3%  send delay p99 0.001s  TTFT from send p50 0.053
    (curve probed above its measured range 13795 time(s); those endpoints were excluded as infeasible, which is the intended conservative behaviour, and every pick still had a grounded option)
--- energy_greedy at 300.0 req/s ---
    J/req 3.86  goodput/J 0.2591  SLO 100.0%
    TTFT p50/p95 0.058/0.098s  TPOT 0.0065s  ITL p99/max 0.0121/0.0529s  e2e p99 0.981s  errors 0
    SLO margin p50/p95 0.449/0.476 x SLO  within 10% of boundary 0.0%
    offered 300.0 req/s  achieved 288.8 req/s  fidelity 96.3%  send delay p99 0.001s  TTFT from send p50 0.058
    (curve probed above its measured range 14243 time(s); those endpoints were excluded as infeasible, which is the intended conservative behaviour, and every pick still had a grounded option)
--- energy_consolidate at 300.0 req/s ---
    J/req 3.84  goodput/J 0.2604  SLO 100.0%
    TTFT p50/p95 0.055/0.091s  TPOT 0.0065s  ITL p99/max 0.0115/0.0538s  e2e p99 0.968s  errors 0
    SLO margin p50/p95 0.449/0.475 x SLO  within 10% of boundary 0.0%
    offered 300.0 req/s  achieved 288.9 req/s  fidelity 96.3%  send delay p99 0.001s  TTFT from send p50 0.054
    (curve probed above its measured range 14515 time(s); those endpoints were excluded as infeasible, which is the intended conservative behaviour, and every pick still had a grounded option)
wrote /global/home/hpc6081/energy-epp/results/stage2het-12325360/policies-rate300.json
load generator: 16 worker process(es)
--- slo_packing at 400.0 req/s ---
    J/req 3.12  goodput/J 0.3200  SLO 100.0%
    TTFT p50/p95 0.061/0.097s  TPOT 0.0065s  ITL p99/max 0.0118/0.0515s  e2e p99 0.964s  errors 0
    SLO margin p50/p95 0.443/0.472 x SLO  within 10% of boundary 0.0%
    offered 400.0 req/s  achieved 384.9 req/s  fidelity 96.2%  send delay p99 0.001s  TTFT from send p50 0.061
    (curve probed above its measured range 30039 time(s); those endpoints were excluded as infeasible, which is the intended conservative behaviour, and every pick still had a grounded option)
--- energy_greedy at 400.0 req/s ---
    J/req 3.15  goodput/J 0.3175  SLO 100.0%
    TTFT p50/p95 0.063/0.098s  TPOT 0.0065s  ITL p99/max 0.0123/0.0643s  e2e p99 0.958s  errors 0
    SLO margin p50/p95 0.443/0.470 x SLO  within 10% of boundary 0.0%
    offered 400.0 req/s  achieved 384.8 req/s  fidelity 96.2%  send delay p99 0.001s  TTFT from send p50 0.063
    (curve probed above its measured range 29886 time(s); those endpoints were excluded as infeasible, which is the intended conservative behaviour, and every pick still had a grounded option)
--- energy_consolidate at 400.0 req/s ---
    J/req 3.14  goodput/J 0.3186  SLO 100.0%
    TTFT p50/p95 0.061/0.098s  TPOT 0.0066s  ITL p99/max 0.0118/0.0573s  e2e p99 0.960s  errors 0
    SLO margin p50/p95 0.445/0.473 x SLO  within 10% of boundary 0.0%
    offered 400.0 req/s  achieved 385.0 req/s  fidelity 96.2%  send delay p99 0.001s  TTFT from send p50 0.060
    (curve probed above its measured range 30566 time(s); those endpoints were excluded as infeasible, which is the intended conservative behaviour, and every pick still had a grounded option)
wrote /global/home/hpc6081/energy-epp/results/stage2het-12325360/policies-rate400.json
load generator: 16 worker process(es)
--- slo_packing at 300.0 req/s ---
    J/req 3.85  goodput/J 0.2599  SLO 100.0%
    TTFT p50/p95 0.050/0.088s  TPOT 0.0064s  ITL p99/max 0.0111/0.0485s  e2e p99 0.955s  errors 0
    SLO margin p50/p95 0.445/0.469 x SLO  within 10% of boundary 0.0%
    offered 300.0 req/s  achieved 288.9 req/s  fidelity 96.3%  send delay p99 0.001s  TTFT from send p50 0.050
    (curve probed above its measured range 14398 time(s); those endpoints were excluded as infeasible, which is the intended conservative behaviour, and every pick still had a grounded option)
--- energy_greedy at 300.0 req/s ---
    J/req 3.84  goodput/J 0.2605  SLO 100.0%
    TTFT p50/p95 0.048/0.085s  TPOT 0.0064s  ITL p99/max 0.0109/0.0577s  e2e p99 0.952s  errors 0
    SLO margin p50/p95 0.445/0.468 x SLO  within 10% of boundary 0.0%
    offered 300.0 req/s  achieved 288.8 req/s  fidelity 96.3%  send delay p99 0.001s  TTFT from send p50 0.048
    (curve probed above its measured range 14001 time(s); those endpoints were excluded as infeasible, which is the intended conservative behaviour, and every pick still had a grounded option)
--- energy_consolidate at 300.0 req/s ---
    J/req 3.83  goodput/J 0.2610  SLO 100.0%
    TTFT p50/p95 0.051/0.090s  TPOT 0.0065s  ITL p99/max 0.0116/0.0592s  e2e p99 0.960s  errors 0
    SLO margin p50/p95 0.447/0.473 x SLO  within 10% of boundary 0.0%
    offered 300.0 req/s  achieved 288.8 req/s  fidelity 96.3%  send delay p99 0.001s  TTFT from send p50 0.051
    (curve probed above its measured range 14301 time(s); those endpoints were excluded as infeasible, which is the intended conservative behaviour, and every pick still had a grounded option)
wrote /global/home/hpc6081/energy-epp/results/stage2het-12325360/policies-h0.1-rate300.json
load generator: 16 worker process(es)
--- slo_packing at 400.0 req/s ---
    J/req 3.12  goodput/J 0.3201  SLO 100.0%
    TTFT p50/p95 0.059/0.095s  TPOT 0.0064s  ITL p99/max 0.0116/0.0570s  e2e p99 0.947s  errors 0
    SLO margin p50/p95 0.438/0.466 x SLO  within 10% of boundary 0.0%
    offered 400.0 req/s  achieved 385.0 req/s  fidelity 96.2%  send delay p99 0.001s  TTFT from send p50 0.058
    (curve probed above its measured range 29899 time(s); those endpoints were excluded as infeasible, which is the intended conservative behaviour, and every pick still had a grounded option)
--- energy_greedy at 400.0 req/s ---
    J/req 3.09  goodput/J 0.3241  SLO 100.0%
    TTFT p50/p95 0.057/0.094s  TPOT 0.0065s  ITL p99/max 0.0118/0.0645s  e2e p99 0.958s  errors 0
    SLO margin p50/p95 0.440/0.468 x SLO  within 10% of boundary 0.0%
    offered 400.0 req/s  achieved 384.8 req/s  fidelity 96.2%  send delay p99 0.001s  TTFT from send p50 0.056
    (curve probed above its measured range 29635 time(s); those endpoints were excluded as infeasible, which is the intended conservative behaviour, and every pick still had a grounded option)
--- energy_consolidate at 400.0 req/s ---
    J/req 3.14  goodput/J 0.3186  SLO 100.0%
    TTFT p50/p95 0.059/0.094s  TPOT 0.0065s  ITL p99/max 0.0120/0.0528s  e2e p99 0.960s  errors 0
    SLO margin p50/p95 0.445/0.473 x SLO  within 10% of boundary 0.0%
    offered 400.0 req/s  achieved 382.5 req/s  fidelity 95.6%  send delay p99 0.001s  TTFT from send p50 0.058
    (curve probed above its measured range 30329 time(s); those endpoints were excluded as infeasible, which is the intended conservative behaviour, and every pick still had a grounded option)
wrote /global/home/hpc6081/energy-epp/results/stage2het-12325360/policies-h0.1-rate400.json
load generator: 16 worker process(es)
--- slo_packing at 300.0 req/s ---
    J/req 3.86  goodput/J 0.2590  SLO 100.0%
    TTFT p50/p95 0.052/0.092s  TPOT 0.0065s  ITL p99/max 0.0112/0.0505s  e2e p99 0.965s  errors 0
    SLO margin p50/p95 0.447/0.472 x SLO  within 10% of boundary 0.0%
    offered 300.0 req/s  achieved 288.9 req/s  fidelity 96.3%  send delay p99 0.001s  TTFT from send p50 0.052
    (curve probed above its measured range 14091 time(s); those endpoints were excluded as infeasible, which is the intended conservative behaviour, and every pick still had a grounded option)
--- energy_greedy at 300.0 req/s ---
    J/req 3.86  goodput/J 0.2593  SLO 100.0%
    TTFT p50/p95 0.048/0.087s  TPOT 0.0064s  ITL p99/max 0.0110/0.0485s  e2e p99 0.953s  errors 0
    SLO margin p50/p95 0.446/0.470 x SLO  within 10% of boundary 0.0%
    offered 300.0 req/s  achieved 288.7 req/s  fidelity 96.2%  send delay p99 0.001s  TTFT from send p50 0.047
    (curve probed above its measured range 14277 time(s); those endpoints were excluded as infeasible, which is the intended conservative behaviour, and every pick still had a grounded option)
--- energy_consolidate at 300.0 req/s ---
    J/req 3.87  goodput/J 0.2583  SLO 100.0%
    TTFT p50/p95 0.057/0.095s  TPOT 0.0065s  ITL p99/max 0.0112/0.0497s  e2e p99 0.960s  errors 0
    SLO margin p50/p95 0.448/0.474 x SLO  within 10% of boundary 0.0%
    offered 300.0 req/s  achieved 288.5 req/s  fidelity 96.2%  send delay p99 0.001s  TTFT from send p50 0.057
    (curve probed above its measured range 14320 time(s); those endpoints were excluded as infeasible, which is the intended conservative behaviour, and every pick still had a grounded option)
wrote /global/home/hpc6081/energy-epp/results/stage2het-12325360/policies-h0.2-rate300.json
load generator: 16 worker process(es)
--- slo_packing at 400.0 req/s ---
    J/req 3.09  goodput/J 0.3231  SLO 100.0%
    TTFT p50/p95 0.058/0.093s  TPOT 0.0065s  ITL p99/max 0.0117/0.0553s  e2e p99 0.953s  errors 0
    SLO margin p50/p95 0.441/0.469 x SLO  within 10% of boundary 0.0%
    offered 400.0 req/s  achieved 384.8 req/s  fidelity 96.2%  send delay p99 0.001s  TTFT from send p50 0.057
    (curve probed above its measured range 29749 time(s); those endpoints were excluded as infeasible, which is the intended conservative behaviour, and every pick still had a grounded option)
--- energy_greedy at 400.0 req/s ---
    J/req 3.13  goodput/J 0.3194  SLO 100.0%
    TTFT p50/p95 0.059/0.093s  TPOT 0.0065s  ITL p99/max 0.0117/0.0573s  e2e p99 0.959s  errors 0
    SLO margin p50/p95 0.443/0.472 x SLO  within 10% of boundary 0.0%
    offered 400.0 req/s  achieved 384.6 req/s  fidelity 96.2%  send delay p99 0.001s  TTFT from send p50 0.059
    (curve probed above its measured range 30283 time(s); those endpoints were excluded as infeasible, which is the intended conservative behaviour, and every pick still had a grounded option)
--- energy_consolidate at 400.0 req/s ---
    J/req 3.14  goodput/J 0.3185  SLO 100.0%
    TTFT p50/p95 0.058/0.095s  TPOT 0.0065s  ITL p99/max 0.0117/0.0578s  e2e p99 0.966s  errors 0
    SLO margin p50/p95 0.442/0.473 x SLO  within 10% of boundary 0.0%
    offered 400.0 req/s  achieved 384.6 req/s  fidelity 96.1%  send delay p99 0.001s  TTFT from send p50 0.057
    (curve probed above its measured range 30026 time(s); those endpoints were excluded as infeasible, which is the intended conservative behaviour, and every pick still had a grounded option)
wrote /global/home/hpc6081/energy-epp/results/stage2het-12325360/policies-h0.2-rate400.json
load generator: 16 worker process(es)
--- slo_packing at 300.0 req/s ---
    J/req 3.87  goodput/J 0.2586  SLO 100.0%
    TTFT p50/p95 0.053/0.089s  TPOT 0.0065s  ITL p99/max 0.0113/0.0440s  e2e p99 0.960s  errors 0
    SLO margin p50/p95 0.449/0.472 x SLO  within 10% of boundary 0.0%
    offered 300.0 req/s  achieved 288.8 req/s  fidelity 96.3%  send delay p99 0.001s  TTFT from send p50 0.052
    (curve probed above its measured range 14046 time(s); those endpoints were excluded as infeasible, which is the intended conservative behaviour, and every pick still had a grounded option)
--- energy_greedy at 300.0 req/s ---
    J/req 3.85  goodput/J 0.2594  SLO 100.0%
    TTFT p50/p95 0.054/0.093s  TPOT 0.0065s  ITL p99/max 0.0114/0.0484s  e2e p99 0.963s  errors 0
    SLO margin p50/p95 0.448/0.474 x SLO  within 10% of boundary 0.0%
    offered 300.0 req/s  achieved 288.8 req/s  fidelity 96.3%  send delay p99 0.001s  TTFT from send p50 0.054
    (curve probed above its measured range 14236 time(s); those endpoints were excluded as infeasible, which is the intended conservative behaviour, and every pick still had a grounded option)
--- energy_consolidate at 300.0 req/s ---
    J/req 3.86  goodput/J 0.2592  SLO 100.0%
    TTFT p50/p95 0.051/0.089s  TPOT 0.0064s  ITL p99/max 0.0112/0.0476s  e2e p99 0.952s  errors 0
    SLO margin p50/p95 0.445/0.469 x SLO  within 10% of boundary 0.0%
    offered 300.0 req/s  achieved 288.8 req/s  fidelity 96.3%  send delay p99 0.001s  TTFT from send p50 0.050
    (curve probed above its measured range 14195 time(s); those endpoints were excluded as infeasible, which is the intended conservative behaviour, and every pick still had a grounded option)
wrote /global/home/hpc6081/energy-epp/results/stage2het-12325360/policies-h0.3-rate300.json
load generator: 16 worker process(es)
--- slo_packing at 400.0 req/s ---
    J/req 3.10  goodput/J 0.3229  SLO 100.0%
    TTFT p50/p95 0.057/0.092s  TPOT 0.0065s  ITL p99/max 0.0114/0.0617s  e2e p99 0.954s  errors 0
    SLO margin p50/p95 0.441/0.469 x SLO  within 10% of boundary 0.0%
    offered 400.0 req/s  achieved 384.8 req/s  fidelity 96.2%  send delay p99 0.001s  TTFT from send p50 0.056
    (curve probed above its measured range 30180 time(s); those endpoints were excluded as infeasible, which is the intended conservative behaviour, and every pick still had a grounded option)
--- energy_greedy at 400.0 req/s ---
    J/req 3.12  goodput/J 0.3209  SLO 100.0%
    TTFT p50/p95 0.058/0.094s  TPOT 0.0065s  ITL p99/max 0.0118/0.0554s  e2e p99 0.955s  errors 0
    SLO margin p50/p95 0.442/0.470 x SLO  within 10% of boundary 0.0%
    offered 400.0 req/s  achieved 384.9 req/s  fidelity 96.2%  send delay p99 0.001s  TTFT from send p50 0.057
    (curve probed above its measured range 30241 time(s); those endpoints were excluded as infeasible, which is the intended conservative behaviour, and every pick still had a grounded option)
--- energy_consolidate at 400.0 req/s ---
    J/req 3.12  goodput/J 0.3200  SLO 100.0%
    TTFT p50/p95 0.059/0.093s  TPOT 0.0065s  ITL p99/max 0.0120/0.0654s  e2e p99 0.954s  errors 0
    SLO margin p50/p95 0.441/0.467 x SLO  within 10% of boundary 0.0%
    offered 400.0 req/s  achieved 385.0 req/s  fidelity 96.3%  send delay p99 0.001s  TTFT from send p50 0.059
    (curve probed above its measured range 29327 time(s); those endpoints were excluded as infeasible, which is the intended conservative behaviour, and every pick still had a grounded option)
wrote /global/home/hpc6081/energy-epp/results/stage2het-12325360/policies-h0.3-rate400.json
