load generator: 16 worker process(es)
--- slo_packing at 100.0 req/s ---
    J/req 9.05  goodput/J 0.1103  SLO 99.8%
    TTFT p50/p95 0.046/0.054s  TPOT 0.0141s  ITL p99/max 0.0176/0.0544s  e2e p99 1.902s  errors 0
    SLO margin p50/p95 0.937/0.947 x SLO  within 10% of boundary 85.8%
    offered 100.0 req/s  achieved 96.8 req/s  fidelity 96.8%  send delay p99 0.002s  TTFT from send p50 0.045
--- energy_greedy at 100.0 req/s ---
    J/req 9.03  goodput/J 0.1107  SLO 100.0%
    TTFT p50/p95 0.045/0.053s  TPOT 0.0141s  ITL p99/max 0.0172/0.0469s  e2e p99 1.894s  errors 0
    SLO margin p50/p95 0.932/0.944 x SLO  within 10% of boundary 85.4%
    offered 100.0 req/s  achieved 96.8 req/s  fidelity 96.8%  send delay p99 0.002s  TTFT from send p50 0.045
--- energy_consolidate at 100.0 req/s ---
    J/req 8.99  goodput/J 0.1112  SLO 100.0%
    TTFT p50/p95 0.045/0.054s  TPOT 0.0140s  ITL p99/max 0.0177/0.0455s  e2e p99 1.890s  errors 0
    SLO margin p50/p95 0.930/0.942 x SLO  within 10% of boundary 84.0%
    offered 100.0 req/s  achieved 96.9 req/s  fidelity 96.9%  send delay p99 0.002s  TTFT from send p50 0.045
wrote /global/home/hpc6081/energy-epp/results/stage2-12329241/policies-rate100.json
load generator: 16 worker process(es)
--- slo_packing at 150.0 req/s ---
    J/req 7.35  goodput/J 0.1361  SLO 100.0%
    TTFT p50/p95 0.047/0.056s  TPOT 0.0141s  ITL p99/max 0.0180/0.0520s  e2e p99 1.901s  errors 0
    SLO margin p50/p95 0.935/0.947 x SLO  within 10% of boundary 84.0%
    offered 150.0 req/s  achieved 144.9 req/s  fidelity 96.6%  send delay p99 0.001s  TTFT from send p50 0.046
--- energy_greedy at 150.0 req/s ---
    J/req 7.34  goodput/J 0.1361  SLO 100.0%
    TTFT p50/p95 0.047/0.057s  TPOT 0.0140s  ITL p99/max 0.0184/0.0461s  e2e p99 1.899s  errors 0
    SLO margin p50/p95 0.933/0.946 x SLO  within 10% of boundary 84.9%
    offered 150.0 req/s  achieved 145.0 req/s  fidelity 96.6%  send delay p99 0.001s  TTFT from send p50 0.046
--- energy_consolidate at 150.0 req/s ---
    J/req 7.33  goodput/J 0.1365  SLO 100.0%
    TTFT p50/p95 0.047/0.056s  TPOT 0.0141s  ITL p99/max 0.0180/0.0474s  e2e p99 1.900s  errors 0
    SLO margin p50/p95 0.934/0.946 x SLO  within 10% of boundary 85.2%
    offered 150.0 req/s  achieved 145.0 req/s  fidelity 96.6%  send delay p99 0.001s  TTFT from send p50 0.046
wrote /global/home/hpc6081/energy-epp/results/stage2-12329241/policies-rate150.json
load generator: 16 worker process(es)
--- slo_packing at 200.0 req/s ---
    J/req 6.56  goodput/J 0.1524  SLO 100.0%
    TTFT p50/p95 0.048/0.059s  TPOT 0.0142s  ITL p99/max 0.0188/0.0590s  e2e p99 1.904s  errors 0
    SLO margin p50/p95 0.936/0.948 x SLO  within 10% of boundary 88.3%
    offered 200.0 req/s  achieved 193.3 req/s  fidelity 96.6%  send delay p99 0.001s  TTFT from send p50 0.048
--- energy_greedy at 200.0 req/s ---
    J/req 6.56  goodput/J 0.1525  SLO 100.0%
    TTFT p50/p95 0.048/0.059s  TPOT 0.0142s  ITL p99/max 0.0187/0.0654s  e2e p99 1.901s  errors 0
    SLO margin p50/p95 0.937/0.946 x SLO  within 10% of boundary 88.3%
    offered 200.0 req/s  achieved 193.4 req/s  fidelity 96.7%  send delay p99 0.001s  TTFT from send p50 0.048
--- energy_consolidate at 200.0 req/s ---
    J/req 6.57  goodput/J 0.1523  SLO 100.0%
    TTFT p50/p95 0.048/0.059s  TPOT 0.0141s  ITL p99/max 0.0187/0.0723s  e2e p99 1.906s  errors 0
    SLO margin p50/p95 0.936/0.947 x SLO  within 10% of boundary 87.9%
    offered 200.0 req/s  achieved 193.4 req/s  fidelity 96.7%  send delay p99 0.001s  TTFT from send p50 0.048
wrote /global/home/hpc6081/energy-epp/results/stage2-12329241/policies-rate200.json
load generator: 16 worker process(es)
--- slo_packing at 250.0 req/s ---
    J/req 5.94  goodput/J 0.1682  SLO 100.0%
    TTFT p50/p95 0.049/0.061s  TPOT 0.0142s  ITL p99/max 0.0191/0.0754s  e2e p99 1.904s  errors 0
    SLO margin p50/p95 0.937/0.948 x SLO  within 10% of boundary 89.0%
    offered 250.0 req/s  achieved 242.3 req/s  fidelity 96.9%  send delay p99 0.001s  TTFT from send p50 0.049
--- energy_greedy at 250.0 req/s ---
    J/req 5.93  goodput/J 0.1685  SLO 100.0%
    TTFT p50/p95 0.050/0.061s  TPOT 0.0142s  ITL p99/max 0.0195/0.0787s  e2e p99 1.907s  errors 0
    SLO margin p50/p95 0.938/0.949 x SLO  within 10% of boundary 89.0%
    offered 250.0 req/s  achieved 242.5 req/s  fidelity 97.0%  send delay p99 0.001s  TTFT from send p50 0.049
--- energy_consolidate at 250.0 req/s ---
    J/req 5.94  goodput/J 0.1683  SLO 100.0%
    TTFT p50/p95 0.050/0.061s  TPOT 0.0142s  ITL p99/max 0.0192/0.0699s  e2e p99 1.906s  errors 0
    SLO margin p50/p95 0.938/0.948 x SLO  within 10% of boundary 89.7%
    offered 250.0 req/s  achieved 242.3 req/s  fidelity 96.9%  send delay p99 0.001s  TTFT from send p50 0.049
wrote /global/home/hpc6081/energy-epp/results/stage2-12329241/policies-rate250.json
load generator: 16 worker process(es)
--- slo_packing at 300.0 req/s ---
    J/req 5.17  goodput/J 0.0277  SLO 14.3%
    TTFT p50/p95 0.053/0.066s  TPOT 0.0154s  ITL p99/max 0.0205/0.0906s  e2e p99 2.064s  errors 0
    SLO margin p50/p95 1.011/1.026 x SLO  within 10% of boundary 96.5%
    offered 300.0 req/s  achieved 289.3 req/s  fidelity 96.4%  send delay p99 0.001s  TTFT from send p50 0.053
    (policy INACTIVE on 95% of picks: the curve answered but no endpoint met the SLO, so every policy ran the same load-balancing fallback. Sound overload data; no policy comparison can rest on this cell.)
--- energy_greedy at 300.0 req/s ---
    J/req 5.15  goodput/J 0.0431  SLO 22.2%
    TTFT p50/p95 0.053/0.066s  TPOT 0.0154s  ITL p99/max 0.0208/0.0817s  e2e p99 2.063s  errors 0
    SLO margin p50/p95 1.008/1.024 x SLO  within 10% of boundary 96.5%
    offered 300.0 req/s  achieved 289.1 req/s  fidelity 96.4%  send delay p99 0.001s  TTFT from send p50 0.052
    (policy INACTIVE on 95% of picks: the curve answered but no endpoint met the SLO, so every policy ran the same load-balancing fallback. Sound overload data; no policy comparison can rest on this cell.)
--- energy_consolidate at 300.0 req/s ---
    J/req 5.15  goodput/J 0.0430  SLO 22.1%
    TTFT p50/p95 0.053/0.065s  TPOT 0.0154s  ITL p99/max 0.0206/0.0852s  e2e p99 2.058s  errors 0
    SLO margin p50/p95 1.008/1.023 x SLO  within 10% of boundary 96.6%
    offered 300.0 req/s  achieved 289.1 req/s  fidelity 96.4%  send delay p99 0.001s  TTFT from send p50 0.052
    (policy INACTIVE on 95% of picks: the curve answered but no endpoint met the SLO, so every policy ran the same load-balancing fallback. Sound overload data; no policy comparison can rest on this cell.)
wrote /global/home/hpc6081/energy-epp/results/stage2-12329241/policies-rate300.json
load generator: 16 worker process(es)
--- slo_packing at 300.0 req/s ---
    J/req 5.16  goodput/J 0.0385  SLO 19.9%
    TTFT p50/p95 0.053/0.066s  TPOT 0.0154s  ITL p99/max 0.0202/0.0843s  e2e p99 2.059s  errors 0
    SLO margin p50/p95 1.008/1.024 x SLO  within 10% of boundary 96.5%
    offered 300.0 req/s  achieved 289.1 req/s  fidelity 96.4%  send delay p99 0.001s  TTFT from send p50 0.052
    (policy INACTIVE on 95% of picks: the curve answered but no endpoint met the SLO, so every policy ran the same load-balancing fallback. Sound overload data; no policy comparison can rest on this cell.)
wrote /global/home/hpc6081/energy-epp/results/stage2-12329241/control-counteronly.json
  full telemetry : 5.173 J/req   poll=0.25s SLO=14.3%  p95=2.052s
  counter only   : 5.155 J/req   poll=0.0s SLO=19.9%  p95=2.048s
  energy difference    : +0.34%
  p95 difference       : +0.20%
  completed difference : +0.00%
  VERDICT: telemetry overhead is not measurable (<1%). Pass A
  numbers stand unqualified.
