load generator: 6 worker process(es)
--- round_robin at 120.0 req/s ---
    J/req 6.36  goodput/J 0.1573  SLO 100.0%
    TTFT p50/p95 0.047/0.057s  TPOT 0.0141s  ITL p99/max 0.0192/0.0736s  e2e p99 1.914s  errors 0
    SLO margin p50/p95 0.924/0.948 x SLO  within 10% of boundary 90.0%
    offered 120.0 req/s  achieved 116.9 req/s  fidelity 97.4%  send delay p99 0.003s  TTFT from send p50 0.046
--- least_loaded at 120.0 req/s ---
    J/req 6.63  goodput/J 0.1509  SLO 100.0%
    TTFT p50/p95 0.047/0.057s  TPOT 0.0140s  ITL p99/max 0.0191/0.0746s  e2e p99 1.900s  errors 0
    SLO margin p50/p95 0.915/0.939 x SLO  within 10% of boundary 82.2%
    offered 120.0 req/s  achieved 116.9 req/s  fidelity 97.4%  send delay p99 0.002s  TTFT from send p50 0.046
--- slo_packing at 120.0 req/s ---
    J/req 6.79  goodput/J 0.0867  SLO 58.8%
    TTFT p50/p95 0.052/0.064s  TPOT 0.0149s  ITL p99/max 0.0204/0.0784s  e2e p99 2.028s  errors 0
    SLO margin p50/p95 0.998/1.008 x SLO  within 10% of boundary 88.2%
    offered 120.0 req/s  achieved 116.7 req/s  fidelity 97.2%  send delay p99 0.002s  TTFT from send p50 0.051
--- energy_greedy at 120.0 req/s ---
    J/req 6.94  goodput/J 0.1039  SLO 72.2%
    TTFT p50/p95 0.052/0.063s  TPOT 0.0148s  ITL p99/max 0.0200/0.0932s  e2e p99 2.030s  errors 0
    SLO margin p50/p95 0.995/1.007 x SLO  within 10% of boundary 88.8%
    offered 120.0 req/s  achieved 116.5 req/s  fidelity 97.1%  send delay p99 0.002s  TTFT from send p50 0.051
--- energy_consolidate at 120.0 req/s ---
    J/req 6.89  goodput/J 0.1006  SLO 69.3%
    TTFT p50/p95 0.052/0.064s  TPOT 0.0149s  ITL p99/max 0.0208/0.0716s  e2e p99 2.042s  errors 0
    SLO margin p50/p95 0.996/1.008 x SLO  within 10% of boundary 88.6%
    offered 120.0 req/s  achieved 116.6 req/s  fidelity 97.2%  send delay p99 0.002s  TTFT from send p50 0.051
wrote /global/home/hpc6081/energy-epp/results/stage2-12304137/policies-rate120.json
load generator: 6 worker process(es)
--- round_robin at 136.0 req/s ---
    J/req 6.27  goodput/J 0.1525  SLO 95.7%
    TTFT p50/p95 0.050/0.062s  TPOT 0.0148s  ITL p99/max 0.0202/0.0783s  e2e p99 2.018s  errors 0
    SLO margin p50/p95 0.972/0.999 x SLO  within 10% of boundary 95.4%
    offered 136.0 req/s  achieved 132.5 req/s  fidelity 97.4%  send delay p99 0.004s  TTFT from send p50 0.049
--- least_loaded at 136.0 req/s ---
    J/req 6.33  goodput/J 0.1470  SLO 93.0%
    TTFT p50/p95 0.050/0.061s  TPOT 0.0148s  ITL p99/max 0.0204/0.0763s  e2e p99 2.012s  errors 0
    SLO margin p50/p95 0.973/1.001 x SLO  within 10% of boundary 95.2%
    offered 136.0 req/s  achieved 132.5 req/s  fidelity 97.4%  send delay p99 0.003s  TTFT from send p50 0.049
--- slo_packing at 136.0 req/s ---
    J/req 6.38  goodput/J 0.0739  SLO 47.1%
    TTFT p50/p95 0.052/0.065s  TPOT 0.0150s  ITL p99/max 0.0205/0.0874s  e2e p99 2.037s  errors 0
    SLO margin p50/p95 1.001/1.012 x SLO  within 10% of boundary 86.3%
    offered 136.0 req/s  achieved 132.4 req/s  fidelity 97.3%  send delay p99 0.003s  TTFT from send p50 0.052
    *** UNGROUNDED ROUTING on 63 of 8160 picks (0.8%): no endpoint had curve data for its concurrency, so the policy fell back to load balancing. Above a few percent this is not the policy being measured.
--- energy_greedy at 136.0 req/s ---
    J/req 6.35  goodput/J 0.0825  SLO 52.4%
    TTFT p50/p95 0.052/0.065s  TPOT 0.0150s  ITL p99/max 0.0212/0.0881s  e2e p99 2.061s  errors 0
    SLO margin p50/p95 0.999/1.017 x SLO  within 10% of boundary 86.0%
    offered 136.0 req/s  achieved 132.4 req/s  fidelity 97.4%  send delay p99 0.003s  TTFT from send p50 0.052
    *** UNGROUNDED ROUTING on 57 of 8160 picks (0.7%): no endpoint had curve data for its concurrency, so the policy fell back to load balancing. Above a few percent this is not the policy being measured.
--- energy_consolidate at 136.0 req/s ---
    J/req 6.36  goodput/J 0.0808  SLO 51.4%
    TTFT p50/p95 0.052/0.065s  TPOT 0.0150s  ITL p99/max 0.0206/0.0833s  e2e p99 2.036s  errors 0
    SLO margin p50/p95 1.000/1.012 x SLO  within 10% of boundary 85.9%
    offered 136.0 req/s  achieved 132.4 req/s  fidelity 97.3%  send delay p99 0.003s  TTFT from send p50 0.052
    *** UNGROUNDED ROUTING on 45 of 8160 picks (0.6%): no endpoint had curve data for its concurrency, so the policy fell back to load balancing. Above a few percent this is not the policy being measured.
wrote /global/home/hpc6081/energy-epp/results/stage2-12304137/policies-rate136.json
load generator: 6 worker process(es)
--- round_robin at 150.0 req/s ---
    J/req 5.89  goodput/J 0.0645  SLO 38.0%
    TTFT p50/p95 0.053/0.065s  TPOT 0.0153s  ITL p99/max 0.0212/0.0880s  e2e p99 2.078s  errors 0
    SLO margin p50/p95 1.003/1.024 x SLO  within 10% of boundary 96.7%
    offered 150.0 req/s  achieved 145.3 req/s  fidelity 96.9%  send delay p99 0.004s  TTFT from send p50 0.052
--- least_loaded at 150.0 req/s ---
    J/req 5.92  goodput/J 0.0531  SLO 31.5%
    TTFT p50/p95 0.053/0.064s  TPOT 0.0153s  ITL p99/max 0.0206/0.0754s  e2e p99 2.063s  errors 0
    SLO margin p50/p95 1.004/1.022 x SLO  within 10% of boundary 96.3%
    offered 150.0 req/s  achieved 145.3 req/s  fidelity 96.8%  send delay p99 0.003s  TTFT from send p50 0.052
--- slo_packing at 150.0 req/s ---
    J/req 5.90  goodput/J 0.0472  SLO 27.8%
    TTFT p50/p95 0.054/0.065s  TPOT 0.0153s  ITL p99/max 0.0205/0.0829s  e2e p99 2.071s  errors 0
    SLO margin p50/p95 1.006/1.026 x SLO  within 10% of boundary 96.8%
    offered 150.0 req/s  achieved 145.2 req/s  fidelity 96.8%  send delay p99 0.003s  TTFT from send p50 0.053
    *** UNGROUNDED ROUTING on 3231 of 9000 picks (35.9%): no endpoint had curve data for its concurrency, so the policy fell back to load balancing. Above a few percent this is not the policy being measured.
--- energy_greedy at 150.0 req/s ---
    J/req 5.88  goodput/J 0.0529  SLO 31.1%
    TTFT p50/p95 0.054/0.066s  TPOT 0.0153s  ITL p99/max 0.0205/0.0774s  e2e p99 2.062s  errors 0
    SLO margin p50/p95 1.005/1.023 x SLO  within 10% of boundary 96.9%
    offered 150.0 req/s  achieved 145.3 req/s  fidelity 96.9%  send delay p99 0.003s  TTFT from send p50 0.053
    *** UNGROUNDED ROUTING on 3176 of 9000 picks (35.3%): no endpoint had curve data for its concurrency, so the policy fell back to load balancing. Above a few percent this is not the policy being measured.
--- energy_consolidate at 150.0 req/s ---
    J/req 5.87  goodput/J 0.0578  SLO 33.9%
    TTFT p50/p95 0.054/0.066s  TPOT 0.0153s  ITL p99/max 0.0206/0.0840s  e2e p99 2.060s  errors 0
    SLO margin p50/p95 1.004/1.022 x SLO  within 10% of boundary 97.1%
    offered 150.0 req/s  achieved 145.1 req/s  fidelity 96.7%  send delay p99 0.003s  TTFT from send p50 0.053
    *** UNGROUNDED ROUTING on 3101 of 9000 picks (34.5%): no endpoint had curve data for its concurrency, so the policy fell back to load balancing. Above a few percent this is not the policy being measured.
wrote /global/home/hpc6081/energy-epp/results/stage2-12304137/policies-rate150.json
load generator: 6 worker process(es)
--- round_robin at 165.0 req/s ---
    J/req 5.53  goodput/J 0.0107  SLO 5.9%
    TTFT p50/p95 0.056/0.069s  TPOT 0.0158s  ITL p99/max 0.0220/0.1040s  e2e p99 2.161s  errors 0
    SLO margin p50/p95 1.034/1.069 x SLO  within 10% of boundary 97.4%
    offered 165.0 req/s  achieved 159.0 req/s  fidelity 96.4%  send delay p99 0.005s  TTFT from send p50 0.055
--- least_loaded at 165.0 req/s ---
    J/req 5.54  goodput/J 0.0111  SLO 6.2%
    TTFT p50/p95 0.056/0.068s  TPOT 0.0158s  ITL p99/max 0.0215/0.0962s  e2e p99 2.152s  errors 0
    SLO margin p50/p95 1.034/1.066 x SLO  within 10% of boundary 97.5%
    offered 165.0 req/s  achieved 159.0 req/s  fidelity 96.3%  send delay p99 0.004s  TTFT from send p50 0.055
--- slo_packing at 165.0 req/s ---
    J/req 5.50  goodput/J 0.0073  SLO 4.0%
    TTFT p50/p95 0.057/0.070s  TPOT 0.0160s  ITL p99/max 0.0215/0.0973s  e2e p99 2.185s  errors 0
    SLO margin p50/p95 1.045/1.081 x SLO  within 10% of boundary 97.9%
    offered 165.0 req/s  achieved 158.8 req/s  fidelity 96.3%  send delay p99 0.004s  TTFT from send p50 0.056
    *** UNGROUNDED ROUTING on 9038 of 9900 picks (91.3%): no endpoint had curve data for its concurrency, so the policy fell back to load balancing. Above a few percent this is not the policy being measured.
--- energy_greedy at 165.0 req/s ---
    J/req 5.44  goodput/J 0.0088  SLO 4.8%
    TTFT p50/p95 0.057/0.069s  TPOT 0.0159s  ITL p99/max 0.0214/0.0857s  e2e p99 2.160s  errors 0
    SLO margin p50/p95 1.041/1.073 x SLO  within 10% of boundary 98.3%
    offered 165.0 req/s  achieved 158.9 req/s  fidelity 96.3%  send delay p99 0.004s  TTFT from send p50 0.056
    *** UNGROUNDED ROUTING on 8949 of 9900 picks (90.4%): no endpoint had curve data for its concurrency, so the policy fell back to load balancing. Above a few percent this is not the policy being measured.
--- energy_consolidate at 165.0 req/s ---
    J/req 5.43  goodput/J 0.0109  SLO 5.9%
    TTFT p50/p95 0.057/0.070s  TPOT 0.0159s  ITL p99/max 0.0213/0.0897s  e2e p99 2.164s  errors 0
    SLO margin p50/p95 1.037/1.074 x SLO  within 10% of boundary 98.3%
    offered 165.0 req/s  achieved 158.9 req/s  fidelity 96.3%  send delay p99 0.004s  TTFT from send p50 0.056
    *** UNGROUNDED ROUTING on 8869 of 9900 picks (89.6%): no endpoint had curve data for its concurrency, so the policy fell back to load balancing. Above a few percent this is not the policy being measured.
wrote /global/home/hpc6081/energy-epp/results/stage2-12304137/policies-rate165.json
load generator: 6 worker process(es)
--- round_robin at 180.0 req/s ---
    J/req 5.22  goodput/J 0.0091  SLO 4.7%
    TTFT p50/p95 0.060/0.073s  TPOT 0.0166s  ITL p99/max 0.0231/0.0862s  e2e p99 2.338s  errors 0
    SLO margin p50/p95 1.091/1.131 x SLO  within 10% of boundary 62.8%
    offered 180.0 req/s  achieved 173.3 req/s  fidelity 96.3%  send delay p99 0.006s  TTFT from send p50 0.059
--- least_loaded at 180.0 req/s ---
    J/req 5.19  goodput/J 0.0096  SLO 5.0%
    TTFT p50/p95 0.060/0.071s  TPOT 0.0166s  ITL p99/max 0.0223/0.0908s  e2e p99 2.264s  errors 0
    SLO margin p50/p95 1.087/1.123 x SLO  within 10% of boundary 70.3%
    offered 180.0 req/s  achieved 173.3 req/s  fidelity 96.3%  send delay p99 0.005s  TTFT from send p50 0.059
--- slo_packing at 180.0 req/s ---
    J/req 5.14  goodput/J 0.0058  SLO 3.0%
    TTFT p50/p95 0.061/0.074s  TPOT 0.0168s  ITL p99/max 0.0227/0.0924s  e2e p99 2.289s  errors 0
    SLO margin p50/p95 1.098/1.135 x SLO  within 10% of boundary 52.2%
    offered 180.0 req/s  achieved 173.1 req/s  fidelity 96.2%  send delay p99 0.005s  TTFT from send p50 0.060
    *** UNGROUNDED ROUTING on 10465 of 10800 picks (96.9%): no endpoint had curve data for its concurrency, so the policy fell back to load balancing. Above a few percent this is not the policy being measured.
--- energy_greedy at 180.0 req/s ---
    J/req 5.09  goodput/J 0.0062  SLO 3.1%
    TTFT p50/p95 0.061/0.074s  TPOT 0.0167s  ITL p99/max 0.0225/0.1084s  e2e p99 2.276s  errors 0
    SLO margin p50/p95 1.095/1.128 x SLO  within 10% of boundary 57.5%
    offered 180.0 req/s  achieved 173.1 req/s  fidelity 96.2%  send delay p99 0.005s  TTFT from send p50 0.060
    *** UNGROUNDED ROUTING on 10460 of 10800 picks (96.9%): no endpoint had curve data for its concurrency, so the policy fell back to load balancing. Above a few percent this is not the policy being measured.
--- energy_consolidate at 180.0 req/s ---
    J/req 5.08  goodput/J 0.0067  SLO 3.4%
    TTFT p50/p95 0.060/0.073s  TPOT 0.0167s  ITL p99/max 0.0222/0.0783s  e2e p99 2.265s  errors 0
    SLO margin p50/p95 1.092/1.123 x SLO  within 10% of boundary 64.1%
    offered 180.0 req/s  achieved 173.2 req/s  fidelity 96.2%  send delay p99 0.005s  TTFT from send p50 0.059
    *** UNGROUNDED ROUTING on 10457 of 10800 picks (96.8%): no endpoint had curve data for its concurrency, so the policy fell back to load balancing. Above a few percent this is not the policy being measured.
wrote /global/home/hpc6081/energy-epp/results/stage2-12304137/policies-rate180.json
load generator: 6 worker process(es)
--- slo_packing at 180.0 req/s ---
    J/req 5.09  goodput/J 0.0071  SLO 3.6%
    TTFT p50/p95 0.060/0.073s  TPOT 0.0166s  ITL p99/max 0.0220/0.1020s  e2e p99 2.268s  errors 0
    SLO margin p50/p95 1.091/1.123 x SLO  within 10% of boundary 65.4%
    offered 180.0 req/s  achieved 173.2 req/s  fidelity 96.2%  send delay p99 0.005s  TTFT from send p50 0.059
    *** UNGROUNDED ROUTING on 10457 of 10800 picks (96.8%): no endpoint had curve data for its concurrency, so the policy fell back to load balancing. Above a few percent this is not the policy being measured.
wrote /global/home/hpc6081/energy-epp/results/stage2-12304137/control-counteronly.json
  full telemetry : 5.138 J/req   poll=0.25s SLO=3.0%  p95=2.269s
  counter only   : 5.089 J/req   poll=0.0s SLO=3.6%  p95=2.246s
  energy difference    : +0.98%
  p95 difference       : +1.05%
  completed difference : +0.00%
  VERDICT: telemetry overhead is not measurable (<1%). Pass A
  numbers stand unqualified.
