load generator: 16 worker process(es)
--- slo_packing at 300.0 req/s ---
    J/req 3.74  goodput/J 0.0428  SLO 16.0%
    TTFT p50/p95 1.616/1.985s  TPOT 0.0096s  ITL p99/max 0.0190/0.0735s  e2e p99 3.299s  errors 0
    SLO margin p50/p95 1.397/1.601 x SLO  within 10% of boundary 2.6%
    offered 300.0 req/s  achieved 281.3 req/s  fidelity 93.8%  send delay p99 0.001s  TTFT from send p50 1.616
    (server-saturated: generator kept schedule, servers did not keep up. Valid overload data point.)
--- energy_greedy at 300.0 req/s ---
    J/req 3.74  goodput/J 0.0376  SLO 14.1%
    TTFT p50/p95 1.528/1.883s  TPOT 0.0097s  ITL p99/max 0.0180/0.0772s  e2e p99 3.252s  errors 0
    SLO margin p50/p95 1.370/1.566 x SLO  within 10% of boundary 2.4%
    offered 300.0 req/s  achieved 280.6 req/s  fidelity 93.5%  send delay p99 0.001s  TTFT from send p50 1.528
    (server-saturated: generator kept schedule, servers did not keep up. Valid overload data point.)
--- energy_consolidate at 300.0 req/s ---
    J/req 3.73  goodput/J 0.0422  SLO 15.8%
    TTFT p50/p95 1.550/2.012s  TPOT 0.0100s  ITL p99/max 0.0199/0.0828s  e2e p99 3.450s  errors 0
    SLO margin p50/p95 1.383/1.615 x SLO  within 10% of boundary 4.4%
    offered 300.0 req/s  achieved 281.2 req/s  fidelity 93.7%  send delay p99 0.001s  TTFT from send p50 1.549
    (server-saturated: generator kept schedule, servers did not keep up. Valid overload data point.)
wrote /global/home/hpc6081/energy-epp/results/stage2het-12325159/policies-rate300.json
load generator: 16 worker process(es)
--- slo_packing at 400.0 req/s ---
    J/req 3.01  goodput/J 0.1140  SLO 34.3%
    TTFT p50/p95 1.360/1.877s  TPOT 0.0097s  ITL p99/max 0.0179/0.0802s  e2e p99 3.247s  errors 0
    SLO margin p50/p95 1.317/1.570 x SLO  within 10% of boundary 2.6%
    offered 400.0 req/s  achieved 374.4 req/s  fidelity 93.6%  send delay p99 0.001s  TTFT from send p50 1.360
    (server-saturated: generator kept schedule, servers did not keep up. Valid overload data point.)
--- energy_greedy at 400.0 req/s ---
    J/req 3.02  goodput/J 0.1057  SLO 31.9%
    TTFT p50/p95 1.315/1.782s  TPOT 0.0095s  ITL p99/max 0.0175/0.0632s  e2e p99 3.205s  errors 0
    SLO margin p50/p95 1.282/1.551 x SLO  within 10% of boundary 2.0%
    offered 400.0 req/s  achieved 373.2 req/s  fidelity 93.3%  send delay p99 0.001s  TTFT from send p50 1.314
    (server-saturated: generator kept schedule, servers did not keep up. Valid overload data point.)
--- energy_consolidate at 400.0 req/s ---
    J/req 3.01  goodput/J 0.1036  SLO 31.2%
    TTFT p50/p95 1.209/1.784s  TPOT 0.0100s  ITL p99/max 0.0187/0.0811s  e2e p99 3.261s  errors 0
    SLO margin p50/p95 1.253/1.568 x SLO  within 10% of boundary 3.6%
    offered 400.0 req/s  achieved 373.0 req/s  fidelity 93.2%  send delay p99 0.001s  TTFT from send p50 1.209
    (server-saturated: generator kept schedule, servers did not keep up. Valid overload data point.)
wrote /global/home/hpc6081/energy-epp/results/stage2het-12325159/policies-rate400.json
load generator: 16 worker process(es)
--- slo_packing at 300.0 req/s ---
    J/req 3.63  goodput/J 0.0559  SLO 20.3%
    TTFT p50/p95 0.954/1.446s  TPOT 0.0103s  ITL p99/max 0.0191/0.0582s  e2e p99 2.909s  errors 0
    SLO margin p50/p95 1.127/1.381 x SLO  within 10% of boundary 31.1%
    offered 300.0 req/s  achieved 282.8 req/s  fidelity 94.3%  send delay p99 0.001s  TTFT from send p50 0.953
    (server-saturated: generator kept schedule, servers did not keep up. Valid overload data point.)
--- energy_greedy at 300.0 req/s ---
    J/req 3.66  goodput/J 0.0551  SLO 20.2%
    TTFT p50/p95 0.947/1.510s  TPOT 0.0102s  ITL p99/max 0.0186/0.0623s  e2e p99 2.940s  errors 0
    SLO margin p50/p95 1.133/1.400 x SLO  within 10% of boundary 27.9%
    offered 300.0 req/s  achieved 282.7 req/s  fidelity 94.2%  send delay p99 0.001s  TTFT from send p50 0.946
    (server-saturated: generator kept schedule, servers did not keep up. Valid overload data point.)
--- energy_consolidate at 300.0 req/s ---
    J/req 3.68  goodput/J 0.0460  SLO 16.9%
    TTFT p50/p95 1.022/1.539s  TPOT 0.0101s  ITL p99/max 0.0184/0.0749s  e2e p99 2.932s  errors 0
    SLO margin p50/p95 1.159/1.417 x SLO  within 10% of boundary 23.2%
    offered 300.0 req/s  achieved 281.7 req/s  fidelity 93.9%  send delay p99 0.001s  TTFT from send p50 1.021
    (server-saturated: generator kept schedule, servers did not keep up. Valid overload data point.)
wrote /global/home/hpc6081/energy-epp/results/stage2het-12325159/policies-h0.1-rate300.json
load generator: 16 worker process(es)
--- slo_packing at 400.0 req/s ---
    J/req 2.99  goodput/J 0.1174  SLO 35.1%
    TTFT p50/p95 0.899/1.482s  TPOT 0.0097s  ITL p99/max 0.0180/0.0659s  e2e p99 2.887s  errors 0
    SLO margin p50/p95 1.098/1.393 x SLO  within 10% of boundary 18.7%
    offered 400.0 req/s  achieved 377.2 req/s  fidelity 94.3%  send delay p99 0.001s  TTFT from send p50 0.899
    (server-saturated: generator kept schedule, servers did not keep up. Valid overload data point.)
--- energy_greedy at 400.0 req/s ---
    J/req 3.02  goodput/J 0.1151  SLO 34.7%
    TTFT p50/p95 0.975/1.572s  TPOT 0.0097s  ITL p99/max 0.0180/0.0748s  e2e p99 2.961s  errors 0
    SLO margin p50/p95 1.127/1.405 x SLO  within 10% of boundary 14.6%
    offered 400.0 req/s  achieved 374.9 req/s  fidelity 93.7%  send delay p99 0.001s  TTFT from send p50 0.975
    (server-saturated: generator kept schedule, servers did not keep up. Valid overload data point.)
--- energy_consolidate at 400.0 req/s ---
    J/req 3.01  goodput/J 0.1182  SLO 35.6%
    TTFT p50/p95 0.901/1.508s  TPOT 0.0097s  ITL p99/max 0.0182/0.0791s  e2e p99 2.931s  errors 0
    SLO margin p50/p95 1.091/1.412 x SLO  within 10% of boundary 20.3%
    offered 400.0 req/s  achieved 376.1 req/s  fidelity 94.0%  send delay p99 0.001s  TTFT from send p50 0.901
    (server-saturated: generator kept schedule, servers did not keep up. Valid overload data point.)
wrote /global/home/hpc6081/energy-epp/results/stage2het-12325159/policies-h0.1-rate400.json
load generator: 16 worker process(es)
--- slo_packing at 300.0 req/s ---
    J/req 3.66  goodput/J 0.1400  SLO 51.3%
    TTFT p50/p95 0.672/1.205s  TPOT 0.0102s  ITL p99/max 0.0192/0.0736s  e2e p99 2.631s  errors 0
    SLO margin p50/p95 0.995/1.218 x SLO  within 10% of boundary 51.6%
    offered 300.0 req/s  achieved 284.8 req/s  fidelity 94.9%  send delay p99 0.001s  TTFT from send p50 0.671
    (server-saturated: generator kept schedule, servers did not keep up. Valid overload data point.)
--- energy_greedy at 300.0 req/s ---
    J/req 3.58  goodput/J 0.1472  SLO 52.7%
    TTFT p50/p95 0.657/1.099s  TPOT 0.0104s  ITL p99/max 0.0193/0.0636s  e2e p99 2.518s  errors 0
    SLO margin p50/p95 0.992/1.183 x SLO  within 10% of boundary 56.5%
    offered 300.0 req/s  achieved 284.5 req/s  fidelity 94.8%  send delay p99 0.001s  TTFT from send p50 0.656
    (server-saturated: generator kept schedule, servers did not keep up. Valid overload data point.)
--- energy_consolidate at 300.0 req/s ---
    J/req 3.59  goodput/J 0.1539  SLO 55.3%
    TTFT p50/p95 0.637/1.172s  TPOT 0.0105s  ITL p99/max 0.0196/0.0777s  e2e p99 2.602s  errors 0
    SLO margin p50/p95 0.983/1.210 x SLO  within 10% of boundary 54.0%
    offered 300.0 req/s  achieved 283.9 req/s  fidelity 94.6%  send delay p99 0.001s  TTFT from send p50 0.637
    (server-saturated: generator kept schedule, servers did not keep up. Valid overload data point.)
wrote /global/home/hpc6081/energy-epp/results/stage2het-12325159/policies-h0.2-rate300.json
load generator: 16 worker process(es)
--- slo_packing at 400.0 req/s ---
    J/req 2.99  goodput/J 0.1847  SLO 55.2%
    TTFT p50/p95 0.618/1.068s  TPOT 0.0097s  ITL p99/max 0.0185/0.0725s  e2e p99 2.492s  errors 0
    SLO margin p50/p95 0.980/1.183 x SLO  within 10% of boundary 46.8%
    offered 400.0 req/s  achieved 378.0 req/s  fidelity 94.5%  send delay p99 0.001s  TTFT from send p50 0.617
    (server-saturated: generator kept schedule, servers did not keep up. Valid overload data point.)
--- energy_greedy at 400.0 req/s ---
    J/req 3.01  goodput/J 0.1890  SLO 56.8%
    TTFT p50/p95 0.605/1.144s  TPOT 0.0097s  ITL p99/max 0.0181/0.0710s  e2e p99 2.544s  errors 0
    SLO margin p50/p95 0.977/1.185 x SLO  within 10% of boundary 45.3%
    offered 400.0 req/s  achieved 376.3 req/s  fidelity 94.1%  send delay p99 0.001s  TTFT from send p50 0.605
    (server-saturated: generator kept schedule, servers did not keep up. Valid overload data point.)
--- energy_consolidate at 400.0 req/s ---
    J/req 3.00  goodput/J 0.1762  SLO 52.9%
    TTFT p50/p95 0.638/1.244s  TPOT 0.0097s  ITL p99/max 0.0179/0.0697s  e2e p99 2.637s  errors 0
    SLO margin p50/p95 0.986/1.231 x SLO  within 10% of boundary 40.0%
    offered 400.0 req/s  achieved 378.6 req/s  fidelity 94.7%  send delay p99 0.001s  TTFT from send p50 0.638
    (server-saturated: generator kept schedule, servers did not keep up. Valid overload data point.)
wrote /global/home/hpc6081/energy-epp/results/stage2het-12325159/policies-h0.2-rate400.json
load generator: 16 worker process(es)
--- slo_packing at 300.0 req/s ---
    J/req 3.58  goodput/J 0.2751  SLO 98.4%
    TTFT p50/p95 0.404/0.654s  TPOT 0.0100s  ITL p99/max 0.0184/0.0576s  e2e p99 2.039s  errors 0
    SLO margin p50/p95 0.855/0.968 x SLO  within 10% of boundary 27.4%
    offered 300.0 req/s  achieved 286.3 req/s  fidelity 95.4%  send delay p99 0.001s  TTFT from send p50 0.403
--- energy_greedy at 300.0 req/s ---
    J/req 3.57  goodput/J 0.2700  SLO 96.3%
    TTFT p50/p95 0.395/0.743s  TPOT 0.0101s  ITL p99/max 0.0189/0.0604s  e2e p99 2.152s  errors 0
    SLO margin p50/p95 0.840/0.982 x SLO  within 10% of boundary 28.2%
    offered 300.0 req/s  achieved 285.4 req/s  fidelity 95.1%  send delay p99 0.001s  TTFT from send p50 0.394
--- energy_consolidate at 300.0 req/s ---
    J/req 3.51  goodput/J 0.2789  SLO 98.0%
    TTFT p50/p95 0.330/0.631s  TPOT 0.0101s  ITL p99/max 0.0188/0.0553s  e2e p99 2.029s  errors 0
    SLO margin p50/p95 0.784/0.960 x SLO  within 10% of boundary 20.0%
    offered 300.0 req/s  achieved 286.6 req/s  fidelity 95.5%  send delay p99 0.001s  TTFT from send p50 0.330
wrote /global/home/hpc6081/energy-epp/results/stage2het-12325159/policies-h0.3-rate300.json
load generator: 16 worker process(es)
--- slo_packing at 400.0 req/s ---
    J/req 2.98  goodput/J 0.3324  SLO 98.9%
    TTFT p50/p95 0.362/0.619s  TPOT 0.0097s  ITL p99/max 0.0182/0.0625s  e2e p99 2.003s  errors 0
    SLO margin p50/p95 0.851/0.952 x SLO  within 10% of boundary 25.4%
    offered 400.0 req/s  achieved 380.5 req/s  fidelity 95.1%  send delay p99 0.001s  TTFT from send p50 0.362
--- energy_greedy at 400.0 req/s ---
    J/req 2.99  goodput/J 0.3198  SLO 95.6%
    TTFT p50/p95 0.366/0.693s  TPOT 0.0097s  ITL p99/max 0.0187/0.0686s  e2e p99 2.162s  errors 0
    SLO margin p50/p95 0.841/0.993 x SLO  within 10% of boundary 26.4%
    offered 400.0 req/s  achieved 379.9 req/s  fidelity 95.0%  send delay p99 0.001s  TTFT from send p50 0.365
    (server-saturated: generator kept schedule, servers did not keep up. Valid overload data point.)
--- energy_consolidate at 400.0 req/s ---
    J/req 2.99  goodput/J 0.3247  SLO 97.0%
    TTFT p50/p95 0.426/0.692s  TPOT 0.0096s  ITL p99/max 0.0182/0.0741s  e2e p99 2.064s  errors 0
    SLO margin p50/p95 0.873/0.984 x SLO  within 10% of boundary 37.6%
    offered 400.0 req/s  achieved 379.6 req/s  fidelity 94.9%  send delay p99 0.001s  TTFT from send p50 0.425
    (server-saturated: generator kept schedule, servers did not keep up. Valid overload data point.)
wrote /global/home/hpc6081/energy-epp/results/stage2het-12325159/policies-h0.3-rate400.json
