idle(model loaded): 56.85 W
trial1 c=1   prefix=0 201.42 W    130.4 tok/s  J/tok=1.5446  p95=0.983s err=0
trial1 c=2   prefix=0 205.42 W    224.5 tok/s  J/tok=0.9151  p95=1.143s err=0
trial1 c=4   prefix=0 209.01 W    436.1 tok/s  J/tok=0.4793  p95=1.176s err=0
trial1 c=8   prefix=0  211.5 W    839.0 tok/s  J/tok=0.2521  p95=1.223s err=0
trial1 c=8   prefix=1 207.08 W    780.7 tok/s  J/tok=0.2652  p95=1.302s err=0
trial1 c=16  prefix=0 216.52 W   1547.7 tok/s  J/tok=0.1399  p95=1.328s err=0
trial1 c=32  prefix=0 217.83 W   2698.6 tok/s  J/tok=0.0807  p95=1.525s err=0
trial1 c=48  prefix=0 218.52 W   3566.0 tok/s  J/tok=0.0613  p95=1.72s err=0
trial1 c=64  prefix=0 220.69 W   4407.3 tok/s  J/tok=0.0501  p95=1.862s err=0
trial1 c=96  prefix=0  230.1 W   5644.3 tok/s  J/tok=0.0408  p95=2.195s err=0
trial1 c=128 prefix=0 234.03 W   6659.8 tok/s  J/tok=0.0351  p95=2.494s err=0
trial1 c=160 prefix=0 245.49 W   7133.7 tok/s  J/tok=0.0344  p95=2.944s err=0
trial1 c=192 prefix=0 243.39 W   7749.1 tok/s  J/tok=0.0314  p95=3.244s err=0
trial1 c=256 prefix=0 242.88 W   8640.4 tok/s  J/tok=0.0281  p95=3.886s err=0
trial2 c=1   prefix=0 223.25 W    130.6 tok/s  J/tok=1.7099  p95=0.982s err=0
trial2 c=2   prefix=0 208.31 W    224.6 tok/s  J/tok=0.9273  p95=1.141s err=0
trial2 c=4   prefix=0 209.94 W    436.2 tok/s  J/tok=0.4813  p95=1.175s err=0
trial2 c=8   prefix=0 212.79 W    839.3 tok/s  J/tok=0.2535  p95=1.225s err=0
trial2 c=8   prefix=1 205.77 W    777.8 tok/s  J/tok=0.2645  p95=1.303s err=0
trial2 c=16  prefix=0 215.77 W   1541.2 tok/s  J/tok=0.14  p95=1.336s err=0
trial2 c=32  prefix=0 218.18 W   2691.1 tok/s  J/tok=0.0811  p95=1.532s err=0
trial2 c=48  prefix=0 218.63 W   3557.4 tok/s  J/tok=0.0615  p95=1.728s err=0
trial2 c=64  prefix=0 220.94 W   4408.4 tok/s  J/tok=0.0501  p95=1.859s err=0
trial2 c=96  prefix=0 229.71 W   5644.9 tok/s  J/tok=0.0407  p95=2.195s err=0
trial2 c=128 prefix=0 232.73 W   6666.3 tok/s  J/tok=0.0349  p95=2.495s err=0
trial2 c=160 prefix=0 245.84 W   7147.6 tok/s  J/tok=0.0344  p95=2.929s err=0
trial2 c=192 prefix=0  243.9 W   7763.8 tok/s  J/tok=0.0314  p95=3.234s err=0
trial2 c=256 prefix=0 242.96 W   8615.2 tok/s  J/tok=0.0282  p95=3.906s err=0

wrote /global/home/hpc6081/energy-epp/results/h1-12304133/h1.csv (29 rows) gpu=Quadro RTX 6000
