load generator: 16 worker process(es)
--- slo_packing at 100.0 req/s ---
    J/req 9.26  goodput/J 0.1079  SLO 99.9%
    TTFT p50/p95 0.045/0.054s  TPOT 0.0140s  ITL p99/max 0.0174/0.0462s  e2e p99 1.899s  errors 0
    SLO margin p50/p95 0.935/0.946 x SLO  within 10% of boundary 82.4%
    offered 100.0 req/s  achieved 95.3 req/s  fidelity 95.3%  send delay p99 0.002s  TTFT from send p50 0.045
--- energy_greedy at 100.0 req/s ---
    J/req 9.18  goodput/J 0.1089  SLO 100.0%
    TTFT p50/p95 0.045/0.054s  TPOT 0.0140s  ITL p99/max 0.0182/0.0500s  e2e p99 1.899s  errors 0
    SLO margin p50/p95 0.929/0.943 x SLO  within 10% of boundary 80.9%
    offered 100.0 req/s  achieved 95.4 req/s  fidelity 95.4%  send delay p99 0.002s  TTFT from send p50 0.044
--- energy_consolidate at 100.0 req/s ---
    J/req 9.20  goodput/J 0.1087  SLO 100.0%
    TTFT p50/p95 0.045/0.054s  TPOT 0.0140s  ITL p99/max 0.0178/0.0591s  e2e p99 1.893s  errors 0
    SLO margin p50/p95 0.929/0.942 x SLO  within 10% of boundary 80.3%
    offered 100.0 req/s  achieved 95.4 req/s  fidelity 95.4%  send delay p99 0.002s  TTFT from send p50 0.045
wrote /global/home/hpc6081/energy-epp/results/stage2-12329238/policies-rate100.json
load generator: 16 worker process(es)
--- slo_packing at 150.0 req/s ---
    J/req 7.47  goodput/J 0.1339  SLO 100.0%
    TTFT p50/p95 0.047/0.056s  TPOT 0.0141s  ITL p99/max 0.0181/0.0577s  e2e p99 1.900s  errors 0
    SLO margin p50/p95 0.936/0.947 x SLO  within 10% of boundary 84.0%
    offered 150.0 req/s  achieved 143.0 req/s  fidelity 95.3%  send delay p99 0.001s  TTFT from send p50 0.046
--- energy_greedy at 150.0 req/s ---
    J/req 7.45  goodput/J 0.1343  SLO 100.0%
    TTFT p50/p95 0.046/0.055s  TPOT 0.0140s  ITL p99/max 0.0179/0.0495s  e2e p99 1.899s  errors 0
    SLO margin p50/p95 0.934/0.946 x SLO  within 10% of boundary 85.1%
    offered 150.0 req/s  achieved 143.0 req/s  fidelity 95.3%  send delay p99 0.001s  TTFT from send p50 0.046
--- energy_consolidate at 150.0 req/s ---
    J/req 7.45  goodput/J 0.1342  SLO 100.0%
    TTFT p50/p95 0.046/0.056s  TPOT 0.0140s  ITL p99/max 0.0182/0.0470s  e2e p99 1.895s  errors 0
    SLO margin p50/p95 0.934/0.944 x SLO  within 10% of boundary 84.9%
    offered 150.0 req/s  achieved 143.0 req/s  fidelity 95.3%  send delay p99 0.001s  TTFT from send p50 0.046
wrote /global/home/hpc6081/energy-epp/results/stage2-12329238/policies-rate150.json
load generator: 16 worker process(es)
--- slo_packing at 200.0 req/s ---
    J/req 6.63  goodput/J 0.1509  SLO 100.0%
    TTFT p50/p95 0.048/0.058s  TPOT 0.0142s  ITL p99/max 0.0190/0.0699s  e2e p99 1.910s  errors 0
    SLO margin p50/p95 0.937/0.949 x SLO  within 10% of boundary 88.1%
    offered 200.0 req/s  achieved 189.9 req/s  fidelity 94.9%  send delay p99 0.001s  TTFT from send p50 0.048
    (server-saturated: generator kept schedule, servers did not keep up. Valid overload data point.)
--- energy_greedy at 200.0 req/s ---
    J/req 6.63  goodput/J 0.1509  SLO 100.0%
    TTFT p50/p95 0.048/0.059s  TPOT 0.0141s  ITL p99/max 0.0189/0.0781s  e2e p99 1.899s  errors 0
    SLO margin p50/p95 0.935/0.946 x SLO  within 10% of boundary 87.1%
    offered 200.0 req/s  achieved 189.7 req/s  fidelity 94.9%  send delay p99 0.001s  TTFT from send p50 0.048
    (server-saturated: generator kept schedule, servers did not keep up. Valid overload data point.)
--- energy_consolidate at 200.0 req/s ---
    J/req 6.65  goodput/J 0.1504  SLO 100.0%
    TTFT p50/p95 0.048/0.058s  TPOT 0.0142s  ITL p99/max 0.0185/0.0678s  e2e p99 1.902s  errors 0
    SLO margin p50/p95 0.937/0.947 x SLO  within 10% of boundary 88.2%
    offered 200.0 req/s  achieved 189.9 req/s  fidelity 95.0%  send delay p99 0.001s  TTFT from send p50 0.047
    (server-saturated: generator kept schedule, servers did not keep up. Valid overload data point.)
wrote /global/home/hpc6081/energy-epp/results/stage2-12329238/policies-rate200.json
load generator: 16 worker process(es)
--- slo_packing at 250.0 req/s ---
    J/req 6.04  goodput/J 0.1656  SLO 100.0%
    TTFT p50/p95 0.049/0.060s  TPOT 0.0142s  ITL p99/max 0.0188/0.0711s  e2e p99 1.906s  errors 0
    SLO margin p50/p95 0.938/0.949 x SLO  within 10% of boundary 87.0%
    offered 250.0 req/s  achieved 237.6 req/s  fidelity 95.1%  send delay p99 0.001s  TTFT from send p50 0.048
--- energy_greedy at 250.0 req/s ---
    J/req 6.03  goodput/J 0.1659  SLO 100.0%
    TTFT p50/p95 0.049/0.060s  TPOT 0.0142s  ITL p99/max 0.0187/0.0694s  e2e p99 1.902s  errors 0
    SLO margin p50/p95 0.937/0.948 x SLO  within 10% of boundary 86.6%
    offered 250.0 req/s  achieved 237.8 req/s  fidelity 95.1%  send delay p99 0.001s  TTFT from send p50 0.049
--- energy_consolidate at 250.0 req/s ---
    J/req 6.01  goodput/J 0.1664  SLO 100.0%
    TTFT p50/p95 0.050/0.061s  TPOT 0.0142s  ITL p99/max 0.0192/0.0718s  e2e p99 1.909s  errors 0
    SLO margin p50/p95 0.938/0.949 x SLO  within 10% of boundary 87.0%
    offered 250.0 req/s  achieved 237.7 req/s  fidelity 95.1%  send delay p99 0.001s  TTFT from send p50 0.049
wrote /global/home/hpc6081/energy-epp/results/stage2-12329238/policies-rate250.json
load generator: 16 worker process(es)
--- slo_packing at 300.0 req/s ---
    J/req 5.23  goodput/J 0.0308  SLO 16.1%
    TTFT p50/p95 0.053/0.066s  TPOT 0.0154s  ITL p99/max 0.0205/0.0833s  e2e p99 2.049s  errors 0
    SLO margin p50/p95 1.008/1.019 x SLO  within 10% of boundary 96.5%
    offered 300.0 req/s  achieved 284.0 req/s  fidelity 94.7%  send delay p99 0.001s  TTFT from send p50 0.052
    (policy INACTIVE on 95% of picks: the curve answered but no endpoint met the SLO, so every policy ran the same load-balancing fallback. Sound overload data; no policy comparison can rest on this cell.)
    (server-saturated: generator kept schedule, servers did not keep up. Valid overload data point.)
--- energy_greedy at 300.0 req/s ---
    J/req 5.20  goodput/J 0.0522  SLO 27.1%
    TTFT p50/p95 0.053/0.066s  TPOT 0.0154s  ITL p99/max 0.0201/0.0903s  e2e p99 2.042s  errors 0
    SLO margin p50/p95 1.005/1.016 x SLO  within 10% of boundary 96.6%
    offered 300.0 req/s  achieved 284.3 req/s  fidelity 94.8%  send delay p99 0.001s  TTFT from send p50 0.052
    (policy INACTIVE on 95% of picks: the curve answered but no endpoint met the SLO, so every policy ran the same load-balancing fallback. Sound overload data; no policy comparison can rest on this cell.)
    (server-saturated: generator kept schedule, servers did not keep up. Valid overload data point.)
--- energy_consolidate at 300.0 req/s ---
    J/req 5.19  goodput/J 0.0517  SLO 26.8%
    TTFT p50/p95 0.052/0.065s  TPOT 0.0154s  ITL p99/max 0.0204/0.0807s  e2e p99 2.048s  errors 0
    SLO margin p50/p95 1.005/1.017 x SLO  within 10% of boundary 96.5%
    offered 300.0 req/s  achieved 284.4 req/s  fidelity 94.8%  send delay p99 0.001s  TTFT from send p50 0.052
    (policy INACTIVE on 95% of picks: the curve answered but no endpoint met the SLO, so every policy ran the same load-balancing fallback. Sound overload data; no policy comparison can rest on this cell.)
    (server-saturated: generator kept schedule, servers did not keep up. Valid overload data point.)
wrote /global/home/hpc6081/energy-epp/results/stage2-12329238/policies-rate300.json
load generator: 16 worker process(es)
--- slo_packing at 300.0 req/s ---
    J/req 5.19  goodput/J 0.0513  SLO 26.6%
    TTFT p50/p95 0.053/0.065s  TPOT 0.0154s  ITL p99/max 0.0200/0.0871s  e2e p99 2.043s  errors 0
    SLO margin p50/p95 1.006/1.017 x SLO  within 10% of boundary 96.6%
    offered 300.0 req/s  achieved 284.5 req/s  fidelity 94.8%  send delay p99 0.001s  TTFT from send p50 0.052
    (policy INACTIVE on 95% of picks: the curve answered but no endpoint met the SLO, so every policy ran the same load-balancing fallback. Sound overload data; no policy comparison can rest on this cell.)
    (server-saturated: generator kept schedule, servers did not keep up. Valid overload data point.)
wrote /global/home/hpc6081/energy-epp/results/stage2-12329238/control-counteronly.json
  full telemetry : 5.226 J/req   poll=0.25s SLO=16.1%  p95=2.038s
  counter only   : 5.191 J/req   poll=0.0s SLO=26.6%  p95=2.033s
  energy difference    : +0.68%
  p95 difference       : +0.26%
  completed difference : +0.00%
  VERDICT: telemetry overhead is not measurable (<1%). Pass A
  numbers stand unqualified.
