usage: policy_harness.py [-h] --endpoints ENDPOINTS --gpus GPUS
                         --endpoint-types ENDPOINT_TYPES
                         [--curves [CURVES ...]] [--policies POLICIES] --rate
                         RATE [--requests REQUESTS] --slo SLO [--seed SEED]
                         [--poll-interval POLL_INTERVAL] --out OUT
policy_harness.py: error: unrecognized arguments: /global/home/hpc6081/energy-epp/results/h1-12302437/h1.csv=NVIDIA_A30 /global/home/hpc6081/energy-epp/results/h1-12302438/h1.csv=Quadro_RTX_6000 /global/home/hpc6081/energy-epp/results/h1-12303088/h1.csv=Quadro_RTX_6000 /global/home/hpc6081/energy-epp/results/h1-12303200/h1.csv=NVIDIA_A30 /global/home/hpc6081/energy-epp/results/h1-12303303/h1.csv=NVIDIA_L4 /global/home/hpc6081/energy-epp/results/h1-12303308/h1.csv=Quadro_RTX_6000
usage: policy_harness.py [-h] --endpoints ENDPOINTS --gpus GPUS
                         --endpoint-types ENDPOINT_TYPES
                         [--curves [CURVES ...]] [--policies POLICIES] --rate
                         RATE [--requests REQUESTS] --slo SLO [--seed SEED]
                         [--poll-interval POLL_INTERVAL] --out OUT
policy_harness.py: error: unrecognized arguments: /global/home/hpc6081/energy-epp/results/h1-12302437/h1.csv=NVIDIA_A30 /global/home/hpc6081/energy-epp/results/h1-12302438/h1.csv=Quadro_RTX_6000 /global/home/hpc6081/energy-epp/results/h1-12303088/h1.csv=Quadro_RTX_6000 /global/home/hpc6081/energy-epp/results/h1-12303200/h1.csv=NVIDIA_A30 /global/home/hpc6081/energy-epp/results/h1-12303303/h1.csv=NVIDIA_L4 /global/home/hpc6081/energy-epp/results/h1-12303308/h1.csv=Quadro_RTX_6000
usage: policy_harness.py [-h] --endpoints ENDPOINTS --gpus GPUS
                         --endpoint-types ENDPOINT_TYPES
                         [--curves [CURVES ...]] [--policies POLICIES] --rate
                         RATE [--requests REQUESTS] --slo SLO [--seed SEED]
                         [--poll-interval POLL_INTERVAL] --out OUT
policy_harness.py: error: unrecognized arguments: /global/home/hpc6081/energy-epp/results/h1-12302437/h1.csv=NVIDIA_A30 /global/home/hpc6081/energy-epp/results/h1-12302438/h1.csv=Quadro_RTX_6000 /global/home/hpc6081/energy-epp/results/h1-12303088/h1.csv=Quadro_RTX_6000 /global/home/hpc6081/energy-epp/results/h1-12303200/h1.csv=NVIDIA_A30 /global/home/hpc6081/energy-epp/results/h1-12303303/h1.csv=NVIDIA_L4 /global/home/hpc6081/energy-epp/results/h1-12303308/h1.csv=Quadro_RTX_6000
usage: policy_harness.py [-h] --endpoints ENDPOINTS --gpus GPUS
                         --endpoint-types ENDPOINT_TYPES
                         [--curves [CURVES ...]] [--policies POLICIES] --rate
                         RATE [--requests REQUESTS] --slo SLO [--seed SEED]
                         [--poll-interval POLL_INTERVAL] --out OUT
policy_harness.py: error: unrecognized arguments: /global/home/hpc6081/energy-epp/results/h1-12302437/h1.csv=NVIDIA_A30 /global/home/hpc6081/energy-epp/results/h1-12302438/h1.csv=Quadro_RTX_6000 /global/home/hpc6081/energy-epp/results/h1-12303088/h1.csv=Quadro_RTX_6000 /global/home/hpc6081/energy-epp/results/h1-12303200/h1.csv=NVIDIA_A30 /global/home/hpc6081/energy-epp/results/h1-12303303/h1.csv=NVIDIA_L4 /global/home/hpc6081/energy-epp/results/h1-12303308/h1.csv=Quadro_RTX_6000
usage: policy_harness.py [-h] --endpoints ENDPOINTS --gpus GPUS
                         --endpoint-types ENDPOINT_TYPES
                         [--curves [CURVES ...]] [--policies POLICIES] --rate
                         RATE [--requests REQUESTS] --slo SLO [--seed SEED]
                         [--poll-interval POLL_INTERVAL] --out OUT
policy_harness.py: error: unrecognized arguments: /global/home/hpc6081/energy-epp/results/h1-12302437/h1.csv=NVIDIA_A30 /global/home/hpc6081/energy-epp/results/h1-12302438/h1.csv=Quadro_RTX_6000 /global/home/hpc6081/energy-epp/results/h1-12303088/h1.csv=Quadro_RTX_6000 /global/home/hpc6081/energy-epp/results/h1-12303200/h1.csv=NVIDIA_A30 /global/home/hpc6081/energy-epp/results/h1-12303303/h1.csv=NVIDIA_L4 /global/home/hpc6081/energy-epp/results/h1-12303308/h1.csv=Quadro_RTX_6000
Traceback (most recent call last):
  File "/global/home/hpc6081/energy-epp/scripts/perturbation_check.py", line 68, in <module>
    main()
  File "/global/home/hpc6081/energy-epp/scripts/perturbation_check.py", line 31, in main
    full, ctrl = pick(sys.argv[1]), pick(sys.argv[2])
  File "/global/home/hpc6081/energy-epp/scripts/perturbation_check.py", line 20, in pick
    with open(path) as fh:
FileNotFoundError: [Errno 2] No such file or directory: '/global/home/hpc6081/energy-epp/results/stage2-12303325/policies-rate34.3.json'
