idle(model loaded): 54.33 W
trial1 c=1   prefix=0 186.57 W    130.5 tok/s  J/tok=1.4294  p95=0.983s err=0
trial1 c=2   prefix=0 181.99 W    225.2 tok/s  J/tok=0.8081  p95=1.138s err=0
trial1 c=4   prefix=0 187.56 W    437.1 tok/s  J/tok=0.4291  p95=1.172s err=0
trial1 c=8   prefix=0 190.75 W    838.9 tok/s  J/tok=0.2274  p95=1.227s err=0
trial1 c=8   prefix=1 187.69 W    779.1 tok/s  J/tok=0.2409  p95=1.302s err=0
trial1 c=16  prefix=0  197.1 W   1545.2 tok/s  J/tok=0.1276  p95=1.336s err=0
trial1 c=32  prefix=0 198.93 W   2699.6 tok/s  J/tok=0.0737  p95=1.535s err=0
trial2 c=1   prefix=0 203.79 W    130.7 tok/s  J/tok=1.5592  p95=0.98s err=0
trial2 c=2   prefix=0 186.86 W    226.7 tok/s  J/tok=0.8243  p95=1.13s err=0
trial2 c=4   prefix=0  187.6 W    436.7 tok/s  J/tok=0.4295  p95=1.175s err=0
trial2 c=8   prefix=0  189.9 W    836.6 tok/s  J/tok=0.227  p95=1.227s err=0
trial2 c=8   prefix=1 185.44 W    777.6 tok/s  J/tok=0.2385  p95=1.303s err=0
trial2 c=16  prefix=0  194.2 W   1547.8 tok/s  J/tok=0.1255  p95=1.332s err=0
trial2 c=32  prefix=0 198.79 W   2712.6 tok/s  J/tok=0.0733  p95=1.524s err=0
trial3 c=1   prefix=0 203.99 W    130.8 tok/s  J/tok=1.5597  p95=0.98s err=0
trial3 c=2   prefix=0 186.95 W    226.8 tok/s  J/tok=0.8243  p95=1.13s err=0
trial3 c=4   prefix=0 187.05 W    437.3 tok/s  J/tok=0.4277  p95=1.172s err=0
trial3 c=8   prefix=0 188.92 W    840.8 tok/s  J/tok=0.2247  p95=1.221s err=0
trial3 c=8   prefix=1 185.83 W    777.8 tok/s  J/tok=0.2389  p95=1.303s err=0
trial3 c=16  prefix=0 195.07 W   1538.5 tok/s  J/tok=0.1268  p95=1.332s err=0
trial3 c=32  prefix=0  198.8 W   2696.8 tok/s  J/tok=0.0737  p95=1.53s err=0
trial4 c=1   prefix=0 204.04 W    130.8 tok/s  J/tok=1.5596  p95=0.979s err=0
trial4 c=2   prefix=0 187.12 W    225.5 tok/s  J/tok=0.8299  p95=1.137s err=0
trial4 c=4   prefix=0 186.89 W    437.5 tok/s  J/tok=0.4272  p95=1.173s err=0
trial4 c=8   prefix=0 189.07 W    840.3 tok/s  J/tok=0.225  p95=1.223s err=0
trial4 c=8   prefix=1 185.55 W    777.2 tok/s  J/tok=0.2387  p95=1.303s err=0
trial4 c=16  prefix=0 194.92 W   1550.0 tok/s  J/tok=0.1258  p95=1.332s err=0
trial4 c=32  prefix=0 198.74 W   2694.0 tok/s  J/tok=0.0738  p95=1.528s err=0
trial5 c=1   prefix=0 204.07 W    130.8 tok/s  J/tok=1.5599  p95=0.979s err=0
trial5 c=2   prefix=0 186.96 W    225.9 tok/s  J/tok=0.8275  p95=1.137s err=0
trial5 c=4   prefix=0 186.91 W    437.6 tok/s  J/tok=0.4271  p95=1.172s err=0
trial5 c=8   prefix=0 189.43 W    840.0 tok/s  J/tok=0.2255  p95=1.224s err=0
trial5 c=8   prefix=1 185.64 W    777.8 tok/s  J/tok=0.2387  p95=1.303s err=0
trial5 c=16  prefix=0 194.28 W   1551.7 tok/s  J/tok=0.1252  p95=1.326s err=0
trial5 c=32  prefix=0 198.55 W   2711.1 tok/s  J/tok=0.0732  p95=1.522s err=0

wrote /global/home/hpc6081/energy-epp/results/h1-12303088/h1.csv (36 rows) gpu=Quadro RTX 6000
