--- round_robin at 50.0 req/s ---
    J/req 50.78  goodput/J 0.0021  SLO 10.7%
    TTFT p50/p95 0.028/0.032s  TPOT 0.0091s  ITL p99/max 0.0143/0.0185s  e2e p99 11.172s  errors 0
--- least_loaded at 50.0 req/s ---
    J/req 51.29  goodput/J 0.0021  SLO 10.7%
    TTFT p50/p95 0.028/0.033s  TPOT 0.0091s  ITL p99/max 0.0143/0.0216s  e2e p99 11.266s  errors 0
--- slo_packing at 50.0 req/s ---
    J/req 35.33  goodput/J 0.0015  SLO 5.3%
    TTFT p50/p95 0.033/0.043s  TPOT 0.0103s  ITL p99/max 0.0143/0.0544s  e2e p99 14.303s  errors 0
--- energy_greedy at 50.0 req/s ---
    J/req 34.35  goodput/J 0.0016  SLO 5.3%
    TTFT p50/p95 0.033/0.042s  TPOT 0.0102s  ITL p99/max 0.0138/0.0284s  e2e p99 14.268s  errors 0
--- energy_consolidate at 50.0 req/s ---
    J/req 34.16  goodput/J 0.0016  SLO 5.3%
    TTFT p50/p95 0.032/0.040s  TPOT 0.0102s  ITL p99/max 0.0135/0.0283s  e2e p99 14.172s  errors 0
wrote /global/home/hpc6081/energy-epp/results/stage2-12303327/policies-rate50.0.json
--- round_robin at 87.5 req/s ---
    J/req 50.46  goodput/J 0.0012  SLO 5.8%
    TTFT p50/p95 0.027/0.031s  TPOT 0.0090s  ITL p99/max 0.0143/0.0201s  e2e p99 15.908s  errors 0
--- least_loaded at 87.5 req/s ---
    J/req 50.85  goodput/J 0.0011  SLO 5.7%
    TTFT p50/p95 0.027/0.032s  TPOT 0.0091s  ITL p99/max 0.0144/0.0211s  e2e p99 16.005s  errors 0
--- slo_packing at 87.5 req/s ---
    J/req 38.09  goodput/J 0.0014  SLO 5.3%
    TTFT p50/p95 0.033/0.046s  TPOT 0.0103s  ITL p99/max 0.0143/0.0183s  e2e p99 19.037s  errors 0
--- energy_greedy at 87.5 req/s ---
    J/req 31.22  goodput/J 0.0017  SLO 5.3%
    TTFT p50/p95 0.035/0.045s  TPOT 0.0108s  ITL p99/max 0.0142/0.0182s  e2e p99 20.467s  errors 0
--- energy_consolidate at 87.5 req/s ---
    J/req 31.03  goodput/J 0.0017  SLO 5.3%
    TTFT p50/p95 0.035/0.041s  TPOT 0.0108s  ITL p99/max 0.0139/0.0174s  e2e p99 20.370s  errors 0
wrote /global/home/hpc6081/energy-epp/results/stage2-12303327/policies-rate87.5.json
--- round_robin at 112.5 req/s ---
    J/req 50.32  goodput/J 0.0011  SLO 5.7%
    TTFT p50/p95 0.027/0.035s  TPOT 0.0090s  ITL p99/max 0.0145/0.0210s  e2e p99 17.350s  errors 0
--- least_loaded at 112.5 req/s ---
    J/req 50.78  goodput/J 0.0011  SLO 5.7%
    TTFT p50/p95 0.027/0.033s  TPOT 0.0091s  ITL p99/max 0.0145/0.0268s  e2e p99 17.423s  errors 0
--- slo_packing at 112.5 req/s ---
    J/req 38.60  goodput/J 0.0014  SLO 5.3%
    TTFT p50/p95 0.032/0.049s  TPOT 0.0101s  ITL p99/max 0.0144/0.0240s  e2e p99 20.160s  errors 0
--- energy_greedy at 112.5 req/s ---
    J/req 30.50  goodput/J 0.0017  SLO 5.3%
    TTFT p50/p95 0.035/0.045s  TPOT 0.0108s  ITL p99/max 0.0141/0.0188s  e2e p99 21.849s  errors 0
--- energy_consolidate at 112.5 req/s ---
    J/req 30.43  goodput/J 0.0018  SLO 5.3%
    TTFT p50/p95 0.035/0.048s  TPOT 0.0108s  ITL p99/max 0.0140/0.0220s  e2e p99 21.819s  errors 0
wrote /global/home/hpc6081/energy-epp/results/stage2-12303327/policies-rate112.5.json
--- round_robin at 137.5 req/s ---
    J/req 50.28  goodput/J 0.0011  SLO 5.7%
    TTFT p50/p95 0.027/0.034s  TPOT 0.0090s  ITL p99/max 0.0145/0.0224s  e2e p99 18.271s  errors 0
--- least_loaded at 137.5 req/s ---
    J/req 50.54  goodput/J 0.0011  SLO 5.7%
    TTFT p50/p95 0.028/0.036s  TPOT 0.0091s  ITL p99/max 0.0145/0.0422s  e2e p99 18.323s  errors 0
--- slo_packing at 137.5 req/s ---
    J/req 39.01  goodput/J 0.0014  SLO 5.3%
    TTFT p50/p95 0.034/0.046s  TPOT 0.0102s  ITL p99/max 0.0144/0.0214s  e2e p99 21.099s  errors 0
--- energy_greedy at 137.5 req/s ---
    J/req 29.51  goodput/J 0.0018  SLO 5.3%
    TTFT p50/p95 0.036/0.045s  TPOT 0.0110s  ITL p99/max 0.0141/0.0302s  e2e p99 23.245s  errors 0
--- energy_consolidate at 137.5 req/s ---
    J/req 29.26  goodput/J 0.0018  SLO 5.3%
    TTFT p50/p95 0.036/0.049s  TPOT 0.0110s  ITL p99/max 0.0139/0.0204s  e2e p99 23.305s  errors 0
wrote /global/home/hpc6081/energy-epp/results/stage2-12303327/policies-rate137.5.json
--- slo_packing at 137.5 req/s ---
    J/req 38.75  goodput/J 0.0014  SLO 5.3%
    TTFT p50/p95 0.032/0.045s  TPOT 0.0102s  ITL p99/max 0.0141/0.0182s  e2e p99 21.200s  errors 0
wrote /global/home/hpc6081/energy-epp/results/stage2-12303327/control-counteronly.json
  full telemetry : 39.012 J/req   poll=0.25s SLO=5.3%  p95=20.351s
  counter only   : 38.747 J/req   poll=0.0s SLO=5.3%  p95=20.252s
  energy difference    : +0.68%
  p95 difference       : +0.48%
  completed difference : +0.00%
  VERDICT: telemetry overhead is not measurable (<1%). Pass A
  numbers stand unqualified.
