load generator: 16 worker process(es)
--- slo_packing at 300.0 req/s ---
    J/req 3.81  goodput/J 0.2626  SLO 100.0%
    TTFT p50/p95 0.057/0.095s  TPOT 0.0064s  ITL p99/max 0.0116/0.0560s  e2e p99 0.968s  errors 0
    SLO margin p50/p95 0.447/0.473 x SLO  within 10% of boundary 0.0%
    offered 300.0 req/s  achieved 290.6 req/s  fidelity 96.9%  send delay p99 0.001s  TTFT from send p50 0.057
    (curve probed above its measured range 14493 time(s); those endpoints were excluded as infeasible, which is the intended conservative behaviour, and every pick still had a grounded option)
--- energy_greedy at 300.0 req/s ---
    J/req 3.83  goodput/J 0.2609  SLO 100.0%
    TTFT p50/p95 0.049/0.088s  TPOT 0.0065s  ITL p99/max 0.0118/0.0505s  e2e p99 0.966s  errors 0
    SLO margin p50/p95 0.447/0.474 x SLO  within 10% of boundary 0.0%
    offered 300.0 req/s  achieved 290.7 req/s  fidelity 96.9%  send delay p99 0.001s  TTFT from send p50 0.049
    (curve probed above its measured range 14365 time(s); those endpoints were excluded as infeasible, which is the intended conservative behaviour, and every pick still had a grounded option)
--- energy_consolidate at 300.0 req/s ---
    J/req 3.85  goodput/J 0.2600  SLO 100.0%
    TTFT p50/p95 0.054/0.090s  TPOT 0.0065s  ITL p99/max 0.0115/0.0501s  e2e p99 0.969s  errors 0
    SLO margin p50/p95 0.450/0.475 x SLO  within 10% of boundary 0.0%
    offered 300.0 req/s  achieved 290.5 req/s  fidelity 96.8%  send delay p99 0.001s  TTFT from send p50 0.053
    (curve probed above its measured range 14599 time(s); those endpoints were excluded as infeasible, which is the intended conservative behaviour, and every pick still had a grounded option)
wrote /global/home/hpc6081/energy-epp/results/stage2het-12325363/policies-rate300.json
load generator: 16 worker process(es)
--- slo_packing at 400.0 req/s ---
    J/req 3.10  goodput/J 0.3225  SLO 100.0%
    TTFT p50/p95 0.059/0.095s  TPOT 0.0065s  ITL p99/max 0.0117/0.0521s  e2e p99 0.963s  errors 0
    SLO margin p50/p95 0.439/0.471 x SLO  within 10% of boundary 0.0%
    offered 400.0 req/s  achieved 385.1 req/s  fidelity 96.3%  send delay p99 0.001s  TTFT from send p50 0.058
    (curve probed above its measured range 30250 time(s); those endpoints were excluded as infeasible, which is the intended conservative behaviour, and every pick still had a grounded option)
--- energy_greedy at 400.0 req/s ---
    J/req 3.16  goodput/J 0.3168  SLO 100.0%
    TTFT p50/p95 0.059/0.094s  TPOT 0.0065s  ITL p99/max 0.0117/0.0753s  e2e p99 0.963s  errors 0
    SLO margin p50/p95 0.445/0.473 x SLO  within 10% of boundary 0.0%
    offered 400.0 req/s  achieved 385.0 req/s  fidelity 96.2%  send delay p99 0.001s  TTFT from send p50 0.058
    (curve probed above its measured range 30000 time(s); those endpoints were excluded as infeasible, which is the intended conservative behaviour, and every pick still had a grounded option)
--- energy_consolidate at 400.0 req/s ---
    J/req 3.15  goodput/J 0.3175  SLO 100.0%
    TTFT p50/p95 0.058/0.093s  TPOT 0.0065s  ITL p99/max 0.0118/0.0626s  e2e p99 0.960s  errors 0
    SLO margin p50/p95 0.445/0.472 x SLO  within 10% of boundary 0.0%
    offered 400.0 req/s  achieved 385.0 req/s  fidelity 96.2%  send delay p99 0.001s  TTFT from send p50 0.057
    (curve probed above its measured range 30247 time(s); those endpoints were excluded as infeasible, which is the intended conservative behaviour, and every pick still had a grounded option)
wrote /global/home/hpc6081/energy-epp/results/stage2het-12325363/policies-rate400.json
load generator: 16 worker process(es)
--- slo_packing at 300.0 req/s ---
    J/req 3.86  goodput/J 0.2594  SLO 100.0%
    TTFT p50/p95 0.054/0.093s  TPOT 0.0065s  ITL p99/max 0.0115/0.0429s  e2e p99 0.982s  errors 0
    SLO margin p50/p95 0.450/0.478 x SLO  within 10% of boundary 0.0%
    offered 300.0 req/s  achieved 290.5 req/s  fidelity 96.8%  send delay p99 0.001s  TTFT from send p50 0.053
    (curve probed above its measured range 14472 time(s); those endpoints were excluded as infeasible, which is the intended conservative behaviour, and every pick still had a grounded option)
--- energy_greedy at 300.0 req/s ---
    J/req 3.86  goodput/J 0.2590  SLO 100.0%
    TTFT p50/p95 0.054/0.090s  TPOT 0.0065s  ITL p99/max 0.0116/0.0618s  e2e p99 0.977s  errors 0
    SLO margin p50/p95 0.450/0.477 x SLO  within 10% of boundary 0.0%
    offered 300.0 req/s  achieved 290.5 req/s  fidelity 96.8%  send delay p99 0.001s  TTFT from send p50 0.053
    (curve probed above its measured range 14171 time(s); those endpoints were excluded as infeasible, which is the intended conservative behaviour, and every pick still had a grounded option)
--- energy_consolidate at 300.0 req/s ---
    J/req 3.85  goodput/J 0.2594  SLO 100.0%
    TTFT p50/p95 0.055/0.092s  TPOT 0.0065s  ITL p99/max 0.0113/0.0562s  e2e p99 0.970s  errors 0
    SLO margin p50/p95 0.451/0.476 x SLO  within 10% of boundary 0.0%
    offered 300.0 req/s  achieved 290.5 req/s  fidelity 96.8%  send delay p99 0.001s  TTFT from send p50 0.055
    (curve probed above its measured range 14157 time(s); those endpoints were excluded as infeasible, which is the intended conservative behaviour, and every pick still had a grounded option)
wrote /global/home/hpc6081/energy-epp/results/stage2het-12325363/policies-h0.1-rate300.json
load generator: 16 worker process(es)
--- slo_packing at 400.0 req/s ---
    J/req 3.12  goodput/J 0.3204  SLO 100.0%
    TTFT p50/p95 0.062/0.096s  TPOT 0.0065s  ITL p99/max 0.0115/0.0584s  e2e p99 0.958s  errors 0
    SLO margin p50/p95 0.442/0.471 x SLO  within 10% of boundary 0.0%
    offered 400.0 req/s  achieved 385.1 req/s  fidelity 96.3%  send delay p99 0.001s  TTFT from send p50 0.061
    (curve probed above its measured range 29873 time(s); those endpoints were excluded as infeasible, which is the intended conservative behaviour, and every pick still had a grounded option)
--- energy_greedy at 400.0 req/s ---
    J/req 3.18  goodput/J 0.3141  SLO 100.0%
    TTFT p50/p95 0.065/0.103s  TPOT 0.0066s  ITL p99/max 0.0121/0.0595s  e2e p99 0.977s  errors 0
    SLO margin p50/p95 0.444/0.478 x SLO  within 10% of boundary 0.0%
    offered 400.0 req/s  achieved 385.2 req/s  fidelity 96.3%  send delay p99 0.001s  TTFT from send p50 0.064
    (curve probed above its measured range 30731 time(s); those endpoints were excluded as infeasible, which is the intended conservative behaviour, and every pick still had a grounded option)
--- energy_consolidate at 400.0 req/s ---
    J/req 3.15  goodput/J 0.3172  SLO 100.0%
    TTFT p50/p95 0.060/0.095s  TPOT 0.0065s  ITL p99/max 0.0116/0.0711s  e2e p99 0.961s  errors 0
    SLO margin p50/p95 0.443/0.472 x SLO  within 10% of boundary 0.0%
    offered 400.0 req/s  achieved 385.2 req/s  fidelity 96.3%  send delay p99 0.001s  TTFT from send p50 0.059
    (curve probed above its measured range 30458 time(s); those endpoints were excluded as infeasible, which is the intended conservative behaviour, and every pick still had a grounded option)
wrote /global/home/hpc6081/energy-epp/results/stage2het-12325363/policies-h0.1-rate400.json
load generator: 16 worker process(es)
--- slo_packing at 300.0 req/s ---
    J/req 3.86  goodput/J 0.2590  SLO 100.0%
    TTFT p50/p95 0.054/0.088s  TPOT 0.0064s  ITL p99/max 0.0111/0.0457s  e2e p99 0.956s  errors 0
    SLO margin p50/p95 0.448/0.470 x SLO  within 10% of boundary 0.0%
    offered 300.0 req/s  achieved 290.7 req/s  fidelity 96.9%  send delay p99 0.001s  TTFT from send p50 0.053
    (curve probed above its measured range 14232 time(s); those endpoints were excluded as infeasible, which is the intended conservative behaviour, and every pick still had a grounded option)
--- energy_greedy at 300.0 req/s ---
    J/req 3.87  goodput/J 0.2582  SLO 100.0%
    TTFT p50/p95 0.055/0.092s  TPOT 0.0065s  ITL p99/max 0.0114/0.0511s  e2e p99 0.967s  errors 0
    SLO margin p50/p95 0.450/0.475 x SLO  within 10% of boundary 0.0%
    offered 300.0 req/s  achieved 290.6 req/s  fidelity 96.9%  send delay p99 0.001s  TTFT from send p50 0.055
    (curve probed above its measured range 14348 time(s); those endpoints were excluded as infeasible, which is the intended conservative behaviour, and every pick still had a grounded option)
--- energy_consolidate at 300.0 req/s ---
    J/req 3.85  goodput/J 0.2594  SLO 100.0%
    TTFT p50/p95 0.051/0.090s  TPOT 0.0065s  ITL p99/max 0.0116/0.0607s  e2e p99 0.964s  errors 0
    SLO margin p50/p95 0.449/0.474 x SLO  within 10% of boundary 0.0%
    offered 300.0 req/s  achieved 290.6 req/s  fidelity 96.9%  send delay p99 0.001s  TTFT from send p50 0.050
    (curve probed above its measured range 14354 time(s); those endpoints were excluded as infeasible, which is the intended conservative behaviour, and every pick still had a grounded option)
wrote /global/home/hpc6081/energy-epp/results/stage2het-12325363/policies-h0.2-rate300.json
load generator: 16 worker process(es)
--- slo_packing at 400.0 req/s ---
    J/req 3.13  goodput/J 0.3195  SLO 100.0%
    TTFT p50/p95 0.059/0.095s  TPOT 0.0065s  ITL p99/max 0.0118/0.0510s  e2e p99 0.963s  errors 0
    SLO margin p50/p95 0.442/0.472 x SLO  within 10% of boundary 0.0%
    offered 400.0 req/s  achieved 385.0 req/s  fidelity 96.3%  send delay p99 0.001s  TTFT from send p50 0.059
    (curve probed above its measured range 30377 time(s); those endpoints were excluded as infeasible, which is the intended conservative behaviour, and every pick still had a grounded option)
--- energy_greedy at 400.0 req/s ---
    J/req 3.13  goodput/J 0.3191  SLO 100.0%
    TTFT p50/p95 0.062/0.097s  TPOT 0.0065s  ITL p99/max 0.0120/0.0594s  e2e p99 0.966s  errors 0
    SLO margin p50/p95 0.446/0.475 x SLO  within 10% of boundary 0.0%
    offered 400.0 req/s  achieved 384.6 req/s  fidelity 96.1%  send delay p99 0.001s  TTFT from send p50 0.061
    (curve probed above its measured range 31063 time(s); those endpoints were excluded as infeasible, which is the intended conservative behaviour, and every pick still had a grounded option)
--- energy_consolidate at 400.0 req/s ---
    J/req 3.14  goodput/J 0.3183  SLO 100.0%
    TTFT p50/p95 0.058/0.095s  TPOT 0.0065s  ITL p99/max 0.0117/0.0545s  e2e p99 0.962s  errors 0
    SLO margin p50/p95 0.444/0.473 x SLO  within 10% of boundary 0.0%
    offered 400.0 req/s  achieved 385.2 req/s  fidelity 96.3%  send delay p99 0.001s  TTFT from send p50 0.057
    (curve probed above its measured range 30838 time(s); those endpoints were excluded as infeasible, which is the intended conservative behaviour, and every pick still had a grounded option)
wrote /global/home/hpc6081/energy-epp/results/stage2het-12325363/policies-h0.2-rate400.json
load generator: 16 worker process(es)
--- slo_packing at 300.0 req/s ---
    J/req 3.84  goodput/J 0.2604  SLO 100.0%
    TTFT p50/p95 0.055/0.091s  TPOT 0.0065s  ITL p99/max 0.0115/0.0495s  e2e p99 0.964s  errors 0
    SLO margin p50/p95 0.449/0.474 x SLO  within 10% of boundary 0.0%
    offered 300.0 req/s  achieved 290.6 req/s  fidelity 96.9%  send delay p99 0.001s  TTFT from send p50 0.054
    (curve probed above its measured range 14079 time(s); those endpoints were excluded as infeasible, which is the intended conservative behaviour, and every pick still had a grounded option)
--- energy_greedy at 300.0 req/s ---
    J/req 3.84  goodput/J 0.2605  SLO 100.0%
    TTFT p50/p95 0.059/0.094s  TPOT 0.0065s  ITL p99/max 0.0115/0.0524s  e2e p99 0.971s  errors 0
    SLO margin p50/p95 0.450/0.477 x SLO  within 10% of boundary 0.0%
    offered 300.0 req/s  achieved 290.6 req/s  fidelity 96.9%  send delay p99 0.001s  TTFT from send p50 0.059
    (curve probed above its measured range 14679 time(s); those endpoints were excluded as infeasible, which is the intended conservative behaviour, and every pick still had a grounded option)
--- energy_consolidate at 300.0 req/s ---
    J/req 3.82  goodput/J 0.2615  SLO 100.0%
    TTFT p50/p95 0.053/0.092s  TPOT 0.0065s  ITL p99/max 0.0113/0.0536s  e2e p99 0.966s  errors 0
    SLO margin p50/p95 0.449/0.475 x SLO  within 10% of boundary 0.0%
    offered 300.0 req/s  achieved 290.6 req/s  fidelity 96.9%  send delay p99 0.001s  TTFT from send p50 0.053
    (curve probed above its measured range 14584 time(s); those endpoints were excluded as infeasible, which is the intended conservative behaviour, and every pick still had a grounded option)
wrote /global/home/hpc6081/energy-epp/results/stage2het-12325363/policies-h0.3-rate300.json
load generator: 16 worker process(es)
--- slo_packing at 400.0 req/s ---
    J/req 3.11  goodput/J 0.3210  SLO 100.0%
    TTFT p50/p95 0.060/0.095s  TPOT 0.0065s  ITL p99/max 0.0115/0.0534s  e2e p99 0.963s  errors 0
    SLO margin p50/p95 0.442/0.472 x SLO  within 10% of boundary 0.0%
    offered 400.0 req/s  achieved 385.2 req/s  fidelity 96.3%  send delay p99 0.001s  TTFT from send p50 0.060
    (curve probed above its measured range 30101 time(s); those endpoints were excluded as infeasible, which is the intended conservative behaviour, and every pick still had a grounded option)
--- energy_greedy at 400.0 req/s ---
    J/req 3.13  goodput/J 0.3190  SLO 100.0%
    TTFT p50/p95 0.059/0.095s  TPOT 0.0065s  ITL p99/max 0.0117/0.0528s  e2e p99 0.968s  errors 0
    SLO margin p50/p95 0.444/0.472 x SLO  within 10% of boundary 0.0%
    offered 400.0 req/s  achieved 385.4 req/s  fidelity 96.3%  send delay p99 0.001s  TTFT from send p50 0.059
    (curve probed above its measured range 29902 time(s); those endpoints were excluded as infeasible, which is the intended conservative behaviour, and every pick still had a grounded option)
--- energy_consolidate at 400.0 req/s ---
    J/req 3.14  goodput/J 0.3180  SLO 100.0%
    TTFT p50/p95 0.062/0.099s  TPOT 0.0065s  ITL p99/max 0.0124/0.0513s  e2e p99 0.967s  errors 0
    SLO margin p50/p95 0.445/0.474 x SLO  within 10% of boundary 0.0%
    offered 400.0 req/s  achieved 385.2 req/s  fidelity 96.3%  send delay p99 0.001s  TTFT from send p50 0.061
    (curve probed above its measured range 30538 time(s); those endpoints were excluded as infeasible, which is the intended conservative behaviour, and every pick still had a grounded option)
wrote /global/home/hpc6081/energy-epp/results/stage2het-12325363/policies-h0.3-rate400.json
