load generator: 6 worker process(es)
--- round_robin at 4.0 req/s ---
    J/req 42.60  goodput/J 0.0235  SLO 100.0%
    TTFT p50/p95 0.015/0.106s  TPOT 0.0041s  ITL p99/max 0.0069/0.0097s  e2e p99 1.079s  errors 0
    SLO margin p50/p95 0.267/0.312 x SLO  within 10% of boundary 0.0%
    offered 4.0 req/s  achieved 4.3 req/s  fidelity 106.5%  send delay p99 0.004s  TTFT from send p50 0.014
wrote /global/home/hpc6081/energy-epp/results/olc-12325343/olc-trial1-rate4.json
load generator: 6 worker process(es)
--- round_robin at 37.0 req/s ---
    J/req 6.22  goodput/J 0.1609  SLO 100.0%
    TTFT p50/p95 0.017/0.024s  TPOT 0.0045s  ITL p99/max 0.0078/0.0103s  e2e p99 0.693s  errors 0
    SLO margin p50/p95 0.297/0.310 x SLO  within 10% of boundary 0.0%
    offered 37.0 req/s  achieved 36.8 req/s  fidelity 99.4%  send delay p99 0.001s  TTFT from send p50 0.017
wrote /global/home/hpc6081/energy-epp/results/olc-12325343/olc-trial1-rate37.json
load generator: 6 worker process(es)
--- round_robin at 4.0 req/s ---
    J/req 52.51  goodput/J 0.0190  SLO 100.0%
    TTFT p50/p95 0.015/0.104s  TPOT 0.0041s  ITL p99/max 0.0069/0.0088s  e2e p99 0.691s  errors 0
    SLO margin p50/p95 0.267/0.311 x SLO  within 10% of boundary 0.0%
    offered 4.0 req/s  achieved 3.8 req/s  fidelity 93.9%  send delay p99 0.004s  TTFT from send p50 0.014
    (server-saturated: generator kept schedule, servers did not keep up. Valid overload data point.)
wrote /global/home/hpc6081/energy-epp/results/olc-12325343/olc-trial2-rate4.json
load generator: 6 worker process(es)
--- round_robin at 37.0 req/s ---
    J/req 6.47  goodput/J 0.1546  SLO 100.0%
    TTFT p50/p95 0.017/0.024s  TPOT 0.0045s  ITL p99/max 0.0079/0.0109s  e2e p99 0.638s  errors 0
    SLO margin p50/p95 0.297/0.312 x SLO  within 10% of boundary 0.0%
    offered 37.0 req/s  achieved 36.6 req/s  fidelity 98.9%  send delay p99 0.001s  TTFT from send p50 0.017
wrote /global/home/hpc6081/energy-epp/results/olc-12325343/olc-trial2-rate37.json
wrote /global/home/hpc6081/energy-epp/results/olc-12325343/curve.csv: 4 rows, trials [1, 2], rates [4.0, 37.0]
