load generator: 16 worker process(es)
--- slo_packing at 300.0 req/s ---
    J/req 3.69  goodput/J 0.0499  SLO 18.4%
    TTFT p50/p95 1.564/1.873s  TPOT 0.0097s  ITL p99/max 0.0186/0.0852s  e2e p99 3.362s  errors 0
    SLO margin p50/p95 1.376/1.593 x SLO  within 10% of boundary 2.9%
    offered 300.0 req/s  achieved 285.3 req/s  fidelity 95.1%  send delay p99 0.001s  TTFT from send p50 1.563
--- energy_greedy at 300.0 req/s ---
    J/req 3.67  goodput/J 0.0437  SLO 16.0%
    TTFT p50/p95 1.392/1.809s  TPOT 0.0099s  ITL p99/max 0.0182/0.0621s  e2e p99 3.261s  errors 0
    SLO margin p50/p95 1.330/1.561 x SLO  within 10% of boundary 3.2%
    offered 300.0 req/s  achieved 286.0 req/s  fidelity 95.3%  send delay p99 0.001s  TTFT from send p50 1.391
--- energy_consolidate at 300.0 req/s ---
    J/req 3.66  goodput/J 0.0468  SLO 17.1%
    TTFT p50/p95 1.439/1.842s  TPOT 0.0098s  ITL p99/max 0.0187/0.0791s  e2e p99 3.241s  errors 0
    SLO margin p50/p95 1.336/1.556 x SLO  within 10% of boundary 2.0%
    offered 300.0 req/s  achieved 286.8 req/s  fidelity 95.6%  send delay p99 0.001s  TTFT from send p50 1.439
wrote /global/home/hpc6081/energy-epp/results/stage2het-12325156/policies-rate300.json
load generator: 16 worker process(es)
--- slo_packing at 400.0 req/s ---
    J/req 2.97  goodput/J 0.1114  SLO 33.1%
    TTFT p50/p95 1.289/1.827s  TPOT 0.0096s  ITL p99/max 0.0176/0.0696s  e2e p99 3.209s  errors 0
    SLO margin p50/p95 1.277/1.551 x SLO  within 10% of boundary 2.2%
    offered 400.0 req/s  achieved 379.3 req/s  fidelity 94.8%  send delay p99 0.001s  TTFT from send p50 1.289
    (server-saturated: generator kept schedule, servers did not keep up. Valid overload data point.)
--- energy_greedy at 400.0 req/s ---
    J/req 2.98  goodput/J 0.1069  SLO 31.9%
    TTFT p50/p95 1.268/1.747s  TPOT 0.0096s  ITL p99/max 0.0180/0.0735s  e2e p99 3.184s  errors 0
    SLO margin p50/p95 1.265/1.538 x SLO  within 10% of boundary 1.9%
    offered 400.0 req/s  achieved 377.8 req/s  fidelity 94.5%  send delay p99 0.001s  TTFT from send p50 1.267
    (server-saturated: generator kept schedule, servers did not keep up. Valid overload data point.)
--- energy_consolidate at 400.0 req/s ---
    J/req 2.99  goodput/J 0.1109  SLO 33.1%
    TTFT p50/p95 1.332/1.841s  TPOT 0.0097s  ITL p99/max 0.0178/0.0683s  e2e p99 3.203s  errors 0
    SLO margin p50/p95 1.283/1.555 x SLO  within 10% of boundary 2.5%
    offered 400.0 req/s  achieved 377.5 req/s  fidelity 94.4%  send delay p99 0.001s  TTFT from send p50 1.332
    (server-saturated: generator kept schedule, servers did not keep up. Valid overload data point.)
wrote /global/home/hpc6081/energy-epp/results/stage2het-12325156/policies-rate400.json
load generator: 16 worker process(es)
--- slo_packing at 300.0 req/s ---
    J/req 3.72  goodput/J 0.0530  SLO 19.7%
    TTFT p50/p95 1.159/1.590s  TPOT 0.0097s  ITL p99/max 0.0180/0.0672s  e2e p99 3.015s  errors 0
    SLO margin p50/p95 1.198/1.429 x SLO  within 10% of boundary 12.5%
    offered 300.0 req/s  achieved 287.1 req/s  fidelity 95.7%  send delay p99 0.001s  TTFT from send p50 1.159
--- energy_greedy at 300.0 req/s ---
    J/req 3.66  goodput/J 0.0546  SLO 20.0%
    TTFT p50/p95 1.040/1.520s  TPOT 0.0099s  ITL p99/max 0.0186/0.0640s  e2e p99 2.924s  errors 0
    SLO margin p50/p95 1.152/1.402 x SLO  within 10% of boundary 19.4%
    offered 300.0 req/s  achieved 286.9 req/s  fidelity 95.6%  send delay p99 0.001s  TTFT from send p50 1.040
--- energy_consolidate at 300.0 req/s ---
    J/req 3.67  goodput/J 0.0539  SLO 19.8%
    TTFT p50/p95 1.056/1.525s  TPOT 0.0098s  ITL p99/max 0.0180/0.0744s  e2e p99 2.910s  errors 0
    SLO margin p50/p95 1.171/1.382 x SLO  within 10% of boundary 17.2%
    offered 300.0 req/s  achieved 286.6 req/s  fidelity 95.5%  send delay p99 0.001s  TTFT from send p50 1.056
wrote /global/home/hpc6081/energy-epp/results/stage2het-12325156/policies-h0.1-rate300.json
load generator: 16 worker process(es)
--- slo_packing at 400.0 req/s ---
    J/req 2.97  goodput/J 0.1177  SLO 35.0%
    TTFT p50/p95 0.920/1.507s  TPOT 0.0098s  ITL p99/max 0.0180/0.0735s  e2e p99 2.900s  errors 0
    SLO margin p50/p95 1.106/1.396 x SLO  within 10% of boundary 16.5%
    offered 400.0 req/s  achieved 380.5 req/s  fidelity 95.1%  send delay p99 0.001s  TTFT from send p50 0.920
--- energy_greedy at 400.0 req/s ---
    J/req 2.99  goodput/J 0.1025  SLO 30.7%
    TTFT p50/p95 1.060/1.591s  TPOT 0.0098s  ITL p99/max 0.0182/0.0714s  e2e p99 2.979s  errors 0
    SLO margin p50/p95 1.149/1.413 x SLO  within 10% of boundary 16.0%
    offered 400.0 req/s  achieved 378.7 req/s  fidelity 94.7%  send delay p99 0.001s  TTFT from send p50 1.060
    (server-saturated: generator kept schedule, servers did not keep up. Valid overload data point.)
--- energy_consolidate at 400.0 req/s ---
    J/req 2.98  goodput/J 0.1183  SLO 35.2%
    TTFT p50/p95 0.960/1.498s  TPOT 0.0097s  ITL p99/max 0.0179/0.0800s  e2e p99 2.886s  errors 0
    SLO margin p50/p95 1.122/1.394 x SLO  within 10% of boundary 12.6%
    offered 400.0 req/s  achieved 381.4 req/s  fidelity 95.3%  send delay p99 0.001s  TTFT from send p50 0.959
wrote /global/home/hpc6081/energy-epp/results/stage2het-12325156/policies-h0.1-rate400.json
load generator: 16 worker process(es)
--- slo_packing at 300.0 req/s ---
    J/req 3.64  goodput/J 0.1244  SLO 45.3%
    TTFT p50/p95 0.755/1.099s  TPOT 0.0099s  ITL p99/max 0.0182/0.0659s  e2e p99 2.477s  errors 0
    SLO margin p50/p95 1.018/1.183 x SLO  within 10% of boundary 53.2%
    offered 300.0 req/s  achieved 289.1 req/s  fidelity 96.4%  send delay p99 0.001s  TTFT from send p50 0.755
--- energy_greedy at 300.0 req/s ---
    J/req 3.64  goodput/J 0.1322  SLO 48.1%
    TTFT p50/p95 0.679/2.564s  TPOT 0.0106s  ITL p99/max 0.0236/0.0783s  e2e p99 6.520s  errors 0
    SLO margin p50/p95 1.006/2.045 x SLO  within 10% of boundary 46.1%
    offered 300.0 req/s  achieved 289.1 req/s  fidelity 96.4%  send delay p99 0.002s  TTFT from send p50 0.679
--- energy_consolidate at 300.0 req/s ---
    J/req 3.64  goodput/J 0.1059  SLO 38.6%
    TTFT p50/p95 0.807/1.209s  TPOT 0.0097s  ITL p99/max 0.0177/0.0560s  e2e p99 2.532s  errors 0
    SLO margin p50/p95 1.039/1.215 x SLO  within 10% of boundary 45.8%
    offered 300.0 req/s  achieved 288.4 req/s  fidelity 96.1%  send delay p99 0.001s  TTFT from send p50 0.807
wrote /global/home/hpc6081/energy-epp/results/stage2het-12325156/policies-h0.2-rate300.json
load generator: 16 worker process(es)
--- slo_packing at 400.0 req/s ---
    J/req 2.96  goodput/J 0.1670  SLO 49.5%
    TTFT p50/p95 0.723/1.115s  TPOT 0.0094s  ITL p99/max 0.0175/0.0647s  e2e p99 2.462s  errors 0
    SLO margin p50/p95 1.002/1.177 x SLO  within 10% of boundary 43.7%
    offered 400.0 req/s  achieved 382.5 req/s  fidelity 95.6%  send delay p99 0.001s  TTFT from send p50 0.723
--- energy_greedy at 400.0 req/s ---
    J/req 2.97  goodput/J 0.1816  SLO 53.9%
    TTFT p50/p95 0.635/1.127s  TPOT 0.0098s  ITL p99/max 0.0183/0.0817s  e2e p99 2.506s  errors 0
    SLO margin p50/p95 0.984/1.189 x SLO  within 10% of boundary 41.5%
    offered 400.0 req/s  achieved 381.5 req/s  fidelity 95.4%  send delay p99 0.001s  TTFT from send p50 0.634
--- energy_consolidate at 400.0 req/s ---
    J/req 2.97  goodput/J 0.1721  SLO 51.1%
    TTFT p50/p95 0.706/1.148s  TPOT 0.0096s  ITL p99/max 0.0178/0.0758s  e2e p99 2.457s  errors 0
    SLO margin p50/p95 0.996/1.195 x SLO  within 10% of boundary 36.6%
    offered 400.0 req/s  achieved 381.7 req/s  fidelity 95.4%  send delay p99 0.001s  TTFT from send p50 0.706
wrote /global/home/hpc6081/energy-epp/results/stage2het-12325156/policies-h0.2-rate400.json
load generator: 16 worker process(es)
--- slo_packing at 300.0 req/s ---
    J/req 3.61  goodput/J 0.2652  SLO 95.6%
    TTFT p50/p95 0.437/0.722s  TPOT 0.0098s  ITL p99/max 0.0182/0.0578s  e2e p99 2.078s  errors 0
    SLO margin p50/p95 0.869/0.996 x SLO  within 10% of boundary 36.3%
    offered 300.0 req/s  achieved 291.0 req/s  fidelity 97.0%  send delay p99 0.001s  TTFT from send p50 0.437
--- energy_greedy at 300.0 req/s ---
    J/req 3.66  goodput/J 0.2453  SLO 89.8%
    TTFT p50/p95 0.511/0.874s  TPOT 0.0097s  ITL p99/max 0.0180/0.0678s  e2e p99 2.199s  errors 0
    SLO margin p50/p95 0.893/1.054 x SLO  within 10% of boundary 46.4%
    offered 300.0 req/s  achieved 290.0 req/s  fidelity 96.7%  send delay p99 0.001s  TTFT from send p50 0.510
--- energy_consolidate at 300.0 req/s ---
    J/req 3.65  goodput/J 0.2293  SLO 83.8%
    TTFT p50/p95 0.549/0.929s  TPOT 0.0097s  ITL p99/max 0.0183/0.0739s  e2e p99 2.250s  errors 0
    SLO margin p50/p95 0.900/1.065 x SLO  within 10% of boundary 48.1%
    offered 300.0 req/s  achieved 290.5 req/s  fidelity 96.8%  send delay p99 0.001s  TTFT from send p50 0.549
wrote /global/home/hpc6081/energy-epp/results/stage2het-12325156/policies-h0.3-rate300.json
load generator: 16 worker process(es)
--- slo_packing at 400.0 req/s ---
    J/req 2.95  goodput/J 0.3285  SLO 97.0%
    TTFT p50/p95 0.466/0.699s  TPOT 0.0095s  ITL p99/max 0.0174/0.0692s  e2e p99 2.056s  errors 0
    SLO margin p50/p95 0.877/0.982 x SLO  within 10% of boundary 37.0%
    offered 400.0 req/s  achieved 384.3 req/s  fidelity 96.1%  send delay p99 0.001s  TTFT from send p50 0.465
--- energy_greedy at 400.0 req/s ---
    J/req 2.96  goodput/J 0.3132  SLO 92.7%
    TTFT p50/p95 0.456/0.781s  TPOT 0.0096s  ITL p99/max 0.0180/0.0673s  e2e p99 2.190s  errors 0
    SLO margin p50/p95 0.868/1.015 x SLO  within 10% of boundary 37.9%
    offered 400.0 req/s  achieved 383.4 req/s  fidelity 95.9%  send delay p99 0.001s  TTFT from send p50 0.455
--- energy_consolidate at 400.0 req/s ---
    J/req 2.95  goodput/J 0.3260  SLO 96.3%
    TTFT p50/p95 0.469/0.729s  TPOT 0.0095s  ITL p99/max 0.0175/0.0755s  e2e p99 2.095s  errors 0
    SLO margin p50/p95 0.874/0.988 x SLO  within 10% of boundary 40.2%
    offered 400.0 req/s  achieved 384.3 req/s  fidelity 96.1%  send delay p99 0.001s  TTFT from send p50 0.469
wrote /global/home/hpc6081/energy-epp/results/stage2het-12325156/policies-h0.3-rate400.json
