idle(model loaded): 27.37 W
trial1 c=1   prefix=0  71.83 W     75.0 tok/s  J/tok=0.9582  p95=1.711s err=0
trial1 c=2   prefix=0  71.95 W    147.0 tok/s  J/tok=0.4896  p95=1.743s err=0
trial1 c=4   prefix=0  71.87 W    292.9 tok/s  J/tok=0.2453  p95=1.751s err=0
trial1 c=8   prefix=0  71.97 W    577.6 tok/s  J/tok=0.1246  p95=1.774s err=0
trial1 c=8   prefix=1  71.91 W    568.8 tok/s  J/tok=0.1264  p95=1.78s err=0
trial1 c=16  prefix=0   71.9 W   1129.2 tok/s  J/tok=0.0637  p95=1.816s err=0
trial1 c=32  prefix=0  71.83 W   2036.3 tok/s  J/tok=0.0353  p95=2.024s err=0
trial1 c=48  prefix=0  71.82 W   2928.7 tok/s  J/tok=0.0245  p95=2.105s err=0
trial1 c=64  prefix=0  71.87 W   3715.8 tok/s  J/tok=0.0193  p95=2.215s err=0
trial1 c=96  prefix=0  71.97 W   4974.3 tok/s  J/tok=0.0145  p95=2.549s err=0
trial1 c=128 prefix=0   71.9 W   5797.6 tok/s  J/tok=0.0124  p95=2.894s err=0
trial2 c=1   prefix=0  71.92 W     74.9 tok/s  J/tok=0.9606  p95=1.71s err=0
trial2 c=2   prefix=0  71.94 W    147.3 tok/s  J/tok=0.4884  p95=1.739s err=0
trial2 c=4   prefix=0  71.87 W    293.3 tok/s  J/tok=0.245  p95=1.747s err=0
trial2 c=8   prefix=0  71.97 W    578.3 tok/s  J/tok=0.1245  p95=1.773s err=0
trial2 c=8   prefix=1  71.99 W    571.0 tok/s  J/tok=0.1261  p95=1.778s err=0
trial2 c=16  prefix=0  71.99 W   1130.7 tok/s  J/tok=0.0637  p95=1.821s err=0
trial2 c=32  prefix=0  71.88 W   2040.4 tok/s  J/tok=0.0352  p95=2.023s err=0
trial2 c=48  prefix=0  71.91 W   2925.1 tok/s  J/tok=0.0246  p95=2.119s err=0
trial2 c=64  prefix=0  71.89 W   3679.9 tok/s  J/tok=0.0195  p95=2.217s err=0
trial2 c=96  prefix=0  71.95 W   4938.8 tok/s  J/tok=0.0146  p95=2.586s err=0
trial2 c=128 prefix=0  71.97 W   5778.5 tok/s  J/tok=0.0125  p95=2.903s err=0

wrote /global/home/hpc6081/energy-epp/results/h1-12304128/h1.csv (23 rows) gpu=NVIDIA L4
