time=2026-10-03T13:31:39.159-04:00 level=INFO msg="Starting dcgm-exporter" Version=4.8.4
time=2026-10-03T13:31:39.160-04:00 level=INFO msg="Attempting to initialize DCGM."
time=2026-10-03T13:31:39.241-04:00 level=INFO msg="Initialized DCGM Fields module."
time=2026-10-03T13:31:39.241-04:00 level=INFO msg="DCGM successfully initialized!"
time=2026-10-03T13:31:39.241-04:00 level=INFO msg="Attempting to initialize NVML library."
time=2026-10-03T13:31:39.241-04:00 level=INFO msg="NVML provider successfully initialized"
time=2026-10-03T13:31:39.569-04:00 level=INFO msg="Successfully queried DCGM profiling metric groups" reload_id=0 count=7 gpu_model="Quadro RTX 6000"
time=2026-10-03T13:31:39.569-04:00 level=INFO msg="Building registry for current GPU topology"
time=2026-10-03T13:31:39.569-04:00 level=INFO msg="Using metric file '/global/home/hpc6081/energy-epp/instruments-probe/bisect-DCGM_FI_PROF_PCIE_TX_BYTES.csv'"
time=2026-10-03T13:31:39.569-04:00 level=INFO msg="Initializing system entities of type 'GPU'"
time=2026-10-03T13:31:39.666-04:00 level=INFO msg="Initializing system entities of type 'NvSwitch'"
time=2026-10-03T13:31:39.666-04:00 level=INFO msg="Not collecting NvSwitch metrics; no switches to monitor"
time=2026-10-03T13:31:39.666-04:00 level=INFO msg="Initializing system entities of type 'NvLink'"
time=2026-10-03T13:31:39.666-04:00 level=WARN msg="Failed to initialize NvSwitch/NvLink info" error="no switches to monitor"
time=2026-10-03T13:31:39.737-04:00 level=INFO msg="Initializing system entities of type 'CPU'"
time=2026-10-03T13:31:39.763-04:00 level=INFO msg="Not collecting CPU metrics; error retrieving DCGM CPU hierarchy v2: This request is serviced by a module of DCGM that is not currently loaded"
time=2026-10-03T13:31:39.763-04:00 level=INFO msg="Initializing system entities of type 'CPU Core'"
time=2026-10-03T13:31:39.763-04:00 level=INFO msg="Not collecting CPU Core metrics; error retrieving DCGM CPU hierarchy v2: This request is serviced by a module of DCGM that is not currently loaded"
time=2026-10-03T13:31:40.204-04:00 level=INFO msg="Registry built successfully" collector_count=1
time=2026-10-03T13:31:40.204-04:00 level=INFO msg="HTTP server started - ready to serve metrics"
time=2026-10-03T13:31:40.204-04:00 level=INFO msg="Starting webserver"
time=2026-10-03T13:31:40.204-04:00 level=INFO msg="Watching for changes in file" file=/global/home/hpc6081/energy-epp/instruments-probe/bisect-DCGM_FI_PROF_PCIE_TX_BYTES.csv debounce=200ms
time=2026-10-03T13:31:40.204-04:00 level=INFO msg="Listening on" address=[::]:9424
time=2026-10-03T13:31:40.204-04:00 level=INFO msg="TLS is disabled." http2=false address=[::]:9424
time=2026-10-03T13:31:55.166-04:00 level=INFO msg="Received signal" signal=terminated
time=2026-10-03T13:31:55.166-04:00 level=INFO msg="Shutdown requested" reason="context canceled"
time=2026-10-03T13:31:55.166-04:00 level=INFO msg="Shutting down gracefully..."
time=2026-10-03T13:31:55.168-04:00 level=INFO msg="Shutdown complete"
time=2026-10-03T13:31:55.235-04:00 level=INFO msg="Attempting to shutdown NVML library"
time=2026-10-03T13:31:55.235-04:00 level=INFO msg="Attempting to terminate DCGM Fields module."
time=2026-10-03T13:31:55.236-04:00 level=INFO msg="Attempting to terminate DCGM."
