time=2026-10-03T13:24:53.201-04:00 level=INFO msg="Starting dcgm-exporter" Version=4.8.4
time=2026-10-03T13:24:53.203-04:00 level=INFO msg="Attempting to initialize DCGM."
time=2026-10-03T13:24:53.282-04:00 level=INFO msg="Initialized DCGM Fields module."
time=2026-10-03T13:24:53.282-04:00 level=INFO msg="DCGM successfully initialized!"
time=2026-10-03T13:24:53.282-04:00 level=INFO msg="Attempting to initialize NVML library."
time=2026-10-03T13:24:53.283-04:00 level=INFO msg="NVML provider successfully initialized"
time=2026-10-03T13:24:53.607-04:00 level=INFO msg="Successfully queried DCGM profiling metric groups" reload_id=0 count=7 gpu_model="Quadro RTX 6000"
time=2026-10-03T13:24:53.607-04:00 level=INFO msg="Building registry for current GPU topology"
time=2026-10-03T13:24:53.607-04:00 level=INFO msg="Using metric file '/global/home/hpc6081/energy-epp/opt/dcgm-exporter/etc/dcgm-exporter/default-counters.csv'"
time=2026-10-03T13:24:53.637-04:00 level=INFO msg="Initializing system entities of type 'GPU'"
time=2026-10-03T13:24:53.733-04:00 level=INFO msg="Initializing system entities of type 'NvSwitch'"
time=2026-10-03T13:24:53.733-04:00 level=INFO msg="Not collecting NvSwitch metrics; no switches to monitor"
time=2026-10-03T13:24:53.733-04:00 level=INFO msg="Initializing system entities of type 'NvLink'"
time=2026-10-03T13:24:53.733-04:00 level=WARN msg="Failed to initialize NvSwitch/NvLink info" error="no switches to monitor"
time=2026-10-03T13:24:53.802-04:00 level=INFO msg="Initializing system entities of type 'CPU'"
time=2026-10-03T13:24:53.831-04:00 level=INFO msg="Not collecting CPU metrics; error retrieving DCGM CPU hierarchy v2: This request is serviced by a module of DCGM that is not currently loaded"
time=2026-10-03T13:24:53.831-04:00 level=INFO msg="Initializing system entities of type 'CPU Core'"
time=2026-10-03T13:24:53.831-04:00 level=INFO msg="Not collecting CPU Core metrics; error retrieving DCGM CPU hierarchy v2: This request is serviced by a module of DCGM that is not currently loaded"
time=2026-10-03T13:24:53.975-04:00 level=ERROR msg="Failed to watch DCGM fields" entity_type=GPU groupID={handle:20} field_group={handle:22} field_ids="[100 101 140 150 155 156 202 203 204 206 207 230 449 526 393 394 395 1005 1009 1010 1]" field_names="[sm_clock memory_clock memory_temp gpu_temp power_usage total_energy_consumption pcie_replay_counter gpu_utilization mem_copy_utilization enc_utilization dec_utilization xid_errors nvlink_throughput_total vgpu_instance_license_status uncorrectable_remapped_rows correctable_remapped_rows row_remap_failure dram_active pcie_tx_bytes pcie_rx_bytes driver_version]" device_option_mode=f device_options="{Flex:true MajorRange:[] MinorRange:[]}" error="error watching fields: Host engine is running as non-root"
time=2026-10-03T13:24:53.976-04:00 level=ERROR msg="DCGM collector for entity type 'GPU' cannot be initialized; err: watch fields for logical group \"default\" chunk 1/1 (group_handle=20, field_group_handle=22): error watching fields: Host engine is running as non-root"
