load generator: 16 worker process(es)
--- slo_packing at 100.0 req/s ---
    J/req 9.17  goodput/J 0.1091  SLO 100.0%
    TTFT p50/p95 0.046/0.055s  TPOT 0.0140s  ITL p99/max 0.0180/0.0477s  e2e p99 1.898s  errors 0
    SLO margin p50/p95 0.935/0.946 x SLO  within 10% of boundary 84.2%
    offered 100.0 req/s  achieved 97.5 req/s  fidelity 97.5%  send delay p99 0.002s  TTFT from send p50 0.045
--- energy_greedy at 100.0 req/s ---
    J/req 9.09  goodput/J 0.1100  SLO 100.0%
    TTFT p50/p95 0.045/0.054s  TPOT 0.0140s  ITL p99/max 0.0178/0.0524s  e2e p99 1.892s  errors 0
    SLO margin p50/p95 0.930/0.943 x SLO  within 10% of boundary 80.8%
    offered 100.0 req/s  achieved 97.5 req/s  fidelity 97.5%  send delay p99 0.002s  TTFT from send p50 0.044
--- energy_consolidate at 100.0 req/s ---
    J/req 9.11  goodput/J 0.1097  SLO 100.0%
    TTFT p50/p95 0.045/0.054s  TPOT 0.0140s  ITL p99/max 0.0173/0.0485s  e2e p99 1.889s  errors 0
    SLO margin p50/p95 0.929/0.941 x SLO  within 10% of boundary 79.8%
    offered 100.0 req/s  achieved 97.4 req/s  fidelity 97.4%  send delay p99 0.002s  TTFT from send p50 0.044
wrote /global/home/hpc6081/energy-epp/results/stage2-12329244/policies-rate100.json
load generator: 16 worker process(es)
--- slo_packing at 150.0 req/s ---
    J/req 7.38  goodput/J 0.1356  SLO 100.0%
    TTFT p50/p95 0.047/0.057s  TPOT 0.0141s  ITL p99/max 0.0186/0.0539s  e2e p99 1.904s  errors 0
    SLO margin p50/p95 0.936/0.949 x SLO  within 10% of boundary 85.2%
    offered 150.0 req/s  achieved 144.5 req/s  fidelity 96.3%  send delay p99 0.001s  TTFT from send p50 0.046
--- energy_greedy at 150.0 req/s ---
    J/req 7.39  goodput/J 0.1354  SLO 100.0%
    TTFT p50/p95 0.046/0.056s  TPOT 0.0140s  ITL p99/max 0.0183/0.0578s  e2e p99 1.902s  errors 0
    SLO margin p50/p95 0.933/0.946 x SLO  within 10% of boundary 85.1%
    offered 150.0 req/s  achieved 144.5 req/s  fidelity 96.4%  send delay p99 0.001s  TTFT from send p50 0.046
--- energy_consolidate at 150.0 req/s ---
    J/req 7.35  goodput/J 0.1361  SLO 100.0%
    TTFT p50/p95 0.046/0.056s  TPOT 0.0141s  ITL p99/max 0.0182/0.0511s  e2e p99 1.900s  errors 0
    SLO margin p50/p95 0.934/0.946 x SLO  within 10% of boundary 83.3%
    offered 150.0 req/s  achieved 144.5 req/s  fidelity 96.3%  send delay p99 0.001s  TTFT from send p50 0.046
wrote /global/home/hpc6081/energy-epp/results/stage2-12329244/policies-rate150.json
load generator: 16 worker process(es)
--- slo_packing at 200.0 req/s ---
    J/req 6.57  goodput/J 0.1522  SLO 100.0%
    TTFT p50/p95 0.049/0.059s  TPOT 0.0142s  ITL p99/max 0.0189/0.0608s  e2e p99 1.903s  errors 0
    SLO margin p50/p95 0.936/0.948 x SLO  within 10% of boundary 88.2%
    offered 200.0 req/s  achieved 192.3 req/s  fidelity 96.2%  send delay p99 0.001s  TTFT from send p50 0.048
--- energy_greedy at 200.0 req/s ---
    J/req 6.52  goodput/J 0.1533  SLO 100.0%
    TTFT p50/p95 0.048/0.058s  TPOT 0.0142s  ITL p99/max 0.0186/0.0668s  e2e p99 1.900s  errors 0
    SLO margin p50/p95 0.935/0.946 x SLO  within 10% of boundary 88.3%
    offered 200.0 req/s  achieved 192.4 req/s  fidelity 96.2%  send delay p99 0.001s  TTFT from send p50 0.047
--- energy_consolidate at 200.0 req/s ---
    J/req 6.55  goodput/J 0.1528  SLO 100.0%
    TTFT p50/p95 0.048/0.058s  TPOT 0.0142s  ITL p99/max 0.0184/0.0608s  e2e p99 1.900s  errors 0
    SLO margin p50/p95 0.936/0.946 x SLO  within 10% of boundary 88.2%
    offered 200.0 req/s  achieved 192.3 req/s  fidelity 96.1%  send delay p99 0.001s  TTFT from send p50 0.048
wrote /global/home/hpc6081/energy-epp/results/stage2-12329244/policies-rate200.json
load generator: 16 worker process(es)
--- slo_packing at 250.0 req/s ---
    J/req 5.99  goodput/J 0.1668  SLO 100.0%
    TTFT p50/p95 0.049/0.060s  TPOT 0.0142s  ITL p99/max 0.0189/0.0730s  e2e p99 1.915s  errors 0
    SLO margin p50/p95 0.938/0.951 x SLO  within 10% of boundary 88.1%
    offered 250.0 req/s  achieved 240.5 req/s  fidelity 96.2%  send delay p99 0.001s  TTFT from send p50 0.049
--- energy_greedy at 250.0 req/s ---
    J/req 5.99  goodput/J 0.1669  SLO 100.0%
    TTFT p50/p95 0.049/0.060s  TPOT 0.0142s  ITL p99/max 0.0191/0.0712s  e2e p99 1.917s  errors 0
    SLO margin p50/p95 0.938/0.949 x SLO  within 10% of boundary 87.3%
    offered 250.0 req/s  achieved 240.5 req/s  fidelity 96.2%  send delay p99 0.001s  TTFT from send p50 0.049
--- energy_consolidate at 250.0 req/s ---
    J/req 6.00  goodput/J 0.1667  SLO 100.0%
    TTFT p50/p95 0.049/0.061s  TPOT 0.0142s  ITL p99/max 0.0192/0.0790s  e2e p99 1.921s  errors 0
    SLO margin p50/p95 0.939/0.951 x SLO  within 10% of boundary 87.5%
    offered 250.0 req/s  achieved 240.7 req/s  fidelity 96.3%  send delay p99 0.001s  TTFT from send p50 0.049
wrote /global/home/hpc6081/energy-epp/results/stage2-12329244/policies-rate250.json
load generator: 16 worker process(es)
--- slo_packing at 300.0 req/s ---
    J/req 5.24  goodput/J 0.0413  SLO 21.7%
    TTFT p50/p95 0.053/0.066s  TPOT 0.0154s  ITL p99/max 0.0205/0.0825s  e2e p99 2.071s  errors 0
    SLO margin p50/p95 1.008/1.026 x SLO  within 10% of boundary 96.5%
    offered 300.0 req/s  achieved 285.9 req/s  fidelity 95.3%  send delay p99 0.001s  TTFT from send p50 0.052
    (policy INACTIVE on 94% of picks: the curve answered but no endpoint met the SLO, so every policy ran the same load-balancing fallback. Sound overload data; no policy comparison can rest on this cell.)
--- energy_greedy at 300.0 req/s ---
    J/req 5.21  goodput/J 0.0575  SLO 30.0%
    TTFT p50/p95 0.053/0.065s  TPOT 0.0154s  ITL p99/max 0.0207/0.0821s  e2e p99 2.068s  errors 0
    SLO margin p50/p95 1.005/1.022 x SLO  within 10% of boundary 96.5%
    offered 300.0 req/s  achieved 285.9 req/s  fidelity 95.3%  send delay p99 0.001s  TTFT from send p50 0.052
    (policy INACTIVE on 94% of picks: the curve answered but no endpoint met the SLO, so every policy ran the same load-balancing fallback. Sound overload data; no policy comparison can rest on this cell.)
--- energy_consolidate at 300.0 req/s ---
    J/req 5.20  goodput/J 0.0608  SLO 31.6%
    TTFT p50/p95 0.053/0.065s  TPOT 0.0153s  ITL p99/max 0.0205/0.0828s  e2e p99 2.056s  errors 0
    SLO margin p50/p95 1.005/1.021 x SLO  within 10% of boundary 96.5%
    offered 300.0 req/s  achieved 285.7 req/s  fidelity 95.2%  send delay p99 0.001s  TTFT from send p50 0.052
    (policy INACTIVE on 94% of picks: the curve answered but no endpoint met the SLO, so every policy ran the same load-balancing fallback. Sound overload data; no policy comparison can rest on this cell.)
wrote /global/home/hpc6081/energy-epp/results/stage2-12329244/policies-rate300.json
load generator: 16 worker process(es)
--- slo_packing at 300.0 req/s ---
    J/req 5.20  goodput/J 0.0627  SLO 32.6%
    TTFT p50/p95 0.052/0.064s  TPOT 0.0153s  ITL p99/max 0.0200/0.0917s  e2e p99 2.053s  errors 0
    SLO margin p50/p95 1.004/1.020 x SLO  within 10% of boundary 96.5%
    offered 300.0 req/s  achieved 285.9 req/s  fidelity 95.3%  send delay p99 0.001s  TTFT from send p50 0.052
    (policy INACTIVE on 94% of picks: the curve answered but no endpoint met the SLO, so every policy ran the same load-balancing fallback. Sound overload data; no policy comparison can rest on this cell.)
wrote /global/home/hpc6081/energy-epp/results/stage2-12329244/control-counteronly.json
  full telemetry : 5.240 J/req   poll=0.25s SLO=21.7%  p95=2.052s
  counter only   : 5.203 J/req   poll=0.0s SLO=32.6%  p95=2.040s
  energy difference    : +0.71%
  p95 difference       : +0.56%
  completed difference : +0.00%
  VERDICT: telemetry overhead is not measurable (<1%). Pass A
  numbers stand unqualified.
