load generator: 16 worker process(es)
--- slo_packing at 200.0 req/s ---
    J/req 5.49  goodput/J 0.1822  SLO 100.0%
    TTFT p50/p95 0.049/0.083s  TPOT 0.0089s  ITL p99/max 0.0170/0.0592s  e2e p99 1.881s  errors 0
    SLO margin p50/p95 0.459/0.933 x SLO  within 10% of boundary 23.0%
    offered 200.0 req/s  achieved 192.7 req/s  fidelity 96.3%  send delay p99 0.001s  TTFT from send p50 0.048
    (curve probed above its measured range 3915 time(s); those endpoints were excluded as infeasible, which is the intended conservative behaviour, and every pick still had a grounded option)
--- energy_greedy at 200.0 req/s ---
    J/req 4.80  goodput/J 0.2084  SLO 100.0%
    TTFT p50/p95 0.037/0.083s  TPOT 0.0062s  ITL p99/max 0.0106/0.0553s  e2e p99 0.960s  errors 0
    SLO margin p50/p95 0.442/0.472 x SLO  within 10% of boundary 0.0%
    offered 200.0 req/s  achieved 195.5 req/s  fidelity 97.8%  send delay p99 0.001s  TTFT from send p50 0.036
    (curve probed above its measured range 3957 time(s); those endpoints were excluded as infeasible, which is the intended conservative behaviour, and every pick still had a grounded option)
--- energy_consolidate at 200.0 req/s ---
    J/req 4.80  goodput/J 0.2081  SLO 100.0%
    TTFT p50/p95 0.037/0.084s  TPOT 0.0062s  ITL p99/max 0.0109/0.0541s  e2e p99 0.964s  errors 0
    SLO margin p50/p95 0.443/0.473 x SLO  within 10% of boundary 0.0%
    offered 200.0 req/s  achieved 195.8 req/s  fidelity 97.9%  send delay p99 0.001s  TTFT from send p50 0.037
    (curve probed above its measured range 3993 time(s); those endpoints were excluded as infeasible, which is the intended conservative behaviour, and every pick still had a grounded option)
wrote /global/home/hpc6081/energy-epp/results/stage2het-12329242/policies-rate200.json
load generator: 16 worker process(es)
--- slo_packing at 300.0 req/s ---
    J/req 3.94  goodput/J 0.2540  SLO 100.0%
    TTFT p50/p95 0.054/0.091s  TPOT 0.0073s  ITL p99/max 0.0157/0.0521s  e2e p99 1.848s  errors 0
    SLO margin p50/p95 0.446/0.891 x SLO  within 10% of boundary 4.3%
    offered 300.0 req/s  achieved 288.5 req/s  fidelity 96.2%  send delay p99 0.001s  TTFT from send p50 0.053
    (curve probed above its measured range 14215 time(s); those endpoints were excluded as infeasible, which is the intended conservative behaviour, and every pick still had a grounded option)
--- energy_greedy at 300.0 req/s ---
    J/req 3.84  goodput/J 0.2605  SLO 100.0%
    TTFT p50/p95 0.059/0.102s  TPOT 0.0065s  ITL p99/max 0.0117/0.0543s  e2e p99 0.976s  errors 0
    SLO margin p50/p95 0.449/0.478 x SLO  within 10% of boundary 0.0%
    offered 300.0 req/s  achieved 293.0 req/s  fidelity 97.7%  send delay p99 0.001s  TTFT from send p50 0.059
    (curve probed above its measured range 14518 time(s); those endpoints were excluded as infeasible, which is the intended conservative behaviour, and every pick still had a grounded option)
--- energy_consolidate at 300.0 req/s ---
    J/req 3.78  goodput/J 0.2649  SLO 100.0%
    TTFT p50/p95 0.056/0.095s  TPOT 0.0065s  ITL p99/max 0.0117/0.0611s  e2e p99 0.972s  errors 0
    SLO margin p50/p95 0.452/0.478 x SLO  within 10% of boundary 0.0%
    offered 300.0 req/s  achieved 292.8 req/s  fidelity 97.6%  send delay p99 0.001s  TTFT from send p50 0.056
    (curve probed above its measured range 15248 time(s); those endpoints were excluded as infeasible, which is the intended conservative behaviour, and every pick still had a grounded option)
wrote /global/home/hpc6081/energy-epp/results/stage2het-12329242/policies-rate300.json
load generator: 16 worker process(es)
--- slo_packing at 400.0 req/s ---
    J/req 3.22  goodput/J 0.3109  SLO 100.0%
    TTFT p50/p95 0.063/0.100s  TPOT 0.0068s  ITL p99/max 0.0145/0.0599s  e2e p99 1.797s  errors 0
    SLO margin p50/p95 0.444/0.476 x SLO  within 10% of boundary 1.0%
    offered 400.0 req/s  achieved 378.9 req/s  fidelity 94.7%  send delay p99 0.001s  TTFT from send p50 0.063
    (curve probed above its measured range 29636 time(s); those endpoints were excluded as infeasible, which is the intended conservative behaviour, and every pick still had a grounded option)
    (server-saturated: generator kept schedule, servers did not keep up. Valid overload data point.)
--- energy_greedy at 400.0 req/s ---
    J/req 3.15  goodput/J 0.3171  SLO 100.0%
    TTFT p50/p95 0.060/0.095s  TPOT 0.0065s  ITL p99/max 0.0115/0.0553s  e2e p99 0.957s  errors 0
    SLO margin p50/p95 0.441/0.468 x SLO  within 10% of boundary 0.0%
    offered 400.0 req/s  achieved 384.7 req/s  fidelity 96.2%  send delay p99 0.001s  TTFT from send p50 0.059
    (curve probed above its measured range 30195 time(s); those endpoints were excluded as infeasible, which is the intended conservative behaviour, and every pick still had a grounded option)
--- energy_consolidate at 400.0 req/s ---
    J/req 3.17  goodput/J 0.3152  SLO 100.0%
    TTFT p50/p95 0.063/0.101s  TPOT 0.0066s  ITL p99/max 0.0123/0.0548s  e2e p99 0.976s  errors 0
    SLO margin p50/p95 0.446/0.477 x SLO  within 10% of boundary 0.0%
    offered 400.0 req/s  achieved 384.6 req/s  fidelity 96.1%  send delay p99 0.001s  TTFT from send p50 0.063
    (curve probed above its measured range 30630 time(s); those endpoints were excluded as infeasible, which is the intended conservative behaviour, and every pick still had a grounded option)
wrote /global/home/hpc6081/energy-epp/results/stage2het-12329242/policies-rate400.json
load generator: 16 worker process(es)
--- slo_packing at 500.0 req/s ---
    J/req 3.24  goodput/J 0.3089  SLO 100.0%
    TTFT p50/p95 0.067/0.100s  TPOT 0.0077s  ITL p99/max 0.0171/0.0788s  e2e p99 1.875s  errors 0
    SLO margin p50/p95 0.456/0.925 x SLO  within 10% of boundary 9.4%
    offered 500.0 req/s  achieved 479.4 req/s  fidelity 95.9%  send delay p99 0.001s  TTFT from send p50 0.066
    (curve probed above its measured range 53922 time(s); those endpoints were excluded as infeasible, which is the intended conservative behaviour, and every pick still had a grounded option)
--- energy_greedy at 500.0 req/s ---
    J/req 2.83  goodput/J 0.3538  SLO 100.0%
    TTFT p50/p95 0.066/0.100s  TPOT 0.0065s  ITL p99/max 0.0119/0.0697s  e2e p99 0.974s  errors 0
    SLO margin p50/p95 0.448/0.476 x SLO  within 10% of boundary 0.0%
    offered 500.0 req/s  achieved 479.7 req/s  fidelity 95.9%  send delay p99 0.001s  TTFT from send p50 0.065
    (curve probed above its measured range 54240 time(s); those endpoints were excluded as infeasible, which is the intended conservative behaviour, and every pick still had a grounded option)
--- energy_consolidate at 500.0 req/s ---
    J/req 2.82  goodput/J 0.3552  SLO 100.0%
    TTFT p50/p95 0.066/0.100s  TPOT 0.0065s  ITL p99/max 0.0122/0.0687s  e2e p99 0.969s  errors 0
    SLO margin p50/p95 0.448/0.475 x SLO  within 10% of boundary 0.0%
    offered 500.0 req/s  achieved 479.5 req/s  fidelity 95.9%  send delay p99 0.001s  TTFT from send p50 0.065
    (curve probed above its measured range 55056 time(s); those endpoints were excluded as infeasible, which is the intended conservative behaviour, and every pick still had a grounded option)
wrote /global/home/hpc6081/energy-epp/results/stage2het-12329242/policies-rate500.json
load generator: 16 worker process(es)
--- slo_packing at 600.0 req/s ---
    J/req 2.92  goodput/J 0.3421  SLO 100.0%
    TTFT p50/p95 0.069/0.102s  TPOT 0.0073s  ITL p99/max 0.0159/0.0794s  e2e p99 1.867s  errors 0
    SLO margin p50/p95 0.454/0.901 x SLO  within 10% of boundary 5.1%
    offered 600.0 req/s  achieved 562.5 req/s  fidelity 93.8%  send delay p99 0.001s  TTFT from send p50 0.069
    (curve probed above its measured range 87230 time(s); those endpoints were excluded as infeasible, which is the intended conservative behaviour, and every pick still had a grounded option)
    (server-saturated: generator kept schedule, servers did not keep up. Valid overload data point.)
--- energy_greedy at 600.0 req/s ---
    J/req 2.95  goodput/J 0.3384  SLO 100.0%
    TTFT p50/p95 0.071/0.103s  TPOT 0.0074s  ITL p99/max 0.0160/0.0821s  e2e p99 1.861s  errors 0
    SLO margin p50/p95 0.457/0.904 x SLO  within 10% of boundary 5.3%
    offered 600.0 req/s  achieved 563.8 req/s  fidelity 94.0%  send delay p99 0.001s  TTFT from send p50 0.070
    (curve probed above its measured range 87922 time(s); those endpoints were excluded as infeasible, which is the intended conservative behaviour, and every pick still had a grounded option)
    (server-saturated: generator kept schedule, servers did not keep up. Valid overload data point.)
--- energy_consolidate at 600.0 req/s ---
    J/req 2.97  goodput/J 0.3371  SLO 100.0%
    TTFT p50/p95 0.071/0.104s  TPOT 0.0074s  ITL p99/max 0.0161/0.0846s  e2e p99 1.857s  errors 0
    SLO margin p50/p95 0.458/0.896 x SLO  within 10% of boundary 4.7%
    offered 600.0 req/s  achieved 563.1 req/s  fidelity 93.9%  send delay p99 0.001s  TTFT from send p50 0.070
    (curve probed above its measured range 89239 time(s); those endpoints were excluded as infeasible, which is the intended conservative behaviour, and every pick still had a grounded option)
    (server-saturated: generator kept schedule, servers did not keep up. Valid overload data point.)
wrote /global/home/hpc6081/energy-epp/results/stage2het-12329242/policies-rate600.json
