load generator: 6 worker process(es)
--- round_robin at 1.0 req/s ---
    J/req 158.16  goodput/J 0.0063  SLO 100.0%
    TTFT p50/p95 0.030/0.146s  TPOT 0.0083s  ITL p99/max 0.0093/0.0156s  e2e p99 1.242s  errors 0
    SLO margin p50/p95 0.556/0.587 x SLO  within 10% of boundary 0.0%
    offered 1.0 req/s  achieved 0.9 req/s  fidelity 91.6%  send delay p99 0.014s  TTFT from send p50 0.024
    (server-saturated: generator kept schedule, servers did not keep up. Valid overload data point.)
wrote /global/home/hpc6081/energy-epp/results/olc-12325350/olc-trial1-rate1.json
load generator: 6 worker process(es)
--- round_robin at 3.0 req/s ---
    J/req 72.47  goodput/J 0.0138  SLO 100.0%
    TTFT p50/p95 0.029/0.040s  TPOT 0.0090s  ITL p99/max 0.0145/0.0167s  e2e p99 1.278s  errors 0
    SLO margin p50/p95 0.593/0.614 x SLO  within 10% of boundary 0.0%
    offered 3.0 req/s  achieved 2.7 req/s  fidelity 88.5%  send delay p99 0.005s  TTFT from send p50 0.028
    (server-saturated: generator kept schedule, servers did not keep up. Valid overload data point.)
wrote /global/home/hpc6081/energy-epp/results/olc-12325350/olc-trial1-rate3.json
load generator: 6 worker process(es)
--- round_robin at 7.0 req/s ---
    J/req 31.32  goodput/J 0.0319  SLO 100.0%
    TTFT p50/p95 0.031/0.042s  TPOT 0.0097s  ITL p99/max 0.0148/0.0399s  e2e p99 1.319s  errors 0
    SLO margin p50/p95 0.633/0.650 x SLO  within 10% of boundary 0.0%
    offered 7.0 req/s  achieved 6.6 req/s  fidelity 94.4%  send delay p99 0.002s  TTFT from send p50 0.031
    (server-saturated: generator kept schedule, servers did not keep up. Valid overload data point.)
wrote /global/home/hpc6081/energy-epp/results/olc-12325350/olc-trial1-rate7.json
load generator: 6 worker process(es)
--- round_robin at 13.0 req/s ---
    J/req 16.85  goodput/J 0.0593  SLO 100.0%
    TTFT p50/p95 0.035/0.044s  TPOT 0.0108s  ITL p99/max 0.0152/0.0236s  e2e p99 1.557s  errors 0
    SLO margin p50/p95 0.705/0.756 x SLO  within 10% of boundary 0.0%
    offered 13.0 req/s  achieved 12.7 req/s  fidelity 97.8%  send delay p99 0.002s  TTFT from send p50 0.034
wrote /global/home/hpc6081/energy-epp/results/olc-12325350/olc-trial1-rate13.json
load generator: 6 worker process(es)
--- round_robin at 20.0 req/s ---
    J/req 11.23  goodput/J 0.0891  SLO 100.0%
    TTFT p50/p95 0.038/0.047s  TPOT 0.0120s  ITL p99/max 0.0157/0.0279s  e2e p99 1.714s  errors 0
    SLO margin p50/p95 0.776/0.832 x SLO  within 10% of boundary 0.0%
    offered 20.0 req/s  achieved 19.2 req/s  fidelity 95.9%  send delay p99 0.002s  TTFT from send p50 0.037
wrote /global/home/hpc6081/energy-epp/results/olc-12325350/olc-trial1-rate20.json
load generator: 6 worker process(es)
--- round_robin at 27.0 req/s ---
    J/req 8.46  goodput/J 0.1183  SLO 100.0%
    TTFT p50/p95 0.042/0.050s  TPOT 0.0133s  ITL p99/max 0.0163/0.0300s  e2e p99 1.842s  errors 0
    SLO margin p50/p95 0.868/0.909 x SLO  within 10% of boundary 8.4%
    offered 27.0 req/s  achieved 25.6 req/s  fidelity 94.7%  send delay p99 0.002s  TTFT from send p50 0.041
    (server-saturated: generator kept schedule, servers did not keep up. Valid overload data point.)
wrote /global/home/hpc6081/energy-epp/results/olc-12325350/olc-trial1-rate27.json
load generator: 6 worker process(es)
--- round_robin at 34.0 req/s ---
    J/req 6.83  goodput/J 0.1451  SLO 99.1%
    TTFT p50/p95 0.046/0.054s  TPOT 0.0145s  ITL p99/max 0.0173/0.0381s  e2e p99 1.997s  errors 0
    SLO margin p50/p95 0.941/0.991 x SLO  within 10% of boundary 90.5%
    offered 34.0 req/s  achieved 32.3 req/s  fidelity 95.0%  send delay p99 0.002s  TTFT from send p50 0.045
    (server-saturated: generator kept schedule, servers did not keep up. Valid overload data point.)
wrote /global/home/hpc6081/energy-epp/results/olc-12325350/olc-trial1-rate34.json
load generator: 6 worker process(es)
--- round_robin at 40.0 req/s ---
    J/req 5.94  goodput/J 0.1256  SLO 74.6%
    TTFT p50/p95 0.049/0.058s  TPOT 0.0153s  ITL p99/max 0.0183/0.0378s  e2e p99 2.136s  errors 0
    SLO margin p50/p95 0.990/1.054 x SLO  within 10% of boundary 96.0%
    offered 40.0 req/s  achieved 38.3 req/s  fidelity 95.8%  send delay p99 0.002s  TTFT from send p50 0.048
wrote /global/home/hpc6081/energy-epp/results/olc-12325350/olc-trial1-rate40.json
load generator: 6 worker process(es)
--- round_robin at 47.0 req/s ---
    J/req 5.20  goodput/J 0.0136  SLO 7.1%
    TTFT p50/p95 0.053/0.062s  TPOT 0.0161s  ITL p99/max 0.0199/0.0460s  e2e p99 2.311s  errors 0
    SLO margin p50/p95 1.042/1.122 x SLO  within 10% of boundary 83.5%
    offered 47.0 req/s  achieved 44.5 req/s  fidelity 94.7%  send delay p99 0.002s  TTFT from send p50 0.052
    (server-saturated: generator kept schedule, servers did not keep up. Valid overload data point.)
wrote /global/home/hpc6081/energy-epp/results/olc-12325350/olc-trial1-rate47.json
load generator: 6 worker process(es)
--- round_robin at 54.0 req/s ---
    J/req 4.69  goodput/J 0.0065  SLO 3.1%
    TTFT p50/p95 0.058/0.071s  TPOT 0.0180s  ITL p99/max 0.0224/0.0493s  e2e p99 2.613s  errors 0
    SLO margin p50/p95 1.165/1.286 x SLO  within 10% of boundary 14.4%
    offered 54.0 req/s  achieved 50.9 req/s  fidelity 94.3%  send delay p99 0.002s  TTFT from send p50 0.058
    (server-saturated: generator kept schedule, servers did not keep up. Valid overload data point.)
wrote /global/home/hpc6081/energy-epp/results/olc-12325350/olc-trial1-rate54.json
load generator: 6 worker process(es)
--- round_robin at 57.0 req/s ---
    J/req 4.52  goodput/J 0.0047  SLO 2.1%
    TTFT p50/p95 0.063/0.078s  TPOT 0.0193s  ITL p99/max 0.0265/0.0489s  e2e p99 2.952s  errors 0
    SLO margin p50/p95 1.269/1.375 x SLO  within 10% of boundary 6.1%
    offered 57.0 req/s  achieved 53.8 req/s  fidelity 94.4%  send delay p99 0.002s  TTFT from send p50 0.063
    (server-saturated: generator kept schedule, servers did not keep up. Valid overload data point.)
wrote /global/home/hpc6081/energy-epp/results/olc-12325350/olc-trial1-rate57.json
load generator: 6 worker process(es)
--- round_robin at 61.0 req/s ---
    J/req 4.25  goodput/J 0.0028  SLO 1.2%
    TTFT p50/p95 0.069/0.085s  TPOT 0.0210s  ITL p99/max 0.0283/0.1268s  e2e p99 3.284s  errors 0
    SLO margin p50/p95 1.360/1.567 x SLO  within 10% of boundary 3.1%
    offered 61.0 req/s  achieved 57.6 req/s  fidelity 94.5%  send delay p99 0.002s  TTFT from send p50 0.068
    (server-saturated: generator kept schedule, servers did not keep up. Valid overload data point.)
wrote /global/home/hpc6081/energy-epp/results/olc-12325350/olc-trial1-rate61.json
load generator: 6 worker process(es)
--- round_robin at 64.0 req/s ---
    J/req 4.06  goodput/J 0.0012  SLO 0.5%
    TTFT p50/p95 0.090/0.118s  TPOT 0.0267s  ITL p99/max 0.0377/0.0545s  e2e p99 3.936s  errors 0
    SLO margin p50/p95 1.761/1.955 x SLO  within 10% of boundary 1.1%
    offered 64.0 req/s  achieved 60.2 req/s  fidelity 94.0%  send delay p99 0.002s  TTFT from send p50 0.089
    (server-saturated: generator kept schedule, servers did not keep up. Valid overload data point.)
wrote /global/home/hpc6081/energy-epp/results/olc-12325350/olc-trial1-rate64.json
load generator: 6 worker process(es)
--- round_robin at 67.0 req/s ---
    J/req 3.91  goodput/J 0.0011  SLO 0.4%
    TTFT p50/p95 0.116/0.516s  TPOT 0.0289s  ITL p99/max 0.0390/0.0568s  e2e p99 4.591s  errors 0
    SLO margin p50/p95 1.961/2.188 x SLO  within 10% of boundary 0.9%
    offered 67.0 req/s  achieved 62.5 req/s  fidelity 93.2%  send delay p99 0.002s  TTFT from send p50 0.115
    (server-saturated: generator kept schedule, servers did not keep up. Valid overload data point.)
wrote /global/home/hpc6081/energy-epp/results/olc-12325350/olc-trial1-rate67.json
load generator: 6 worker process(es)
--- round_robin at 74.0 req/s ---
    J/req 3.86  goodput/J 0.0006  SLO 0.2%
    TTFT p50/p95 2.955/5.816s  TPOT 0.0296s  ITL p99/max 0.0429/0.0943s  e2e p99 9.639s  errors 0
    SLO margin p50/p95 3.357/4.753 x SLO  within 10% of boundary 0.5%
    offered 74.0 req/s  achieved 63.4 req/s  fidelity 85.7%  send delay p99 0.002s  TTFT from send p50 2.955
    (server-saturated: generator kept schedule, servers did not keep up. Valid overload data point.)
wrote /global/home/hpc6081/energy-epp/results/olc-12325350/olc-trial1-rate74.json
load generator: 6 worker process(es)
--- round_robin at 1.0 req/s ---
    J/req 164.52  goodput/J 0.0061  SLO 100.0%
    TTFT p50/p95 0.030/0.146s  TPOT 0.0084s  ITL p99/max 0.0093/0.0231s  e2e p99 1.303s  errors 0
    SLO margin p50/p95 0.562/0.622 x SLO  within 10% of boundary 0.0%
    offered 1.0 req/s  achieved 1.1 req/s  fidelity 105.9%  send delay p99 0.009s  TTFT from send p50 0.026
wrote /global/home/hpc6081/energy-epp/results/olc-12325350/olc-trial2-rate1.json
load generator: 6 worker process(es)
--- round_robin at 3.0 req/s ---
    J/req 69.16  goodput/J 0.0145  SLO 100.0%
    TTFT p50/p95 0.029/0.038s  TPOT 0.0091s  ITL p99/max 0.0145/0.0165s  e2e p99 1.324s  errors 0
    SLO margin p50/p95 0.593/0.618 x SLO  within 10% of boundary 0.0%
    offered 3.0 req/s  achieved 3.1 req/s  fidelity 101.8%  send delay p99 0.003s  TTFT from send p50 0.028
wrote /global/home/hpc6081/energy-epp/results/olc-12325350/olc-trial2-rate3.json
load generator: 6 worker process(es)
--- round_robin at 7.0 req/s ---
    J/req 29.84  goodput/J 0.0335  SLO 100.0%
    TTFT p50/p95 0.031/0.041s  TPOT 0.0098s  ITL p99/max 0.0150/0.0169s  e2e p99 1.472s  errors 0
    SLO margin p50/p95 0.631/0.718 x SLO  within 10% of boundary 0.0%
    offered 7.0 req/s  achieved 7.1 req/s  fidelity 102.0%  send delay p99 0.002s  TTFT from send p50 0.031
wrote /global/home/hpc6081/energy-epp/results/olc-12325350/olc-trial2-rate7.json
load generator: 6 worker process(es)
--- round_robin at 13.0 req/s ---
    J/req 16.65  goodput/J 0.0600  SLO 100.0%
    TTFT p50/p95 0.035/0.044s  TPOT 0.0108s  ITL p99/max 0.0153/0.0213s  e2e p99 1.643s  errors 0
    SLO margin p50/p95 0.706/0.781 x SLO  within 10% of boundary 0.0%
    offered 13.0 req/s  achieved 13.0 req/s  fidelity 99.8%  send delay p99 0.002s  TTFT from send p50 0.034
wrote /global/home/hpc6081/energy-epp/results/olc-12325350/olc-trial2-rate13.json
load generator: 6 worker process(es)
--- round_robin at 20.0 req/s ---
    J/req 11.20  goodput/J 0.0893  SLO 100.0%
    TTFT p50/p95 0.038/0.048s  TPOT 0.0120s  ITL p99/max 0.0155/0.0286s  e2e p99 1.794s  errors 0
    SLO margin p50/p95 0.778/0.860 x SLO  within 10% of boundary 0.0%
    offered 20.0 req/s  achieved 19.3 req/s  fidelity 96.6%  send delay p99 0.002s  TTFT from send p50 0.037
wrote /global/home/hpc6081/energy-epp/results/olc-12325350/olc-trial2-rate20.json
load generator: 6 worker process(es)
--- round_robin at 27.0 req/s ---
    J/req 8.34  goodput/J 0.1199  SLO 100.0%
    TTFT p50/p95 0.042/0.050s  TPOT 0.0134s  ITL p99/max 0.0163/0.0203s  e2e p99 1.965s  errors 0
    SLO margin p50/p95 0.868/0.940 x SLO  within 10% of boundary 16.4%
    offered 27.0 req/s  achieved 26.1 req/s  fidelity 96.6%  send delay p99 0.002s  TTFT from send p50 0.041
wrote /global/home/hpc6081/energy-epp/results/olc-12325350/olc-trial2-rate27.json
load generator: 6 worker process(es)
--- round_robin at 34.0 req/s ---
    J/req 6.71  goodput/J 0.1313  SLO 88.2%
    TTFT p50/p95 0.045/0.054s  TPOT 0.0146s  ITL p99/max 0.0174/0.0790s  e2e p99 2.047s  errors 0
    SLO margin p50/p95 0.946/1.017 x SLO  within 10% of boundary 87.3%
    offered 34.0 req/s  achieved 33.1 req/s  fidelity 97.3%  send delay p99 0.002s  TTFT from send p50 0.045
wrote /global/home/hpc6081/energy-epp/results/olc-12325350/olc-trial2-rate34.json
load generator: 6 worker process(es)
--- round_robin at 40.0 req/s ---
    J/req 5.87  goodput/J 0.1039  SLO 61.0%
    TTFT p50/p95 0.048/0.057s  TPOT 0.0154s  ITL p99/max 0.0187/0.0453s  e2e p99 2.135s  errors 0
    SLO margin p50/p95 0.993/1.057 x SLO  within 10% of boundary 96.1%
    offered 40.0 req/s  achieved 38.9 req/s  fidelity 97.3%  send delay p99 0.002s  TTFT from send p50 0.047
wrote /global/home/hpc6081/energy-epp/results/olc-12325350/olc-trial2-rate40.json
load generator: 6 worker process(es)
--- round_robin at 47.0 req/s ---
    J/req 5.08  goodput/J 0.0148  SLO 7.5%
    TTFT p50/p95 0.052/0.064s  TPOT 0.0165s  ITL p99/max 0.0215/0.0438s  e2e p99 2.493s  errors 0
    SLO margin p50/p95 1.056/1.196 x SLO  within 10% of boundary 69.3%
    offered 47.0 req/s  achieved 45.8 req/s  fidelity 97.5%  send delay p99 0.002s  TTFT from send p50 0.051
wrote /global/home/hpc6081/energy-epp/results/olc-12325350/olc-trial2-rate47.json
load generator: 6 worker process(es)
--- round_robin at 54.0 req/s ---
    J/req 4.64  goodput/J 0.0100  SLO 4.7%
    TTFT p50/p95 0.060/0.073s  TPOT 0.0186s  ITL p99/max 0.0241/0.0482s  e2e p99 2.777s  errors 0
    SLO margin p50/p95 1.227/1.353 x SLO  within 10% of boundary 14.0%
    offered 54.0 req/s  achieved 51.9 req/s  fidelity 96.1%  send delay p99 0.002s  TTFT from send p50 0.059
wrote /global/home/hpc6081/energy-epp/results/olc-12325350/olc-trial2-rate54.json
load generator: 6 worker process(es)
--- round_robin at 57.0 req/s ---
    J/req 4.47  goodput/J 0.0039  SLO 1.8%
    TTFT p50/p95 0.064/0.076s  TPOT 0.0196s  ITL p99/max 0.0238/0.0536s  e2e p99 2.783s  errors 0
    SLO margin p50/p95 1.293/1.375 x SLO  within 10% of boundary 6.5%
    offered 57.0 req/s  achieved 54.7 req/s  fidelity 95.9%  send delay p99 0.002s  TTFT from send p50 0.063
wrote /global/home/hpc6081/energy-epp/results/olc-12325350/olc-trial2-rate57.json
load generator: 6 worker process(es)
--- round_robin at 61.0 req/s ---
    J/req 4.20  goodput/J 0.0025  SLO 1.0%
    TTFT p50/p95 0.069/0.084s  TPOT 0.0212s  ITL p99/max 0.0281/0.0451s  e2e p99 3.196s  errors 0
    SLO margin p50/p95 1.386/1.504 x SLO  within 10% of boundary 3.0%
    offered 61.0 req/s  achieved 58.4 req/s  fidelity 95.8%  send delay p99 0.002s  TTFT from send p50 0.068
wrote /global/home/hpc6081/energy-epp/results/olc-12325350/olc-trial2-rate61.json
load generator: 6 worker process(es)
--- round_robin at 64.0 req/s ---
    J/req 4.00  goodput/J 0.0001  SLO 0.0%
    TTFT p50/p95 0.092/0.195s  TPOT 0.0276s  ITL p99/max 0.0379/0.0642s  e2e p99 4.186s  errors 0
    SLO margin p50/p95 1.805/2.015 x SLO  within 10% of boundary 0.9%
    offered 64.0 req/s  achieved 61.1 req/s  fidelity 95.5%  send delay p99 0.002s  TTFT from send p50 0.091
wrote /global/home/hpc6081/energy-epp/results/olc-12325350/olc-trial2-rate64.json
load generator: 6 worker process(es)
--- round_robin at 67.0 req/s ---
    J/req 3.90  goodput/J 0.0001  SLO 0.0%
    TTFT p50/p95 0.468/1.268s  TPOT 0.0293s  ITL p99/max 0.0424/0.0624s  e2e p99 5.178s  errors 0
    SLO margin p50/p95 2.149/2.534 x SLO  within 10% of boundary 0.6%
    offered 67.0 req/s  achieved 62.8 req/s  fidelity 93.7%  send delay p99 0.002s  TTFT from send p50 0.467
    (server-saturated: generator kept schedule, servers did not keep up. Valid overload data point.)
wrote /global/home/hpc6081/energy-epp/results/olc-12325350/olc-trial2-rate67.json
load generator: 6 worker process(es)
--- round_robin at 74.0 req/s ---
    J/req 3.84  goodput/J 0.0001  SLO 0.0%
    TTFT p50/p95 3.061/6.572s  TPOT 0.0298s  ITL p99/max 0.0434/0.0945s  e2e p99 10.423s  errors 0
    SLO margin p50/p95 3.454/5.110 x SLO  within 10% of boundary 0.1%
    offered 74.0 req/s  achieved 63.7 req/s  fidelity 86.1%  send delay p99 0.002s  TTFT from send p50 3.059
    (server-saturated: generator kept schedule, servers did not keep up. Valid overload data point.)
wrote /global/home/hpc6081/energy-epp/results/olc-12325350/olc-trial2-rate74.json
load generator: 6 worker process(es)
--- round_robin at 1.0 req/s ---
    J/req 176.73  goodput/J 0.0057  SLO 100.0%
    TTFT p50/p95 0.031/0.147s  TPOT 0.0084s  ITL p99/max 0.0095/0.0273s  e2e p99 1.274s  errors 0
    SLO margin p50/p95 0.564/0.603 x SLO  within 10% of boundary 0.0%
    offered 1.0 req/s  achieved 0.9 req/s  fidelity 91.4%  send delay p99 0.013s  TTFT from send p50 0.026
    (server-saturated: generator kept schedule, servers did not keep up. Valid overload data point.)
wrote /global/home/hpc6081/energy-epp/results/olc-12325350/olc-trial3-rate1.json
load generator: 6 worker process(es)
--- round_robin at 3.0 req/s ---
    J/req 66.55  goodput/J 0.0150  SLO 100.0%
    TTFT p50/p95 0.029/0.040s  TPOT 0.0091s  ITL p99/max 0.0140/0.0160s  e2e p99 1.311s  errors 0
    SLO margin p50/p95 0.599/0.615 x SLO  within 10% of boundary 0.0%
    offered 3.0 req/s  achieved 3.1 req/s  fidelity 102.0%  send delay p99 0.004s  TTFT from send p50 0.028
wrote /global/home/hpc6081/energy-epp/results/olc-12325350/olc-trial3-rate3.json
load generator: 6 worker process(es)
--- round_robin at 7.0 req/s ---
    J/req 32.61  goodput/J 0.0307  SLO 100.0%
    TTFT p50/p95 0.031/0.038s  TPOT 0.0096s  ITL p99/max 0.0142/0.0209s  e2e p99 1.326s  errors 0
    SLO margin p50/p95 0.630/0.651 x SLO  within 10% of boundary 0.0%
    offered 7.0 req/s  achieved 6.5 req/s  fidelity 92.9%  send delay p99 0.002s  TTFT from send p50 0.030
    (server-saturated: generator kept schedule, servers did not keep up. Valid overload data point.)
wrote /global/home/hpc6081/energy-epp/results/olc-12325350/olc-trial3-rate7.json
load generator: 6 worker process(es)
--- round_robin at 13.0 req/s ---
    J/req 17.51  goodput/J 0.0571  SLO 100.0%
    TTFT p50/p95 0.034/0.042s  TPOT 0.0107s  ITL p99/max 0.0145/0.0314s  e2e p99 1.506s  errors 0
    SLO margin p50/p95 0.695/0.745 x SLO  within 10% of boundary 0.0%
    offered 13.0 req/s  achieved 12.3 req/s  fidelity 94.6%  send delay p99 0.002s  TTFT from send p50 0.033
    (server-saturated: generator kept schedule, servers did not keep up. Valid overload data point.)
wrote /global/home/hpc6081/energy-epp/results/olc-12325350/olc-trial3-rate13.json
load generator: 6 worker process(es)
--- round_robin at 20.0 req/s ---
    J/req 11.19  goodput/J 0.0894  SLO 100.0%
    TTFT p50/p95 0.038/0.046s  TPOT 0.0121s  ITL p99/max 0.0150/0.0225s  e2e p99 1.712s  errors 0
    SLO margin p50/p95 0.784/0.849 x SLO  within 10% of boundary 0.0%
    offered 20.0 req/s  achieved 19.3 req/s  fidelity 96.4%  send delay p99 0.002s  TTFT from send p50 0.037
wrote /global/home/hpc6081/energy-epp/results/olc-12325350/olc-trial3-rate20.json
load generator: 6 worker process(es)
--- round_robin at 27.0 req/s ---
    J/req 8.32  goodput/J 0.1202  SLO 100.0%
    TTFT p50/p95 0.042/0.050s  TPOT 0.0134s  ITL p99/max 0.0160/0.0276s  e2e p99 1.883s  errors 0
    SLO margin p50/p95 0.871/0.935 x SLO  within 10% of boundary 21.0%
    offered 27.0 req/s  achieved 26.1 req/s  fidelity 96.6%  send delay p99 0.002s  TTFT from send p50 0.041
wrote /global/home/hpc6081/energy-epp/results/olc-12325350/olc-trial3-rate27.json
load generator: 6 worker process(es)
--- round_robin at 34.0 req/s ---
    J/req 6.80  goodput/J 0.1444  SLO 98.2%
    TTFT p50/p95 0.045/0.053s  TPOT 0.0145s  ITL p99/max 0.0171/0.0345s  e2e p99 2.004s  errors 0
    SLO margin p50/p95 0.953/0.994 x SLO  within 10% of boundary 82.8%
    offered 34.0 req/s  achieved 32.7 req/s  fidelity 96.1%  send delay p99 0.002s  TTFT from send p50 0.044
wrote /global/home/hpc6081/energy-epp/results/olc-12325350/olc-trial3-rate34.json
load generator: 6 worker process(es)
--- round_robin at 40.0 req/s ---
    J/req 5.93  goodput/J 0.0963  SLO 57.1%
    TTFT p50/p95 0.048/0.057s  TPOT 0.0153s  ITL p99/max 0.0186/0.0591s  e2e p99 2.167s  errors 0
    SLO margin p50/p95 0.995/1.046 x SLO  within 10% of boundary 95.5%
    offered 40.0 req/s  achieved 38.4 req/s  fidelity 96.1%  send delay p99 0.002s  TTFT from send p50 0.047
wrote /global/home/hpc6081/energy-epp/results/olc-12325350/olc-trial3-rate40.json
load generator: 6 worker process(es)
--- round_robin at 47.0 req/s ---
    J/req 5.19  goodput/J 0.0265  SLO 13.8%
    TTFT p50/p95 0.051/0.062s  TPOT 0.0162s  ITL p99/max 0.0205/0.0441s  e2e p99 2.386s  errors 0
    SLO margin p50/p95 1.051/1.154 x SLO  within 10% of boundary 75.5%
    offered 47.0 req/s  achieved 44.7 req/s  fidelity 95.2%  send delay p99 0.002s  TTFT from send p50 0.050
wrote /global/home/hpc6081/energy-epp/results/olc-12325350/olc-trial3-rate47.json
load generator: 6 worker process(es)
--- round_robin at 54.0 req/s ---
    J/req 4.72  goodput/J 0.0105  SLO 5.0%
    TTFT p50/p95 0.058/0.072s  TPOT 0.0180s  ITL p99/max 0.0223/0.0494s  e2e p99 2.624s  errors 0
    SLO margin p50/p95 1.173/1.297 x SLO  within 10% of boundary 17.3%
    offered 54.0 req/s  achieved 50.7 req/s  fidelity 93.9%  send delay p99 0.002s  TTFT from send p50 0.057
    (server-saturated: generator kept schedule, servers did not keep up. Valid overload data point.)
wrote /global/home/hpc6081/energy-epp/results/olc-12325350/olc-trial3-rate54.json
load generator: 6 worker process(es)
--- round_robin at 57.0 req/s ---
    J/req 4.53  goodput/J 0.0073  SLO 3.3%
    TTFT p50/p95 0.061/0.075s  TPOT 0.0190s  ITL p99/max 0.0237/0.0479s  e2e p99 2.732s  errors 0
    SLO margin p50/p95 1.264/1.354 x SLO  within 10% of boundary 8.7%
    offered 57.0 req/s  achieved 53.4 req/s  fidelity 93.7%  send delay p99 0.002s  TTFT from send p50 0.060
    (server-saturated: generator kept schedule, servers did not keep up. Valid overload data point.)
wrote /global/home/hpc6081/energy-epp/results/olc-12325350/olc-trial3-rate57.json
load generator: 6 worker process(es)
--- round_robin at 61.0 req/s ---
    J/req 4.29  goodput/J 0.0036  SLO 1.6%
    TTFT p50/p95 0.067/0.082s  TPOT 0.0206s  ITL p99/max 0.0271/0.0690s  e2e p99 3.037s  errors 0
    SLO margin p50/p95 1.357/1.459 x SLO  within 10% of boundary 3.7%
    offered 61.0 req/s  achieved 57.1 req/s  fidelity 93.5%  send delay p99 0.002s  TTFT from send p50 0.066
    (server-saturated: generator kept schedule, servers did not keep up. Valid overload data point.)
wrote /global/home/hpc6081/energy-epp/results/olc-12325350/olc-trial3-rate61.json
load generator: 6 worker process(es)
--- round_robin at 64.0 req/s ---
    J/req 4.09  goodput/J 0.0010  SLO 0.4%
    TTFT p50/p95 0.085/0.107s  TPOT 0.0260s  ITL p99/max 0.0364/0.0638s  e2e p99 3.797s  errors 0
    SLO margin p50/p95 1.733/1.874 x SLO  within 10% of boundary 1.1%
    offered 64.0 req/s  achieved 59.7 req/s  fidelity 93.2%  send delay p99 0.002s  TTFT from send p50 0.085
    (server-saturated: generator kept schedule, servers did not keep up. Valid overload data point.)
wrote /global/home/hpc6081/energy-epp/results/olc-12325350/olc-trial3-rate64.json
load generator: 6 worker process(es)
--- round_robin at 67.0 req/s ---
    J/req 3.91  goodput/J 0.0009  SLO 0.3%
    TTFT p50/p95 0.108/0.487s  TPOT 0.0286s  ITL p99/max 0.0414/0.0577s  e2e p99 4.476s  errors 0
    SLO margin p50/p95 1.948/2.183 x SLO  within 10% of boundary 0.8%
    offered 67.0 req/s  achieved 62.3 req/s  fidelity 93.1%  send delay p99 0.002s  TTFT from send p50 0.108
    (server-saturated: generator kept schedule, servers did not keep up. Valid overload data point.)
wrote /global/home/hpc6081/energy-epp/results/olc-12325350/olc-trial3-rate67.json
load generator: 6 worker process(es)
--- round_robin at 74.0 req/s ---
    J/req 3.85  goodput/J 0.0001  SLO 0.0%
    TTFT p50/p95 2.817/5.286s  TPOT 0.0296s  ITL p99/max 0.0432/0.0869s  e2e p99 9.147s  errors 0
    SLO margin p50/p95 3.328/4.463 x SLO  within 10% of boundary 0.6%
    offered 74.0 req/s  achieved 63.5 req/s  fidelity 85.8%  send delay p99 0.002s  TTFT from send p50 2.816
    (server-saturated: generator kept schedule, servers did not keep up. Valid overload data point.)
wrote /global/home/hpc6081/energy-epp/results/olc-12325350/olc-trial3-rate74.json
load generator: 6 worker process(es)
--- round_robin at 1.0 req/s ---
    J/req 176.31  goodput/J 0.0057  SLO 100.0%
    TTFT p50/p95 0.030/0.153s  TPOT 0.0084s  ITL p99/max 0.0094/0.0151s  e2e p99 1.294s  errors 0
    SLO margin p50/p95 0.559/0.613 x SLO  within 10% of boundary 0.0%
    offered 1.0 req/s  achieved 0.9 req/s  fidelity 91.2%  send delay p99 0.012s  TTFT from send p50 0.025
    (server-saturated: generator kept schedule, servers did not keep up. Valid overload data point.)
wrote /global/home/hpc6081/energy-epp/results/olc-12325350/olc-trial4-rate1.json
load generator: 6 worker process(es)
--- round_robin at 3.0 req/s ---
    J/req 70.16  goodput/J 0.0143  SLO 100.0%
    TTFT p50/p95 0.029/0.037s  TPOT 0.0091s  ITL p99/max 0.0135/0.0147s  e2e p99 1.311s  errors 0
    SLO margin p50/p95 0.596/0.624 x SLO  within 10% of boundary 0.0%
    offered 3.0 req/s  achieved 2.9 req/s  fidelity 96.9%  send delay p99 0.004s  TTFT from send p50 0.028
wrote /global/home/hpc6081/energy-epp/results/olc-12325350/olc-trial4-rate3.json
load generator: 6 worker process(es)
--- round_robin at 7.0 req/s ---
    J/req 32.00  goodput/J 0.0312  SLO 100.0%
    TTFT p50/p95 0.031/0.038s  TPOT 0.0097s  ITL p99/max 0.0137/0.0154s  e2e p99 1.339s  errors 0
    SLO margin p50/p95 0.630/0.664 x SLO  within 10% of boundary 0.0%
    offered 7.0 req/s  achieved 6.6 req/s  fidelity 94.4%  send delay p99 0.002s  TTFT from send p50 0.030
    (server-saturated: generator kept schedule, servers did not keep up. Valid overload data point.)
wrote /global/home/hpc6081/energy-epp/results/olc-12325350/olc-trial4-rate7.json
load generator: 6 worker process(es)
--- round_robin at 13.0 req/s ---
    J/req 17.58  goodput/J 0.0569  SLO 100.0%
    TTFT p50/p95 0.033/0.041s  TPOT 0.0106s  ITL p99/max 0.0139/0.0230s  e2e p99 1.462s  errors 0
    SLO margin p50/p95 0.694/0.725 x SLO  within 10% of boundary 0.0%
    offered 13.0 req/s  achieved 12.2 req/s  fidelity 93.9%  send delay p99 0.002s  TTFT from send p50 0.032
    (server-saturated: generator kept schedule, servers did not keep up. Valid overload data point.)
wrote /global/home/hpc6081/energy-epp/results/olc-12325350/olc-trial4-rate13.json
load generator: 6 worker process(es)
--- round_robin at 20.0 req/s ---
    J/req 10.96  goodput/J 0.0913  SLO 100.0%
    TTFT p50/p95 0.038/0.046s  TPOT 0.0121s  ITL p99/max 0.0151/0.0272s  e2e p99 1.830s  errors 0
    SLO margin p50/p95 0.771/0.896 x SLO  within 10% of boundary 4.4%
    offered 20.0 req/s  achieved 19.8 req/s  fidelity 98.8%  send delay p99 0.002s  TTFT from send p50 0.037
wrote /global/home/hpc6081/energy-epp/results/olc-12325350/olc-trial4-rate20.json
load generator: 6 worker process(es)
--- round_robin at 27.0 req/s ---
    J/req 8.05  goodput/J 0.1242  SLO 100.0%
    TTFT p50/p95 0.042/0.050s  TPOT 0.0135s  ITL p99/max 0.0161/0.0329s  e2e p99 1.970s  errors 0
    SLO margin p50/p95 0.870/0.972 x SLO  within 10% of boundary 27.5%
    offered 27.0 req/s  achieved 26.9 req/s  fidelity 99.8%  send delay p99 0.002s  TTFT from send p50 0.041
wrote /global/home/hpc6081/energy-epp/results/olc-12325350/olc-trial4-rate27.json
load generator: 6 worker process(es)
--- round_robin at 34.0 req/s ---
    J/req 6.53  goodput/J 0.1290  SLO 84.2%
    TTFT p50/p95 0.045/0.054s  TPOT 0.0147s  ITL p99/max 0.0175/0.0429s  e2e p99 2.087s  errors 0
    SLO margin p50/p95 0.952/1.019 x SLO  within 10% of boundary 91.4%
    offered 34.0 req/s  achieved 34.0 req/s  fidelity 100.1%  send delay p99 0.002s  TTFT from send p50 0.045
wrote /global/home/hpc6081/energy-epp/results/olc-12325350/olc-trial4-rate34.json
load generator: 6 worker process(es)
--- round_robin at 40.0 req/s ---
    J/req 5.75  goodput/J 0.0898  SLO 51.7%
    TTFT p50/p95 0.048/0.058s  TPOT 0.0155s  ITL p99/max 0.0188/0.0447s  e2e p99 2.231s  errors 0
    SLO margin p50/p95 0.998/1.086 x SLO  within 10% of boundary 91.8%
    offered 40.0 req/s  achieved 39.7 req/s  fidelity 99.3%  send delay p99 0.002s  TTFT from send p50 0.048
wrote /global/home/hpc6081/energy-epp/results/olc-12325350/olc-trial4-rate40.json
load generator: 6 worker process(es)
--- round_robin at 47.0 req/s ---
    J/req 5.00  goodput/J 0.0138  SLO 6.9%
    TTFT p50/p95 0.053/0.066s  TPOT 0.0167s  ITL p99/max 0.0214/0.0463s  e2e p99 2.529s  errors 0
    SLO margin p50/p95 1.069/1.247 x SLO  within 10% of boundary 61.3%
    offered 47.0 req/s  achieved 46.5 req/s  fidelity 99.0%  send delay p99 0.002s  TTFT from send p50 0.052
wrote /global/home/hpc6081/energy-epp/results/olc-12325350/olc-trial4-rate47.json
load generator: 6 worker process(es)
--- round_robin at 54.0 req/s ---
    J/req 4.48  goodput/J 0.0054  SLO 2.4%
    TTFT p50/p95 0.062/0.082s  TPOT 0.0195s  ITL p99/max 0.0278/0.0697s  e2e p99 3.116s  errors 0
    SLO margin p50/p95 1.271/1.541 x SLO  within 10% of boundary 17.3%
    offered 54.0 req/s  achieved 53.7 req/s  fidelity 99.4%  send delay p99 0.002s  TTFT from send p50 0.061
wrote /global/home/hpc6081/energy-epp/results/olc-12325350/olc-trial4-rate54.json
load generator: 6 worker process(es)
--- round_robin at 57.0 req/s ---
    J/req 4.28  goodput/J 0.0048  SLO 2.0%
    TTFT p50/p95 0.067/0.084s  TPOT 0.0205s  ITL p99/max 0.0286/0.0601s  e2e p99 3.163s  errors 0
    SLO margin p50/p95 1.347/1.520 x SLO  within 10% of boundary 3.7%
    offered 57.0 req/s  achieved 56.7 req/s  fidelity 99.5%  send delay p99 0.002s  TTFT from send p50 0.066
wrote /global/home/hpc6081/energy-epp/results/olc-12325350/olc-trial4-rate57.json
load generator: 6 worker process(es)
--- round_robin at 61.0 req/s ---
    J/req 4.04  goodput/J 0.0038  SLO 1.5%
    TTFT p50/p95 0.073/0.091s  TPOT 0.0222s  ITL p99/max 0.0293/0.0549s  e2e p99 3.296s  errors 0
    SLO margin p50/p95 1.474/1.635 x SLO  within 10% of boundary 2.5%
    offered 61.0 req/s  achieved 60.5 req/s  fidelity 99.2%  send delay p99 0.002s  TTFT from send p50 0.072
wrote /global/home/hpc6081/energy-epp/results/olc-12325350/olc-trial4-rate61.json
load generator: 6 worker process(es)
--- round_robin at 64.0 req/s ---
    J/req 3.95  goodput/J 0.0013  SLO 0.5%
    TTFT p50/p95 0.638/1.354s  TPOT 0.0285s  ITL p99/max 0.0435/0.0584s  e2e p99 5.305s  errors 0
    SLO margin p50/p95 2.230/2.566 x SLO  within 10% of boundary 1.1%
    offered 64.0 req/s  achieved 61.9 req/s  fidelity 96.8%  send delay p99 0.002s  TTFT from send p50 0.637
wrote /global/home/hpc6081/energy-epp/results/olc-12325350/olc-trial4-rate64.json
load generator: 6 worker process(es)
--- round_robin at 67.0 req/s ---
    J/req 3.91  goodput/J 0.0009  SLO 0.3%
    TTFT p50/p95 1.583/3.484s  TPOT 0.0290s  ITL p99/max 0.0430/0.0736s  e2e p99 7.281s  errors 0
    SLO margin p50/p95 2.711/3.545 x SLO  within 10% of boundary 1.0%
    offered 67.0 req/s  achieved 62.5 req/s  fidelity 93.3%  send delay p99 0.002s  TTFT from send p50 1.582
    (server-saturated: generator kept schedule, servers did not keep up. Valid overload data point.)
wrote /global/home/hpc6081/energy-epp/results/olc-12325350/olc-trial4-rate67.json
load generator: 6 worker process(es)
--- round_robin at 74.0 req/s ---
    J/req 3.84  goodput/J 0.0000  SLO 0.0%
    TTFT p50/p95 4.089/8.689s  TPOT 0.0296s  ITL p99/max 0.0393/0.1087s  e2e p99 12.527s  errors 0
    SLO margin p50/p95 3.980/6.165 x SLO  within 10% of boundary 0.7%
    offered 74.0 req/s  achieved 63.6 req/s  fidelity 85.9%  send delay p99 0.002s  TTFT from send p50 4.088
    (server-saturated: generator kept schedule, servers did not keep up. Valid overload data point.)
wrote /global/home/hpc6081/energy-epp/results/olc-12325350/olc-trial4-rate74.json
load generator: 6 worker process(es)
--- round_robin at 1.0 req/s ---
    J/req 141.02  goodput/J 0.0071  SLO 100.0%
    TTFT p50/p95 0.029/0.146s  TPOT 0.0086s  ITL p99/max 0.0133/0.0215s  e2e p99 1.282s  errors 0
    SLO margin p50/p95 0.574/0.596 x SLO  within 10% of boundary 0.0%
    offered 1.0 req/s  achieved 1.3 req/s  fidelity 127.6%  send delay p99 0.010s  TTFT from send p50 0.025
wrote /global/home/hpc6081/energy-epp/results/olc-12325350/olc-trial5-rate1.json
load generator: 6 worker process(es)
--- round_robin at 3.0 req/s ---
    J/req 56.95  goodput/J 0.0176  SLO 100.0%
    TTFT p50/p95 0.029/0.038s  TPOT 0.0092s  ITL p99/max 0.0135/0.0144s  e2e p99 1.332s  errors 0
    SLO margin p50/p95 0.604/0.621 x SLO  within 10% of boundary 0.0%
    offered 3.0 req/s  achieved 3.6 req/s  fidelity 121.4%  send delay p99 0.004s  TTFT from send p50 0.028
wrote /global/home/hpc6081/energy-epp/results/olc-12325350/olc-trial5-rate3.json
load generator: 6 worker process(es)
--- round_robin at 7.0 req/s ---
    J/req 29.11  goodput/J 0.0344  SLO 100.0%
    TTFT p50/p95 0.031/0.038s  TPOT 0.0098s  ITL p99/max 0.0137/0.0328s  e2e p99 1.385s  errors 0
    SLO margin p50/p95 0.636/0.672 x SLO  within 10% of boundary 0.0%
    offered 7.0 req/s  achieved 7.3 req/s  fidelity 104.3%  send delay p99 0.002s  TTFT from send p50 0.031
wrote /global/home/hpc6081/energy-epp/results/olc-12325350/olc-trial5-rate7.json
load generator: 6 worker process(es)
--- round_robin at 13.0 req/s ---
    J/req 16.36  goodput/J 0.0611  SLO 100.0%
    TTFT p50/p95 0.034/0.042s  TPOT 0.0108s  ITL p99/max 0.0141/0.0297s  e2e p99 1.531s  errors 0
    SLO margin p50/p95 0.711/0.747 x SLO  within 10% of boundary 0.0%
    offered 13.0 req/s  achieved 13.2 req/s  fidelity 101.2%  send delay p99 0.002s  TTFT from send p50 0.033
wrote /global/home/hpc6081/energy-epp/results/olc-12325350/olc-trial5-rate13.json
load generator: 6 worker process(es)
--- round_robin at 20.0 req/s ---
    J/req 10.65  goodput/J 0.0939  SLO 100.0%
    TTFT p50/p95 0.038/0.045s  TPOT 0.0122s  ITL p99/max 0.0145/0.0221s  e2e p99 1.710s  errors 0
    SLO margin p50/p95 0.797/0.847 x SLO  within 10% of boundary 0.0%
    offered 20.0 req/s  achieved 20.2 req/s  fidelity 100.8%  send delay p99 0.002s  TTFT from send p50 0.037
wrote /global/home/hpc6081/energy-epp/results/olc-12325350/olc-trial5-rate20.json
load generator: 6 worker process(es)
--- round_robin at 27.0 req/s ---
    J/req 7.95  goodput/J 0.1257  SLO 100.0%
    TTFT p50/p95 0.042/0.050s  TPOT 0.0136s  ITL p99/max 0.0161/0.0246s  e2e p99 1.965s  errors 0
    SLO margin p50/p95 0.880/0.936 x SLO  within 10% of boundary 27.5%
    offered 27.0 req/s  achieved 27.3 req/s  fidelity 101.0%  send delay p99 0.002s  TTFT from send p50 0.041
wrote /global/home/hpc6081/energy-epp/results/olc-12325350/olc-trial5-rate27.json
load generator: 6 worker process(es)
--- round_robin at 34.0 req/s ---
    J/req 6.57  goodput/J 0.1395  SLO 91.7%
    TTFT p50/p95 0.045/0.054s  TPOT 0.0147s  ITL p99/max 0.0176/0.0289s  e2e p99 2.078s  errors 0
    SLO margin p50/p95 0.959/1.011 x SLO  within 10% of boundary 96.3%
    offered 34.0 req/s  achieved 33.9 req/s  fidelity 99.7%  send delay p99 0.002s  TTFT from send p50 0.045
wrote /global/home/hpc6081/energy-epp/results/olc-12325350/olc-trial5-rate34.json
load generator: 6 worker process(es)
--- round_robin at 40.0 req/s ---
    J/req 5.73  goodput/J 0.0911  SLO 52.2%
    TTFT p50/p95 0.048/0.056s  TPOT 0.0154s  ITL p99/max 0.0185/0.0432s  e2e p99 2.110s  errors 0
    SLO margin p50/p95 0.999/1.044 x SLO  within 10% of boundary 97.0%
    offered 40.0 req/s  achieved 39.6 req/s  fidelity 99.0%  send delay p99 0.002s  TTFT from send p50 0.047
wrote /global/home/hpc6081/energy-epp/results/olc-12325350/olc-trial5-rate40.json
load generator: 6 worker process(es)
--- round_robin at 47.0 req/s ---
    J/req 5.07  goodput/J 0.0108  SLO 5.5%
    TTFT p50/p95 0.051/0.061s  TPOT 0.0163s  ITL p99/max 0.0198/0.0409s  e2e p99 2.296s  errors 0
    SLO margin p50/p95 1.058/1.133 x SLO  within 10% of boundary 78.4%
    offered 47.0 req/s  achieved 45.8 req/s  fidelity 97.4%  send delay p99 0.002s  TTFT from send p50 0.051
wrote /global/home/hpc6081/energy-epp/results/olc-12325350/olc-trial5-rate47.json
load generator: 6 worker process(es)
--- round_robin at 54.0 req/s ---
    J/req 4.61  goodput/J 0.0054  SLO 2.5%
    TTFT p50/p95 0.060/0.074s  TPOT 0.0187s  ITL p99/max 0.0246/0.0454s  e2e p99 2.774s  errors 0
    SLO margin p50/p95 1.212/1.360 x SLO  within 10% of boundary 8.4%
    offered 54.0 req/s  achieved 52.6 req/s  fidelity 97.3%  send delay p99 0.002s  TTFT from send p50 0.059
wrote /global/home/hpc6081/energy-epp/results/olc-12325350/olc-trial5-rate54.json
load generator: 6 worker process(es)
--- round_robin at 57.0 req/s ---
    J/req 4.43  goodput/J 0.0023  SLO 1.0%
    TTFT p50/p95 0.065/0.077s  TPOT 0.0199s  ITL p99/max 0.0257/0.0555s  e2e p99 2.937s  errors 0
    SLO margin p50/p95 1.299/1.405 x SLO  within 10% of boundary 3.8%
    offered 57.0 req/s  achieved 55.5 req/s  fidelity 97.3%  send delay p99 0.002s  TTFT from send p50 0.064
wrote /global/home/hpc6081/energy-epp/results/olc-12325350/olc-trial5-rate57.json
load generator: 6 worker process(es)
--- round_robin at 61.0 req/s ---
    J/req 4.15  goodput/J 0.0007  SLO 0.3%
    TTFT p50/p95 0.069/0.083s  TPOT 0.0213s  ITL p99/max 0.0277/0.0527s  e2e p99 3.169s  errors 0
    SLO margin p50/p95 1.384/1.525 x SLO  within 10% of boundary 2.4%
    offered 61.0 req/s  achieved 59.2 req/s  fidelity 97.0%  send delay p99 0.002s  TTFT from send p50 0.069
wrote /global/home/hpc6081/energy-epp/results/olc-12325350/olc-trial5-rate61.json
load generator: 6 worker process(es)
--- round_robin at 64.0 req/s ---
    J/req 3.95  goodput/J 0.0000  SLO 0.0%
    TTFT p50/p95 0.094/0.187s  TPOT 0.0280s  ITL p99/max 0.0384/0.0645s  e2e p99 4.204s  errors 0
    SLO margin p50/p95 1.867/2.018 x SLO  within 10% of boundary 0.1%
    offered 64.0 req/s  achieved 61.8 req/s  fidelity 96.6%  send delay p99 0.002s  TTFT from send p50 0.093
wrote /global/home/hpc6081/energy-epp/results/olc-12325350/olc-trial5-rate64.json
load generator: 6 worker process(es)
--- round_robin at 67.0 req/s ---
    J/req 3.86  goodput/J 0.0000  SLO 0.0%
    TTFT p50/p95 0.600/1.097s  TPOT 0.0294s  ITL p99/max 0.0403/0.0623s  e2e p99 5.235s  errors 0
    SLO margin p50/p95 2.213/2.476 x SLO  within 10% of boundary 0.0%
    offered 67.0 req/s  achieved 63.4 req/s  fidelity 94.6%  send delay p99 0.002s  TTFT from send p50 0.598
    (server-saturated: generator kept schedule, servers did not keep up. Valid overload data point.)
wrote /global/home/hpc6081/energy-epp/results/olc-12325350/olc-trial5-rate67.json
load generator: 6 worker process(es)
--- round_robin at 74.0 req/s ---
    J/req 3.84  goodput/J 0.0000  SLO 0.0%
    TTFT p50/p95 3.471/6.556s  TPOT 0.0298s  ITL p99/max 0.0423/0.0961s  e2e p99 10.431s  errors 0
    SLO margin p50/p95 3.667/5.107 x SLO  within 10% of boundary 0.0%
    offered 74.0 req/s  achieved 63.8 req/s  fidelity 86.2%  send delay p99 0.002s  TTFT from send p50 3.470
    (server-saturated: generator kept schedule, servers did not keep up. Valid overload data point.)
wrote /global/home/hpc6081/energy-epp/results/olc-12325350/olc-trial5-rate74.json
load generator: 6 worker process(es)
--- round_robin at 1.0 req/s ---
    J/req 164.29  goodput/J 0.0061  SLO 100.0%
    TTFT p50/p95 0.030/0.145s  TPOT 0.0084s  ITL p99/max 0.0093/0.0236s  e2e p99 1.277s  errors 0
    SLO margin p50/p95 0.559/0.592 x SLO  within 10% of boundary 0.0%
    offered 1.0 req/s  achieved 1.0 req/s  fidelity 104.4%  send delay p99 0.010s  TTFT from send p50 0.025
wrote /global/home/hpc6081/energy-epp/results/olc-12325350/olc-trial6-rate1.json
load generator: 6 worker process(es)
--- round_robin at 3.0 req/s ---
    J/req 66.37  goodput/J 0.0151  SLO 100.0%
    TTFT p50/p95 0.030/0.043s  TPOT 0.0091s  ITL p99/max 0.0136/0.0278s  e2e p99 1.311s  errors 0
    SLO margin p50/p95 0.595/0.614 x SLO  within 10% of boundary 0.0%
    offered 3.0 req/s  achieved 3.1 req/s  fidelity 103.6%  send delay p99 0.003s  TTFT from send p50 0.028
wrote /global/home/hpc6081/energy-epp/results/olc-12325350/olc-trial6-rate3.json
load generator: 6 worker process(es)
--- round_robin at 7.0 req/s ---
    J/req 27.78  goodput/J 0.0360  SLO 100.0%
    TTFT p50/p95 0.031/0.038s  TPOT 0.0098s  ITL p99/max 0.0137/0.0216s  e2e p99 1.365s  errors 0
    SLO margin p50/p95 0.636/0.671 x SLO  within 10% of boundary 0.0%
    offered 7.0 req/s  achieved 7.7 req/s  fidelity 109.3%  send delay p99 0.002s  TTFT from send p50 0.030
wrote /global/home/hpc6081/energy-epp/results/olc-12325350/olc-trial6-rate7.json
load generator: 6 worker process(es)
--- round_robin at 13.0 req/s ---
    J/req 15.84  goodput/J 0.0631  SLO 100.0%
    TTFT p50/p95 0.034/0.041s  TPOT 0.0109s  ITL p99/max 0.0140/0.0245s  e2e p99 1.495s  errors 0
    SLO margin p50/p95 0.715/0.742 x SLO  within 10% of boundary 0.0%
    offered 13.0 req/s  achieved 13.6 req/s  fidelity 104.6%  send delay p99 0.002s  TTFT from send p50 0.034
wrote /global/home/hpc6081/energy-epp/results/olc-12325350/olc-trial6-rate13.json
load generator: 6 worker process(es)
--- round_robin at 20.0 req/s ---
    J/req 10.49  goodput/J 0.0953  SLO 100.0%
    TTFT p50/p95 0.038/0.045s  TPOT 0.0123s  ITL p99/max 0.0146/0.0258s  e2e p99 1.738s  errors 0
    SLO margin p50/p95 0.807/0.853 x SLO  within 10% of boundary 0.0%
    offered 20.0 req/s  achieved 20.5 req/s  fidelity 102.7%  send delay p99 0.002s  TTFT from send p50 0.038
wrote /global/home/hpc6081/energy-epp/results/olc-12325350/olc-trial6-rate20.json
load generator: 6 worker process(es)
--- round_robin at 27.0 req/s ---
    J/req 8.14  goodput/J 0.1229  SLO 100.0%
    TTFT p50/p95 0.042/0.049s  TPOT 0.0135s  ITL p99/max 0.0156/0.0362s  e2e p99 1.862s  errors 0
    SLO margin p50/p95 0.877/0.923 x SLO  within 10% of boundary 26.6%
    offered 27.0 req/s  achieved 26.8 req/s  fidelity 99.1%  send delay p99 0.002s  TTFT from send p50 0.041
wrote /global/home/hpc6081/energy-epp/results/olc-12325350/olc-trial6-rate27.json
load generator: 6 worker process(es)
--- round_robin at 34.0 req/s ---
    J/req 6.56  goodput/J 0.1383  SLO 90.8%
    TTFT p50/p95 0.045/0.054s  TPOT 0.0147s  ITL p99/max 0.0180/0.0439s  e2e p99 2.046s  errors 0
    SLO margin p50/p95 0.968/1.008 x SLO  within 10% of boundary 88.9%
    offered 34.0 req/s  achieved 33.9 req/s  fidelity 99.7%  send delay p99 0.002s  TTFT from send p50 0.045
wrote /global/home/hpc6081/energy-epp/results/olc-12325350/olc-trial6-rate34.json
load generator: 6 worker process(es)
--- round_robin at 40.0 req/s ---
    J/req 5.76  goodput/J 0.0939  SLO 54.1%
    TTFT p50/p95 0.048/0.057s  TPOT 0.0154s  ITL p99/max 0.0187/0.0447s  e2e p99 2.106s  errors 0
    SLO margin p50/p95 0.997/1.047 x SLO  within 10% of boundary 95.2%
    offered 40.0 req/s  achieved 39.4 req/s  fidelity 98.6%  send delay p99 0.002s  TTFT from send p50 0.047
wrote /global/home/hpc6081/energy-epp/results/olc-12325350/olc-trial6-rate40.json
load generator: 6 worker process(es)
--- round_robin at 47.0 req/s ---
    J/req 5.07  goodput/J 0.0163  SLO 8.3%
    TTFT p50/p95 0.052/0.063s  TPOT 0.0165s  ITL p99/max 0.0208/0.0476s  e2e p99 2.411s  errors 0
    SLO margin p50/p95 1.065/1.196 x SLO  within 10% of boundary 72.5%
    offered 47.0 req/s  achieved 46.1 req/s  fidelity 98.0%  send delay p99 0.002s  TTFT from send p50 0.051
wrote /global/home/hpc6081/energy-epp/results/olc-12325350/olc-trial6-rate47.json
load generator: 6 worker process(es)
--- round_robin at 54.0 req/s ---
    J/req 4.59  goodput/J 0.0056  SLO 2.6%
    TTFT p50/p95 0.061/0.075s  TPOT 0.0190s  ITL p99/max 0.0255/0.0488s  e2e p99 2.846s  errors 0
    SLO margin p50/p95 1.254/1.365 x SLO  within 10% of boundary 12.4%
    offered 54.0 req/s  achieved 52.7 req/s  fidelity 97.5%  send delay p99 0.002s  TTFT from send p50 0.060
wrote /global/home/hpc6081/energy-epp/results/olc-12325350/olc-trial6-rate54.json
load generator: 6 worker process(es)
--- round_robin at 57.0 req/s ---
    J/req 4.40  goodput/J 0.0046  SLO 2.0%
    TTFT p50/p95 0.064/0.077s  TPOT 0.0199s  ITL p99/max 0.0245/0.0466s  e2e p99 2.863s  errors 0
    SLO margin p50/p95 1.307/1.400 x SLO  within 10% of boundary 4.8%
    offered 57.0 req/s  achieved 55.5 req/s  fidelity 97.4%  send delay p99 0.002s  TTFT from send p50 0.063
wrote /global/home/hpc6081/energy-epp/results/olc-12325350/olc-trial6-rate57.json
load generator: 6 worker process(es)
--- round_robin at 61.0 req/s ---
    J/req 4.13  goodput/J 0.0032  SLO 1.3%
    TTFT p50/p95 0.070/0.085s  TPOT 0.0215s  ITL p99/max 0.0281/0.0575s  e2e p99 3.255s  errors 0
    SLO margin p50/p95 1.405/1.529 x SLO  within 10% of boundary 2.7%
    offered 61.0 req/s  achieved 59.3 req/s  fidelity 97.3%  send delay p99 0.002s  TTFT from send p50 0.069
wrote /global/home/hpc6081/energy-epp/results/olc-12325350/olc-trial6-rate61.json
load generator: 6 worker process(es)
--- round_robin at 64.0 req/s ---
    J/req 3.95  goodput/J 0.0003  SLO 0.1%
    TTFT p50/p95 0.094/0.183s  TPOT 0.0280s  ITL p99/max 0.0383/0.0608s  e2e p99 4.019s  errors 0
    SLO margin p50/p95 1.870/1.974 x SLO  within 10% of boundary 1.1%
    offered 64.0 req/s  achieved 61.9 req/s  fidelity 96.7%  send delay p99 0.002s  TTFT from send p50 0.093
wrote /global/home/hpc6081/energy-epp/results/olc-12325350/olc-trial6-rate64.json
load generator: 6 worker process(es)
--- round_robin at 67.0 req/s ---
    J/req 3.86  goodput/J 0.0001  SLO 0.0%
    TTFT p50/p95 0.593/1.321s  TPOT 0.0296s  ITL p99/max 0.0405/0.0697s  e2e p99 5.250s  errors 0
    SLO margin p50/p95 2.203/2.578 x SLO  within 10% of boundary 0.9%
    offered 67.0 req/s  achieved 63.4 req/s  fidelity 94.6%  send delay p99 0.002s  TTFT from send p50 0.592
    (server-saturated: generator kept schedule, servers did not keep up. Valid overload data point.)
wrote /global/home/hpc6081/energy-epp/results/olc-12325350/olc-trial6-rate67.json
load generator: 6 worker process(es)
--- round_robin at 74.0 req/s ---
    J/req 3.84  goodput/J 0.0001  SLO 0.0%
    TTFT p50/p95 3.494/7.311s  TPOT 0.0298s  ITL p99/max 0.0397/0.1081s  e2e p99 11.192s  errors 0
    SLO margin p50/p95 3.685/5.447 x SLO  within 10% of boundary 0.3%
    offered 74.0 req/s  achieved 63.8 req/s  fidelity 86.2%  send delay p99 0.002s  TTFT from send p50 3.493
    (server-saturated: generator kept schedule, servers did not keep up. Valid overload data point.)
wrote /global/home/hpc6081/energy-epp/results/olc-12325350/olc-trial6-rate74.json
wrote /global/home/hpc6081/energy-epp/results/olc-12325350/curve.csv: 90 rows, trials [1, 2, 3, 4, 5, 6], rates [1.0, 3.0, 7.0, 13.0, 20.0, 27.0, 34.0, 40.0, 47.0, 54.0, 57.0, 61.0, 64.0, 67.0, 74.0]
