load generator: 12 worker process(es)
--- round_robin at 271.2 req/s ---
    J/req 5.58  goodput/J 0.1740  SLO 97.1%
    TTFT p50/p95 0.049/0.060s  TPOT 0.0149s  ITL p99/max 0.0198/0.0736s  e2e p99 2.012s  errors 0
    offered 271.2 req/s  achieved 259.7 req/s  fidelity 95.8%  send delay p99 0.003s  TTFT from send p50 0.049
wrote /global/home/hpc6081/energy-epp/results/stage2-12303354/policies-rate271.2.json
load generator: 12 worker process(es)
--- round_robin at 350.0 req/s ---
    J/req 4.54  goodput/J 0.0167  SLO 7.6%
    TTFT p50/p95 0.057/0.069s  TPOT 0.0161s  ITL p99/max 0.0223/0.0747s  e2e p99 2.225s  errors 0
    offered 350.0 req/s  achieved 333.4 req/s  fidelity 95.3%  send delay p99 0.005s  TTFT from send p50 0.056
wrote /global/home/hpc6081/energy-epp/results/stage2-12303354/policies-rate350.json
load generator: 12 worker process(es)
--- round_robin at 430.0 req/s ---
    J/req 4.08  goodput/J 0.0045  SLO 1.8%
    TTFT p50/p95 0.071/0.087s  TPOT 0.0192s  ITL p99/max 0.0266/0.0864s  e2e p99 2.667s  errors 0
    offered 430.0 req/s  achieved 405.1 req/s  fidelity 94.2%  send delay p99 0.007s  TTFT from send p50 0.070
    (server-saturated: generator kept schedule, servers did not keep up. Valid overload data point.)
wrote /global/home/hpc6081/energy-epp/results/stage2-12303354/policies-rate430.json
load generator: 12 worker process(es)
--- round_robin at 510.0 req/s ---
    J/req 3.55  goodput/J 0.0005  SLO 0.2%
    TTFT p50/p95 0.093/0.123s  TPOT 0.0237s  ITL p99/max 0.0366/0.1591s  e2e p99 3.373s  errors 0
    offered 510.0 req/s  achieved 474.7 req/s  fidelity 93.1%  send delay p99 0.024s  TTFT from send p50 0.091
    (server-saturated: generator kept schedule, servers did not keep up. Valid overload data point.)
wrote /global/home/hpc6081/energy-epp/results/stage2-12303354/policies-rate510.json
load generator: 12 worker process(es)
--- round_robin at 590.0 req/s ---
    J/req 3.33  goodput/J 0.0001  SLO 0.0%
    TTFT p50/p95 1.247/2.852s  TPOT 0.0282s  ITL p99/max 0.0471/0.1766s  e2e p99 6.585s  errors 0
    offered 590.0 req/s  achieved 512.9 req/s  fidelity 86.9%  send delay p99 0.042s  TTFT from send p50 1.244
    (server-saturated: generator kept schedule, servers did not keep up. Valid overload data point.)
wrote /global/home/hpc6081/energy-epp/results/stage2-12303354/policies-rate590.json
