load generator: 16 worker process(es)
--- slo_packing at 100.0 req/s ---
    J/req 8.65  goodput/J 0.0509  SLO 44.0%
    TTFT p50/p95 0.047/0.057s  TPOT 0.0149s  ITL p99/max 0.0187/0.0442s  e2e p99 2.034s  errors 0
    SLO margin p50/p95 1.002/1.014 x SLO  within 10% of boundary 82.1%
    offered 100.0 req/s  achieved 96.7 req/s  fidelity 96.7%  send delay p99 0.002s  TTFT from send p50 0.047
--- energy_greedy at 100.0 req/s ---
    J/req 8.58  goodput/J 0.0913  SLO 78.4%
    TTFT p50/p95 0.046/0.055s  TPOT 0.0148s  ITL p99/max 0.0181/0.0423s  e2e p99 2.016s  errors 0
    SLO margin p50/p95 0.994/1.005 x SLO  within 10% of boundary 78.5%
    offered 100.0 req/s  achieved 96.8 req/s  fidelity 96.8%  send delay p99 0.002s  TTFT from send p50 0.046
--- energy_consolidate at 100.0 req/s ---
    J/req 8.57  goodput/J 0.1078  SLO 92.3%
    TTFT p50/p95 0.046/0.056s  TPOT 0.0147s  ITL p99/max 0.0180/0.0447s  e2e p99 2.009s  errors 0
    SLO margin p50/p95 0.990/1.001 x SLO  within 10% of boundary 78.1%
    offered 100.0 req/s  achieved 96.7 req/s  fidelity 96.7%  send delay p99 0.002s  TTFT from send p50 0.046
wrote /global/home/hpc6081/energy-epp/results/stage2-12325155/policies-rate100.json
load generator: 16 worker process(es)
--- slo_packing at 150.0 req/s ---
    J/req 7.12  goodput/J 0.0780  SLO 55.6%
    TTFT p50/p95 0.049/0.059s  TPOT 0.0150s  ITL p99/max 0.0191/0.0502s  e2e p99 2.034s  errors 0
    SLO margin p50/p95 0.998/1.014 x SLO  within 10% of boundary 92.4%
    offered 150.0 req/s  achieved 144.8 req/s  fidelity 96.5%  send delay p99 0.001s  TTFT from send p50 0.048
--- energy_greedy at 150.0 req/s ---
    J/req 7.09  goodput/J 0.0883  SLO 62.6%
    TTFT p50/p95 0.049/0.058s  TPOT 0.0150s  ITL p99/max 0.0185/0.0482s  e2e p99 2.024s  errors 0
    SLO margin p50/p95 0.996/1.008 x SLO  within 10% of boundary 92.1%
    offered 150.0 req/s  achieved 144.8 req/s  fidelity 96.5%  send delay p99 0.001s  TTFT from send p50 0.048
--- energy_consolidate at 150.0 req/s ---
    J/req 7.11  goodput/J 0.0866  SLO 61.6%
    TTFT p50/p95 0.049/0.058s  TPOT 0.0150s  ITL p99/max 0.0189/0.0588s  e2e p99 2.027s  errors 0
    SLO margin p50/p95 0.997/1.009 x SLO  within 10% of boundary 91.7%
    offered 150.0 req/s  achieved 144.8 req/s  fidelity 96.5%  send delay p99 0.001s  TTFT from send p50 0.048
wrote /global/home/hpc6081/energy-epp/results/stage2-12325155/policies-rate150.json
load generator: 16 worker process(es)
--- slo_packing at 100.0 req/s ---
    J/req 9.55  goodput/J 0.1047  SLO 100.0%
    TTFT p50/p95 0.044/0.052s  TPOT 0.0136s  ITL p99/max 0.0171/0.0463s  e2e p99 1.842s  errors 0
    SLO margin p50/p95 0.907/0.918 x SLO  within 10% of boundary 65.8%
    offered 100.0 req/s  achieved 96.8 req/s  fidelity 96.8%  send delay p99 0.001s  TTFT from send p50 0.043
--- energy_greedy at 100.0 req/s ---
    J/req 9.52  goodput/J 0.1050  SLO 100.0%
    TTFT p50/p95 0.044/0.052s  TPOT 0.0136s  ITL p99/max 0.0166/0.0444s  e2e p99 1.842s  errors 0
    SLO margin p50/p95 0.904/0.916 x SLO  within 10% of boundary 61.0%
    offered 100.0 req/s  achieved 96.8 req/s  fidelity 96.8%  send delay p99 0.001s  TTFT from send p50 0.043
--- energy_consolidate at 100.0 req/s ---
    J/req 9.48  goodput/J 0.1054  SLO 100.0%
    TTFT p50/p95 0.044/0.052s  TPOT 0.0135s  ITL p99/max 0.0169/0.0494s  e2e p99 1.839s  errors 0
    SLO margin p50/p95 0.903/0.916 x SLO  within 10% of boundary 56.9%
    offered 100.0 req/s  achieved 96.9 req/s  fidelity 96.9%  send delay p99 0.002s  TTFT from send p50 0.043
wrote /global/home/hpc6081/energy-epp/results/stage2-12325155/policies-h0.1-rate100.json
load generator: 16 worker process(es)
--- slo_packing at 150.0 req/s ---
    J/req 7.77  goodput/J 0.1287  SLO 100.0%
    TTFT p50/p95 0.046/0.055s  TPOT 0.0137s  ITL p99/max 0.0180/0.0530s  e2e p99 1.847s  errors 0
    SLO margin p50/p95 0.906/0.920 x SLO  within 10% of boundary 67.5%
    offered 150.0 req/s  achieved 145.0 req/s  fidelity 96.7%  send delay p99 0.001s  TTFT from send p50 0.045
--- energy_greedy at 150.0 req/s ---
    J/req 7.71  goodput/J 0.1297  SLO 100.0%
    TTFT p50/p95 0.045/0.054s  TPOT 0.0137s  ITL p99/max 0.0179/0.0479s  e2e p99 1.839s  errors 0
    SLO margin p50/p95 0.906/0.916 x SLO  within 10% of boundary 66.6%
    offered 150.0 req/s  achieved 145.0 req/s  fidelity 96.6%  send delay p99 0.001s  TTFT from send p50 0.045
--- energy_consolidate at 150.0 req/s ---
    J/req 7.74  goodput/J 0.1292  SLO 100.0%
    TTFT p50/p95 0.046/0.055s  TPOT 0.0137s  ITL p99/max 0.0176/0.0475s  e2e p99 1.841s  errors 0
    SLO margin p50/p95 0.906/0.918 x SLO  within 10% of boundary 63.7%
    offered 150.0 req/s  achieved 145.1 req/s  fidelity 96.7%  send delay p99 0.001s  TTFT from send p50 0.045
wrote /global/home/hpc6081/energy-epp/results/stage2-12325155/policies-h0.1-rate150.json
load generator: 16 worker process(es)
--- slo_packing at 100.0 req/s ---
    J/req 10.84  goodput/J 0.0923  SLO 100.0%
    TTFT p50/p95 0.041/0.050s  TPOT 0.0124s  ITL p99/max 0.0165/0.0430s  e2e p99 1.674s  errors 0
    SLO margin p50/p95 0.820/0.834 x SLO  within 10% of boundary 0.0%
    offered 100.0 req/s  achieved 97.1 req/s  fidelity 97.1%  send delay p99 0.001s  TTFT from send p50 0.040
--- energy_greedy at 100.0 req/s ---
    J/req 10.84  goodput/J 0.0923  SLO 100.0%
    TTFT p50/p95 0.041/0.050s  TPOT 0.0124s  ITL p99/max 0.0166/0.0431s  e2e p99 1.675s  errors 0
    SLO margin p50/p95 0.820/0.833 x SLO  within 10% of boundary 0.0%
    offered 100.0 req/s  achieved 97.1 req/s  fidelity 97.1%  send delay p99 0.001s  TTFT from send p50 0.040
--- energy_consolidate at 100.0 req/s ---
    J/req 10.81  goodput/J 0.0925  SLO 100.0%
    TTFT p50/p95 0.041/0.050s  TPOT 0.0124s  ITL p99/max 0.0166/0.0462s  e2e p99 1.673s  errors 0
    SLO margin p50/p95 0.818/0.833 x SLO  within 10% of boundary 0.0%
    offered 100.0 req/s  achieved 97.1 req/s  fidelity 97.1%  send delay p99 0.001s  TTFT from send p50 0.040
wrote /global/home/hpc6081/energy-epp/results/stage2-12325155/policies-h0.2-rate100.json
load generator: 16 worker process(es)
--- slo_packing at 150.0 req/s ---
    J/req 9.13  goodput/J 0.1095  SLO 100.0%
    TTFT p50/p95 0.043/0.053s  TPOT 0.0125s  ITL p99/max 0.0177/0.0489s  e2e p99 1.683s  errors 0
    SLO margin p50/p95 0.823/0.837 x SLO  within 10% of boundary 0.0%
    offered 150.0 req/s  achieved 145.1 req/s  fidelity 96.8%  send delay p99 0.001s  TTFT from send p50 0.042
--- energy_greedy at 150.0 req/s ---
    J/req 9.09  goodput/J 0.1100  SLO 100.0%
    TTFT p50/p95 0.042/0.052s  TPOT 0.0125s  ITL p99/max 0.0172/0.0506s  e2e p99 1.682s  errors 0
    SLO margin p50/p95 0.823/0.836 x SLO  within 10% of boundary 0.0%
    offered 150.0 req/s  achieved 145.4 req/s  fidelity 96.9%  send delay p99 0.001s  TTFT from send p50 0.042
--- energy_consolidate at 150.0 req/s ---
    J/req 9.07  goodput/J 0.1103  SLO 100.0%
    TTFT p50/p95 0.042/0.052s  TPOT 0.0124s  ITL p99/max 0.0168/0.0526s  e2e p99 1.677s  errors 0
    SLO margin p50/p95 0.822/0.835 x SLO  within 10% of boundary 0.0%
    offered 150.0 req/s  achieved 145.4 req/s  fidelity 96.9%  send delay p99 0.001s  TTFT from send p50 0.042
wrote /global/home/hpc6081/energy-epp/results/stage2-12325155/policies-h0.2-rate150.json
load generator: 16 worker process(es)
--- slo_packing at 100.0 req/s ---
    J/req 14.05  goodput/J 0.0711  SLO 100.0%
    TTFT p50/p95 0.037/0.048s  TPOT 0.0108s  ITL p99/max 0.0161/0.0417s  e2e p99 1.449s  errors 0
    SLO margin p50/p95 0.712/0.720 x SLO  within 10% of boundary 0.0%
    offered 100.0 req/s  achieved 97.2 req/s  fidelity 97.2%  send delay p99 0.001s  TTFT from send p50 0.037
--- energy_greedy at 100.0 req/s ---
    J/req 14.06  goodput/J 0.0711  SLO 100.0%
    TTFT p50/p95 0.037/0.047s  TPOT 0.0108s  ITL p99/max 0.0160/0.0416s  e2e p99 1.447s  errors 0
    SLO margin p50/p95 0.711/0.720 x SLO  within 10% of boundary 0.0%
    offered 100.0 req/s  achieved 97.2 req/s  fidelity 97.2%  send delay p99 0.001s  TTFT from send p50 0.037
--- energy_consolidate at 100.0 req/s ---
    J/req 14.02  goodput/J 0.0713  SLO 100.0%
    TTFT p50/p95 0.037/0.048s  TPOT 0.0108s  ITL p99/max 0.0161/0.0515s  e2e p99 1.446s  errors 0
    SLO margin p50/p95 0.711/0.720 x SLO  within 10% of boundary 0.0%
    offered 100.0 req/s  achieved 97.3 req/s  fidelity 97.3%  send delay p99 0.001s  TTFT from send p50 0.037
wrote /global/home/hpc6081/energy-epp/results/stage2-12325155/policies-h0.3-rate100.json
load generator: 16 worker process(es)
--- slo_packing at 150.0 req/s ---
    J/req 9.64  goodput/J 0.1038  SLO 100.0%
    TTFT p50/p95 0.039/0.049s  TPOT 0.0117s  ITL p99/max 0.0172/0.0526s  e2e p99 1.595s  errors 0
    SLO margin p50/p95 0.763/0.783 x SLO  within 10% of boundary 0.0%
    offered 150.0 req/s  achieved 145.4 req/s  fidelity 97.0%  send delay p99 0.001s  TTFT from send p50 0.039
    (policy INACTIVE on 98% of picks: the curve answered but no endpoint met the SLO, so every policy ran the same load-balancing fallback. Sound overload data; no policy comparison can rest on this cell.)
--- energy_greedy at 150.0 req/s ---
    J/req 9.62  goodput/J 0.1040  SLO 100.0%
    TTFT p50/p95 0.039/0.049s  TPOT 0.0117s  ITL p99/max 0.0172/0.0583s  e2e p99 1.591s  errors 0
    SLO margin p50/p95 0.762/0.782 x SLO  within 10% of boundary 0.0%
    offered 150.0 req/s  achieved 145.5 req/s  fidelity 97.0%  send delay p99 0.001s  TTFT from send p50 0.039
    (policy INACTIVE on 98% of picks: the curve answered but no endpoint met the SLO, so every policy ran the same load-balancing fallback. Sound overload data; no policy comparison can rest on this cell.)
--- energy_consolidate at 150.0 req/s ---
    J/req 9.61  goodput/J 0.1040  SLO 100.0%
    TTFT p50/p95 0.039/0.049s  TPOT 0.0117s  ITL p99/max 0.0170/0.0596s  e2e p99 1.585s  errors 0
    SLO margin p50/p95 0.761/0.780 x SLO  within 10% of boundary 0.0%
    offered 150.0 req/s  achieved 145.5 req/s  fidelity 97.0%  send delay p99 0.001s  TTFT from send p50 0.039
    (policy INACTIVE on 98% of picks: the curve answered but no endpoint met the SLO, so every policy ran the same load-balancing fallback. Sound overload data; no policy comparison can rest on this cell.)
wrote /global/home/hpc6081/energy-epp/results/stage2-12325155/policies-h0.3-rate150.json
load generator: 16 worker process(es)
--- slo_packing at 150.0 req/s ---
    J/req 7.08  goodput/J 0.0799  SLO 56.6%
    TTFT p50/p95 0.049/0.058s  TPOT 0.0150s  ITL p99/max 0.0187/0.0472s  e2e p99 2.026s  errors 0
    SLO margin p50/p95 0.998/1.010 x SLO  within 10% of boundary 93.0%
    offered 150.0 req/s  achieved 144.8 req/s  fidelity 96.5%  send delay p99 0.002s  TTFT from send p50 0.048
wrote /global/home/hpc6081/energy-epp/results/stage2-12325155/control-counteronly.json
  full telemetry : 7.122 J/req   poll=0.25s SLO=55.6%  p95=2.027s
  counter only   : 7.083 J/req   poll=0.0s SLO=56.6%  p95=2.019s
  energy difference    : +0.54%
  p95 difference       : +0.39%
  completed difference : +0.00%
  VERDICT: telemetry overhead is not measurable (<1%). Pass A
  numbers stand unqualified.
