load generator: 16 worker process(es)
--- slo_packing at 100.0 req/s ---
    J/req 9.19  goodput/J 0.1088  SLO 100.0%
    TTFT p50/p95 0.045/0.054s  TPOT 0.0141s  ITL p99/max 0.0176/0.0636s  e2e p99 1.899s  errors 0
    SLO margin p50/p95 0.935/0.947 x SLO  within 10% of boundary 85.7%
    offered 100.0 req/s  achieved 97.7 req/s  fidelity 97.7%  send delay p99 0.002s  TTFT from send p50 0.045
--- energy_greedy at 100.0 req/s ---
    J/req 9.10  goodput/J 0.1099  SLO 100.0%
    TTFT p50/p95 0.045/0.054s  TPOT 0.0140s  ITL p99/max 0.0175/0.0447s  e2e p99 1.888s  errors 0
    SLO margin p50/p95 0.929/0.941 x SLO  within 10% of boundary 83.1%
    offered 100.0 req/s  achieved 97.8 req/s  fidelity 97.8%  send delay p99 0.002s  TTFT from send p50 0.044
--- energy_consolidate at 100.0 req/s ---
    J/req 9.09  goodput/J 0.1101  SLO 100.0%
    TTFT p50/p95 0.045/0.053s  TPOT 0.0140s  ITL p99/max 0.0173/0.0505s  e2e p99 1.895s  errors 0
    SLO margin p50/p95 0.929/0.943 x SLO  within 10% of boundary 83.6%
    offered 100.0 req/s  achieved 97.7 req/s  fidelity 97.7%  send delay p99 0.002s  TTFT from send p50 0.044
wrote /global/home/hpc6081/energy-epp/results/stage2-12325359/policies-rate100.json
load generator: 16 worker process(es)
--- slo_packing at 150.0 req/s ---
    J/req 7.35  goodput/J 0.1360  SLO 100.0%
    TTFT p50/p95 0.046/0.055s  TPOT 0.0141s  ITL p99/max 0.0177/0.0610s  e2e p99 1.899s  errors 0
    SLO margin p50/p95 0.935/0.946 x SLO  within 10% of boundary 85.0%
    offered 150.0 req/s  achieved 144.7 req/s  fidelity 96.5%  send delay p99 0.001s  TTFT from send p50 0.046
--- energy_greedy at 150.0 req/s ---
    J/req 7.33  goodput/J 0.1363  SLO 100.0%
    TTFT p50/p95 0.046/0.056s  TPOT 0.0140s  ITL p99/max 0.0178/0.0475s  e2e p99 1.897s  errors 0
    SLO margin p50/p95 0.934/0.945 x SLO  within 10% of boundary 83.0%
    offered 150.0 req/s  achieved 144.7 req/s  fidelity 96.5%  send delay p99 0.001s  TTFT from send p50 0.046
--- energy_consolidate at 150.0 req/s ---
    J/req 7.32  goodput/J 0.1366  SLO 100.0%
    TTFT p50/p95 0.046/0.056s  TPOT 0.0140s  ITL p99/max 0.0176/0.0499s  e2e p99 1.894s  errors 0
    SLO margin p50/p95 0.934/0.944 x SLO  within 10% of boundary 84.7%
    offered 150.0 req/s  achieved 144.5 req/s  fidelity 96.3%  send delay p99 0.001s  TTFT from send p50 0.046
wrote /global/home/hpc6081/energy-epp/results/stage2-12325359/policies-rate150.json
load generator: 16 worker process(es)
--- slo_packing at 100.0 req/s ---
    J/req 10.59  goodput/J 0.0944  SLO 100.0%
    TTFT p50/p95 0.041/0.050s  TPOT 0.0125s  ITL p99/max 0.0164/0.0444s  e2e p99 1.695s  errors 0
    SLO margin p50/p95 0.833/0.844 x SLO  within 10% of boundary 0.0%
    offered 100.0 req/s  achieved 97.9 req/s  fidelity 97.9%  send delay p99 0.001s  TTFT from send p50 0.041
--- energy_greedy at 100.0 req/s ---
    J/req 10.52  goodput/J 0.0950  SLO 100.0%
    TTFT p50/p95 0.041/0.051s  TPOT 0.0125s  ITL p99/max 0.0166/0.0516s  e2e p99 1.690s  errors 0
    SLO margin p50/p95 0.831/0.842 x SLO  within 10% of boundary 0.0%
    offered 100.0 req/s  achieved 97.9 req/s  fidelity 97.9%  send delay p99 0.001s  TTFT from send p50 0.041
--- energy_consolidate at 100.0 req/s ---
    J/req 10.54  goodput/J 0.0949  SLO 100.0%
    TTFT p50/p95 0.041/0.050s  TPOT 0.0125s  ITL p99/max 0.0170/0.0435s  e2e p99 1.703s  errors 0
    SLO margin p50/p95 0.832/0.844 x SLO  within 10% of boundary 0.0%
    offered 100.0 req/s  achieved 97.9 req/s  fidelity 97.9%  send delay p99 0.001s  TTFT from send p50 0.041
wrote /global/home/hpc6081/energy-epp/results/stage2-12325359/policies-h0.1-rate100.json
load generator: 16 worker process(es)
--- slo_packing at 150.0 req/s ---
    J/req 8.84  goodput/J 0.1131  SLO 100.0%
    TTFT p50/p95 0.043/0.053s  TPOT 0.0126s  ITL p99/max 0.0174/0.0469s  e2e p99 1.702s  errors 0
    SLO margin p50/p95 0.834/0.847 x SLO  within 10% of boundary 0.0%
    offered 150.0 req/s  achieved 145.0 req/s  fidelity 96.7%  send delay p99 0.001s  TTFT from send p50 0.042
--- energy_greedy at 150.0 req/s ---
    J/req 8.83  goodput/J 0.1132  SLO 100.0%
    TTFT p50/p95 0.043/0.053s  TPOT 0.0126s  ITL p99/max 0.0172/0.0515s  e2e p99 1.698s  errors 0
    SLO margin p50/p95 0.834/0.845 x SLO  within 10% of boundary 0.0%
    offered 150.0 req/s  achieved 145.0 req/s  fidelity 96.7%  send delay p99 0.001s  TTFT from send p50 0.042
--- energy_consolidate at 150.0 req/s ---
    J/req 8.81  goodput/J 0.1136  SLO 100.0%
    TTFT p50/p95 0.043/0.053s  TPOT 0.0126s  ITL p99/max 0.0171/0.0467s  e2e p99 1.695s  errors 0
    SLO margin p50/p95 0.833/0.844 x SLO  within 10% of boundary 0.0%
    offered 150.0 req/s  achieved 145.0 req/s  fidelity 96.7%  send delay p99 0.001s  TTFT from send p50 0.042
wrote /global/home/hpc6081/energy-epp/results/stage2-12325359/policies-h0.1-rate150.json
load generator: 16 worker process(es)
--- slo_packing at 100.0 req/s ---
    J/req 12.82  goodput/J 0.0780  SLO 100.0%
    TTFT p50/p95 0.038/0.048s  TPOT 0.0111s  ITL p99/max 0.0162/0.0440s  e2e p99 1.480s  errors 0
    SLO margin p50/p95 0.729/0.737 x SLO  within 10% of boundary 0.0%
    offered 100.0 req/s  achieved 98.1 req/s  fidelity 98.1%  send delay p99 0.001s  TTFT from send p50 0.038
--- energy_greedy at 100.0 req/s ---
    J/req 12.84  goodput/J 0.0779  SLO 100.0%
    TTFT p50/p95 0.038/0.048s  TPOT 0.0111s  ITL p99/max 0.0163/0.0447s  e2e p99 1.480s  errors 0
    SLO margin p50/p95 0.729/0.737 x SLO  within 10% of boundary 0.0%
    offered 100.0 req/s  achieved 98.0 req/s  fidelity 98.0%  send delay p99 0.001s  TTFT from send p50 0.037
--- energy_consolidate at 100.0 req/s ---
    J/req 12.84  goodput/J 0.0779  SLO 100.0%
    TTFT p50/p95 0.038/0.048s  TPOT 0.0111s  ITL p99/max 0.0162/0.0456s  e2e p99 1.478s  errors 0
    SLO margin p50/p95 0.728/0.736 x SLO  within 10% of boundary 0.0%
    offered 100.0 req/s  achieved 98.0 req/s  fidelity 98.0%  send delay p99 0.001s  TTFT from send p50 0.037
wrote /global/home/hpc6081/energy-epp/results/stage2-12325359/policies-h0.2-rate100.json
load generator: 16 worker process(es)
--- slo_packing at 150.0 req/s ---
    J/req 9.65  goodput/J 0.1036  SLO 100.0%
    TTFT p50/p95 0.040/0.050s  TPOT 0.0117s  ITL p99/max 0.0171/0.0506s  e2e p99 1.620s  errors 0
    SLO margin p50/p95 0.763/0.779 x SLO  within 10% of boundary 0.0%
    offered 150.0 req/s  achieved 145.2 req/s  fidelity 96.8%  send delay p99 0.001s  TTFT from send p50 0.039
    (policy INACTIVE on 94% of picks: the curve answered but no endpoint met the SLO, so every policy ran the same load-balancing fallback. Sound overload data; no policy comparison can rest on this cell.)
--- energy_greedy at 150.0 req/s ---
    J/req 9.63  goodput/J 0.1038  SLO 100.0%
    TTFT p50/p95 0.040/0.050s  TPOT 0.0117s  ITL p99/max 0.0171/0.0498s  e2e p99 1.617s  errors 0
    SLO margin p50/p95 0.761/0.777 x SLO  within 10% of boundary 0.0%
    offered 150.0 req/s  achieved 145.2 req/s  fidelity 96.8%  send delay p99 0.001s  TTFT from send p50 0.039
    (policy INACTIVE on 94% of picks: the curve answered but no endpoint met the SLO, so every policy ran the same load-balancing fallback. Sound overload data; no policy comparison can rest on this cell.)
--- energy_consolidate at 150.0 req/s ---
    J/req 9.62  goodput/J 0.1039  SLO 100.0%
    TTFT p50/p95 0.040/0.051s  TPOT 0.0117s  ITL p99/max 0.0171/0.0508s  e2e p99 1.622s  errors 0
    SLO margin p50/p95 0.760/0.775 x SLO  within 10% of boundary 0.0%
    offered 150.0 req/s  achieved 145.2 req/s  fidelity 96.8%  send delay p99 0.001s  TTFT from send p50 0.039
    (policy INACTIVE on 93% of picks: the curve answered but no endpoint met the SLO, so every policy ran the same load-balancing fallback. Sound overload data; no policy comparison can rest on this cell.)
wrote /global/home/hpc6081/energy-epp/results/stage2-12325359/policies-h0.2-rate150.json
load generator: 16 worker process(es)
--- slo_packing at 100.0 req/s ---
    J/req 14.21  goodput/J 0.0704  SLO 100.0%
    TTFT p50/p95 0.036/0.046s  TPOT 0.0107s  ITL p99/max 0.0163/0.0435s  e2e p99 1.454s  errors 0
    SLO margin p50/p95 0.701/0.719 x SLO  within 10% of boundary 0.0%
    offered 100.0 req/s  achieved 98.2 req/s  fidelity 98.2%  send delay p99 0.001s  TTFT from send p50 0.035
    (policy INACTIVE on 98% of picks: the curve answered but no endpoint met the SLO, so every policy ran the same load-balancing fallback. Sound overload data; no policy comparison can rest on this cell.)
--- energy_greedy at 100.0 req/s ---
    J/req 14.20  goodput/J 0.0704  SLO 100.0%
    TTFT p50/p95 0.035/0.045s  TPOT 0.0107s  ITL p99/max 0.0162/0.0443s  e2e p99 1.449s  errors 0
    SLO margin p50/p95 0.699/0.716 x SLO  within 10% of boundary 0.0%
    offered 100.0 req/s  achieved 98.2 req/s  fidelity 98.2%  send delay p99 0.001s  TTFT from send p50 0.034
    (policy INACTIVE on 98% of picks: the curve answered but no endpoint met the SLO, so every policy ran the same load-balancing fallback. Sound overload data; no policy comparison can rest on this cell.)
--- energy_consolidate at 100.0 req/s ---
    J/req 14.19  goodput/J 0.0705  SLO 100.0%
    TTFT p50/p95 0.035/0.045s  TPOT 0.0107s  ITL p99/max 0.0163/0.0526s  e2e p99 1.449s  errors 0
    SLO margin p50/p95 0.699/0.716 x SLO  within 10% of boundary 0.0%
    offered 100.0 req/s  achieved 98.2 req/s  fidelity 98.2%  send delay p99 0.001s  TTFT from send p50 0.034
    (policy INACTIVE on 98% of picks: the curve answered but no endpoint met the SLO, so every policy ran the same load-balancing fallback. Sound overload data; no policy comparison can rest on this cell.)
wrote /global/home/hpc6081/energy-epp/results/stage2-12325359/policies-h0.3-rate100.json
load generator: 16 worker process(es)
--- slo_packing at 150.0 req/s ---
    J/req 9.69  goodput/J 0.1032  SLO 100.0%
    TTFT p50/p95 0.039/0.049s  TPOT 0.0117s  ITL p99/max 0.0171/0.0556s  e2e p99 1.619s  errors 0
    SLO margin p50/p95 0.762/0.777 x SLO  within 10% of boundary 0.0%
    offered 150.0 req/s  achieved 145.2 req/s  fidelity 96.8%  send delay p99 0.001s  TTFT from send p50 0.038
    (policy INACTIVE on 99% of picks: the curve answered but no endpoint met the SLO, so every policy ran the same load-balancing fallback. Sound overload data; no policy comparison can rest on this cell.)
--- energy_greedy at 150.0 req/s ---
    J/req 9.68  goodput/J 0.1033  SLO 100.0%
    TTFT p50/p95 0.039/0.049s  TPOT 0.0117s  ITL p99/max 0.0175/0.0512s  e2e p99 1.616s  errors 0
    SLO margin p50/p95 0.762/0.777 x SLO  within 10% of boundary 0.0%
    offered 150.0 req/s  achieved 145.2 req/s  fidelity 96.8%  send delay p99 0.001s  TTFT from send p50 0.038
    (policy INACTIVE on 99% of picks: the curve answered but no endpoint met the SLO, so every policy ran the same load-balancing fallback. Sound overload data; no policy comparison can rest on this cell.)
--- energy_consolidate at 150.0 req/s ---
    J/req 9.68  goodput/J 0.1033  SLO 100.0%
    TTFT p50/p95 0.039/0.049s  TPOT 0.0117s  ITL p99/max 0.0173/0.0668s  e2e p99 1.617s  errors 0
    SLO margin p50/p95 0.761/0.777 x SLO  within 10% of boundary 0.0%
    offered 150.0 req/s  achieved 145.3 req/s  fidelity 96.8%  send delay p99 0.001s  TTFT from send p50 0.038
    (policy INACTIVE on 99% of picks: the curve answered but no endpoint met the SLO, so every policy ran the same load-balancing fallback. Sound overload data; no policy comparison can rest on this cell.)
wrote /global/home/hpc6081/energy-epp/results/stage2-12325359/policies-h0.3-rate150.json
load generator: 16 worker process(es)
--- slo_packing at 150.0 req/s ---
    J/req 7.37  goodput/J 0.1357  SLO 100.0%
    TTFT p50/p95 0.047/0.056s  TPOT 0.0140s  ITL p99/max 0.0182/0.0473s  e2e p99 1.900s  errors 0
    SLO margin p50/p95 0.934/0.945 x SLO  within 10% of boundary 83.6%
    offered 150.0 req/s  achieved 144.7 req/s  fidelity 96.5%  send delay p99 0.001s  TTFT from send p50 0.046
wrote /global/home/hpc6081/energy-epp/results/stage2-12325359/control-counteronly.json
  full telemetry : 7.352 J/req   poll=0.25s SLO=100.0%  p95=1.893s
  counter only   : 7.371 J/req   poll=0.0s SLO=100.0%  p95=1.890s
  energy difference    : -0.26%
  p95 difference       : +0.15%
  completed difference : +0.00%
  VERDICT: telemetry overhead is not measurable (<1%). Pass A
  numbers stand unqualified.
