load generator: 6 worker process(es)
--- round_robin at 4.0 req/s ---
    J/req 50.68  goodput/J 0.0197  SLO 100.0%
    TTFT p50/p95 0.015/0.022s  TPOT 0.0041s  ITL p99/max 0.0069/0.0082s  e2e p99 0.635s  errors 0
    SLO margin p50/p95 0.267/0.274 x SLO  within 10% of boundary 0.0%
    offered 4.0 req/s  achieved 3.8 req/s  fidelity 94.2%  send delay p99 0.004s  TTFT from send p50 0.014
    (server-saturated: generator kept schedule, servers did not keep up. Valid overload data point.)
wrote /global/home/hpc6081/energy-epp/results/olc-12325349/olc-trial1-rate4.json
load generator: 6 worker process(es)
--- round_robin at 9.0 req/s ---
    J/req 26.34  goodput/J 0.0380  SLO 100.0%
    TTFT p50/p95 0.015/0.019s  TPOT 0.0041s  ITL p99/max 0.0070/0.0094s  e2e p99 0.624s  errors 0
    SLO margin p50/p95 0.267/0.271 x SLO  within 10% of boundary 0.0%
    offered 9.0 req/s  achieved 8.5 req/s  fidelity 94.9%  send delay p99 0.002s  TTFT from send p50 0.014
    (server-saturated: generator kept schedule, servers did not keep up. Valid overload data point.)
wrote /global/home/hpc6081/energy-epp/results/olc-12325349/olc-trial1-rate9.json
load generator: 6 worker process(es)
--- round_robin at 18.0 req/s ---
    J/req 13.52  goodput/J 0.0739  SLO 100.0%
    TTFT p50/p95 0.015/0.021s  TPOT 0.0042s  ITL p99/max 0.0073/0.0100s  e2e p99 0.582s  errors 0
    SLO margin p50/p95 0.276/0.285 x SLO  within 10% of boundary 0.0%
    offered 18.0 req/s  achieved 17.5 req/s  fidelity 97.4%  send delay p99 0.002s  TTFT from send p50 0.015
wrote /global/home/hpc6081/energy-epp/results/olc-12325349/olc-trial1-rate18.json
load generator: 6 worker process(es)
--- round_robin at 37.0 req/s ---
    J/req 6.80  goodput/J 0.1471  SLO 100.0%
    TTFT p50/p95 0.017/0.024s  TPOT 0.0045s  ITL p99/max 0.0078/0.0241s  e2e p99 0.639s  errors 0
    SLO margin p50/p95 0.296/0.311 x SLO  within 10% of boundary 0.0%
    offered 37.0 req/s  achieved 35.9 req/s  fidelity 97.1%  send delay p99 0.001s  TTFT from send p50 0.017
wrote /global/home/hpc6081/energy-epp/results/olc-12325349/olc-trial1-rate37.json
load generator: 6 worker process(es)
--- round_robin at 55.0 req/s ---
    J/req 4.58  goodput/J 0.2183  SLO 100.0%
    TTFT p50/p95 0.020/0.027s  TPOT 0.0048s  ITL p99/max 0.0082/0.0210s  e2e p99 0.693s  errors 0
    SLO margin p50/p95 0.316/0.335 x SLO  within 10% of boundary 0.0%
    offered 55.0 req/s  achieved 53.2 req/s  fidelity 96.8%  send delay p99 0.001s  TTFT from send p50 0.019
wrote /global/home/hpc6081/energy-epp/results/olc-12325349/olc-trial1-rate55.json
load generator: 6 worker process(es)
--- round_robin at 73.0 req/s ---
    J/req 3.44  goodput/J 0.2908  SLO 100.0%
    TTFT p50/p95 0.024/0.031s  TPOT 0.0052s  ITL p99/max 0.0088/0.0300s  e2e p99 0.761s  errors 0
    SLO margin p50/p95 0.343/0.371 x SLO  within 10% of boundary 0.0%
    offered 73.0 req/s  achieved 70.6 req/s  fidelity 96.7%  send delay p99 0.001s  TTFT from send p50 0.023
wrote /global/home/hpc6081/energy-epp/results/olc-12325349/olc-trial1-rate73.json
load generator: 6 worker process(es)
--- round_robin at 92.0 req/s ---
    J/req 2.74  goodput/J 0.3652  SLO 100.0%
    TTFT p50/p95 0.027/0.037s  TPOT 0.0059s  ITL p99/max 0.0095/0.0365s  e2e p99 0.845s  errors 0
    SLO margin p50/p95 0.388/0.416 x SLO  within 10% of boundary 0.0%
    offered 92.0 req/s  achieved 89.4 req/s  fidelity 97.1%  send delay p99 0.001s  TTFT from send p50 0.027
wrote /global/home/hpc6081/energy-epp/results/olc-12325349/olc-trial1-rate92.json
load generator: 6 worker process(es)
--- round_robin at 110.0 req/s ---
    J/req 2.30  goodput/J 0.4350  SLO 100.0%
    TTFT p50/p95 0.032/0.054s  TPOT 0.0064s  ITL p99/max 0.0107/0.0313s  e2e p99 0.930s  errors 0
    SLO margin p50/p95 0.422/0.453 x SLO  within 10% of boundary 0.0%
    offered 110.0 req/s  achieved 106.6 req/s  fidelity 96.9%  send delay p99 0.001s  TTFT from send p50 0.031
wrote /global/home/hpc6081/energy-epp/results/olc-12325349/olc-trial1-rate110.json
load generator: 6 worker process(es)
--- round_robin at 128.0 req/s ---
    J/req 1.98  goodput/J 0.5040  SLO 100.0%
    TTFT p50/p95 0.044/0.092s  TPOT 0.0070s  ITL p99/max 0.0113/0.0370s  e2e p99 1.160s  errors 0
    SLO margin p50/p95 0.454/0.552 x SLO  within 10% of boundary 0.0%
    offered 128.0 req/s  achieved 123.7 req/s  fidelity 96.6%  send delay p99 0.001s  TTFT from send p50 0.043
wrote /global/home/hpc6081/energy-epp/results/olc-12325349/olc-trial1-rate128.json
load generator: 6 worker process(es)
--- round_robin at 147.0 req/s ---
    J/req 1.92  goodput/J 0.1244  SLO 23.8%
    TTFT p50/p95 2.868/6.268s  TPOT 0.0099s  ITL p99/max 0.0192/0.0595s  e2e p99 7.624s  errors 0
    SLO margin p50/p95 2.016/3.746 x SLO  within 10% of boundary 5.2%
    offered 147.0 req/s  achieved 128.5 req/s  fidelity 87.4%  send delay p99 0.002s  TTFT from send p50 2.867
    (server-saturated: generator kept schedule, servers did not keep up. Valid overload data point.)
wrote /global/home/hpc6081/energy-epp/results/olc-12325349/olc-trial1-rate147.json
load generator: 6 worker process(es)
--- round_robin at 156.0 req/s ---
    J/req 1.87  goodput/J 0.0455  SLO 8.5%
    TTFT p50/p95 4.226/8.433s  TPOT 0.0103s  ITL p99/max 0.0190/0.0564s  e2e p99 9.962s  errors 0
    SLO margin p50/p95 2.771/4.830 x SLO  within 10% of boundary 3.9%
    offered 156.0 req/s  achieved 131.4 req/s  fidelity 84.2%  send delay p99 0.002s  TTFT from send p50 4.225
    (server-saturated: generator kept schedule, servers did not keep up. Valid overload data point.)
wrote /global/home/hpc6081/energy-epp/results/olc-12325349/olc-trial1-rate156.json
load generator: 6 worker process(es)
--- round_robin at 165.0 req/s ---
    J/req 1.87  goodput/J 0.0405  SLO 7.6%
    TTFT p50/p95 5.924/12.261s  TPOT 0.0102s  ITL p99/max 0.0181/0.0598s  e2e p99 13.997s  errors 0
    SLO margin p50/p95 3.569/6.765 x SLO  within 10% of boundary 3.1%
    offered 165.0 req/s  achieved 131.3 req/s  fidelity 79.6%  send delay p99 0.002s  TTFT from send p50 5.923
    (server-saturated: generator kept schedule, servers did not keep up. Valid overload data point.)
wrote /global/home/hpc6081/energy-epp/results/olc-12325349/olc-trial1-rate165.json
load generator: 6 worker process(es)
--- round_robin at 174.0 req/s ---
    J/req 1.87  goodput/J 0.0325  SLO 6.1%
    TTFT p50/p95 8.226/15.505s  TPOT 0.0102s  ITL p99/max 0.0184/0.0743s  e2e p99 18.056s  errors 0
    SLO margin p50/p95 4.794/8.379 x SLO  within 10% of boundary 2.2%
    offered 174.0 req/s  achieved 131.9 req/s  fidelity 75.8%  send delay p99 0.002s  TTFT from send p50 8.226
    (server-saturated: generator kept schedule, servers did not keep up. Valid overload data point.)
wrote /global/home/hpc6081/energy-epp/results/olc-12325349/olc-trial1-rate174.json
load generator: 6 worker process(es)
--- round_robin at 183.0 req/s ---
    J/req 1.87  goodput/J 0.0222  SLO 4.2%
    TTFT p50/p95 10.352/21.689s  TPOT 0.0102s  ITL p99/max 0.0182/0.0892s  e2e p99 30.384s  errors 0
    SLO margin p50/p95 5.858/11.455 x SLO  within 10% of boundary 1.8%
    offered 183.0 req/s  achieved 131.8 req/s  fidelity 72.0%  send delay p99 0.002s  TTFT from send p50 10.352
    (server-saturated: generator kept schedule, servers did not keep up. Valid overload data point.)
wrote /global/home/hpc6081/energy-epp/results/olc-12325349/olc-trial1-rate183.json
load generator: 6 worker process(es)
--- round_robin at 202.0 req/s ---
    J/req 1.96  goodput/J 0.0172  SLO 3.4%
    TTFT p50/p95 14.606/42.872s  TPOT 0.0104s  ITL p99/max 0.0188/0.1033s  e2e p99 47.926s  errors 0
    SLO margin p50/p95 7.963/22.054 x SLO  within 10% of boundary 0.7%
    offered 202.0 req/s  achieved 120.4 req/s  fidelity 59.6%  send delay p99 0.002s  TTFT from send p50 14.605
    (server-saturated: generator kept schedule, servers did not keep up. Valid overload data point.)
wrote /global/home/hpc6081/energy-epp/results/olc-12325349/olc-trial1-rate202.json
load generator: 6 worker process(es)
--- round_robin at 4.0 req/s ---
    J/req 51.63  goodput/J 0.0194  SLO 100.0%
    TTFT p50/p95 0.015/0.020s  TPOT 0.0041s  ITL p99/max 0.0069/0.0085s  e2e p99 0.626s  errors 0
    SLO margin p50/p95 0.267/0.273 x SLO  within 10% of boundary 0.0%
    offered 4.0 req/s  achieved 4.1 req/s  fidelity 102.1%  send delay p99 0.004s  TTFT from send p50 0.014
wrote /global/home/hpc6081/energy-epp/results/olc-12325349/olc-trial2-rate4.json
load generator: 6 worker process(es)
--- round_robin at 9.0 req/s ---
    J/req 24.61  goodput/J 0.0406  SLO 100.0%
    TTFT p50/p95 0.015/0.021s  TPOT 0.0041s  ITL p99/max 0.0071/0.0089s  e2e p99 0.634s  errors 0
    SLO margin p50/p95 0.267/0.277 x SLO  within 10% of boundary 0.0%
    offered 9.0 req/s  achieved 9.3 req/s  fidelity 103.3%  send delay p99 0.002s  TTFT from send p50 0.014
wrote /global/home/hpc6081/energy-epp/results/olc-12325349/olc-trial2-rate9.json
load generator: 6 worker process(es)
--- round_robin at 18.0 req/s ---
    J/req 13.35  goodput/J 0.0749  SLO 100.0%
    TTFT p50/p95 0.015/0.021s  TPOT 0.0042s  ITL p99/max 0.0073/0.0092s  e2e p99 0.598s  errors 0
    SLO margin p50/p95 0.275/0.285 x SLO  within 10% of boundary 0.0%
    offered 18.0 req/s  achieved 17.8 req/s  fidelity 99.1%  send delay p99 0.001s  TTFT from send p50 0.015
wrote /global/home/hpc6081/energy-epp/results/olc-12325349/olc-trial2-rate18.json
load generator: 6 worker process(es)
--- round_robin at 37.0 req/s ---
    J/req 6.71  goodput/J 0.1490  SLO 100.0%
    TTFT p50/p95 0.017/0.024s  TPOT 0.0045s  ITL p99/max 0.0078/0.0243s  e2e p99 0.637s  errors 0
    SLO margin p50/p95 0.295/0.312 x SLO  within 10% of boundary 0.0%
    offered 37.0 req/s  achieved 36.5 req/s  fidelity 98.6%  send delay p99 0.001s  TTFT from send p50 0.016
wrote /global/home/hpc6081/energy-epp/results/olc-12325349/olc-trial2-rate37.json
load generator: 6 worker process(es)
--- round_robin at 55.0 req/s ---
    J/req 4.54  goodput/J 0.2201  SLO 100.0%
    TTFT p50/p95 0.020/0.027s  TPOT 0.0048s  ITL p99/max 0.0081/0.0223s  e2e p99 0.705s  errors 0
    SLO margin p50/p95 0.317/0.337 x SLO  within 10% of boundary 0.0%
    offered 55.0 req/s  achieved 53.9 req/s  fidelity 98.1%  send delay p99 0.001s  TTFT from send p50 0.019
wrote /global/home/hpc6081/energy-epp/results/olc-12325349/olc-trial2-rate55.json
load generator: 6 worker process(es)
--- round_robin at 73.0 req/s ---
    J/req 3.41  goodput/J 0.2935  SLO 100.0%
    TTFT p50/p95 0.023/0.031s  TPOT 0.0053s  ITL p99/max 0.0088/0.0258s  e2e p99 0.784s  errors 0
    SLO margin p50/p95 0.343/0.381 x SLO  within 10% of boundary 0.0%
    offered 73.0 req/s  achieved 71.6 req/s  fidelity 98.1%  send delay p99 0.001s  TTFT from send p50 0.023
wrote /global/home/hpc6081/energy-epp/results/olc-12325349/olc-trial2-rate73.json
load generator: 6 worker process(es)
--- round_robin at 92.0 req/s ---
    J/req 2.71  goodput/J 0.3696  SLO 100.0%
    TTFT p50/p95 0.028/0.039s  TPOT 0.0060s  ITL p99/max 0.0097/0.0283s  e2e p99 0.868s  errors 0
    SLO margin p50/p95 0.394/0.426 x SLO  within 10% of boundary 0.0%
    offered 92.0 req/s  achieved 90.5 req/s  fidelity 98.4%  send delay p99 0.001s  TTFT from send p50 0.027
wrote /global/home/hpc6081/energy-epp/results/olc-12325349/olc-trial2-rate92.json
load generator: 6 worker process(es)
--- round_robin at 110.0 req/s ---
    J/req 2.27  goodput/J 0.4407  SLO 100.0%
    TTFT p50/p95 0.032/0.058s  TPOT 0.0064s  ITL p99/max 0.0102/0.0362s  e2e p99 0.924s  errors 0
    SLO margin p50/p95 0.421/0.452 x SLO  within 10% of boundary 0.0%
    offered 110.0 req/s  achieved 108.1 req/s  fidelity 98.3%  send delay p99 0.001s  TTFT from send p50 0.032
wrote /global/home/hpc6081/energy-epp/results/olc-12325349/olc-trial2-rate110.json
load generator: 6 worker process(es)
--- round_robin at 128.0 req/s ---
    J/req 1.96  goodput/J 0.5097  SLO 100.0%
    TTFT p50/p95 0.044/0.089s  TPOT 0.0071s  ITL p99/max 0.0111/0.0358s  e2e p99 1.170s  errors 0
    SLO margin p50/p95 0.465/0.560 x SLO  within 10% of boundary 0.0%
    offered 128.0 req/s  achieved 125.4 req/s  fidelity 98.0%  send delay p99 0.001s  TTFT from send p50 0.043
wrote /global/home/hpc6081/energy-epp/results/olc-12325349/olc-trial2-rate128.json
load generator: 6 worker process(es)
--- round_robin at 147.0 req/s ---
    J/req 1.88  goodput/J 0.0750  SLO 14.1%
    TTFT p50/p95 3.008/5.671s  TPOT 0.0101s  ITL p99/max 0.0179/0.0484s  e2e p99 7.106s  errors 0
    SLO margin p50/p95 2.138/3.442 x SLO  within 10% of boundary 7.4%
    offered 147.0 req/s  achieved 131.0 req/s  fidelity 89.1%  send delay p99 0.002s  TTFT from send p50 3.007
    (server-saturated: generator kept schedule, servers did not keep up. Valid overload data point.)
wrote /global/home/hpc6081/energy-epp/results/olc-12325349/olc-trial2-rate147.json
load generator: 6 worker process(es)
--- round_robin at 156.0 req/s ---
    J/req 1.88  goodput/J 0.0455  SLO 8.6%
    TTFT p50/p95 5.150/9.677s  TPOT 0.0100s  ITL p99/max 0.0177/0.0579s  e2e p99 11.184s  errors 0
    SLO margin p50/p95 3.187/5.457 x SLO  within 10% of boundary 4.4%
    offered 156.0 req/s  achieved 130.6 req/s  fidelity 83.7%  send delay p99 0.002s  TTFT from send p50 5.150
    (server-saturated: generator kept schedule, servers did not keep up. Valid overload data point.)
wrote /global/home/hpc6081/energy-epp/results/olc-12325349/olc-trial2-rate156.json
load generator: 6 worker process(es)
--- round_robin at 165.0 req/s ---
    J/req 1.87  goodput/J 0.0300  SLO 5.6%
    TTFT p50/p95 6.584/12.743s  TPOT 0.0104s  ITL p99/max 0.0190/0.0691s  e2e p99 14.507s  errors 0
    SLO margin p50/p95 3.899/7.033 x SLO  within 10% of boundary 2.7%
    offered 165.0 req/s  achieved 131.5 req/s  fidelity 79.7%  send delay p99 0.002s  TTFT from send p50 6.584
    (server-saturated: generator kept schedule, servers did not keep up. Valid overload data point.)
wrote /global/home/hpc6081/energy-epp/results/olc-12325349/olc-trial2-rate165.json
load generator: 6 worker process(es)
--- round_robin at 174.0 req/s ---
    J/req 1.87  goodput/J 0.0248  SLO 4.7%
    TTFT p50/p95 9.035/16.503s  TPOT 0.0102s  ITL p99/max 0.0181/0.0825s  e2e p99 19.963s  errors 0
    SLO margin p50/p95 5.198/8.881 x SLO  within 10% of boundary 2.1%
    offered 174.0 req/s  achieved 131.5 req/s  fidelity 75.6%  send delay p99 0.002s  TTFT from send p50 9.035
    (server-saturated: generator kept schedule, servers did not keep up. Valid overload data point.)
wrote /global/home/hpc6081/energy-epp/results/olc-12325349/olc-trial2-rate174.json
load generator: 6 worker process(es)
--- round_robin at 183.0 req/s ---
    J/req 1.87  goodput/J 0.0213  SLO 4.0%
    TTFT p50/p95 10.736/22.607s  TPOT 0.0102s  ITL p99/max 0.0182/0.0753s  e2e p99 31.566s  errors 0
    SLO margin p50/p95 5.985/11.943 x SLO  within 10% of boundary 2.2%
    offered 183.0 req/s  achieved 131.9 req/s  fidelity 72.1%  send delay p99 0.002s  TTFT from send p50 10.735
    (server-saturated: generator kept schedule, servers did not keep up. Valid overload data point.)
wrote /global/home/hpc6081/energy-epp/results/olc-12325349/olc-trial2-rate183.json
load generator: 6 worker process(es)
--- round_robin at 202.0 req/s ---
    J/req 2.00  goodput/J 0.0170  SLO 3.4%
    TTFT p50/p95 15.123/44.113s  TPOT 0.0102s  ITL p99/max 0.0184/0.1032s  e2e p99 48.614s  errors 0
    SLO margin p50/p95 8.196/22.700 x SLO  within 10% of boundary 1.3%
    offered 202.0 req/s  achieved 118.0 req/s  fidelity 58.4%  send delay p99 0.002s  TTFT from send p50 15.122
    (server-saturated: generator kept schedule, servers did not keep up. Valid overload data point.)
wrote /global/home/hpc6081/energy-epp/results/olc-12325349/olc-trial2-rate202.json
load generator: 6 worker process(es)
--- round_robin at 4.0 req/s ---
    J/req 53.63  goodput/J 0.0186  SLO 100.0%
    TTFT p50/p95 0.016/0.020s  TPOT 0.0041s  ITL p99/max 0.0069/0.0091s  e2e p99 0.628s  errors 0
    SLO margin p50/p95 0.267/0.274 x SLO  within 10% of boundary 0.0%
    offered 4.0 req/s  achieved 3.8 req/s  fidelity 95.2%  send delay p99 0.004s  TTFT from send p50 0.014
wrote /global/home/hpc6081/energy-epp/results/olc-12325349/olc-trial3-rate4.json
load generator: 6 worker process(es)
--- round_robin at 9.0 req/s ---
    J/req 25.95  goodput/J 0.0385  SLO 100.0%
    TTFT p50/p95 0.015/0.021s  TPOT 0.0041s  ITL p99/max 0.0071/0.0089s  e2e p99 0.621s  errors 0
    SLO margin p50/p95 0.267/0.273 x SLO  within 10% of boundary 0.0%
    offered 9.0 req/s  achieved 8.8 req/s  fidelity 97.5%  send delay p99 0.002s  TTFT from send p50 0.014
wrote /global/home/hpc6081/energy-epp/results/olc-12325349/olc-trial3-rate9.json
load generator: 6 worker process(es)
--- round_robin at 18.0 req/s ---
    J/req 13.47  goodput/J 0.0742  SLO 100.0%
    TTFT p50/p95 0.015/0.022s  TPOT 0.0042s  ITL p99/max 0.0073/0.0089s  e2e p99 0.578s  errors 0
    SLO margin p50/p95 0.275/0.285 x SLO  within 10% of boundary 0.0%
    offered 18.0 req/s  achieved 17.6 req/s  fidelity 98.0%  send delay p99 0.002s  TTFT from send p50 0.015
wrote /global/home/hpc6081/energy-epp/results/olc-12325349/olc-trial3-rate18.json
load generator: 6 worker process(es)
--- round_robin at 37.0 req/s ---
    J/req 6.82  goodput/J 0.1467  SLO 100.0%
    TTFT p50/p95 0.017/0.023s  TPOT 0.0045s  ITL p99/max 0.0077/0.0229s  e2e p99 0.631s  errors 0
    SLO margin p50/p95 0.295/0.309 x SLO  within 10% of boundary 0.0%
    offered 37.0 req/s  achieved 35.9 req/s  fidelity 97.1%  send delay p99 0.001s  TTFT from send p50 0.016
wrote /global/home/hpc6081/energy-epp/results/olc-12325349/olc-trial3-rate37.json
load generator: 6 worker process(es)
--- round_robin at 55.0 req/s ---
    J/req 4.66  goodput/J 0.2148  SLO 100.0%
    TTFT p50/p95 0.019/0.027s  TPOT 0.0048s  ITL p99/max 0.0082/0.0218s  e2e p99 0.686s  errors 0
    SLO margin p50/p95 0.315/0.334 x SLO  within 10% of boundary 0.0%
    offered 55.0 req/s  achieved 52.7 req/s  fidelity 95.7%  send delay p99 0.001s  TTFT from send p50 0.019
wrote /global/home/hpc6081/energy-epp/results/olc-12325349/olc-trial3-rate55.json
load generator: 6 worker process(es)
--- round_robin at 73.0 req/s ---
    J/req 3.48  goodput/J 0.2871  SLO 100.0%
    TTFT p50/p95 0.023/0.031s  TPOT 0.0052s  ITL p99/max 0.0088/0.0233s  e2e p99 0.765s  errors 0
    SLO margin p50/p95 0.342/0.372 x SLO  within 10% of boundary 0.0%
    offered 73.0 req/s  achieved 70.0 req/s  fidelity 95.9%  send delay p99 0.001s  TTFT from send p50 0.023
wrote /global/home/hpc6081/energy-epp/results/olc-12325349/olc-trial3-rate73.json
load generator: 6 worker process(es)
--- round_robin at 92.0 req/s ---
    J/req 2.76  goodput/J 0.3620  SLO 100.0%
    TTFT p50/p95 0.027/0.037s  TPOT 0.0059s  ITL p99/max 0.0095/0.0320s  e2e p99 0.864s  errors 0
    SLO margin p50/p95 0.387/0.420 x SLO  within 10% of boundary 0.0%
    offered 92.0 req/s  achieved 88.6 req/s  fidelity 96.3%  send delay p99 0.001s  TTFT from send p50 0.027
wrote /global/home/hpc6081/energy-epp/results/olc-12325349/olc-trial3-rate92.json
load generator: 6 worker process(es)
--- round_robin at 110.0 req/s ---
    J/req 2.30  goodput/J 0.4349  SLO 100.0%
    TTFT p50/p95 0.032/0.059s  TPOT 0.0064s  ITL p99/max 0.0103/0.0384s  e2e p99 1.019s  errors 0
    SLO margin p50/p95 0.419/0.460 x SLO  within 10% of boundary 0.0%
    offered 110.0 req/s  achieved 106.6 req/s  fidelity 96.9%  send delay p99 0.001s  TTFT from send p50 0.032
wrote /global/home/hpc6081/energy-epp/results/olc-12325349/olc-trial3-rate110.json
load generator: 6 worker process(es)
--- round_robin at 128.0 req/s ---
    J/req 1.97  goodput/J 0.5067  SLO 100.0%
    TTFT p50/p95 0.045/0.098s  TPOT 0.0072s  ITL p99/max 0.0116/0.0415s  e2e p99 1.257s  errors 0
    SLO margin p50/p95 0.457/0.603 x SLO  within 10% of boundary 0.0%
    offered 128.0 req/s  achieved 124.5 req/s  fidelity 97.2%  send delay p99 0.001s  TTFT from send p50 0.045
wrote /global/home/hpc6081/energy-epp/results/olc-12325349/olc-trial3-rate128.json
load generator: 6 worker process(es)
--- round_robin at 147.0 req/s ---
    J/req 1.88  goodput/J 0.0881  SLO 16.6%
    TTFT p50/p95 1.964/5.470s  TPOT 0.0101s  ITL p99/max 0.0181/0.0682s  e2e p99 6.864s  errors 0
    SLO margin p50/p95 1.610/3.339 x SLO  within 10% of boundary 9.5%
    offered 147.0 req/s  achieved 131.0 req/s  fidelity 89.1%  send delay p99 0.002s  TTFT from send p50 1.964
    (server-saturated: generator kept schedule, servers did not keep up. Valid overload data point.)
wrote /global/home/hpc6081/energy-epp/results/olc-12325349/olc-trial3-rate147.json
load generator: 6 worker process(es)
--- round_robin at 156.0 req/s ---
    J/req 1.88  goodput/J 0.0576  SLO 10.8%
    TTFT p50/p95 3.776/9.369s  TPOT 0.0100s  ITL p99/max 0.0177/0.0574s  e2e p99 11.030s  errors 0
    SLO margin p50/p95 2.502/5.299 x SLO  within 10% of boundary 3.0%
    offered 156.0 req/s  achieved 130.8 req/s  fidelity 83.8%  send delay p99 0.002s  TTFT from send p50 3.775
    (server-saturated: generator kept schedule, servers did not keep up. Valid overload data point.)
wrote /global/home/hpc6081/energy-epp/results/olc-12325349/olc-trial3-rate156.json
load generator: 6 worker process(es)
--- round_robin at 165.0 req/s ---
    J/req 1.88  goodput/J 0.0423  SLO 8.0%
    TTFT p50/p95 6.229/13.214s  TPOT 0.0100s  ITL p99/max 0.0178/0.0537s  e2e p99 14.796s  errors 0
    SLO margin p50/p95 3.699/7.215 x SLO  within 10% of boundary 4.0%
    offered 165.0 req/s  achieved 130.9 req/s  fidelity 79.3%  send delay p99 0.002s  TTFT from send p50 6.228
    (server-saturated: generator kept schedule, servers did not keep up. Valid overload data point.)
wrote /global/home/hpc6081/energy-epp/results/olc-12325349/olc-trial3-rate165.json
load generator: 6 worker process(es)
--- round_robin at 174.0 req/s ---
    J/req 1.86  goodput/J 0.0307  SLO 5.7%
    TTFT p50/p95 7.761/15.602s  TPOT 0.0101s  ITL p99/max 0.0182/0.0662s  e2e p99 19.169s  errors 0
    SLO margin p50/p95 4.495/8.433 x SLO  within 10% of boundary 1.9%
    offered 174.0 req/s  achieved 132.4 req/s  fidelity 76.1%  send delay p99 0.002s  TTFT from send p50 7.760
    (server-saturated: generator kept schedule, servers did not keep up. Valid overload data point.)
wrote /global/home/hpc6081/energy-epp/results/olc-12325349/olc-trial3-rate174.json
load generator: 6 worker process(es)
--- round_robin at 183.0 req/s ---
    J/req 1.84  goodput/J 0.0305  SLO 5.6%
    TTFT p50/p95 9.612/19.590s  TPOT 0.0105s  ITL p99/max 0.0190/0.0732s  e2e p99 30.191s  errors 0
    SLO margin p50/p95 5.364/10.441 x SLO  within 10% of boundary 2.0%
    offered 183.0 req/s  achieved 133.7 req/s  fidelity 73.0%  send delay p99 0.002s  TTFT from send p50 9.612
    (server-saturated: generator kept schedule, servers did not keep up. Valid overload data point.)
wrote /global/home/hpc6081/energy-epp/results/olc-12325349/olc-trial3-rate183.json
load generator: 6 worker process(es)
--- round_robin at 202.0 req/s ---
    J/req 1.98  goodput/J 0.0187  SLO 3.7%
    TTFT p50/p95 14.203/43.110s  TPOT 0.0102s  ITL p99/max 0.0181/0.0991s  e2e p99 48.073s  errors 0
    SLO margin p50/p95 7.809/22.173 x SLO  within 10% of boundary 1.7%
    offered 202.0 req/s  achieved 120.4 req/s  fidelity 59.6%  send delay p99 0.002s  TTFT from send p50 14.202
    (server-saturated: generator kept schedule, servers did not keep up. Valid overload data point.)
wrote /global/home/hpc6081/energy-epp/results/olc-12325349/olc-trial3-rate202.json
load generator: 6 worker process(es)
--- round_robin at 4.0 req/s ---
    J/req 54.81  goodput/J 0.0182  SLO 100.0%
    TTFT p50/p95 0.016/0.019s  TPOT 0.0041s  ITL p99/max 0.0069/0.0089s  e2e p99 0.648s  errors 0
    SLO margin p50/p95 0.267/0.273 x SLO  within 10% of boundary 0.0%
    offered 4.0 req/s  achieved 3.7 req/s  fidelity 93.0%  send delay p99 0.004s  TTFT from send p50 0.014
    (server-saturated: generator kept schedule, servers did not keep up. Valid overload data point.)
wrote /global/home/hpc6081/energy-epp/results/olc-12325349/olc-trial4-rate4.json
load generator: 6 worker process(es)
--- round_robin at 9.0 req/s ---
    J/req 26.50  goodput/J 0.0377  SLO 100.0%
    TTFT p50/p95 0.015/0.019s  TPOT 0.0041s  ITL p99/max 0.0070/0.0088s  e2e p99 0.624s  errors 0
    SLO margin p50/p95 0.267/0.272 x SLO  within 10% of boundary 0.0%
    offered 9.0 req/s  achieved 8.6 req/s  fidelity 95.3%  send delay p99 0.002s  TTFT from send p50 0.014
wrote /global/home/hpc6081/energy-epp/results/olc-12325349/olc-trial4-rate9.json
load generator: 6 worker process(es)
--- round_robin at 18.0 req/s ---
    J/req 13.60  goodput/J 0.0735  SLO 100.0%
    TTFT p50/p95 0.015/0.021s  TPOT 0.0042s  ITL p99/max 0.0073/0.0087s  e2e p99 0.585s  errors 0
    SLO margin p50/p95 0.275/0.286 x SLO  within 10% of boundary 0.0%
    offered 18.0 req/s  achieved 17.5 req/s  fidelity 97.2%  send delay p99 0.002s  TTFT from send p50 0.015
wrote /global/home/hpc6081/energy-epp/results/olc-12325349/olc-trial4-rate18.json
load generator: 6 worker process(es)
--- round_robin at 37.0 req/s ---
    J/req 6.47  goodput/J 0.1545  SLO 100.0%
    TTFT p50/p95 0.017/0.024s  TPOT 0.0046s  ITL p99/max 0.0078/0.0212s  e2e p99 0.658s  errors 0
    SLO margin p50/p95 0.297/0.314 x SLO  within 10% of boundary 0.0%
    offered 37.0 req/s  achieved 37.8 req/s  fidelity 102.2%  send delay p99 0.001s  TTFT from send p50 0.017
wrote /global/home/hpc6081/energy-epp/results/olc-12325349/olc-trial4-rate37.json
load generator: 6 worker process(es)
--- round_robin at 55.0 req/s ---
    J/req 4.36  goodput/J 0.2291  SLO 100.0%
    TTFT p50/p95 0.020/0.027s  TPOT 0.0049s  ITL p99/max 0.0083/0.0219s  e2e p99 0.722s  errors 0
    SLO margin p50/p95 0.319/0.342 x SLO  within 10% of boundary 0.0%
    offered 55.0 req/s  achieved 56.1 req/s  fidelity 102.1%  send delay p99 0.001s  TTFT from send p50 0.020
wrote /global/home/hpc6081/energy-epp/results/olc-12325349/olc-trial4-rate55.json
load generator: 6 worker process(es)
--- round_robin at 73.0 req/s ---
    J/req 3.27  goodput/J 0.3056  SLO 100.0%
    TTFT p50/p95 0.024/0.032s  TPOT 0.0054s  ITL p99/max 0.0090/0.0256s  e2e p99 0.803s  errors 0
    SLO margin p50/p95 0.350/0.390 x SLO  within 10% of boundary 0.0%
    offered 73.0 req/s  achieved 74.5 req/s  fidelity 102.1%  send delay p99 0.001s  TTFT from send p50 0.023
wrote /global/home/hpc6081/energy-epp/results/olc-12325349/olc-trial4-rate73.json
load generator: 6 worker process(es)
--- round_robin at 92.0 req/s ---
    J/req 2.61  goodput/J 0.3826  SLO 100.0%
    TTFT p50/p95 0.029/0.041s  TPOT 0.0060s  ITL p99/max 0.0098/0.0336s  e2e p99 0.865s  errors 0
    SLO margin p50/p95 0.400/0.426 x SLO  within 10% of boundary 0.0%
    offered 92.0 req/s  achieved 93.8 req/s  fidelity 101.9%  send delay p99 0.001s  TTFT from send p50 0.028
wrote /global/home/hpc6081/energy-epp/results/olc-12325349/olc-trial4-rate92.json
load generator: 6 worker process(es)
--- round_robin at 110.0 req/s ---
    J/req 2.22  goodput/J 0.4509  SLO 100.0%
    TTFT p50/p95 0.033/0.064s  TPOT 0.0064s  ITL p99/max 0.0103/0.0356s  e2e p99 0.999s  errors 0
    SLO margin p50/p95 0.424/0.459 x SLO  within 10% of boundary 0.0%
    offered 110.0 req/s  achieved 110.6 req/s  fidelity 100.5%  send delay p99 0.001s  TTFT from send p50 0.033
wrote /global/home/hpc6081/energy-epp/results/olc-12325349/olc-trial4-rate110.json
load generator: 6 worker process(es)
--- round_robin at 128.0 req/s ---
    J/req 1.92  goodput/J 0.5208  SLO 100.0%
    TTFT p50/p95 0.056/0.131s  TPOT 0.0077s  ITL p99/max 0.0122/0.0420s  e2e p99 1.359s  errors 0
    SLO margin p50/p95 0.538/0.627 x SLO  within 10% of boundary 0.0%
    offered 128.0 req/s  achieved 128.0 req/s  fidelity 100.0%  send delay p99 0.001s  TTFT from send p50 0.055
wrote /global/home/hpc6081/energy-epp/results/olc-12325349/olc-trial4-rate128.json
load generator: 6 worker process(es)
--- round_robin at 147.0 req/s ---
    J/req 1.87  goodput/J 0.0723  SLO 13.6%
    TTFT p50/p95 3.964/6.306s  TPOT 0.0102s  ITL p99/max 0.0185/0.0546s  e2e p99 7.737s  errors 0
    SLO margin p50/p95 2.610/3.780 x SLO  within 10% of boundary 3.4%
    offered 147.0 req/s  achieved 131.3 req/s  fidelity 89.3%  send delay p99 0.002s  TTFT from send p50 3.963
    (server-saturated: generator kept schedule, servers did not keep up. Valid overload data point.)
wrote /global/home/hpc6081/energy-epp/results/olc-12325349/olc-trial4-rate147.json
load generator: 6 worker process(es)
--- round_robin at 156.0 req/s ---
    J/req 1.87  goodput/J 0.0563  SLO 10.5%
    TTFT p50/p95 5.844/9.875s  TPOT 0.0102s  ITL p99/max 0.0185/0.0564s  e2e p99 11.348s  errors 0
    SLO margin p50/p95 3.540/5.556 x SLO  within 10% of boundary 3.1%
    offered 156.0 req/s  achieved 131.7 req/s  fidelity 84.4%  send delay p99 0.002s  TTFT from send p50 5.844
    (server-saturated: generator kept schedule, servers did not keep up. Valid overload data point.)
wrote /global/home/hpc6081/energy-epp/results/olc-12325349/olc-trial4-rate156.json
load generator: 6 worker process(es)
--- round_robin at 165.0 req/s ---
    J/req 1.87  goodput/J 0.0425  SLO 8.0%
    TTFT p50/p95 8.253/13.816s  TPOT 0.0103s  ITL p99/max 0.0184/0.0653s  e2e p99 15.748s  errors 0
    SLO margin p50/p95 4.719/7.633 x SLO  within 10% of boundary 2.6%
    offered 165.0 req/s  achieved 131.4 req/s  fidelity 79.6%  send delay p99 0.002s  TTFT from send p50 8.252
    (server-saturated: generator kept schedule, servers did not keep up. Valid overload data point.)
wrote /global/home/hpc6081/energy-epp/results/olc-12325349/olc-trial4-rate165.json
load generator: 6 worker process(es)
--- round_robin at 174.0 req/s ---
    J/req 1.88  goodput/J 0.0316  SLO 5.9%
    TTFT p50/p95 10.132/17.020s  TPOT 0.0104s  ITL p99/max 0.0189/0.0778s  e2e p99 24.089s  errors 0
    SLO margin p50/p95 5.700/9.129 x SLO  within 10% of boundary 2.1%
    offered 174.0 req/s  achieved 131.1 req/s  fidelity 75.4%  send delay p99 0.002s  TTFT from send p50 10.132
    (server-saturated: generator kept schedule, servers did not keep up. Valid overload data point.)
wrote /global/home/hpc6081/energy-epp/results/olc-12325349/olc-trial4-rate174.json
load generator: 6 worker process(es)
--- round_robin at 183.0 req/s ---
    J/req 1.86  goodput/J 0.0248  SLO 4.6%
    TTFT p50/p95 11.850/22.880s  TPOT 0.0105s  ITL p99/max 0.0190/0.0804s  e2e p99 32.333s  errors 0
    SLO margin p50/p95 6.545/12.048 x SLO  within 10% of boundary 2.0%
    offered 183.0 req/s  achieved 132.3 req/s  fidelity 72.3%  send delay p99 0.002s  TTFT from send p50 11.849
    (server-saturated: generator kept schedule, servers did not keep up. Valid overload data point.)
wrote /global/home/hpc6081/energy-epp/results/olc-12325349/olc-trial4-rate183.json
load generator: 6 worker process(es)
--- round_robin at 202.0 req/s ---
    J/req 2.00  goodput/J 0.0185  SLO 3.7%
    TTFT p50/p95 15.409/44.223s  TPOT 0.0103s  ITL p99/max 0.0185/0.1104s  e2e p99 55.268s  errors 0
    SLO margin p50/p95 8.335/22.758 x SLO  within 10% of boundary 1.6%
    offered 202.0 req/s  achieved 121.7 req/s  fidelity 60.2%  send delay p99 0.002s  TTFT from send p50 15.408
    (server-saturated: generator kept schedule, servers did not keep up. Valid overload data point.)
wrote /global/home/hpc6081/energy-epp/results/olc-12325349/olc-trial4-rate202.json
load generator: 6 worker process(es)
--- round_robin at 4.0 req/s ---
    J/req 46.82  goodput/J 0.0214  SLO 100.0%
    TTFT p50/p95 0.015/0.019s  TPOT 0.0041s  ITL p99/max 0.0070/0.0081s  e2e p99 0.625s  errors 0
    SLO margin p50/p95 0.267/0.272 x SLO  within 10% of boundary 0.0%
    offered 4.0 req/s  achieved 4.5 req/s  fidelity 113.3%  send delay p99 0.004s  TTFT from send p50 0.014
wrote /global/home/hpc6081/energy-epp/results/olc-12325349/olc-trial5-rate4.json
load generator: 6 worker process(es)
--- round_robin at 9.0 req/s ---
    J/req 23.77  goodput/J 0.0421  SLO 100.0%
    TTFT p50/p95 0.015/0.020s  TPOT 0.0041s  ITL p99/max 0.0070/0.0077s  e2e p99 0.623s  errors 0
    SLO margin p50/p95 0.267/0.272 x SLO  within 10% of boundary 0.0%
    offered 9.0 req/s  achieved 9.7 req/s  fidelity 107.5%  send delay p99 0.002s  TTFT from send p50 0.014
wrote /global/home/hpc6081/energy-epp/results/olc-12325349/olc-trial5-rate9.json
load generator: 6 worker process(es)
--- round_robin at 18.0 req/s ---
    J/req 12.92  goodput/J 0.0774  SLO 100.0%
    TTFT p50/p95 0.015/0.021s  TPOT 0.0042s  ITL p99/max 0.0073/0.0088s  e2e p99 0.596s  errors 0
    SLO margin p50/p95 0.276/0.283 x SLO  within 10% of boundary 0.0%
    offered 18.0 req/s  achieved 18.5 req/s  fidelity 102.7%  send delay p99 0.001s  TTFT from send p50 0.015
wrote /global/home/hpc6081/energy-epp/results/olc-12325349/olc-trial5-rate18.json
load generator: 6 worker process(es)
--- round_robin at 37.0 req/s ---
    J/req 6.55  goodput/J 0.1526  SLO 100.0%
    TTFT p50/p95 0.017/0.024s  TPOT 0.0046s  ITL p99/max 0.0078/0.0273s  e2e p99 0.647s  errors 0
    SLO margin p50/p95 0.297/0.313 x SLO  within 10% of boundary 0.0%
    offered 37.0 req/s  achieved 37.4 req/s  fidelity 101.0%  send delay p99 0.001s  TTFT from send p50 0.017
wrote /global/home/hpc6081/energy-epp/results/olc-12325349/olc-trial5-rate37.json
load generator: 6 worker process(es)
--- round_robin at 55.0 req/s ---
    J/req 4.46  goodput/J 0.2243  SLO 100.0%
    TTFT p50/p95 0.020/0.027s  TPOT 0.0049s  ITL p99/max 0.0083/0.0253s  e2e p99 0.711s  errors 0
    SLO margin p50/p95 0.319/0.337 x SLO  within 10% of boundary 0.0%
    offered 55.0 req/s  achieved 54.9 req/s  fidelity 99.8%  send delay p99 0.001s  TTFT from send p50 0.019
wrote /global/home/hpc6081/energy-epp/results/olc-12325349/olc-trial5-rate55.json
load generator: 6 worker process(es)
--- round_robin at 73.0 req/s ---
    J/req 3.38  goodput/J 0.2960  SLO 100.0%
    TTFT p50/p95 0.023/0.031s  TPOT 0.0052s  ITL p99/max 0.0087/0.0283s  e2e p99 0.778s  errors 0
    SLO margin p50/p95 0.342/0.373 x SLO  within 10% of boundary 0.0%
    offered 73.0 req/s  achieved 72.3 req/s  fidelity 99.1%  send delay p99 0.001s  TTFT from send p50 0.023
wrote /global/home/hpc6081/energy-epp/results/olc-12325349/olc-trial5-rate73.json
load generator: 6 worker process(es)
--- round_robin at 92.0 req/s ---
    J/req 2.71  goodput/J 0.3694  SLO 100.0%
    TTFT p50/p95 0.028/0.039s  TPOT 0.0059s  ITL p99/max 0.0095/0.0337s  e2e p99 0.849s  errors 0
    SLO margin p50/p95 0.395/0.417 x SLO  within 10% of boundary 0.0%
    offered 92.0 req/s  achieved 90.5 req/s  fidelity 98.3%  send delay p99 0.001s  TTFT from send p50 0.027
wrote /global/home/hpc6081/energy-epp/results/olc-12325349/olc-trial5-rate92.json
load generator: 6 worker process(es)
--- round_robin at 110.0 req/s ---
    J/req 2.27  goodput/J 0.4401  SLO 100.0%
    TTFT p50/p95 0.032/0.058s  TPOT 0.0064s  ITL p99/max 0.0103/0.0262s  e2e p99 0.931s  errors 0
    SLO margin p50/p95 0.421/0.450 x SLO  within 10% of boundary 0.0%
    offered 110.0 req/s  achieved 107.9 req/s  fidelity 98.1%  send delay p99 0.001s  TTFT from send p50 0.031
wrote /global/home/hpc6081/energy-epp/results/olc-12325349/olc-trial5-rate110.json
load generator: 6 worker process(es)
--- round_robin at 128.0 req/s ---
    J/req 1.95  goodput/J 0.5124  SLO 100.0%
    TTFT p50/p95 0.049/0.100s  TPOT 0.0073s  ITL p99/max 0.0116/0.0334s  e2e p99 1.288s  errors 0
    SLO margin p50/p95 0.467/0.617 x SLO  within 10% of boundary 0.0%
    offered 128.0 req/s  achieved 126.0 req/s  fidelity 98.4%  send delay p99 0.001s  TTFT from send p50 0.049
wrote /global/home/hpc6081/energy-epp/results/olc-12325349/olc-trial5-rate128.json
load generator: 6 worker process(es)
--- round_robin at 147.0 req/s ---
    J/req 1.87  goodput/J 0.0669  SLO 12.5%
    TTFT p50/p95 2.955/5.842s  TPOT 0.0101s  ITL p99/max 0.0184/0.0575s  e2e p99 7.232s  errors 0
    SLO margin p50/p95 2.101/3.495 x SLO  within 10% of boundary 4.4%
    offered 147.0 req/s  achieved 131.4 req/s  fidelity 89.4%  send delay p99 0.002s  TTFT from send p50 2.955
    (server-saturated: generator kept schedule, servers did not keep up. Valid overload data point.)
wrote /global/home/hpc6081/energy-epp/results/olc-12325349/olc-trial5-rate147.json
load generator: 6 worker process(es)
--- round_robin at 156.0 req/s ---
    J/req 1.87  goodput/J 0.0421  SLO 7.9%
    TTFT p50/p95 4.659/9.706s  TPOT 0.0102s  ITL p99/max 0.0183/0.0572s  e2e p99 11.364s  errors 0
    SLO margin p50/p95 2.942/5.529 x SLO  within 10% of boundary 3.0%
    offered 156.0 req/s  achieved 131.5 req/s  fidelity 84.3%  send delay p99 0.002s  TTFT from send p50 4.659
    (server-saturated: generator kept schedule, servers did not keep up. Valid overload data point.)
wrote /global/home/hpc6081/energy-epp/results/olc-12325349/olc-trial5-rate156.json
load generator: 6 worker process(es)
--- round_robin at 165.0 req/s ---
    J/req 1.85  goodput/J 0.0307  SLO 5.7%
    TTFT p50/p95 6.570/12.838s  TPOT 0.0105s  ITL p99/max 0.0189/0.0559s  e2e p99 14.613s  errors 0
    SLO margin p50/p95 3.877/7.082 x SLO  within 10% of boundary 2.7%
    offered 165.0 req/s  achieved 133.2 req/s  fidelity 80.7%  send delay p99 0.002s  TTFT from send p50 6.570
    (server-saturated: generator kept schedule, servers did not keep up. Valid overload data point.)
wrote /global/home/hpc6081/energy-epp/results/olc-12325349/olc-trial5-rate165.json
load generator: 6 worker process(es)
--- round_robin at 174.0 req/s ---
    J/req 1.85  goodput/J 0.0283  SLO 5.2%
    TTFT p50/p95 8.052/16.220s  TPOT 0.0101s  ITL p99/max 0.0183/0.0678s  e2e p99 20.324s  errors 0
    SLO margin p50/p95 4.659/8.732 x SLO  within 10% of boundary 1.6%
    offered 174.0 req/s  achieved 133.1 req/s  fidelity 76.5%  send delay p99 0.002s  TTFT from send p50 8.052
    (server-saturated: generator kept schedule, servers did not keep up. Valid overload data point.)
wrote /global/home/hpc6081/energy-epp/results/olc-12325349/olc-trial5-rate174.json
load generator: 6 worker process(es)
--- round_robin at 183.0 req/s ---
    J/req 1.86  goodput/J 0.0239  SLO 4.4%
    TTFT p50/p95 10.101/22.648s  TPOT 0.0102s  ITL p99/max 0.0184/0.0694s  e2e p99 32.027s  errors 0
    SLO margin p50/p95 5.742/11.951 x SLO  within 10% of boundary 1.2%
    offered 183.0 req/s  achieved 132.9 req/s  fidelity 72.6%  send delay p99 0.002s  TTFT from send p50 10.101
    (server-saturated: generator kept schedule, servers did not keep up. Valid overload data point.)
wrote /global/home/hpc6081/energy-epp/results/olc-12325349/olc-trial5-rate183.json
load generator: 6 worker process(es)
--- round_robin at 202.0 req/s ---
    J/req 1.93  goodput/J 0.0175  SLO 3.4%
    TTFT p50/p95 14.241/43.743s  TPOT 0.0104s  ITL p99/max 0.0192/0.1219s  e2e p99 48.197s  errors 0
    SLO margin p50/p95 7.801/22.475 x SLO  within 10% of boundary 2.0%
    offered 202.0 req/s  achieved 121.3 req/s  fidelity 60.0%  send delay p99 0.002s  TTFT from send p50 14.241
    (server-saturated: generator kept schedule, servers did not keep up. Valid overload data point.)
wrote /global/home/hpc6081/energy-epp/results/olc-12325349/olc-trial5-rate202.json
load generator: 6 worker process(es)
--- round_robin at 4.0 req/s ---
    J/req 50.40  goodput/J 0.0198  SLO 100.0%
    TTFT p50/p95 0.015/0.020s  TPOT 0.0041s  ITL p99/max 0.0069/0.0074s  e2e p99 0.624s  errors 0
    SLO margin p50/p95 0.267/0.272 x SLO  within 10% of boundary 0.0%
    offered 4.0 req/s  achieved 4.2 req/s  fidelity 104.5%  send delay p99 0.003s  TTFT from send p50 0.014
wrote /global/home/hpc6081/energy-epp/results/olc-12325349/olc-trial6-rate4.json
load generator: 6 worker process(es)
--- round_robin at 9.0 req/s ---
    J/req 23.36  goodput/J 0.0428  SLO 100.0%
    TTFT p50/p95 0.015/0.020s  TPOT 0.0041s  ITL p99/max 0.0071/0.0091s  e2e p99 0.622s  errors 0
    SLO margin p50/p95 0.267/0.274 x SLO  within 10% of boundary 0.0%
    offered 9.0 req/s  achieved 9.8 req/s  fidelity 109.3%  send delay p99 0.002s  TTFT from send p50 0.014
wrote /global/home/hpc6081/energy-epp/results/olc-12325349/olc-trial6-rate9.json
load generator: 6 worker process(es)
--- round_robin at 18.0 req/s ---
    J/req 12.72  goodput/J 0.0786  SLO 100.0%
    TTFT p50/p95 0.015/0.021s  TPOT 0.0042s  ITL p99/max 0.0073/0.0094s  e2e p99 0.583s  errors 0
    SLO margin p50/p95 0.276/0.284 x SLO  within 10% of boundary 0.0%
    offered 18.0 req/s  achieved 18.8 req/s  fidelity 104.5%  send delay p99 0.002s  TTFT from send p50 0.015
wrote /global/home/hpc6081/energy-epp/results/olc-12325349/olc-trial6-rate18.json
load generator: 6 worker process(es)
--- round_robin at 37.0 req/s ---
    J/req 6.59  goodput/J 0.1517  SLO 100.0%
    TTFT p50/p95 0.017/0.024s  TPOT 0.0045s  ITL p99/max 0.0077/0.0223s  e2e p99 0.628s  errors 0
    SLO margin p50/p95 0.296/0.309 x SLO  within 10% of boundary 0.0%
    offered 37.0 req/s  achieved 37.3 req/s  fidelity 100.8%  send delay p99 0.001s  TTFT from send p50 0.016
wrote /global/home/hpc6081/energy-epp/results/olc-12325349/olc-trial6-rate37.json
load generator: 6 worker process(es)
--- round_robin at 55.0 req/s ---
    J/req 4.47  goodput/J 0.2236  SLO 100.0%
    TTFT p50/p95 0.020/0.027s  TPOT 0.0048s  ITL p99/max 0.0082/0.0245s  e2e p99 0.684s  errors 0
    SLO margin p50/p95 0.317/0.335 x SLO  within 10% of boundary 0.0%
    offered 55.0 req/s  achieved 54.7 req/s  fidelity 99.5%  send delay p99 0.001s  TTFT from send p50 0.019
wrote /global/home/hpc6081/energy-epp/results/olc-12325349/olc-trial6-rate55.json
load generator: 6 worker process(es)
--- round_robin at 73.0 req/s ---
    J/req 3.35  goodput/J 0.2984  SLO 100.0%
    TTFT p50/p95 0.024/0.030s  TPOT 0.0053s  ITL p99/max 0.0088/0.0240s  e2e p99 0.775s  errors 0
    SLO margin p50/p95 0.346/0.375 x SLO  within 10% of boundary 0.0%
    offered 73.0 req/s  achieved 72.8 req/s  fidelity 99.8%  send delay p99 0.001s  TTFT from send p50 0.023
wrote /global/home/hpc6081/energy-epp/results/olc-12325349/olc-trial6-rate73.json
load generator: 6 worker process(es)
--- round_robin at 92.0 req/s ---
    J/req 2.66  goodput/J 0.3757  SLO 100.0%
    TTFT p50/p95 0.028/0.039s  TPOT 0.0059s  ITL p99/max 0.0096/0.0395s  e2e p99 0.873s  errors 0
    SLO margin p50/p95 0.393/0.426 x SLO  within 10% of boundary 0.0%
    offered 92.0 req/s  achieved 92.1 req/s  fidelity 100.1%  send delay p99 0.001s  TTFT from send p50 0.027
wrote /global/home/hpc6081/energy-epp/results/olc-12325349/olc-trial6-rate92.json
load generator: 6 worker process(es)
--- round_robin at 110.0 req/s ---
    J/req 2.24  goodput/J 0.4473  SLO 100.0%
    TTFT p50/p95 0.032/0.058s  TPOT 0.0063s  ITL p99/max 0.0102/0.0320s  e2e p99 0.945s  errors 0
    SLO margin p50/p95 0.418/0.452 x SLO  within 10% of boundary 0.0%
    offered 110.0 req/s  achieved 109.8 req/s  fidelity 99.8%  send delay p99 0.001s  TTFT from send p50 0.032
wrote /global/home/hpc6081/energy-epp/results/olc-12325349/olc-trial6-rate110.json
load generator: 6 worker process(es)
--- round_robin at 128.0 req/s ---
    J/req 1.94  goodput/J 0.5166  SLO 100.0%
    TTFT p50/p95 0.046/0.106s  TPOT 0.0074s  ITL p99/max 0.0116/0.0394s  e2e p99 1.238s  errors 0
    SLO margin p50/p95 0.471/0.604 x SLO  within 10% of boundary 0.0%
    offered 128.0 req/s  achieved 127.1 req/s  fidelity 99.3%  send delay p99 0.001s  TTFT from send p50 0.046
wrote /global/home/hpc6081/energy-epp/results/olc-12325349/olc-trial6-rate128.json
load generator: 6 worker process(es)
--- round_robin at 147.0 req/s ---
    J/req 1.86  goodput/J 0.0553  SLO 10.3%
    TTFT p50/p95 2.811/5.561s  TPOT 0.0100s  ITL p99/max 0.0183/0.0559s  e2e p99 7.052s  errors 0
    SLO margin p50/p95 2.037/3.388 x SLO  within 10% of boundary 8.4%
    offered 147.0 req/s  achieved 132.5 req/s  fidelity 90.2%  send delay p99 0.002s  TTFT from send p50 2.811
    (server-saturated: generator kept schedule, servers did not keep up. Valid overload data point.)
wrote /global/home/hpc6081/energy-epp/results/olc-12325349/olc-trial6-rate147.json
load generator: 6 worker process(es)
--- round_robin at 156.0 req/s ---
    J/req 1.84  goodput/J 0.0403  SLO 7.4%
    TTFT p50/p95 4.544/8.930s  TPOT 0.0103s  ITL p99/max 0.0188/0.0573s  e2e p99 10.716s  errors 0
    SLO margin p50/p95 2.943/5.127 x SLO  within 10% of boundary 4.6%
    offered 156.0 req/s  achieved 133.5 req/s  fidelity 85.6%  send delay p99 0.002s  TTFT from send p50 4.543
    (server-saturated: generator kept schedule, servers did not keep up. Valid overload data point.)
wrote /global/home/hpc6081/energy-epp/results/olc-12325349/olc-trial6-rate156.json
load generator: 6 worker process(es)
--- round_robin at 165.0 req/s ---
    J/req 1.82  goodput/J 0.0284  SLO 5.2%
    TTFT p50/p95 6.325/12.117s  TPOT 0.0104s  ITL p99/max 0.0189/0.0756s  e2e p99 13.867s  errors 0
    SLO margin p50/p95 3.846/6.698 x SLO  within 10% of boundary 2.4%
    offered 165.0 req/s  achieved 135.3 req/s  fidelity 82.0%  send delay p99 0.002s  TTFT from send p50 6.324
    (server-saturated: generator kept schedule, servers did not keep up. Valid overload data point.)
wrote /global/home/hpc6081/energy-epp/results/olc-12325349/olc-trial6-rate165.json
load generator: 6 worker process(es)
--- round_robin at 174.0 req/s ---
    J/req 1.83  goodput/J 0.0230  SLO 4.2%
    TTFT p50/p95 8.528/15.380s  TPOT 0.0103s  ITL p99/max 0.0183/0.0762s  e2e p99 20.422s  errors 0
    SLO margin p50/p95 4.851/8.423 x SLO  within 10% of boundary 1.6%
    offered 174.0 req/s  achieved 134.3 req/s  fidelity 77.2%  send delay p99 0.002s  TTFT from send p50 8.528
    (server-saturated: generator kept schedule, servers did not keep up. Valid overload data point.)
wrote /global/home/hpc6081/energy-epp/results/olc-12325349/olc-trial6-rate174.json
load generator: 6 worker process(es)
--- round_robin at 183.0 req/s ---
    J/req 1.83  goodput/J 0.0226  SLO 4.1%
    TTFT p50/p95 10.220/21.481s  TPOT 0.0104s  ITL p99/max 0.0188/0.0753s  e2e p99 30.720s  errors 0
    SLO margin p50/p95 5.767/11.464 x SLO  within 10% of boundary 1.6%
    offered 183.0 req/s  achieved 134.7 req/s  fidelity 73.6%  send delay p99 0.002s  TTFT from send p50 10.220
    (server-saturated: generator kept schedule, servers did not keep up. Valid overload data point.)
wrote /global/home/hpc6081/energy-epp/results/olc-12325349/olc-trial6-rate183.json
load generator: 6 worker process(es)
--- round_robin at 202.0 req/s ---
    J/req 1.90  goodput/J 0.0121  SLO 2.3%
    TTFT p50/p95 14.666/42.261s  TPOT 0.0103s  ITL p99/max 0.0191/0.1110s  e2e p99 47.711s  errors 0
    SLO margin p50/p95 8.038/21.755 x SLO  within 10% of boundary 2.0%
    offered 202.0 req/s  achieved 123.8 req/s  fidelity 61.3%  send delay p99 0.002s  TTFT from send p50 14.665
    (server-saturated: generator kept schedule, servers did not keep up. Valid overload data point.)
wrote /global/home/hpc6081/energy-epp/results/olc-12325349/olc-trial6-rate202.json
wrote /global/home/hpc6081/energy-epp/results/olc-12325349/curve.csv: 90 rows, trials [1, 2, 3, 4, 5, 6], rates [4.0, 9.0, 18.0, 37.0, 55.0, 73.0, 92.0, 110.0, 128.0, 147.0, 156.0, 165.0, 174.0, 183.0, 202.0]
