idle(model loaded): 40.56 W
trial1 c=1   prefix=0 221.14 W    229.4 tok/s  J/tok=0.964  p95=0.559s err=0
trial1 c=2   prefix=0 223.76 W    471.3 tok/s  J/tok=0.4748  p95=0.545s err=0
trial1 c=4   prefix=0 228.97 W    955.2 tok/s  J/tok=0.2397  p95=0.537s err=0
trial1 c=8   prefix=0 241.84 W   1894.4 tok/s  J/tok=0.1277  p95=0.542s err=0
trial1 c=8   prefix=1 243.14 W   1852.6 tok/s  J/tok=0.1312  p95=0.553s err=0
trial1 c=16  prefix=0 247.47 W   3595.6 tok/s  J/tok=0.0688  p95=0.571s err=0
trial1 c=32  prefix=0  248.2 W   6631.5 tok/s  J/tok=0.0374  p95=0.623s err=0
trial1 c=48  prefix=0 247.33 W   9496.1 tok/s  J/tok=0.026  p95=0.655s err=0
trial1 c=64  prefix=0 246.88 W  11894.8 tok/s  J/tok=0.0208  p95=0.701s err=0
trial1 c=96  prefix=0 247.95 W  15655.3 tok/s  J/tok=0.0158  p95=0.805s err=0
trial1 c=128 prefix=0 248.17 W  18860.9 tok/s  J/tok=0.0132  p95=0.891s err=0
trial1 c=160 prefix=0 247.21 W  18250.3 tok/s  J/tok=0.0135  p95=1.152s err=0
trial1 c=192 prefix=0 247.57 W  20513.6 tok/s  J/tok=0.0121  p95=1.231s err=0
trial1 c=256 prefix=0 247.69 W  23564.4 tok/s  J/tok=0.0105  p95=1.444s err=0
trial2 c=1   prefix=0 239.43 W    229.4 tok/s  J/tok=1.0438  p95=0.559s err=0
trial2 c=2   prefix=0 224.82 W    469.6 tok/s  J/tok=0.4788  p95=0.546s err=0
trial2 c=4   prefix=0 228.15 W    955.0 tok/s  J/tok=0.2389  p95=0.537s err=0
trial2 c=8   prefix=0  238.9 W   1890.9 tok/s  J/tok=0.1263  p95=0.543s err=0
trial2 c=8   prefix=1 238.71 W   1848.0 tok/s  J/tok=0.1292  p95=0.554s err=0
trial2 c=16  prefix=0 245.58 W   3624.0 tok/s  J/tok=0.0678  p95=0.568s err=0
trial2 c=32  prefix=0 247.26 W   6668.6 tok/s  J/tok=0.0371  p95=0.617s err=0
trial2 c=48  prefix=0 247.89 W   9687.9 tok/s  J/tok=0.0256  p95=0.646s err=0
trial2 c=64  prefix=0 246.02 W  11903.8 tok/s  J/tok=0.0207  p95=0.701s err=0
trial2 c=96  prefix=0 247.38 W  15530.7 tok/s  J/tok=0.0159  p95=0.81s err=0
trial2 c=128 prefix=0 247.33 W  18820.4 tok/s  J/tok=0.0131  p95=0.895s err=0
trial2 c=160 prefix=0 247.44 W  18353.9 tok/s  J/tok=0.0135  p95=1.148s err=0
trial2 c=192 prefix=0 247.37 W  20507.4 tok/s  J/tok=0.0121  p95=1.238s err=0
trial2 c=256 prefix=0 247.74 W  23634.5 tok/s  J/tok=0.0105  p95=1.444s err=0
trial3 c=1   prefix=0 233.64 W    229.4 tok/s  J/tok=1.0186  p95=0.559s err=0
trial3 c=2   prefix=0 217.82 W    469.6 tok/s  J/tok=0.4638  p95=0.545s err=0
trial3 c=4   prefix=0 222.37 W    954.4 tok/s  J/tok=0.233  p95=0.537s err=0
trial3 c=8   prefix=0 233.89 W   1886.8 tok/s  J/tok=0.124  p95=0.545s err=0
trial3 c=8   prefix=1 235.89 W   1849.4 tok/s  J/tok=0.1275  p95=0.553s err=0
trial3 c=16  prefix=0 243.32 W   3591.8 tok/s  J/tok=0.0677  p95=0.573s err=0
trial3 c=32  prefix=0 247.69 W   6676.8 tok/s  J/tok=0.0371  p95=0.617s err=0
trial3 c=48  prefix=0 246.63 W   9458.0 tok/s  J/tok=0.0261  p95=0.659s err=0
trial3 c=64  prefix=0 246.64 W  11710.7 tok/s  J/tok=0.0211  p95=0.718s err=0
trial3 c=96  prefix=0 247.91 W  15477.8 tok/s  J/tok=0.016  p95=0.816s err=0
trial3 c=128 prefix=0 247.89 W  18889.7 tok/s  J/tok=0.0131  p95=0.892s err=0
trial3 c=160 prefix=0 247.15 W  18229.7 tok/s  J/tok=0.0136  p95=1.154s err=0
trial3 c=192 prefix=0 247.78 W  20644.0 tok/s  J/tok=0.012  p95=1.23s err=0
trial3 c=256 prefix=0 247.62 W  23341.3 tok/s  J/tok=0.0106  p95=1.457s err=0

wrote /global/home/hpc6081/energy-epp/results/h1-12324871/h1.csv (43 rows) gpu=NVIDIA A100-PCIE-40GB
